Linux version 6.13.0-rc6-custom-00051-geea6e4b4dfb8 (jenkins@bld0) (gcc (GCC) 14.2.1 20240912 (Red Hat 14.2.1-3), GNU ld version 2.41-37.fc40) #1 SMP PREEMPT_DYNAMIC Sun Jan 12 18:34:50 EET 2025
Command line: BOOT_IMAGE=http://powerlab/pxelinux/node/knl0/custom-kernel/kernel initrd=http://powerlab/pxelinux/node/knl0/custom-kernel/initramfs.img root=UUID=f9fa333a-9d14-4a15-933f-c88fa4e6b9fe ro console=ttyS0,115200 msr.allow_writes=on
BIOS-provided physical RAM map:
BIOS-e820: [mem 0x0000000000000000-0x000000000009abff] usable
BIOS-e820: [mem 0x000000000009ac00-0x000000000009ffff] reserved
BIOS-e820: [mem 0x00000000000e0000-0x00000000000fffff] reserved
BIOS-e820: [mem 0x0000000000100000-0x00000000b5896fff] usable
BIOS-e820: [mem 0x00000000b5897000-0x00000000b59adfff] reserved
BIOS-e820: [mem 0x00000000b59ae000-0x00000000b6452fff] usable
BIOS-e820: [mem 0x00000000b6453000-0x00000000b7452fff] reserved
BIOS-e820: [mem 0x00000000b7453000-0x00000000b7697fff] usable
BIOS-e820: [mem 0x00000000b7698000-0x00000000b7d98fff] reserved
BIOS-e820: [mem 0x00000000b7d99000-0x00000000b8cb8fff] usable
BIOS-e820: [mem 0x00000000b8cb9000-0x00000000b8fb8fff] reserved
BIOS-e820: [mem 0x00000000b8fb9000-0x00000000b99e8fff] ACPI NVS
BIOS-e820: [mem 0x00000000b99e9000-0x00000000b9ae8fff] ACPI data
BIOS-e820: [mem 0x00000000b9ae9000-0x00000000b9aeafff] usable
BIOS-e820: [mem 0x00000000b9aeb000-0x00000000b9b6bfff] reserved
BIOS-e820: [mem 0x00000000b9b6c000-0x00000000bbffffff] usable
BIOS-e820: [mem 0x00000000bc000000-0x00000000cfffffff] reserved
BIOS-e820: [mem 0x00000000fed1c000-0x00000000fed1ffff] reserved
BIOS-e820: [mem 0x00000000ff000000-0x00000000ffffffff] reserved
BIOS-e820: [mem 0x0000000100000000-0x0000001c3fffffff] usable
NX (Execute Disable) protection: active
APIC: Static calls initialized
SMBIOS 3.0 present.
DMI: Intel Corp. GROVEPORT/GROVEPORT, BIOS GVPRCRB1.86B.0019.D20.1801250243 01/25/2018
DMI: Memory slots populated: 14/14
tsc: Fast TSC calibration using PIT
tsc: Detected 1396.851 MHz processor
e820: update [mem 0x00000000-0x00000fff] usable ==> reserved
e820: remove [mem 0x000a0000-0x000fffff] usable
last_pfn = 0x1c40000 max_arch_pfn = 0x400000000
MTRR map: 5 entries (2 fixed + 3 variable; max 22), built from 10 variable MTRRs
x86/PAT: Configuration [0-7]: WB  WC  UC- UC  WB  WP  UC- WT  
e820: update [mem 0xc0000000-0xffffffff] usable ==> reserved
x2apic: enabled by BIOS, switching to x2apic ops
last_pfn = 0xbc000 max_arch_pfn = 0x400000000
found SMP MP-table at [mem 0x000fd4b0-0x000fd4bf]
Using GB pages for direct mapping
RAMDISK: [mem 0x7b895000-0x7fffffff]
ACPI: Early table checksum verification disabled
ACPI: RSDP 0x00000000000F0510 000024 (v02 INTEL )
ACPI: XSDT 0x00000000B9A07188 0000CC (v01 INTEL  INTEL ID 00000000 INTL 01000013)
ACPI: FACP 0x00000000B9AE6000 00010C (v05 INTEL  INTEL ID 00000000 INTL 20140828)
ACPI: DSDT 0x00000000B9ACA000 01091F (v02 INTEL  INTEL ID 00000003 INTL 20140828)
ACPI: FACS 0x00000000B97B3000 000040
ACPI: UEFI 0x00000000B98C6000 000042 (v01 INTEL  EDK2     00000002 INTL 01000013)
ACPI: HPET 0x00000000B9AE5000 000038 (v01 INTEL  INTEL ID 00000001 INTL 20140828)
ACPI: APIC 0x00000000B9AE4000 000A32 (v03 INTEL  INTEL ID 00000000 INTL 20140828)
ACPI: MCFG 0x00000000B9AE3000 00003C (v01 INTEL  INTEL ID 00000001 INTL 20140828)
ACPI: MSCT 0x00000000B9AE2000 0000E8 (v01 INTEL  INTEL ID 00000001 INTL 20140828)
ACPI: PMTT 0x00000000B9AE1000 00012C (v01 INTEL  INTEL ID 00000001 INTL 20140828)
ACPI: SLIT 0x00000000B9AE0000 000030 (v01 INTEL  INTEL ID 00000001 INTL 20140828)
ACPI: SRAT 0x00000000B9ADE000 0015F8 (v03 INTEL  INTEL ID 00000003 INTL 20140828)
ACPI: SPMI 0x00000000B9ADD000 000041 (v05 INTEL  INTEL ID 00000001 INTL 20140828)
ACPI: SVOS 0x00000000B9ADC000 000032 (v01 INTEL  INTEL ID 00000000 INTL 20140828)
ACPI: WDDT 0x00000000B9ADB000 000040 (v01 INTEL  INTEL ID 00000000 INTL 20140828)
ACPI: SSDT 0x00000000B9A90000 039545 (v02 INTEL  SSDT  PM 00004000 INTL 20140828)
ACPI: OEM1 0x00000000B9A6D000 022E44 (v02 INTEL  OEM1 CST 00004000 INTL 20140828)
ACPI: OEM1 0x00000000B9A3C000 030FE4 (v02 INTEL  OEM1 PST 00004000 INTL 20140828)
ACPI: OEM1 0x00000000B9A35000 006699 (v02 INTEL  OEM1PDMN 00004000 INTL 20140828)
ACPI: OEM1 0x00000000B9A12000 022854 (v02 INTEL  OEM1 TST 00004000 INTL 20140828)
ACPI: OEM1 0x00000000B9A0E000 0030D4 (v02 INTEL  OEM1TDMN 00004000 INTL 20140828)
ACPI: SSDT 0x00000000B9A0A000 00369C (v02 INTEL  SpsNm    00000002 INTL 20140828)
ACPI: SPCR 0x00000000B9A09000 000050 (v01                 00000000      00000000)
ACPI: DMAR 0x00000000B9A08000 000080 (v01 INTEL  INTEL ID 00000001 INTL 20140828)
ACPI: Reserving FACP table memory at [mem 0xb9ae6000-0xb9ae610b]
ACPI: Reserving DSDT table memory at [mem 0xb9aca000-0xb9ada91e]
ACPI: Reserving FACS table memory at [mem 0xb97b3000-0xb97b303f]
ACPI: Reserving UEFI table memory at [mem 0xb98c6000-0xb98c6041]
ACPI: Reserving HPET table memory at [mem 0xb9ae5000-0xb9ae5037]
ACPI: Reserving APIC table memory at [mem 0xb9ae4000-0xb9ae4a31]
ACPI: Reserving MCFG table memory at [mem 0xb9ae3000-0xb9ae303b]
ACPI: Reserving MSCT table memory at [mem 0xb9ae2000-0xb9ae20e7]
ACPI: Reserving PMTT table memory at [mem 0xb9ae1000-0xb9ae112b]
ACPI: Reserving SLIT table memory at [mem 0xb9ae0000-0xb9ae002f]
ACPI: Reserving SRAT table memory at [mem 0xb9ade000-0xb9adf5f7]
ACPI: Reserving SPMI table memory at [mem 0xb9add000-0xb9add040]
ACPI: Reserving SVOS table memory at [mem 0xb9adc000-0xb9adc031]
ACPI: Reserving WDDT table memory at [mem 0xb9adb000-0xb9adb03f]
ACPI: Reserving SSDT table memory at [mem 0xb9a90000-0xb9ac9544]
ACPI: Reserving OEM1 table memory at [mem 0xb9a6d000-0xb9a8fe43]
ACPI: Reserving OEM1 table memory at [mem 0xb9a3c000-0xb9a6cfe3]
ACPI: Reserving OEM1 table memory at [mem 0xb9a35000-0xb9a3b698]
ACPI: Reserving OEM1 table memory at [mem 0xb9a12000-0xb9a34853]
ACPI: Reserving OEM1 table memory at [mem 0xb9a0e000-0xb9a110d3]
ACPI: Reserving SSDT table memory at [mem 0xb9a0a000-0xb9a0d69b]
ACPI: Reserving SPCR table memory at [mem 0xb9a09000-0xb9a0904f]
ACPI: Reserving DMAR table memory at [mem 0xb9a08000-0xb9a0807f]
APIC: Switched APIC routing to: cluster x2apic
ACPI: SRAT: Node 0 PXM 0 [mem 0x00000000-0x183fffffff]
ACPI: SRAT: Node 1 PXM 1 [mem 0x1840000000-0x1c3fffffff]
NUMA: Initialized distance table, cnt=2
NODE_DATA(0) allocated [mem 0x183ffd5a00-0x183fffffff]
NODE_DATA(1) allocated [mem 0x1c3ffd4a00-0x1c3fffefff]
Zone ranges:
  DMA      [mem 0x0000000000001000-0x0000000000ffffff]
  DMA32    [mem 0x0000000001000000-0x00000000ffffffff]
  Normal   [mem 0x0000000100000000-0x0000001c3fffffff]
  Device   empty
Movable zone start for each node
Early memory node ranges
  node   0: [mem 0x0000000000001000-0x0000000000099fff]
  node   0: [mem 0x0000000000100000-0x00000000b5896fff]
  node   0: [mem 0x00000000b59ae000-0x00000000b6452fff]
  node   0: [mem 0x00000000b7453000-0x00000000b7697fff]
  node   0: [mem 0x00000000b7d99000-0x00000000b8cb8fff]
  node   0: [mem 0x00000000b9ae9000-0x00000000b9aeafff]
  node   0: [mem 0x00000000b9b6c000-0x00000000bbffffff]
  node   0: [mem 0x0000000100000000-0x000000183fffffff]
  node   1: [mem 0x0000001840000000-0x0000001c3fffffff]
Initmem setup node 0 [mem 0x0000000000001000-0x000000183fffffff]
Initmem setup node 1 [mem 0x0000001840000000-0x0000001c3fffffff]
On node 0, zone DMA: 1 pages in unavailable ranges
On node 0, zone DMA: 102 pages in unavailable ranges
On node 0, zone DMA32: 279 pages in unavailable ranges
On node 0, zone DMA32: 4096 pages in unavailable ranges
On node 0, zone DMA32: 1793 pages in unavailable ranges
On node 0, zone DMA32: 3632 pages in unavailable ranges
On node 0, zone DMA32: 129 pages in unavailable ranges
On node 0, zone Normal: 16384 pages in unavailable ranges
ACPI: PM-Timer IO Port: 0x408
ACPI: X2APIC_NMI (uid[0xffffffff] high level lint[0x1])
ACPI: LAPIC_NMI (acpi_id[0xff] high level lint[0x1])
IOAPIC[0]: apic_id 8, version 32, address 0xfec00000, GSI 0-23
IOAPIC[1]: apic_id 9, version 32, address 0xfec01000, GSI 24-47
ACPI: INT_SRC_OVR (bus 0 bus_irq 0 global_irq 2 dfl dfl)
ACPI: INT_SRC_OVR (bus 0 bus_irq 9 global_irq 9 high level)
ACPI: Using ACPI (MADT) for SMP configuration information
ACPI: HPET id: 0x8086a701 base: 0xfed00000
ACPI: SPCR: SPCR table version 1
ACPI: SPCR: console: uart,io,0x3f8,115200
TSC deadline timer available
CPU topo: Max. logical packages:   1
CPU topo: Max. logical dies:       1
CPU topo: Max. dies per package:   1
CPU topo: Max. threads per core:   4
CPU topo: Num. cores per package:    68
CPU topo: Num. threads per package: 272
CPU topo: Allowing 272 present CPUs plus 0 hotplug CPUs
PM: hibernation: Registered nosave memory: [mem 0x00000000-0x00000fff]
PM: hibernation: Registered nosave memory: [mem 0x0009a000-0x0009afff]
PM: hibernation: Registered nosave memory: [mem 0x0009b000-0x0009ffff]
PM: hibernation: Registered nosave memory: [mem 0x000a0000-0x000dffff]
PM: hibernation: Registered nosave memory: [mem 0x000e0000-0x000fffff]
PM: hibernation: Registered nosave memory: [mem 0xb5897000-0xb59adfff]
PM: hibernation: Registered nosave memory: [mem 0xb6453000-0xb7452fff]
PM: hibernation: Registered nosave memory: [mem 0xb7698000-0xb7d98fff]
PM: hibernation: Registered nosave memory: [mem 0xb8cb9000-0xb8fb8fff]
PM: hibernation: Registered nosave memory: [mem 0xb8fb9000-0xb99e8fff]
PM: hibernation: Registered nosave memory: [mem 0xb99e9000-0xb9ae8fff]
PM: hibernation: Registered nosave memory: [mem 0xb9aeb000-0xb9b6bfff]
PM: hibernation: Registered nosave memory: [mem 0xbc000000-0xcfffffff]
PM: hibernation: Registered nosave memory: [mem 0xd0000000-0xfed1bfff]
PM: hibernation: Registered nosave memory: [mem 0xfed1c000-0xfed1ffff]
PM: hibernation: Registered nosave memory: [mem 0xfed20000-0xfeffffff]
PM: hibernation: Registered nosave memory: [mem 0xff000000-0xffffffff]
[mem 0xd0000000-0xfed1bfff] available for PCI devices
Booting paravirtualized kernel on bare hardware
clocksource: refined-jiffies: mask: 0xffffffff max_cycles: 0xffffffff, max_idle_ns: 1910969940391419 ns
setup_percpu: NR_CPUS:8192 nr_cpumask_bits:272 nr_cpu_ids:272 nr_node_ids:2
percpu: Embedded 59 pages/cpu s203928 r8192 d29544 u262144
pcpu-alloc: s203928 r8192 d29544 u262144 alloc=1*2097152
pcpu-alloc: [0] 000 001 002 003 004 005 006 007 
pcpu-alloc: [0] 008 009 010 011 012 013 014 015 
pcpu-alloc: [0] 016 017 018 019 020 021 022 023 
pcpu-alloc: [0] 024 025 026 027 028 029 030 031 
pcpu-alloc: [0] 032 033 034 035 036 037 038 039 
pcpu-alloc: [0] 040 041 042 043 044 045 046 047 
pcpu-alloc: [0] 048 049 050 051 052 053 054 055 
pcpu-alloc: [0] 056 057 058 059 060 061 062 063 
pcpu-alloc: [0] 064 065 066 067 068 069 070 071 
pcpu-alloc: [0] 072 073 074 075 076 077 078 079 
pcpu-alloc: [0] 080 081 082 083 084 085 086 087 
pcpu-alloc: [0] 088 089 090 091 092 093 094 095 
pcpu-alloc: [0] 096 097 098 099 100 101 102 103 
pcpu-alloc: [0] 104 105 106 107 108 109 110 111 
pcpu-alloc: [0] 112 113 114 115 116 117 118 119 
pcpu-alloc: [0] 120 121 122 123 124 125 126 127 
pcpu-alloc: [0] 128 129 130 131 132 133 134 135 
pcpu-alloc: [0] 136 137 138 139 140 141 142 143 
pcpu-alloc: [0] 144 145 146 147 148 149 150 151 
pcpu-alloc: [0] 152 153 154 155 156 157 158 159 
pcpu-alloc: [0] 160 161 162 163 164 165 166 167 
pcpu-alloc: [0] 168 169 170 171 172 173 174 175 
pcpu-alloc: [0] 176 177 178 179 180 181 182 183 
pcpu-alloc: [0] 184 185 186 187 188 189 190 191 
pcpu-alloc: [0] 192 193 194 195 196 197 198 199 
pcpu-alloc: [0] 200 201 202 203 204 205 206 207 
pcpu-alloc: [0] 208 209 210 211 212 213 214 215 
pcpu-alloc: [0] 216 217 218 219 220 221 222 223 
pcpu-alloc: [0] 224 225 226 227 228 229 230 231 
pcpu-alloc: [0] 232 233 234 235 236 237 238 239 
pcpu-alloc: [0] 240 241 242 243 244 245 246 247 
pcpu-alloc: [0] 248 249 250 251 252 253 254 255 
pcpu-alloc: [0] 256 257 258 259 260 261 262 263 
pcpu-alloc: [0] 264 265 266 267 268 269 270 271 
Kernel command line: BOOT_IMAGE=http://powerlab/pxelinux/node/knl0/custom-kernel/kernel initrd=http://powerlab/pxelinux/node/knl0/custom-kernel/initramfs.img root=UUID=f9fa333a-9d14-4a15-933f-c88fa4e6b9fe ro console=ttyS0,115200 msr.allow_writes=on
Unknown kernel command line parameters "BOOT_IMAGE=http://powerlab/pxelinux/node/knl0/custom-kernel/kernel", will be passed to user space.
random: crng init done
printk: log_buf_len individual max cpu contribution: 4096 bytes
printk: log_buf_len total cpu_extra contributions: 1110016 bytes
printk: log_buf_len min size: 262144 bytes
printk: log buffer data + meta data: 2097152 + 7340032 = 9437184 bytes
printk: early log buf free: 247784(94%)
Fallback order for Node 0: 0 1 
Fallback order for Node 1: 1 0 
Built 2 zonelists, mobility grouping on.  Total pages: 29333712
Policy zone: Normal
mem auto-init: stack:all(zero), heap alloc:off, heap free:off
software IO TLB: area num 512.
software IO TLB: SWIOTLB bounce buffer size roundup to 128MB
SLUB: HWalign=64, Order=0-3, MinObjects=0, CPUs=272, Nodes=2
Kernel/User page tables isolation: enabled
ftrace: allocating 44652 entries in 175 pages
ftrace: allocated 175 pages with 6 groups
Dynamic Preempt: voluntary
rcu: Preemptible hierarchical RCU implementation.
rcu: 	RCU event tracing is enabled.
rcu: 	RCU restricting CPUs from NR_CPUS=8192 to nr_cpu_ids=272.
	Trampoline variant of Tasks RCU enabled.
	Rude variant of Tasks RCU enabled.
	Tracing variant of Tasks RCU enabled.
rcu: RCU calculated value of scheduler-enlistment delay is 101 jiffies.
rcu: Adjusting geometry for rcu_fanout_leaf=16, nr_cpu_ids=272
RCU Tasks: Setting shift to 9 and lim to 1 rcu_task_cb_adjust=1 rcu_task_cpu_ids=272.
RCU Tasks Rude: Setting shift to 9 and lim to 1 rcu_task_cb_adjust=1 rcu_task_cpu_ids=272.
RCU Tasks Trace: Setting shift to 9 and lim to 1 rcu_task_cb_adjust=1 rcu_task_cpu_ids=272.
NR_IRQS: 524544, nr_irqs: 3008, preallocated irqs: 16
rcu: srcu_init: Setting srcu_struct sizes to big.
Console: colour VGA+ 80x25
printk: legacy console [ttyS0] enabled
mempolicy: Enabling automatic NUMA balancing. Configure with numa_balancing= or the kernel.numa_balancing sysctl
ACPI: Core revision 20240827
clocksource: hpet: mask: 0xffffffff max_cycles: 0xffffffff, max_idle_ns: 133484882848 ns
APIC: Switch to symmetric I/O mode setup
DMAR: Host address width 46
DMAR: DRHD base: 0x000000fbffc000 flags: 0x1
DMAR: dmar0: reg_base_addr fbffc000 ver 1:0 cap d2078c106f0466 ecap f020df
DMAR: RMRR base: 0x000000b8f62000 end: 0x000000b8f64fff
DMAR-IR: IOAPIC id 8 under DRHD base  0xfbffc000 IOMMU 0
DMAR-IR: IOAPIC id 9 under DRHD base  0xfbffc000 IOMMU 0
DMAR-IR: HPET id 0 under DRHD base 0xfbffc000
DMAR-IR: Queued invalidation will be enabled to support x2apic and Intr-remapping.
DMAR-IR: Enabled IRQ remapping in x2apic mode
..TIMER: vector=0x30 apic1=0 pin1=2 apic2=-1 pin2=-1
clocksource: tsc-early: mask: 0xffffffffffffffff max_cycles: 0x142281a0ca0, max_idle_ns: 440795240018 ns
Calibrating delay loop (skipped), value calculated using timer frequency.. 2793.70 BogoMIPS (lpj=1396851)
CPU0: Thermal monitoring enabled (TM1)
Last level iTLB entries: 4KB 48, 2MB 0, 4MB 0
Last level dTLB entries: 4KB 256, 2MB 128, 4MB 128, 1GB 16
process: using mwait in idle threads
Spectre V1 : Mitigation: usercopy/swapgs barriers and __user pointer sanitization
Spectre V2 : Mitigation: Retpolines
Spectre V2 : Spectre v2 / SpectreRSB mitigation: Filling RSB on context switch
Spectre V2 : Spectre v2 / SpectreRSB : Filling RSB on VMEXIT
Spectre V2 : Enabling Restricted Speculation for firmware calls
Spectre V2 : mitigation: Enabling conditional Indirect Branch Prediction Barrier
MDS: Vulnerable: Clear CPU buffers attempted, no microcode
MMIO Stale Data: Unknown: No mitigations
x86/fpu: Supporting XSAVE feature 0x001: 'x87 floating point registers'
x86/fpu: Supporting XSAVE feature 0x002: 'SSE registers'
x86/fpu: Supporting XSAVE feature 0x004: 'AVX registers'
x86/fpu: Supporting XSAVE feature 0x020: 'AVX-512 opmask'
x86/fpu: Supporting XSAVE feature 0x040: 'AVX-512 Hi256'
x86/fpu: Supporting XSAVE feature 0x080: 'AVX-512 ZMM_Hi256'
x86/fpu: xstate_offset[2]:  576, xstate_sizes[2]:  256
x86/fpu: xstate_offset[5]: 1088, xstate_sizes[5]:   64
x86/fpu: xstate_offset[6]: 1152, xstate_sizes[6]:  512
x86/fpu: xstate_offset[7]: 1664, xstate_sizes[7]: 1024
x86/fpu: Enabled xstate features 0xe7, context size is 2688 bytes, using 'standard' format.
Freeing SMP alternatives memory: 40K
pid_max: default: 278528 minimum: 2176
LSM: initializing lsm=capability,selinux
SELinux:  Initializing.
Dentry cache hash table entries: 8388608 (order: 14, 67108864 bytes, vmalloc hugepage)
Inode-cache hash table entries: 4194304 (order: 13, 33554432 bytes, vmalloc hugepage)
Mount-cache hash table entries: 131072 (order: 8, 1048576 bytes, vmalloc)
Mountpoint-cache hash table entries: 131072 (order: 8, 1048576 bytes, vmalloc)
smpboot: CPU0: Intel(R) Xeon Phi(TM) CPU 7250F @ 1.40GHz (family: 0x6, model: 0x57, stepping: 0x1)
Performance Events: PEBS fmt2+, Knights Landing/Mill events, 8-deep LBR, full-width counters, Intel PMU driver.
... version:                3
... bit width:              40
... generic registers:      2
... value mask:             000000ffffffffff
... max period:             0000007fffffffff
... fixed-purpose events:   3
... event mask:             0000000700000003
signal: max sigframe size: 3632
Estimated ratio of average max frequency by base frequency (times 1024): 1097
rcu: Hierarchical SRCU implementation.
rcu: 	Max phase no-delay instances is 400.
Timer migration: 4 hierarchy levels; 8 children per group; 3 crossnode level
smp: Bringing up secondary CPUs ...
smpboot: x86: Booting SMP configuration:
.... node  #0, CPUs:          #1   #2   #3   #4   #5   #6   #7   #8   #9  #10  #11  #12  #13  #14  #15  #16  #17  #18  #19  #20  #21  #22  #23  #24  #25  #26  #27  #28  #29  #30  #31  #32  #33  #34  #35  #36  #37  #38  #39  #40  #41  #42  #43  #44  #45  #46  #47  #48  #49  #50  #51  #52  #53  #54  #55  #56  #57 #231 #232 #233 #234 #235 #236 #237 #238 #239 #240
Scheduler frequency invariance went wobbly, disabling!
Scheduler frequency invariance went wobbly, disabling!
Scheduler frequency invariance went wobbly, disabling!
Scheduler frequency invariance went wobbly, disabling!
  #58  #59  #60  #61  #62  #63  #64  #65  #66  #67  #68  #69  #70  #71  #72  #73  #74  #75  #76  #77  #78  #79  #80  #81  #82  #83  #84  #85  #86  #87  #88  #89  #90  #91  #92  #93  #94  #95  #96  #97  #98  #99 #100 #101 #102 #103 #104 #105 #106 #107 #108 #109 #110 #111 #112 #113 #114 #115 #116 #117 #118 #119 #120 #121 #122 #123 #124 #125 #126 #127 #128 #129 #130 #131 #132 #133 #134 #135 #136 #137 #138 #139 #140 #141 #142 #143 #144 #145 #146 #147 #148 #149 #150 #151 #152 #153 #154 #155 #156 #157 #158 #159 #160 #161 #162 #163 #164 #165 #166 #167 #168 #169 #170 #171 #172 #173 #174 #175 #176 #177 #178 #179 #180 #181 #182 #183 #184 #185 #186 #187 #188 #189 #190 #191 #192 #193 #194 #195 #196 #197 #198 #199 #200 #201 #202 #203 #204 #205 #206 #207 #208 #209 #210 #211 #212 #213 #214 #215 #216 #217 #218 #219 #220 #221 #222 #223 #224 #225 #226 #227 #228 #229 #230 #241 #242 #243 #244 #245 #246 #247 #248 #249 #250 #251 #252 #253 #254 #255 #256 #257 #258 #259 #260 #261 #262 #263 #264 #265 #266 #267 #268 #269 #270 #271
smp: Brought up 2 nodes, 272 CPUs
smpboot: Total of 272 processors activated (759886.94 BogoMIPS)
Memory: 114905296K/117334848K available (16384K kernel code, 3105K rwdata, 11032K rodata, 3768K init, 2748K bss, 2160360K reserved, 0K cma-reserved)
devtmpfs: initialized
x86/mm: Memory block size: 2048MB
ACPI: PM: Registering ACPI NVS region [mem 0xb8fb9000-0xb99e8fff] (10682368 bytes)
clocksource: jiffies: mask: 0xffffffff max_cycles: 0xffffffff, max_idle_ns: 1911260446275000 ns
futex hash table entries: 131072 (order: 11, 8388608 bytes, vmalloc hugepage)
pinctrl core: initialized pinctrl subsystem
PM: RTC time: 12:15:30, date: 2025-01-21
NET: Registered PF_NETLINK/PF_ROUTE protocol family
audit: initializing netlink subsys (disabled)
audit: type=2000 audit(1737461727.523:1): state=initialized audit_enabled=0 res=1
thermal_sys: Registered thermal governor 'fair_share'
thermal_sys: Registered thermal governor 'bang_bang'
thermal_sys: Registered thermal governor 'step_wise'
thermal_sys: Registered thermal governor 'user_space'
cpuidle: using governor ladder
cpuidle: using governor menu
acpiphp: ACPI Hot Plug PCI Controller Driver version: 0.5
PCI: ECAM [mem 0xc0000000-0xcfffffff] (base 0xc0000000) for domain 0000 [bus 00-ff]
PCI: Using configuration type 1 for base access
kprobes: kprobe jump-optimization is enabled. All kprobes are optimized if possible.
HugeTLB: registered 1.00 GiB page size, pre-allocated 0 pages
HugeTLB: 16380 KiB vmemmap can be freed for a 1.00 GiB page
HugeTLB: registered 2.00 MiB page size, pre-allocated 0 pages
HugeTLB: 28 KiB vmemmap can be freed for a 2.00 MiB page
cryptd: max_cpu_qlen set to 1000
ACPI: Added _OSI(Module Device)
ACPI: Added _OSI(Processor Device)
ACPI: Added _OSI(3.0 _SCP Extensions)
ACPI: Added _OSI(Processor Aggregator Device)
ACPI: 3 ACPI AML tables successfully acquired and loaded
ACPI: [Firmware Bug]: BIOS _OSI(Linux) query ignored
ACPI: Dynamic OEM Table Load:
ACPI: Dynamic OEM Table Load:
ACPI: Dynamic OEM Table Load:
ACPI: Interpreter enabled
ACPI: PM: (supports S0 S5)
ACPI: Using IOAPIC for interrupt routing
PCI: Using host bridge windows from ACPI; if necessary, use "pci=nocrs" and report a bug
PCI: Using E820 reservations for host bridge windows
ACPI: Enabled 5 GPEs in block 00 to 3F
ACPI: PCI Root Bridge [UNC0] (domain 0000 [bus fe])
acpi PNP0A03:00: _OSC: OS supports [ExtendedConfig ASPM ClockPM Segments MSI HPX-Type3]
acpi PNP0A03:00: _OSC: platform does not support [LTR]
acpi PNP0A03:00: _OSC: OS now controls [PCIeHotplug PME PCIeCapability]
PCI host bridge to bus 0000:fe
pci_bus 0000:fe: Unknown NUMA node; performance will be reduced
pci_bus 0000:fe: root bus resource [bus fe]
pci 0000:fe:08.0: [8086:782f] type 00 class 0x088000 conventional PCI endpoint
pci 0000:fe:08.1: [8086:782f] type 00 class 0x088000 conventional PCI endpoint
pci 0000:fe:08.2: [8086:782f] type 00 class 0x088000 conventional PCI endpoint
pci 0000:fe:08.3: [8086:782f] type 00 class 0x088000 conventional PCI endpoint
pci 0000:fe:08.4: [8086:782f] type 00 class 0x088000 conventional PCI endpoint
pci 0000:fe:08.5: [8086:782f] type 00 class 0x088000 conventional PCI endpoint
pci 0000:fe:08.6: [8086:782f] type 00 class 0x088000 conventional PCI endpoint
pci 0000:fe:08.7: [8086:782f] type 00 class 0x088000 conventional PCI endpoint
pci 0000:fe:09.0: [8086:782f] type 00 class 0x088000 conventional PCI endpoint
pci 0000:fe:09.1: [8086:782f] type 00 class 0x088000 conventional PCI endpoint
pci 0000:fe:09.2: [8086:782f] type 00 class 0x088000 conventional PCI endpoint
pci 0000:fe:09.3: [8086:782f] type 00 class 0x088000 conventional PCI endpoint
pci 0000:fe:09.4: [8086:782f] type 00 class 0x088000 conventional PCI endpoint
pci 0000:fe:09.5: [8086:782f] type 00 class 0x088000 conventional PCI endpoint
pci 0000:fe:09.6: [8086:782f] type 00 class 0x088000 conventional PCI endpoint
pci 0000:fe:09.7: [8086:782f] type 00 class 0x088000 conventional PCI endpoint
pci 0000:fe:0a.0: [8086:782f] type 00 class 0x088000 conventional PCI endpoint
pci 0000:fe:0a.1: [8086:782f] type 00 class 0x088000 conventional PCI endpoint
pci 0000:fe:0a.2: [8086:782f] type 00 class 0x088000 conventional PCI endpoint
pci 0000:fe:0a.3: [8086:782f] type 00 class 0x088000 conventional PCI endpoint
pci 0000:fe:0a.4: [8086:782f] type 00 class 0x088000 conventional PCI endpoint
pci 0000:fe:0a.5: [8086:782f] type 00 class 0x088000 conventional PCI endpoint
pci 0000:fe:0a.6: [8086:782f] type 00 class 0x088000 conventional PCI endpoint
pci 0000:fe:0a.7: [8086:782f] type 00 class 0x088000 conventional PCI endpoint
pci 0000:fe:0b.0: [8086:782f] type 00 class 0x088000 conventional PCI endpoint
pci 0000:fe:0b.1: [8086:782f] type 00 class 0x088000 conventional PCI endpoint
pci 0000:fe:0b.2: [8086:782f] type 00 class 0x088000 conventional PCI endpoint
pci 0000:fe:0b.3: [8086:782f] type 00 class 0x088000 conventional PCI endpoint
pci 0000:fe:0b.4: [8086:782f] type 00 class 0x088000 conventional PCI endpoint
pci 0000:fe:0b.5: [8086:782f] type 00 class 0x088000 conventional PCI endpoint
pci 0000:fe:0b.6: [8086:782f] type 00 class 0x088000 conventional PCI endpoint
pci 0000:fe:0b.7: [8086:782f] type 00 class 0x088000 conventional PCI endpoint
pci 0000:fe:0c.0: [8086:782f] type 00 class 0x088000 conventional PCI endpoint
pci 0000:fe:0c.1: [8086:782f] type 00 class 0x088000 conventional PCI endpoint
pci 0000:fe:0c.2: [8086:782f] type 00 class 0x088000 conventional PCI endpoint
pci 0000:fe:0c.3: [8086:782f] type 00 class 0x088000 conventional PCI endpoint
pci 0000:fe:0c.4: [8086:782f] type 00 class 0x088000 conventional PCI endpoint
pci 0000:fe:0c.5: [8086:782f] type 00 class 0x088000 conventional PCI endpoint
pci 0000:fe:0e.0: [8086:782c] type 00 class 0x088000 conventional PCI endpoint
pci 0000:fe:0e.1: [8086:782c] type 00 class 0x088000 conventional PCI endpoint
pci 0000:fe:0e.2: [8086:782c] type 00 class 0x088000 conventional PCI endpoint
pci 0000:fe:0e.3: [8086:782c] type 00 class 0x088000 conventional PCI endpoint
pci 0000:fe:0e.4: [8086:782c] type 00 class 0x088000 conventional PCI endpoint
pci 0000:fe:0e.5: [8086:782c] type 00 class 0x088000 conventional PCI endpoint
pci 0000:fe:0e.6: [8086:782c] type 00 class 0x088000 conventional PCI endpoint
pci 0000:fe:0e.7: [8086:782c] type 00 class 0x088000 conventional PCI endpoint
pci 0000:fe:0f.0: [8086:782c] type 00 class 0x088000 conventional PCI endpoint
pci 0000:fe:0f.1: [8086:782c] type 00 class 0x088000 conventional PCI endpoint
pci 0000:fe:0f.2: [8086:782c] type 00 class 0x088000 conventional PCI endpoint
pci 0000:fe:0f.3: [8086:782c] type 00 class 0x088000 conventional PCI endpoint
pci 0000:fe:0f.4: [8086:782c] type 00 class 0x088000 conventional PCI endpoint
pci 0000:fe:0f.5: [8086:782c] type 00 class 0x088000 conventional PCI endpoint
pci 0000:fe:0f.6: [8086:782c] type 00 class 0x088000 conventional PCI endpoint
pci 0000:fe:0f.7: [8086:782c] type 00 class 0x088000 conventional PCI endpoint
pci 0000:fe:10.0: [8086:782c] type 00 class 0x088000 conventional PCI endpoint
pci 0000:fe:10.1: [8086:782c] type 00 class 0x088000 conventional PCI endpoint
pci 0000:fe:10.2: [8086:782c] type 00 class 0x088000 conventional PCI endpoint
pci 0000:fe:10.3: [8086:782c] type 00 class 0x088000 conventional PCI endpoint
pci 0000:fe:10.4: [8086:782c] type 00 class 0x088000 conventional PCI endpoint
pci 0000:fe:10.5: [8086:782c] type 00 class 0x088000 conventional PCI endpoint
pci 0000:fe:10.6: [8086:782c] type 00 class 0x088000 conventional PCI endpoint
pci 0000:fe:10.7: [8086:782c] type 00 class 0x088000 conventional PCI endpoint
pci 0000:fe:11.0: [8086:782c] type 00 class 0x088000 conventional PCI endpoint
pci 0000:fe:11.1: [8086:782c] type 00 class 0x088000 conventional PCI endpoint
pci 0000:fe:11.2: [8086:782c] type 00 class 0x088000 conventional PCI endpoint
pci 0000:fe:11.3: [8086:782c] type 00 class 0x088000 conventional PCI endpoint
pci 0000:fe:11.4: [8086:782c] type 00 class 0x088000 conventional PCI endpoint
pci 0000:fe:11.5: [8086:782c] type 00 class 0x088000 conventional PCI endpoint
pci 0000:fe:11.6: [8086:782c] type 00 class 0x088000 conventional PCI endpoint
pci 0000:fe:11.7: [8086:782c] type 00 class 0x088000 conventional PCI endpoint
pci 0000:fe:12.0: [8086:782c] type 00 class 0x088000 conventional PCI endpoint
pci 0000:fe:12.1: [8086:782c] type 00 class 0x088000 conventional PCI endpoint
pci 0000:fe:12.2: [8086:782c] type 00 class 0x088000 conventional PCI endpoint
pci 0000:fe:12.3: [8086:782c] type 00 class 0x088000 conventional PCI endpoint
pci 0000:fe:12.4: [8086:782c] type 00 class 0x088000 conventional PCI endpoint
pci 0000:fe:12.5: [8086:782c] type 00 class 0x088000 conventional PCI endpoint
pci 0000:fe:14.0: [8086:781f] type 00 class 0x088000 conventional PCI endpoint
pci 0000:fe:14.1: [8086:781f] type 00 class 0x088000 conventional PCI endpoint
pci 0000:fe:14.2: [8086:781f] type 00 class 0x088000 conventional PCI endpoint
pci 0000:fe:14.3: [8086:781f] type 00 class 0x088000 conventional PCI endpoint
pci 0000:fe:14.4: [8086:781f] type 00 class 0x088000 conventional PCI endpoint
pci 0000:fe:14.5: [8086:781f] type 00 class 0x088000 conventional PCI endpoint
pci 0000:fe:14.6: [8086:781f] type 00 class 0x088000 conventional PCI endpoint
pci 0000:fe:14.7: [8086:781f] type 00 class 0x088000 conventional PCI endpoint
pci 0000:fe:15.0: [8086:781f] type 00 class 0x088000 conventional PCI endpoint
pci 0000:fe:15.1: [8086:781f] type 00 class 0x088000 conventional PCI endpoint
pci 0000:fe:15.2: [8086:781f] type 00 class 0x088000 conventional PCI endpoint
pci 0000:fe:15.3: [8086:781f] type 00 class 0x088000 conventional PCI endpoint
pci 0000:fe:15.4: [8086:781f] type 00 class 0x088000 conventional PCI endpoint
pci 0000:fe:15.5: [8086:781f] type 00 class 0x088000 conventional PCI endpoint
pci 0000:fe:15.6: [8086:781f] type 00 class 0x088000 conventional PCI endpoint
pci 0000:fe:15.7: [8086:781f] type 00 class 0x088000 conventional PCI endpoint
pci 0000:fe:16.0: [8086:781f] type 00 class 0x088000 conventional PCI endpoint
pci 0000:fe:16.1: [8086:781f] type 00 class 0x088000 conventional PCI endpoint
pci 0000:fe:16.2: [8086:781f] type 00 class 0x088000 conventional PCI endpoint
pci 0000:fe:16.3: [8086:781f] type 00 class 0x088000 conventional PCI endpoint
pci 0000:fe:16.4: [8086:781f] type 00 class 0x088000 conventional PCI endpoint
pci 0000:fe:16.5: [8086:781f] type 00 class 0x088000 conventional PCI endpoint
pci 0000:fe:16.6: [8086:781f] type 00 class 0x088000 conventional PCI endpoint
pci 0000:fe:16.7: [8086:781f] type 00 class 0x088000 conventional PCI endpoint
pci 0000:fe:17.0: [8086:781f] type 00 class 0x088000 conventional PCI endpoint
pci 0000:fe:17.1: [8086:781f] type 00 class 0x088000 conventional PCI endpoint
pci 0000:fe:17.2: [8086:781f] type 00 class 0x088000 conventional PCI endpoint
pci 0000:fe:17.3: [8086:781f] type 00 class 0x088000 conventional PCI endpoint
pci 0000:fe:17.4: [8086:781f] type 00 class 0x088000 conventional PCI endpoint
pci 0000:fe:17.5: [8086:781f] type 00 class 0x088000 conventional PCI endpoint
pci 0000:fe:17.6: [8086:781f] type 00 class 0x088000 conventional PCI endpoint
pci 0000:fe:17.7: [8086:781f] type 00 class 0x088000 conventional PCI endpoint
pci 0000:fe:18.0: [8086:781f] type 00 class 0x088000 conventional PCI endpoint
pci 0000:fe:18.1: [8086:781f] type 00 class 0x088000 conventional PCI endpoint
pci 0000:fe:18.2: [8086:781f] type 00 class 0x088000 conventional PCI endpoint
pci 0000:fe:18.3: [8086:781f] type 00 class 0x088000 conventional PCI endpoint
pci 0000:fe:18.4: [8086:781f] type 00 class 0x088000 conventional PCI endpoint
pci 0000:fe:18.5: [8086:781f] type 00 class 0x088000 conventional PCI endpoint
pci 0000:fe:1d.0: [8086:782a] type 00 class 0x088000 conventional PCI endpoint
pci 0000:fe:1d.1: [8086:782b] type 00 class 0x088000 conventional PCI endpoint
pci 0000:fe:1d.2: [8086:782e] type 00 class 0x088000 conventional PCI endpoint
pci 0000:fe:1d.3: [8086:782d] type 00 class 0x088000 conventional PCI endpoint
pci 0000:fe:1e.0: [8086:7820] type 00 class 0x088000 conventional PCI endpoint
pci 0000:fe:1e.1: [8086:7821] type 00 class 0x088000 conventional PCI endpoint
pci 0000:fe:1e.2: [8086:7822] type 00 class 0x088000 conventional PCI endpoint
pci 0000:fe:1e.3: [8086:7823] type 00 class 0x088000 conventional PCI endpoint
pci 0000:fe:1e.4: [8086:7824] type 00 class 0x088000 conventional PCI endpoint
pci 0000:fe:1e.5: [8086:7825] type 00 class 0x088000 conventional PCI endpoint
pci 0000:fe:1e.6: [8086:7826] type 00 class 0x088000 conventional PCI endpoint
ACPI: PCI Root Bridge [UNC1] (domain 0000 [bus ff])
acpi PNP0A03:01: _OSC: OS supports [ExtendedConfig ASPM ClockPM Segments MSI HPX-Type3]
acpi PNP0A03:01: _OSC: platform does not support [LTR]
acpi PNP0A03:01: _OSC: OS now controls [PCIeHotplug PME PCIeCapability]
PCI host bridge to bus 0000:ff
pci_bus 0000:ff: Unknown NUMA node; performance will be reduced
pci_bus 0000:ff: root bus resource [bus ff]
pci 0000:ff:08.0: [8086:7840] type 00 class 0x088000 PCIe Root Complex Integrated Endpoint
pci 0000:ff:08.1: [8086:7842] type 00 class 0x088000 PCIe Root Complex Integrated Endpoint
pci 0000:ff:08.2: [8086:7843] type 00 class 0x088000 PCIe Root Complex Integrated Endpoint
pci 0000:ff:08.3: [8086:7843] type 00 class 0x088000 PCIe Root Complex Integrated Endpoint
pci 0000:ff:08.4: [8086:7843] type 00 class 0x088000 PCIe Root Complex Integrated Endpoint
pci 0000:ff:09.0: [8086:7840] type 00 class 0x088000 PCIe Root Complex Integrated Endpoint
pci 0000:ff:09.1: [8086:7842] type 00 class 0x088000 PCIe Root Complex Integrated Endpoint
pci 0000:ff:09.2: [8086:7843] type 00 class 0x088000 PCIe Root Complex Integrated Endpoint
pci 0000:ff:09.3: [8086:7843] type 00 class 0x088000 PCIe Root Complex Integrated Endpoint
pci 0000:ff:09.4: [8086:7843] type 00 class 0x088000 PCIe Root Complex Integrated Endpoint
pci 0000:ff:0a.0: [8086:7841] type 00 class 0x088000 PCIe Root Complex Integrated Endpoint
pci 0000:ff:0a.1: [8086:7844] type 00 class 0x088000 PCIe Root Complex Integrated Endpoint
pci 0000:ff:0a.2: [8086:781f] type 00 class 0x088000 conventional PCI endpoint
pci 0000:ff:0b.0: [8086:7841] type 00 class 0x088000 PCIe Root Complex Integrated Endpoint
pci 0000:ff:0b.1: [8086:7844] type 00 class 0x088000 PCIe Root Complex Integrated Endpoint
pci 0000:ff:0b.2: [8086:781f] type 00 class 0x088000 conventional PCI endpoint
pci 0000:ff:0c.0: [8086:7816] type 00 class 0x088000 conventional PCI endpoint
pci 0000:ff:0c.1: [8086:7817] type 00 class 0x110100 conventional PCI endpoint
pci 0000:ff:0c.2: [8086:781f] type 00 class 0x088000 conventional PCI endpoint
pci 0000:ff:0f.0: [8086:7833] type 00 class 0x088000 conventional PCI endpoint
pci 0000:ff:0f.1: [8086:7839] type 00 class 0x088000 conventional PCI endpoint
pci 0000:ff:0f.2: [8086:781f] type 00 class 0x088000 conventional PCI endpoint
pci 0000:ff:10.0: [8086:7833] type 00 class 0x088000 conventional PCI endpoint
pci 0000:ff:10.1: [8086:7839] type 00 class 0x088000 conventional PCI endpoint
pci 0000:ff:10.2: [8086:781f] type 00 class 0x088000 conventional PCI endpoint
pci 0000:ff:10.5: [8086:7848] type 00 class 0x088000 conventional PCI endpoint
pci 0000:ff:10.6: [8086:7848] type 00 class 0x088000 conventional PCI endpoint
pci 0000:ff:10.7: [8086:7848] type 00 class 0x088000 conventional PCI endpoint
pci 0000:ff:11.0: [8086:7833] type 00 class 0x088000 conventional PCI endpoint
pci 0000:ff:11.1: [8086:7839] type 00 class 0x088000 conventional PCI endpoint
pci 0000:ff:11.2: [8086:781f] type 00 class 0x088000 conventional PCI endpoint
pci 0000:ff:11.5: [8086:7849] type 00 class 0x088000 conventional PCI endpoint
pci 0000:ff:11.6: [8086:7849] type 00 class 0x088000 conventional PCI endpoint
pci 0000:ff:11.7: [8086:7849] type 00 class 0x088000 conventional PCI endpoint
pci 0000:ff:12.0: [8086:7833] type 00 class 0x088000 conventional PCI endpoint
pci 0000:ff:12.1: [8086:7839] type 00 class 0x088000 conventional PCI endpoint
pci 0000:ff:12.2: [8086:781f] type 00 class 0x088000 conventional PCI endpoint
pci 0000:ff:12.5: [8086:7848] type 00 class 0x088000 conventional PCI endpoint
pci 0000:ff:12.6: [8086:7848] type 00 class 0x088000 conventional PCI endpoint
pci 0000:ff:12.7: [8086:7848] type 00 class 0x088000 conventional PCI endpoint
pci 0000:ff:13.0: [8086:7833] type 00 class 0x088000 conventional PCI endpoint
pci 0000:ff:13.1: [8086:7839] type 00 class 0x088000 conventional PCI endpoint
pci 0000:ff:13.2: [8086:781f] type 00 class 0x088000 conventional PCI endpoint
pci 0000:ff:13.5: [8086:7849] type 00 class 0x088000 conventional PCI endpoint
pci 0000:ff:13.6: [8086:7849] type 00 class 0x088000 conventional PCI endpoint
pci 0000:ff:13.7: [8086:7849] type 00 class 0x088000 conventional PCI endpoint
pci 0000:ff:14.0: [8086:7833] type 00 class 0x088000 conventional PCI endpoint
pci 0000:ff:14.1: [8086:7839] type 00 class 0x088000 conventional PCI endpoint
pci 0000:ff:14.2: [8086:781f] type 00 class 0x088000 conventional PCI endpoint
pci 0000:ff:14.6: [8086:7845] type 00 class 0x088000 conventional PCI endpoint
pci 0000:ff:14.7: [8086:7846] type 00 class 0x088000 conventional PCI endpoint
pci 0000:ff:15.0: [8086:7833] type 00 class 0x088000 conventional PCI endpoint
pci 0000:ff:15.1: [8086:7839] type 00 class 0x088000 conventional PCI endpoint
pci 0000:ff:15.2: [8086:781f] type 00 class 0x088000 conventional PCI endpoint
pci 0000:ff:15.6: [8086:7845] type 00 class 0x088000 conventional PCI endpoint
pci 0000:ff:15.7: [8086:7847] type 00 class 0x088000 conventional PCI endpoint
pci 0000:ff:16.0: [8086:7833] type 00 class 0x088000 conventional PCI endpoint
pci 0000:ff:16.1: [8086:7839] type 00 class 0x088000 conventional PCI endpoint
pci 0000:ff:16.2: [8086:781f] type 00 class 0x088000 conventional PCI endpoint
pci 0000:ff:18.0: [8086:7831] type 00 class 0x088000 PCIe Root Complex Integrated Endpoint
pci 0000:ff:18.1: [8086:7837] type 00 class 0x088000 conventional PCI endpoint
pci 0000:ff:18.2: [8086:7835] type 00 class 0x088000 PCIe Root Complex Integrated Endpoint
pci 0000:ff:19.0: [8086:7831] type 00 class 0x088000 PCIe Root Complex Integrated Endpoint
pci 0000:ff:19.1: [8086:7837] type 00 class 0x088000 conventional PCI endpoint
pci 0000:ff:19.2: [8086:7835] type 00 class 0x088000 PCIe Root Complex Integrated Endpoint
pci 0000:ff:1a.0: [8086:7831] type 00 class 0x088000 PCIe Root Complex Integrated Endpoint
pci 0000:ff:1a.1: [8086:7837] type 00 class 0x088000 conventional PCI endpoint
pci 0000:ff:1a.2: [8086:7835] type 00 class 0x088000 PCIe Root Complex Integrated Endpoint
pci 0000:ff:1b.0: [8086:7831] type 00 class 0x088000 PCIe Root Complex Integrated Endpoint
pci 0000:ff:1b.1: [8086:7837] type 00 class 0x088000 conventional PCI endpoint
pci 0000:ff:1b.2: [8086:7835] type 00 class 0x088000 PCIe Root Complex Integrated Endpoint
pci 0000:ff:1c.0: [8086:7831] type 00 class 0x088000 PCIe Root Complex Integrated Endpoint
pci 0000:ff:1c.1: [8086:7837] type 00 class 0x088000 conventional PCI endpoint
pci 0000:ff:1c.2: [8086:7835] type 00 class 0x088000 PCIe Root Complex Integrated Endpoint
pci 0000:ff:1d.0: [8086:7831] type 00 class 0x088000 PCIe Root Complex Integrated Endpoint
pci 0000:ff:1d.1: [8086:7837] type 00 class 0x088000 conventional PCI endpoint
pci 0000:ff:1d.2: [8086:7835] type 00 class 0x088000 PCIe Root Complex Integrated Endpoint
pci 0000:ff:1e.0: [8086:7831] type 00 class 0x088000 PCIe Root Complex Integrated Endpoint
pci 0000:ff:1e.1: [8086:7837] type 00 class 0x088000 conventional PCI endpoint
pci 0000:ff:1e.2: [8086:7835] type 00 class 0x088000 PCIe Root Complex Integrated Endpoint
pci 0000:ff:1f.0: [8086:7831] type 00 class 0x088000 PCIe Root Complex Integrated Endpoint
pci 0000:ff:1f.1: [8086:7837] type 00 class 0x088000 conventional PCI endpoint
pci 0000:ff:1f.2: [8086:7835] type 00 class 0x088000 PCIe Root Complex Integrated Endpoint
ACPI: PCI Root Bridge [PCI0] (domain 0000 [bus 00-fd])
acpi PNP0A08:00: _OSC: OS supports [ExtendedConfig ASPM ClockPM Segments MSI HPX-Type3]
acpi PNP0A08:00: _OSC: platform does not support [LTR]
acpi PNP0A08:00: _OSC: OS now controls [PCIeHotplug PME PCIeCapability]
acpi PNP0A08:00: ignoring host bridge window [mem 0x000c4000-0x000cbfff window] (conflicts with Video ROM [mem 0x000c0000-0x000c7fff])
PCI host bridge to bus 0000:00
pci_bus 0000:00: root bus resource [io  0x0000-0x0cf7 window]
pci_bus 0000:00: root bus resource [io  0x1000-0xffff window]
pci_bus 0000:00: root bus resource [mem 0x000a0000-0x000bffff window]
pci_bus 0000:00: root bus resource [mem 0xd0000000-0xfbffbfff window]
pci_bus 0000:00: root bus resource [mem 0x200000000000-0x3fffffffffff window]
pci_bus 0000:00: root bus resource [bus 00-fd]
pci 0000:00:00.0: [8086:7806] type 00 class 0x060000 PCIe Root Port
pci 0000:00:01.0: [8086:780a] type 01 class 0x060400 PCIe Root Port
pci 0000:00:01.0: BAR 0 [mem 0xd9b00000-0xd9b0ffff]
pci 0000:00:01.0: PCI bridge to [bus 01]
pci 0000:00:01.0:   bridge window [mem 0xd4000000-0xd7ffffff]
pci 0000:00:01.0: PME# supported from D0 D3hot D3cold
pci 0000:00:02.0: [8086:780a] type 01 class 0x060400 PCIe Root Port
pci 0000:00:02.0: PCI bridge to [bus 02]
pci 0000:00:02.0:   bridge window [mem 0xd0000000-0xd3ffffff]
pci 0000:00:02.0: PME# supported from D0 D3hot D3cold
pci 0000:00:05.0: [8086:7810] type 00 class 0x088000 PCIe Root Complex Integrated Endpoint
pci 0000:00:05.2: [8086:7812] type 00 class 0x088000 PCIe Root Complex Integrated Endpoint
pci 0000:00:05.4: [8086:7813] type 00 class 0x080020 PCIe Root Complex Integrated Endpoint
pci 0000:00:05.4: BAR 0 [mem 0xd9b14000-0xd9b14fff]
pci 0000:00:05.6: [8086:7814] type 00 class 0x110100 PCIe Root Complex Integrated Endpoint
pci 0000:00:08.0: [8086:781a] type 00 class 0x088000 conventional PCI endpoint
pci 0000:00:08.1: [8086:781b] type 00 class 0x110100 conventional PCI endpoint
pci 0000:00:08.2: [8086:781c] type 00 class 0x088000 conventional PCI endpoint
pci 0000:00:11.0: [8086:8d7c] type 00 class 0xff0000 PCIe Root Complex Integrated Endpoint
pci 0000:00:14.0: [8086:8d31] type 00 class 0x0c0330 conventional PCI endpoint
pci 0000:00:14.0: BAR 0 [mem 0x3ffffff00000-0x3ffffff0ffff 64bit]
pci 0000:00:14.0: PME# supported from D3hot D3cold
pci 0000:00:16.0: [8086:8d3a] type 00 class 0x078000 conventional PCI endpoint
pci 0000:00:16.0: BAR 0 [mem 0x3ffffff13000-0x3ffffff1300f 64bit]
pci 0000:00:16.0: PME# supported from D0 D3hot D3cold
pci 0000:00:16.1: [8086:8d3b] type 00 class 0x078000 conventional PCI endpoint
pci 0000:00:16.1: BAR 0 [mem 0x3ffffff12000-0x3ffffff1200f 64bit]
pci 0000:00:16.1: PME# supported from D0 D3hot D3cold
pci 0000:00:1a.0: [8086:8d2d] type 00 class 0x0c0320 conventional PCI endpoint
pci 0000:00:1a.0: BAR 0 [mem 0xd9b12000-0xd9b123ff]
pci 0000:00:1a.0: PME# supported from D0 D3hot D3cold
pci 0000:00:1c.0: [8086:8d18] type 01 class 0x060400 PCIe Root Port
pci 0000:00:1c.0: PCI bridge to [bus 03]
pci 0000:00:1c.0:   bridge window [mem 0xd9000000-0xd98fffff]
pci 0000:00:1c.0:   bridge window [mem 0xd8000000-0xd8ffffff 64bit pref]
pci 0000:00:1c.0: PME# supported from D0 D3hot D3cold
pci 0000:00:1c.0: Enabling MPC IRBNCE
pci 0000:00:1c.0: Intel PCH root port ACS workaround enabled
pci 0000:00:1c.6: [8086:8d1c] type 01 class 0x060400 PCIe Root Port
pci 0000:00:1c.6: PCI bridge to [bus 04]
pci 0000:00:1c.6:   bridge window [io  0x3000-0x3fff]
pci 0000:00:1c.6:   bridge window [mem 0xd9a00000-0xd9afffff]
pci 0000:00:1c.6: PME# supported from D0 D3hot D3cold
pci 0000:00:1c.6: Enabling MPC IRBNCE
pci 0000:00:1c.6: Intel PCH root port ACS workaround enabled
pci 0000:00:1c.7: [8086:8d1e] type 01 class 0x060400 PCIe Root Port
pci 0000:00:1c.7: PCI bridge to [bus 05]
pci 0000:00:1c.7:   bridge window [io  0x2000-0x2fff]
pci 0000:00:1c.7:   bridge window [mem 0xd9900000-0xd99fffff]
pci 0000:00:1c.7: PME# supported from D0 D3hot D3cold
pci 0000:00:1c.7: Enabling MPC IRBNCE
pci 0000:00:1c.7: Intel PCH root port ACS workaround enabled
pci 0000:00:1d.0: [8086:8d26] type 00 class 0x0c0320 conventional PCI endpoint
pci 0000:00:1d.0: BAR 0 [mem 0xd9b11000-0xd9b113ff]
pci 0000:00:1d.0: PME# supported from D0 D3hot D3cold
pci 0000:00:1f.0: [8086:8d44] type 00 class 0x060100 conventional PCI endpoint
pci 0000:00:1f.2: [8086:8d02] type 00 class 0x010601 conventional PCI endpoint
pci 0000:00:1f.2: BAR 0 [io  0x4058-0x405f]
pci 0000:00:1f.2: BAR 1 [io  0x407c-0x407f]
pci 0000:00:1f.2: BAR 2 [io  0x4050-0x4057]
pci 0000:00:1f.2: BAR 3 [io  0x4078-0x407b]
pci 0000:00:1f.2: BAR 4 [io  0x4020-0x403f]
pci 0000:00:1f.2: BAR 5 [mem 0xd9b10000-0xd9b107ff]
pci 0000:00:1f.2: PME# supported from D3hot
pci 0000:00:1f.3: [8086:8d22] type 00 class 0x0c0500 conventional PCI endpoint
pci 0000:00:1f.3: BAR 0 [mem 0x3ffffff11000-0x3ffffff110ff 64bit]
pci 0000:00:1f.3: BAR 4 [io  0x4000-0x401f]
pci 0000:00:1f.6: [8086:8d24] type 00 class 0x118000 conventional PCI endpoint
pci 0000:00:1f.6: BAR 0 [mem 0x3ffffff10000-0x3ffffff10fff 64bit]
acpiphp: Slot [2] registered
pci 0000:01:00.0: [8086:24f1] type 00 class 0x020800 PCIe Endpoint
pci 0000:01:00.0: BAR 0 [mem 0xd4000000-0xd7ffffff 64bit]
pci 0000:01:00.0: ROM [mem 0xfffe0000-0xffffffff pref]
pci 0000:01:00.0: PME# supported from D0
pci 0000:00:01.0: PCI bridge to [bus 01]
acpiphp: Slot [1] registered
pci 0000:02:00.0: [8086:24f1] type 00 class 0x020800 PCIe Endpoint
pci 0000:02:00.0: BAR 0 [mem 0xd0000000-0xd3ffffff 64bit]
pci 0000:02:00.0: ROM [mem 0xfffe0000-0xffffffff pref]
pci 0000:02:00.0: PME# supported from D0
pci 0000:00:02.0: PCI bridge to [bus 02]
pci 0000:03:00.0: [102b:0522] type 00 class 0x030000 PCIe Legacy Endpoint
pci 0000:03:00.0: BAR 0 [mem 0xd8000000-0xd8ffffff pref]
pci 0000:03:00.0: BAR 1 [mem 0xd9800000-0xd9803fff]
pci 0000:03:00.0: BAR 2 [mem 0xd9000000-0xd97fffff]
pci 0000:03:00.0: ROM [mem 0xffff0000-0xffffffff pref]
pci 0000:03:00.0: Video device with shadowed ROM at [mem 0x000c0000-0x000dffff]
pci 0000:03:00.0: disabling ASPM on pre-1.1 PCIe device.  You can enable it with 'pcie_aspm=force'
pci 0000:00:1c.0: PCI bridge to [bus 03]
pci 0000:04:00.0: working around ROM BAR overlap defect
pci 0000:04:00.0: [8086:1533] type 00 class 0x020000 PCIe Endpoint
pci 0000:04:00.0: BAR 0 [mem 0xd9a00000-0xd9a7ffff]
pci 0000:04:00.0: BAR 2 [io  0x3000-0x301f]
pci 0000:04:00.0: BAR 3 [mem 0xd9a80000-0xd9a83fff]
pci 0000:04:00.0: PME# supported from D0 D3hot D3cold
pci 0000:00:1c.6: PCI bridge to [bus 04]
pci 0000:05:00.0: working around ROM BAR overlap defect
pci 0000:05:00.0: [8086:1533] type 00 class 0x020000 PCIe Endpoint
pci 0000:05:00.0: BAR 0 [mem 0xd9900000-0xd997ffff]
pci 0000:05:00.0: BAR 2 [io  0x2000-0x201f]
pci 0000:05:00.0: BAR 3 [mem 0xd9980000-0xd9983fff]
pci 0000:05:00.0: PME# supported from D0 D3hot D3cold
pci 0000:00:1c.7: PCI bridge to [bus 05]
pci_bus 0000:00: on NUMA node 0
ACPI: PCI: Interrupt link LNKA configured for IRQ 11
ACPI: PCI: Interrupt link LNKB configured for IRQ 10
ACPI: PCI: Interrupt link LNKC configured for IRQ 9
ACPI: PCI: Interrupt link LNKD configured for IRQ 5
ACPI: PCI: Interrupt link LNKE configured for IRQ 0
ACPI: PCI: Interrupt link LNKE disabled
ACPI: PCI: Interrupt link LNKF configured for IRQ 0
ACPI: PCI: Interrupt link LNKF disabled
ACPI: PCI: Interrupt link LNKG configured for IRQ 0
ACPI: PCI: Interrupt link LNKG disabled
ACPI: PCI: Interrupt link LNKH configured for IRQ 0
ACPI: PCI: Interrupt link LNKH disabled
iommu: Default domain type: Translated
iommu: DMA domain TLB invalidation policy: lazy mode
SCSI subsystem initialized
libata version 3.00 loaded.
ACPI: bus type USB registered
usbcore: registered new interface driver usbfs
usbcore: registered new interface driver hub
usbcore: registered new device driver usb
pps_core: LinuxPPS API ver. 1 registered
pps_core: Software ver. 5.3.6 - Copyright 2005-2007 Rodolfo Giometti <giometti@linux.it>
PTP clock support registered
EDAC MC: Ver: 3.0.0
PCI: Using ACPI for IRQ routing
PCI: pci_cache_line_size set to 64 bytes
e820: reserve RAM buffer [mem 0x0009ac00-0x0009ffff]
e820: reserve RAM buffer [mem 0xb5897000-0xb7ffffff]
e820: reserve RAM buffer [mem 0xb6453000-0xb7ffffff]
e820: reserve RAM buffer [mem 0xb7698000-0xb7ffffff]
e820: reserve RAM buffer [mem 0xb8cb9000-0xbbffffff]
e820: reserve RAM buffer [mem 0xb9aeb000-0xbbffffff]
pci 0000:03:00.0: vgaarb: setting as boot VGA device
pci 0000:03:00.0: vgaarb: bridge control possible
pci 0000:03:00.0: vgaarb: VGA device added: decodes=io+mem,owns=io+mem,locks=none
vgaarb: loaded
hpet0: at MMIO 0xfed00000, IRQs 2, 8, 0, 0, 0, 0, 0, 0
hpet0: 8 comparators, 64-bit 14.318180 MHz counter
clocksource: Switched to clocksource tsc-early
VFS: Disk quotas dquot_6.6.0
VFS: Dquot-cache hash table entries: 512 (order 0, 4096 bytes)
pnp: PnP ACPI init
system 00:01: [io  0x0500-0x053f] has been reserved
system 00:01: [io  0x0400-0x047f] has been reserved
system 00:01: [io  0x0540-0x057f] has been reserved
system 00:01: [io  0x0600-0x061f] has been reserved
system 00:01: [io  0x0ca0-0x0ca5] could not be reserved
system 00:01: [io  0x0880-0x0883] has been reserved
system 00:01: [io  0x0800-0x081f] has been reserved
system 00:01: [mem 0xfed1c000-0xfed3ffff] could not be reserved
system 00:01: [mem 0xfed45000-0xfed8bfff] has been reserved
system 00:01: [mem 0xff000000-0xffffffff] has been reserved
system 00:01: [mem 0xfee00000-0xfeefffff] has been reserved
system 00:01: [mem 0xfed12000-0xfed1200f] has been reserved
system 00:01: [mem 0xfed12010-0xfed1201f] has been reserved
system 00:01: [mem 0xfed1b000-0xfed1bfff] has been reserved
pnp: PnP ACPI: found 4 devices
clocksource: acpi_pm: mask: 0xffffff max_cycles: 0xffffff, max_idle_ns: 2085701024 ns
NET: Registered PF_INET protocol family
IP idents hash table entries: 262144 (order: 9, 2097152 bytes, vmalloc hugepage)
tcp_listen_portaddr_hash hash table entries: 65536 (order: 8, 1048576 bytes, vmalloc)
Table-perturb hash table entries: 65536 (order: 6, 262144 bytes, vmalloc)
TCP established hash table entries: 524288 (order: 10, 4194304 bytes, vmalloc hugepage)
TCP bind hash table entries: 65536 (order: 9, 2097152 bytes, vmalloc hugepage)
TCP: Hash tables configured (established 524288 bind 65536)
UDP hash table entries: 65536 (order: 10, 4194304 bytes, vmalloc hugepage)
UDP-Lite hash table entries: 65536 (order: 10, 4194304 bytes, vmalloc hugepage)
NET: Registered PF_UNIX/PF_LOCAL protocol family
pci 0000:01:00.0: ROM [mem 0xfffe0000-0xffffffff pref]: can't claim; no compatible bridge window
pci 0000:02:00.0: ROM [mem 0xfffe0000-0xffffffff pref]: can't claim; no compatible bridge window
pci 0000:01:00.0: ROM [mem size 0x00020000 pref]: can't assign; no space
pci 0000:01:00.0: ROM [mem size 0x00020000 pref]: failed to assign
pci 0000:00:01.0: PCI bridge to [bus 01]
pci 0000:00:01.0:   bridge window [mem 0xd4000000-0xd7ffffff]
pci 0000:02:00.0: ROM [mem size 0x00020000 pref]: can't assign; no space
pci 0000:02:00.0: ROM [mem size 0x00020000 pref]: failed to assign
pci 0000:00:02.0: PCI bridge to [bus 02]
pci 0000:00:02.0:   bridge window [mem 0xd0000000-0xd3ffffff]
pci 0000:00:1c.0: PCI bridge to [bus 03]
pci 0000:00:1c.0:   bridge window [mem 0xd9000000-0xd98fffff]
pci 0000:00:1c.0:   bridge window [mem 0xd8000000-0xd8ffffff 64bit pref]
pci 0000:00:1c.6: PCI bridge to [bus 04]
pci 0000:00:1c.6:   bridge window [io  0x3000-0x3fff]
pci 0000:00:1c.6:   bridge window [mem 0xd9a00000-0xd9afffff]
pci 0000:00:1c.7: PCI bridge to [bus 05]
pci 0000:00:1c.7:   bridge window [io  0x2000-0x2fff]
pci 0000:00:1c.7:   bridge window [mem 0xd9900000-0xd99fffff]
pci_bus 0000:00: resource 4 [io  0x0000-0x0cf7 window]
pci_bus 0000:00: resource 5 [io  0x1000-0xffff window]
pci_bus 0000:00: resource 6 [mem 0x000a0000-0x000bffff window]
pci_bus 0000:00: resource 7 [mem 0xd0000000-0xfbffbfff window]
pci_bus 0000:00: resource 8 [mem 0x200000000000-0x3fffffffffff window]
pci_bus 0000:01: resource 1 [mem 0xd4000000-0xd7ffffff]
pci_bus 0000:02: resource 1 [mem 0xd0000000-0xd3ffffff]
pci_bus 0000:03: resource 1 [mem 0xd9000000-0xd98fffff]
pci_bus 0000:03: resource 2 [mem 0xd8000000-0xd8ffffff 64bit pref]
pci_bus 0000:04: resource 0 [io  0x3000-0x3fff]
pci_bus 0000:04: resource 1 [mem 0xd9a00000-0xd9afffff]
pci_bus 0000:05: resource 0 [io  0x2000-0x2fff]
pci_bus 0000:05: resource 1 [mem 0xd9900000-0xd99fffff]
pci 0000:00:14.0: can't derive routing for PCI INT D
pci 0000:00:14.0: PCI INT D: no GSI
pci 0000:00:14.0: quirk_usb_early_handoff+0x0/0x740 took 13597 usecs
pci 0000:00:1a.0: EHCI: BIOS handoff failed (BIOS bug?) 01010001
pci 0000:00:1a.0: quirk_usb_early_handoff+0x0/0x740 took 1082573 usecs
pci 0000:00:1d.0: EHCI: BIOS handoff failed (BIOS bug?) 01010001
pci 0000:00:1d.0: quirk_usb_early_handoff+0x0/0x740 took 1082363 usecs
pci 0000:04:00.0: CLS mismatch (32 != 128), using 64 bytes
Trying to unpack rootfs image as initramfs...
DMAR: No ATSR found
DMAR: No SATC found
DMAR: dmar0: Using Queued invalidation
pci 0000:fe:08.0: Adding to iommu group 0
pci 0000:fe:08.1: Adding to iommu group 0
pci 0000:fe:08.2: Adding to iommu group 0
pci 0000:fe:08.3: Adding to iommu group 0
pci 0000:fe:08.4: Adding to iommu group 0
pci 0000:fe:08.5: Adding to iommu group 0
pci 0000:fe:08.6: Adding to iommu group 0
pci 0000:fe:08.7: Adding to iommu group 0
pci 0000:fe:09.0: Adding to iommu group 1
pci 0000:fe:09.1: Adding to iommu group 1
pci 0000:fe:09.2: Adding to iommu group 1
pci 0000:fe:09.3: Adding to iommu group 1
pci 0000:fe:09.4: Adding to iommu group 1
pci 0000:fe:09.5: Adding to iommu group 1
pci 0000:fe:09.6: Adding to iommu group 1
pci 0000:fe:09.7: Adding to iommu group 1
pci 0000:fe:0a.0: Adding to iommu group 2
pci 0000:fe:0a.1: Adding to iommu group 2
pci 0000:fe:0a.2: Adding to iommu group 2
pci 0000:fe:0a.3: Adding to iommu group 2
pci 0000:fe:0a.4: Adding to iommu group 2
pci 0000:fe:0a.5: Adding to iommu group 2
pci 0000:fe:0a.6: Adding to iommu group 2
pci 0000:fe:0a.7: Adding to iommu group 2
pci 0000:fe:0b.0: Adding to iommu group 3
pci 0000:fe:0b.1: Adding to iommu group 3
pci 0000:fe:0b.2: Adding to iommu group 3
pci 0000:fe:0b.3: Adding to iommu group 3
pci 0000:fe:0b.4: Adding to iommu group 3
pci 0000:fe:0b.5: Adding to iommu group 3
pci 0000:fe:0b.6: Adding to iommu group 3
pci 0000:fe:0b.7: Adding to iommu group 3
pci 0000:fe:0c.0: Adding to iommu group 4
pci 0000:fe:0c.1: Adding to iommu group 4
pci 0000:fe:0c.2: Adding to iommu group 4
pci 0000:fe:0c.3: Adding to iommu group 4
pci 0000:fe:0c.4: Adding to iommu group 4
pci 0000:fe:0c.5: Adding to iommu group 4
pci 0000:fe:0e.0: Adding to iommu group 5
pci 0000:fe:0e.1: Adding to iommu group 5
pci 0000:fe:0e.2: Adding to iommu group 5
pci 0000:fe:0e.3: Adding to iommu group 5
pci 0000:fe:0e.4: Adding to iommu group 5
pci 0000:fe:0e.5: Adding to iommu group 5
pci 0000:fe:0e.6: Adding to iommu group 5
pci 0000:fe:0e.7: Adding to iommu group 5
pci 0000:fe:0f.0: Adding to iommu group 6
pci 0000:fe:0f.1: Adding to iommu group 6
pci 0000:fe:0f.2: Adding to iommu group 6
pci 0000:fe:0f.3: Adding to iommu group 6
pci 0000:fe:0f.4: Adding to iommu group 6
pci 0000:fe:0f.5: Adding to iommu group 6
pci 0000:fe:0f.6: Adding to iommu group 6
pci 0000:fe:0f.7: Adding to iommu group 6
pci 0000:fe:10.0: Adding to iommu group 7
pci 0000:fe:10.1: Adding to iommu group 7
pci 0000:fe:10.2: Adding to iommu group 7
pci 0000:fe:10.3: Adding to iommu group 7
pci 0000:fe:10.4: Adding to iommu group 7
pci 0000:fe:10.5: Adding to iommu group 7
pci 0000:fe:10.6: Adding to iommu group 7
pci 0000:fe:10.7: Adding to iommu group 7
pci 0000:fe:11.0: Adding to iommu group 8
pci 0000:fe:11.1: Adding to iommu group 8
pci 0000:fe:11.2: Adding to iommu group 8
pci 0000:fe:11.3: Adding to iommu group 8
pci 0000:fe:11.4: Adding to iommu group 8
pci 0000:fe:11.5: Adding to iommu group 8
pci 0000:fe:11.6: Adding to iommu group 8
pci 0000:fe:11.7: Adding to iommu group 8
pci 0000:fe:12.0: Adding to iommu group 9
pci 0000:fe:12.1: Adding to iommu group 9
pci 0000:fe:12.2: Adding to iommu group 9
pci 0000:fe:12.3: Adding to iommu group 9
pci 0000:fe:12.4: Adding to iommu group 9
pci 0000:fe:12.5: Adding to iommu group 9
pci 0000:fe:14.0: Adding to iommu group 10
pci 0000:fe:14.1: Adding to iommu group 10
pci 0000:fe:14.2: Adding to iommu group 10
pci 0000:fe:14.3: Adding to iommu group 10
pci 0000:fe:14.4: Adding to iommu group 10
pci 0000:fe:14.5: Adding to iommu group 10
pci 0000:fe:14.6: Adding to iommu group 10
pci 0000:fe:14.7: Adding to iommu group 10
pci 0000:fe:15.0: Adding to iommu group 11
pci 0000:fe:15.1: Adding to iommu group 11
pci 0000:fe:15.2: Adding to iommu group 11
pci 0000:fe:15.3: Adding to iommu group 11
pci 0000:fe:15.4: Adding to iommu group 11
pci 0000:fe:15.5: Adding to iommu group 11
pci 0000:fe:15.6: Adding to iommu group 11
pci 0000:fe:15.7: Adding to iommu group 11
pci 0000:fe:16.0: Adding to iommu group 12
pci 0000:fe:16.1: Adding to iommu group 12
pci 0000:fe:16.2: Adding to iommu group 12
pci 0000:fe:16.3: Adding to iommu group 12
pci 0000:fe:16.4: Adding to iommu group 12
pci 0000:fe:16.5: Adding to iommu group 12
pci 0000:fe:16.6: Adding to iommu group 12
pci 0000:fe:16.7: Adding to iommu group 12
pci 0000:fe:17.0: Adding to iommu group 13
pci 0000:fe:17.1: Adding to iommu group 13
pci 0000:fe:17.2: Adding to iommu group 13
pci 0000:fe:17.3: Adding to iommu group 13
pci 0000:fe:17.4: Adding to iommu group 13
pci 0000:fe:17.5: Adding to iommu group 13
pci 0000:fe:17.6: Adding to iommu group 13
pci 0000:fe:17.7: Adding to iommu group 13
pci 0000:fe:18.0: Adding to iommu group 14
pci 0000:fe:18.1: Adding to iommu group 14
pci 0000:fe:18.2: Adding to iommu group 14
pci 0000:fe:18.3: Adding to iommu group 14
pci 0000:fe:18.4: Adding to iommu group 14
pci 0000:fe:18.5: Adding to iommu group 14
pci 0000:fe:1d.0: Adding to iommu group 15
pci 0000:fe:1d.1: Adding to iommu group 15
pci 0000:fe:1d.2: Adding to iommu group 15
pci 0000:fe:1d.3: Adding to iommu group 15
pci 0000:fe:1e.0: Adding to iommu group 16
pci 0000:fe:1e.1: Adding to iommu group 16
pci 0000:fe:1e.2: Adding to iommu group 16
pci 0000:fe:1e.3: Adding to iommu group 16
pci 0000:fe:1e.4: Adding to iommu group 16
pci 0000:fe:1e.5: Adding to iommu group 16
pci 0000:fe:1e.6: Adding to iommu group 16
pci 0000:ff:08.0: Adding to iommu group 17
pci 0000:ff:08.1: Adding to iommu group 18
pci 0000:ff:08.2: Adding to iommu group 19
pci 0000:ff:08.3: Adding to iommu group 20
pci 0000:ff:08.4: Adding to iommu group 21
pci 0000:ff:09.0: Adding to iommu group 22
pci 0000:ff:09.1: Adding to iommu group 23
pci 0000:ff:09.2: Adding to iommu group 24
pci 0000:ff:09.3: Adding to iommu group 25
pci 0000:ff:09.4: Adding to iommu group 26
pci 0000:ff:0a.0: Adding to iommu group 27
pci 0000:ff:0a.1: Adding to iommu group 28
pci 0000:ff:0a.2: Adding to iommu group 29
pci 0000:ff:0b.0: Adding to iommu group 30
pci 0000:ff:0b.1: Adding to iommu group 31
pci 0000:ff:0b.2: Adding to iommu group 32
pci 0000:ff:0c.0: Adding to iommu group 33
pci 0000:ff:0c.1: Adding to iommu group 33
pci 0000:ff:0c.2: Adding to iommu group 33
pci 0000:ff:0f.0: Adding to iommu group 34
pci 0000:ff:0f.1: Adding to iommu group 34
pci 0000:ff:0f.2: Adding to iommu group 34
pci 0000:ff:10.0: Adding to iommu group 35
pci 0000:ff:10.1: Adding to iommu group 35
pci 0000:ff:10.2: Adding to iommu group 35
pci 0000:ff:10.5: Adding to iommu group 35
pci 0000:ff:10.6: Adding to iommu group 35
pci 0000:ff:10.7: Adding to iommu group 35
pci 0000:ff:11.0: Adding to iommu group 36
pci 0000:ff:11.1: Adding to iommu group 36
pci 0000:ff:11.2: Adding to iommu group 36
pci 0000:ff:11.5: Adding to iommu group 36
pci 0000:ff:11.6: Adding to iommu group 36
pci 0000:ff:11.7: Adding to iommu group 36
pci 0000:ff:12.0: Adding to iommu group 37
pci 0000:ff:12.1: Adding to iommu group 37
pci 0000:ff:12.2: Adding to iommu group 37
pci 0000:ff:12.5: Adding to iommu group 37
pci 0000:ff:12.6: Adding to iommu group 37
pci 0000:ff:12.7: Adding to iommu group 37
pci 0000:ff:13.0: Adding to iommu group 38
pci 0000:ff:13.1: Adding to iommu group 38
pci 0000:ff:13.2: Adding to iommu group 38
pci 0000:ff:13.5: Adding to iommu group 38
pci 0000:ff:13.6: Adding to iommu group 38
pci 0000:ff:13.7: Adding to iommu group 38
pci 0000:ff:14.0: Adding to iommu group 39
pci 0000:ff:14.1: Adding to iommu group 39
pci 0000:ff:14.2: Adding to iommu group 39
pci 0000:ff:14.6: Adding to iommu group 39
pci 0000:ff:14.7: Adding to iommu group 39
pci 0000:ff:15.0: Adding to iommu group 40
pci 0000:ff:15.1: Adding to iommu group 40
pci 0000:ff:15.2: Adding to iommu group 40
pci 0000:ff:15.6: Adding to iommu group 40
pci 0000:ff:15.7: Adding to iommu group 40
pci 0000:ff:16.0: Adding to iommu group 41
pci 0000:ff:16.1: Adding to iommu group 41
pci 0000:ff:16.2: Adding to iommu group 41
pci 0000:ff:18.0: Adding to iommu group 42
pci 0000:ff:18.1: Adding to iommu group 43
pci 0000:ff:18.2: Adding to iommu group 44
pci 0000:ff:19.0: Adding to iommu group 45
pci 0000:ff:19.1: Adding to iommu group 46
pci 0000:ff:19.2: Adding to iommu group 47
pci 0000:ff:1a.0: Adding to iommu group 48
pci 0000:ff:1a.1: Adding to iommu group 49
pci 0000:ff:1a.2: Adding to iommu group 50
pci 0000:ff:1b.0: Adding to iommu group 51
pci 0000:ff:1b.1: Adding to iommu group 52
pci 0000:ff:1b.2: Adding to iommu group 53
pci 0000:ff:1c.0: Adding to iommu group 54
pci 0000:ff:1c.1: Adding to iommu group 55
pci 0000:ff:1c.2: Adding to iommu group 56
pci 0000:ff:1d.0: Adding to iommu group 57
pci 0000:ff:1d.1: Adding to iommu group 58
pci 0000:ff:1d.2: Adding to iommu group 59
pci 0000:ff:1e.0: Adding to iommu group 60
pci 0000:ff:1e.1: Adding to iommu group 61
pci 0000:ff:1e.2: Adding to iommu group 62
pci 0000:ff:1f.0: Adding to iommu group 63
pci 0000:ff:1f.1: Adding to iommu group 64
pci 0000:ff:1f.2: Adding to iommu group 65
pci 0000:00:00.0: Adding to iommu group 66
pci 0000:00:01.0: Adding to iommu group 67
pci 0000:00:02.0: Adding to iommu group 68
pci 0000:00:05.0: Adding to iommu group 69
pci 0000:00:05.2: Adding to iommu group 70
pci 0000:00:05.4: Adding to iommu group 71
pci 0000:00:05.6: Adding to iommu group 72
pci 0000:00:08.0: Adding to iommu group 73
pci 0000:00:08.1: Adding to iommu group 73
pci 0000:00:08.2: Adding to iommu group 73
pci 0000:00:11.0: Adding to iommu group 74
pci 0000:00:14.0: Adding to iommu group 75
pci 0000:00:16.0: Adding to iommu group 76
pci 0000:00:16.1: Adding to iommu group 76
pci 0000:00:1a.0: Adding to iommu group 77
pci 0000:00:1c.0: Adding to iommu group 78
pci 0000:00:1c.6: Adding to iommu group 79
pci 0000:00:1c.7: Adding to iommu group 80
pci 0000:00:1d.0: Adding to iommu group 81
pci 0000:00:1f.0: Adding to iommu group 82
pci 0000:00:1f.2: Adding to iommu group 82
pci 0000:00:1f.3: Adding to iommu group 82
pci 0000:00:1f.6: Adding to iommu group 82
pci 0000:01:00.0: Adding to iommu group 83
pci 0000:02:00.0: Adding to iommu group 84
pci 0000:03:00.0: Adding to iommu group 85
pci 0000:04:00.0: Adding to iommu group 86
pci 0000:05:00.0: Adding to iommu group 87
DMAR: Intel(R) Virtualization Technology for Directed I/O
PCI-DMA: Using software bounce buffering for IO (SWIOTLB)
software IO TLB: mapped [mem 0x00000000ad897000-0x00000000b5897000] (128MB)
RAPL PMU: API unit is 2^-32 Joules, 2 fixed counters, 655360 ms ovfl timer
RAPL PMU: hw unit of domain package 2^-14 Joules
RAPL PMU: hw unit of domain dram 2^-16 Joules
AES CTR mode by8 optimization enabled
Initialise system trusted keyrings
workingset: timestamp_bits=36 max_order=25 bucket_order=0
NET: Registered PF_ALG protocol family
Key type asymmetric registered
Asymmetric key parser 'x509' registered
Block layer SCSI generic (bsg) driver version 0.4 loaded (major 248)
io scheduler mq-deadline registered
io scheduler kyber registered
atomic64_test: passed for x86-64 platform with CX8 and with SSE
pcieport 0000:00:01.0: PME: Signaling with IRQ 26
pcieport 0000:00:02.0: PME: Signaling with IRQ 27
pcieport 0000:00:1c.0: PME: Signaling with IRQ 28
pcieport 0000:00:1c.6: PME: Signaling with IRQ 29
pcieport 0000:00:1c.7: PME: Signaling with IRQ 30
Monitor-Mwait will be used to enter C-1 state
[Firmware Bug]: ACPI MWAIT C-state 0x20 not supported by HW (0x0)
ACPI: \_SB_.SCK0.C000: _CST C2 declares FIXED_HARDWARE C-state but not supported in hardware, skip...
input: Power Button as /devices/LNXSYSTM:00/LNXPWRBN:00/input/input0
ACPI: button: Power Button [PWRF]
Serial: 8250/16550 driver, 32 ports, IRQ sharing enabled
00:02: ttyS0 at I/O 0x3f8 (irq = 4, base_baud = 115200) is a 16550A
00:03: ttyS1 at I/O 0x2f8 (irq = 3, base_baud = 115200) is a 16550A
Non-volatile memory driver v1.3
Linux agpgart interface v0.103
mei_me 0000:00:16.0: Device doesn't have valid ME Interface
ahci 0000:00:1f.2: version 3.0
ahci 0000:00:1f.2: AHCI vers 0001.0300, 32 command slots, 6 Gbps, SATA mode
ahci 0000:00:1f.2: 1/6 ports implemented (port mask 0x1)
ahci 0000:00:1f.2: flags: 64bit ncq pm led clo pio slum part ems apst 
scsi host0: ahci
scsi host1: ahci
scsi host2: ahci
scsi host3: ahci
scsi host4: ahci
scsi host5: ahci
ata1: SATA max UDMA/133 abar m2048@0xd9b10000 port 0xd9b10100 irq 31 lpm-pol 4
ata2: DUMMY
ata3: DUMMY
ata4: DUMMY
ata5: DUMMY
ata6: DUMMY
ehci-pci 0000:00:1a.0: EHCI Host Controller
ehci-pci 0000:00:1a.0: new USB bus registered, assigned bus number 1
ehci-pci 0000:00:1a.0: debug port 2
ehci-pci 0000:00:1a.0: irq 18, io mem 0xd9b12000
xhci_hcd 0000:00:14.0: can't derive routing for PCI INT D
xhci_hcd 0000:00:14.0: PCI INT D: no GSI
ehci-pci 0000:00:1a.0: USB 2.0 started, EHCI 1.00
usb usb1: New USB device found, idVendor=1d6b, idProduct=0002, bcdDevice= 6.13
usb usb1: New USB device strings: Mfr=3, Product=2, SerialNumber=1
usb usb1: Product: EHCI Host Controller
usb usb1: Manufacturer: Linux 6.13.0-rc6-custom-00051-geea6e4b4dfb8 ehci_hcd
usb usb1: SerialNumber: 0000:00:1a.0
hub 1-0:1.0: USB hub found
hub 1-0:1.0: 2 ports detected
ehci-pci 0000:00:1d.0: EHCI Host Controller
ehci-pci 0000:00:1d.0: new USB bus registered, assigned bus number 2
ehci-pci 0000:00:1d.0: debug port 2
ehci-pci 0000:00:1d.0: irq 18, io mem 0xd9b11000
ehci-pci 0000:00:1d.0: USB 2.0 started, EHCI 1.00
usb usb2: New USB device found, idVendor=1d6b, idProduct=0002, bcdDevice= 6.13
usb usb2: New USB device strings: Mfr=3, Product=2, SerialNumber=1
usb usb2: Product: EHCI Host Controller
usb usb2: Manufacturer: Linux 6.13.0-rc6-custom-00051-geea6e4b4dfb8 ehci_hcd
usb usb2: SerialNumber: 0000:00:1d.0
hub 2-0:1.0: USB hub found
hub 2-0:1.0: 2 ports detected
xhci_hcd 0000:00:14.0: xHCI Host Controller
xhci_hcd 0000:00:14.0: new USB bus registered, assigned bus number 3
xhci_hcd 0000:00:14.0: hcc params 0x200077c1 hci version 0x100 quirks 0x0000000000009810
xhci_hcd 0000:00:14.0: xHCI Host Controller
xhci_hcd 0000:00:14.0: new USB bus registered, assigned bus number 4
xhci_hcd 0000:00:14.0: Host supports USB 3.0 SuperSpeed
usb usb3: New USB device found, idVendor=1d6b, idProduct=0002, bcdDevice= 6.13
usb usb3: New USB device strings: Mfr=3, Product=2, SerialNumber=1
usb usb3: Product: xHCI Host Controller
usb usb3: Manufacturer: Linux 6.13.0-rc6-custom-00051-geea6e4b4dfb8 xhci-hcd
usb usb3: SerialNumber: 0000:00:14.0
hub 3-0:1.0: USB hub found
hub 3-0:1.0: 15 ports detected
usb usb4: New USB device found, idVendor=1d6b, idProduct=0003, bcdDevice= 6.13
usb usb4: New USB device strings: Mfr=3, Product=2, SerialNumber=1
ata1: SATA link up 6.0 Gbps (SStatus 133 SControl 300)
usb usb4: Product: xHCI Host Controller
ata1.00: ATA-9: WDC WD1003FZEX-00MK2A0, 01.01A01, max UDMA/133
usb usb4: Manufacturer: Linux 6.13.0-rc6-custom-00051-geea6e4b4dfb8 xhci-hcd
ata1.00: 1953525168 sectors, multi 0: LBA48 NCQ (depth 32), AA
usb usb4: SerialNumber: 0000:00:14.0
ata1.00: configured for UDMA/133
usb 1-1: new high-speed USB device number 2 using ehci-pci
scsi 0:0:0:0: Direct-Access     ATA      WDC WD1003FZEX-0 1A01 PQ: 0 ANSI: 5
hub 4-0:1.0: USB hub found
sd 0:0:0:0: Attached scsi generic sg0 type 0
sd 0:0:0:0: [sda] 1953525168 512-byte logical blocks: (1.00 TB/932 GiB)
sd 0:0:0:0: [sda] 4096-byte physical blocks
sd 0:0:0:0: [sda] Write Protect is off
sd 0:0:0:0: [sda] Mode Sense: 00 3a 00 00
sd 0:0:0:0: [sda] Write cache: enabled, read cache: enabled, doesn't support DPO or FUA
sd 0:0:0:0: [sda] Preferred minimum I/O size 4096 bytes
hub 4-0:1.0: 6 ports detected
Freeing initrd memory: 73132K
tsc: Refined TSC clocksource calibration: 1396.765 MHz
clocksource: tsc: mask: 0xffffffffffffffff max_cycles: 0x1422305f7af, max_idle_ns: 440795269734 ns
clocksource: Switched to clocksource tsc
i8042: PNP: No PS/2 controller found.
rtc_cmos 00:00: registered as rtc0
rtc_cmos 00:00: setting system clock to 2025-01-21T12:15:40 UTC (1737461740)
rtc_cmos 00:00: alarms up to one month, y3k, 114 bytes nvram
device-mapper: uevent: version 1.0.3
device-mapper: ioctl: 4.48.0-ioctl (2023-03-01) initialised: dm-devel@lists.linux.dev
usb 2-1: new high-speed USB device number 2 using ehci-pci
 sda: sda1 sda2 sda3
intel_pstate: Intel P-state driver initializing
sd 0:0:0:0: [sda] Attached SCSI disk
usb 1-1: New USB device found, idVendor=8087, idProduct=800a, bcdDevice= 0.05
usb 1-1: New USB device strings: Mfr=0, Product=0, SerialNumber=0
hub 1-1:1.0: USB hub found
hub 1-1:1.0: 6 ports detected
usb 3-14: new full-speed USB device number 2 using xhci_hcd
usb 2-1: New USB device found, idVendor=8087, idProduct=8002, bcdDevice= 0.05
usb 2-1: New USB device strings: Mfr=0, Product=0, SerialNumber=0
hub 2-1:1.0: USB hub found
hub 2-1:1.0: 8 ports detected
hid: raw HID events driver (C) Jiri Kosina
usbcore: registered new interface driver usbhid
usbhid: USB HID core driver
drop_monitor: Initializing network drop monitor service
Initializing XFRM netlink socket
NET: Registered PF_INET6 protocol family
Segment Routing with IPv6
In-situ OAM (IOAM) with IPv6
usb 3-14: New USB device found, idVendor=046b, idProduct=ff10, bcdDevice= 1.00
sit: IPv6, IPv4 and MPLS over IPv4 tunneling driver
usb 3-14: New USB device strings: Mfr=1, Product=2, SerialNumber=3
NET: Registered PF_PACKET protocol family
usb 3-14: Product: Virtual Keyboard and Mouse
usb 3-14: Manufacturer: American Megatrends Inc.
usb 3-14: SerialNumber: serial
input: American Megatrends Inc. Virtual Keyboard and Mouse as /devices/pci0000:00/0000:00:14.0/usb3/3-14/3-14:1.0/0003:046B:FF10.0001/input/input1
hid-generic 0003:046B:FF10.0001: input,hidraw0: USB HID v1.10 Keyboard [American Megatrends Inc. Virtual Keyboard and Mouse] on usb-0000:00:14.0-14/input0
input: American Megatrends Inc. Virtual Keyboard and Mouse as /devices/pci0000:00/0000:00:14.0/usb3/3-14/3-14:1.1/0003:046B:FF10.0002/input/input2
hid-generic 0003:046B:FF10.0002: input,hidraw1: USB HID v1.10 Mouse [American Megatrends Inc. Virtual Keyboard and Mouse] on usb-0000:00:14.0-14/input1
microcode: Current revision: 0x000001b6
IPI shorthand broadcast: enabled
sched_clock: Marking stable (13221009040, 1577013562)->(16021411145, -1223388543)
Loading compiled-in X.509 certificates
Loaded X.509 cert 'Build time autogenerated kernel key: fd289b43950100bb7f4d2192e5711acbb6b46cdb'
Demotion targets for Node 0: null
Demotion targets for Node 1: null
debug_vm_pgtable: [debug_vm_pgtable         ]: Validating architecture page table helpers
PM:   Magic number: 9:538:279
tty ttyy7: hash matches
tty ttyva: hash matches
event_source tracepoint: hash matches
event_source uncore_imc_uclk_1: hash matches
tty tty16: hash matches
clk: Disabling unused clocks
Freeing unused kernel image (initmem) memory: 3768K
Write protecting the kernel read-only data: 28672k
Freeing unused kernel image (rodata/data gap) memory: 1256K
Run /init as init process
  with arguments:
    /init
  with environment:
    HOME=/
    TERM=linux
    BOOT_IMAGE=http://powerlab/pxelinux/node/knl0/custom-kernel/kernel
systemd[1]: Failed to find module 'autofs4'
systemd[1]: systemd 255.13-1.fc40 running in system mode (+PAM +AUDIT +SELINUX -APPARMOR +IMA +SMACK +SECCOMP -GCRYPT +GNUTLS +OPENSSL +ACL +BLKID +CURL +ELFUTILS +FIDO2 +IDN2 -IDN -IPTC +KMOD +LIBCRYPTSETUP +LIBFDISK +PCRE2 +PWQUALITY +P11KIT +QRENCODE +TPM2 +BZIP2 +LZ4 +XZ +ZLIB +ZSTD +BPF_FRAMEWORK +XKBCOMMON +UTMP +SYSVINIT default-hierarchy=unified)
systemd[1]: Detected architecture x86-64.
systemd[1]: Running in initrd.
systemd[1]: No hostname configured, using default hostname.
systemd[1]: Hostname set to <localhost>.
systemd[1]: Initializing machine ID from random generator.
systemd[1]: bpf-lsm: BPF LSM hook not enabled in the kernel, BPF LSM not supported
systemd[1]: Queued start job for default target initrd.target.
systemd[1]: Expecting device dev-disk-by\x2duuid-f9fa333a\x2d9d14\x2d4a15\x2d933f\x2dc88fa4e6b9fe.device - /dev/disk/by-uuid/f9fa333a-9d14-4a15-933f-c88fa4e6b9fe...
systemd[1]: Reached target initrd-usr-fs.target - Initrd /usr File System.
systemd[1]: Reached target slices.target - Slice Units.
systemd[1]: Reached target swap.target - Swaps.
systemd[1]: Reached target timers.target - Timer Units.
systemd[1]: Listening on dbus.socket - D-Bus System Message Bus Socket.
systemd[1]: Listening on systemd-journald-dev-log.socket - Journal Socket (/dev/log).
systemd[1]: Listening on systemd-journald.socket - Journal Socket.
systemd[1]: Listening on systemd-udevd-control.socket - udev Control Socket.
systemd[1]: Listening on systemd-udevd-kernel.socket - udev Kernel Socket.
systemd[1]: Reached target sockets.target - Socket Units.
systemd[1]: Starting kmod-static-nodes.service - Create List of Static Device Nodes...
systemd[1]: multipathd-configure.service - Device-Mapper Multipath Default Configuration was skipped because of an unmet condition check (ConditionKernelCommandLine=rd.multipath=default).
systemd[1]: Starting multipathd.service - Device-Mapper Multipath Device Controller...
systemd[1]: systemd-journald.service: unit configures an IP firewall, but the local system does not support BPF/cgroup firewalling.
systemd[1]: systemd-journald.service: (This warning is only shown for the first unit using IP firewalling.)
systemd[1]: Starting systemd-journald.service - Journal Service...
systemd[1]: Starting systemd-modules-load.service - Load Kernel Modules...
systemd[1]: systemd-pcrphase-initrd.service - TPM2 PCR Barrier (initrd) was skipped because of an unmet condition check (ConditionSecurity=measured-uki).
systemd[1]: Starting systemd-vconsole-setup.service - Virtual Console Setup...
systemd-journald[2114]: Collecting audit messages is disabled.
systemd[1]: Finished kmod-static-nodes.service - Create List of Static Device Nodes.
systemd[1]: Finished systemd-modules-load.service - Load Kernel Modules.
systemd[1]: Starting systemd-sysctl.service - Apply Kernel Variables...
systemd[1]: Starting systemd-tmpfiles-setup-dev-early.service - Create Static Device Nodes in /dev gracefully...
systemd[1]: Started multipathd.service - Device-Mapper Multipath Device Controller.
systemd[1]: Finished systemd-sysctl.service - Apply Kernel Variables.
systemd[1]: Finished systemd-tmpfiles-setup-dev-early.service - Create Static Device Nodes in /dev gracefully.
systemd[1]: Starting systemd-sysusers.service - Create System Users...
systemd[1]: Finished systemd-sysusers.service - Create System Users.
systemd[1]: Starting systemd-tmpfiles-setup-dev.service - Create Static Device Nodes in /dev...
systemd[1]: Finished systemd-tmpfiles-setup-dev.service - Create Static Device Nodes in /dev.
systemd[1]: Reached target local-fs-pre.target - Preparation for Local File Systems.
systemd[1]: Reached target local-fs.target - Local File Systems.
systemd[1]: Finished systemd-vconsole-setup.service - Virtual Console Setup.
systemd[1]: Starting dracut-cmdline-ask.service - dracut ask for additional cmdline parameters...
systemd[1]: Started systemd-journald.service - Journal Service.
RPC: Registered named UNIX socket transport module.
RPC: Registered udp transport module.
RPC: Registered tcp transport module.
RPC: Registered tcp-with-tls transport module.
RPC: Registered tcp NFSv4.1 backchannel transport module.
raid6: avx2x4   gen()  7003 MB/s
raid6: avx2x2   gen()  6550 MB/s
raid6: avx2x1   gen()  5061 MB/s
raid6: using algorithm avx2x4 gen() 7003 MB/s
raid6: .... xor() 3836 MB/s, rmw enabled
raid6: using avx2x2 recovery algorithm
xor: automatically using best checksumming function   avx       
Btrfs loaded, zoned=no, fsverity=no
igb: Intel(R) Gigabit Ethernet Network Driver
igb: Copyright (c) 2007-2014 Intel Corporation.
pps pps0: new PPS source ptp0
igb 0000:04:00.0: added PHC on eth0
igb 0000:04:00.0: Intel(R) Gigabit Ethernet Network Connection
igb 0000:04:00.0: eth0: (PCIe:2.5Gb/s:Width x1) a4:bf:01:0f:22:52
igb 0000:04:00.0: eth0: PBA No: 101200-000
igb 0000:04:00.0: Using MSI-X interrupts. 4 rx queue(s), 4 tx queue(s)
pps pps1: new PPS source ptp1
igb 0000:05:00.0: added PHC on eth1
igb 0000:05:00.0: Intel(R) Gigabit Ethernet Network Connection
igb 0000:05:00.0: eth1: (PCIe:2.5Gb/s:Width x1) a4:bf:01:0f:22:53
igb 0000:05:00.0: eth1: PBA No: 101200-000
igb 0000:05:00.0: Using MSI-X interrupts. 4 rx queue(s), 4 tx queue(s)
igb 0000:04:00.0 enp4s0: renamed from eth0
igb 0000:05:00.0 enp5s0: renamed from eth1
EXT4-fs (sda3): orphan cleanup on readonly fs
EXT4-fs (sda3): mounted filesystem f9fa333a-9d14-4a15-933f-c88fa4e6b9fe ro with ordered data mode. Quota mode: none.
systemd-journald[2114]: Received SIGTERM from PID 1 (systemd).
SELinux: https://github.com/SELinuxProject/selinux-kernel/wiki/DEPRECATE-runtime-disable
SELinux: Runtime disable is not supported, use selinux=0 on the kernel cmdline.
systemd[1]: Failed to find module 'autofs4'
systemd[1]: systemd 256.11-1.fc41 running in system mode (+PAM +AUDIT +SELINUX -APPARMOR +IMA +SMACK +SECCOMP -GCRYPT +GNUTLS +OPENSSL +ACL +BLKID +CURL +ELFUTILS +FIDO2 +IDN2 -IDN -IPTC +KMOD +LIBCRYPTSETUP +LIBCRYPTSETUP_PLUGINS +LIBFDISK +PCRE2 +PWQUALITY +P11KIT +QRENCODE +TPM2 +BZIP2 +LZ4 +XZ +ZLIB +ZSTD +BPF_FRAMEWORK +XKBCOMMON +UTMP +SYSVINIT +LIBARCHIVE)
systemd[1]: Detected architecture x86-64.
systemd[1]: bpf-restrict-fs: BPF LSM hook not enabled in the kernel, BPF LSM not supported.
zram: Added device: zram0
systemd[1]: Unknown serialization item 'reload-ratelimit=0 0 0 0', ignoring.
systemd[1]: initrd-switch-root.service: Deactivated successfully.
systemd[1]: Stopped initrd-switch-root.service - Switch Root.
systemd[1]: systemd-journald.service: Scheduled restart job, restart counter is at 1.
systemd[1]: Created slice system-getty.slice - Slice /system/getty.
systemd[1]: Created slice system-serial\x2dgetty.slice - Slice /system/serial-getty.
systemd[1]: Created slice system-sshd\x2dkeygen.slice - Slice /system/sshd-keygen.
systemd[1]: Created slice system-systemd\x2dfsck.slice - Slice /system/systemd-fsck.
systemd[1]: Created slice system-systemd\x2dzram\x2dsetup.slice - Slice /system/systemd-zram-setup.
systemd[1]: Created slice user.slice - User and Session Slice.
systemd[1]: systemd-ask-password-console.path - Dispatch Password Requests to Console Directory Watch was skipped because of an unmet condition check (ConditionPathExists=!/run/plymouth/pid).
systemd[1]: Started systemd-ask-password-wall.path - Forward Password Requests to Wall Directory Watch.
systemd[1]: Starting of proc-sys-fs-binfmt_misc.automount - Arbitrary Executable File Formats File System Automount Point unsupported.
systemd[1]: Expecting device dev-disk-by\x2duuid-1EF1\x2d2EB4.device - /dev/disk/by-uuid/1EF1-2EB4...
systemd[1]: Expecting device dev-disk-by\x2duuid-2f2dde82\x2dcfc9\x2d4a22\x2db9e6\x2dbb646115b817.device - /dev/disk/by-uuid/2f2dde82-cfc9-4a22-b9e6-bb646115b817...
systemd[1]: Expecting device dev-ttyS0.device - /dev/ttyS0...
systemd[1]: Expecting device dev-zram0.device - /dev/zram0...
systemd[1]: Reached target cryptsetup.target - Local Encrypted Volumes.
systemd[1]: Stopped target initrd-switch-root.target - Switch Root.
systemd[1]: Stopped target initrd-fs.target - Initrd File Systems.
systemd[1]: Stopped target initrd-root-fs.target - Initrd Root File System.
systemd[1]: Reached target integritysetup.target - Local Integrity Protected Volumes.
systemd[1]: Reached target paths.target - Path Units.
systemd[1]: Reached target rpc_pipefs.target.
systemd[1]: Reached target slices.target - Slice Units.
systemd[1]: Reached target veritysetup.target - Local Verity Protected Volumes.
systemd[1]: Listening on systemd-coredump.socket - Process Core Dump Socket.
systemd[1]: Listening on systemd-creds.socket - Credential Encryption/Decryption.
systemd[1]: Listening on systemd-initctl.socket - initctl Compatibility Named Pipe.
systemd[1]: Listening on systemd-journald-audit.socket - Journal Audit Socket.
systemd[1]: Listening on systemd-mountfsd.socket - DDI File System Mounter Socket.
systemd[1]: Listening on systemd-nsresourced.socket - Namespace Resource Manager Socket.
systemd[1]: systemd-oomd.socket - Userspace Out-Of-Memory (OOM) Killer Socket was skipped because of an unmet condition check (ConditionPathExists=/proc/pressure/memory).
systemd[1]: systemd-pcrextend.socket - TPM PCR Measurements was skipped because of an unmet condition check (ConditionSecurity=measured-uki).
systemd[1]: systemd-pcrlock.socket - Make TPM PCR Policy was skipped because of an unmet condition check (ConditionSecurity=measured-uki).
systemd[1]: Listening on systemd-udevd-control.socket - udev Control Socket.
systemd[1]: Listening on systemd-udevd-kernel.socket - udev Kernel Socket.
systemd[1]: Listening on systemd-userdbd.socket - User Database Manager Socket.
systemd[1]: Mounting dev-hugepages.mount - Huge Pages File System...
systemd[1]: Mounting dev-mqueue.mount - POSIX Message Queue File System...
systemd[1]: Mounting sys-kernel-debug.mount - Kernel Debug File System...
systemd[1]: Mounting sys-kernel-tracing.mount - Kernel Trace File System...
systemd[1]: auth-rpcgss-module.service - Kernel Module supporting RPCSEC_GSS was skipped because of an unmet condition check (ConditionPathExists=/etc/krb5.keytab).
systemd[1]: Starting kmod-static-nodes.service - Create List of Static Device Nodes...
systemd[1]: Starting modprobe@configfs.service - Load Kernel Module configfs...
systemd[1]: Starting modprobe@dm_mod.service - Load Kernel Module dm_mod...
systemd[1]: Starting modprobe@drm.service - Load Kernel Module drm...
systemd[1]: Starting modprobe@efi_pstore.service - Load Kernel Module efi_pstore...
systemd[1]: Starting modprobe@fuse.service - Load Kernel Module fuse...
systemd[1]: Starting modprobe@loop.service - Load Kernel Module loop...
systemd[1]: plymouth-switch-root.service: Deactivated successfully.
systemd[1]: Stopped plymouth-switch-root.service - Plymouth switch root service.
systemd[1]: systemd-hibernate-clear.service - Clear Stale Hibernate Storage Info was skipped because of an unmet condition check (ConditionPathExists=/sys/firmware/efi/efivars/HibernateLocation-8cf2644b-4b0b-428f-9387-6d876050dc67).
systemd[1]: systemd-journald.service: unit configures an IP firewall, but the local system does not support BPF/cgroup firewalling.
systemd[1]: systemd-journald.service: (This warning is only shown for the first unit using IP firewalling.)
loop: module loaded
systemd[1]: Starting systemd-journald.service - Journal Service...
systemd[1]: Starting systemd-modules-load.service - Load Kernel Modules...
systemd[1]: Starting systemd-network-generator.service - Generate network units from Kernel command line...
systemd[1]: systemd-pcrmachine.service - TPM PCR Machine ID Measurement was skipped because of an unmet condition check (ConditionSecurity=measured-uki).
fuse: init (API version 7.41)
systemd[1]: Starting systemd-remount-fs.service - Remount Root and Kernel File Systems...
systemd[1]: systemd-tpm2-setup-early.service - Early TPM SRK Setup was skipped because of an unmet condition check (ConditionSecurity=measured-uki).
systemd[1]: Starting systemd-udev-load-credentials.service - Load udev Rules from Credentials...
ACPI: bus type drm_connector registered
systemd[1]: Starting systemd-udev-trigger.service - Coldplug All udev Devices...
systemd[1]: Mounted dev-hugepages.mount - Huge Pages File System.
systemd[1]: Mounted dev-mqueue.mount - POSIX Message Queue File System.
systemd[1]: Mounted sys-kernel-debug.mount - Kernel Debug File System.
systemd[1]: Mounted sys-kernel-tracing.mount - Kernel Trace File System.
systemd[1]: Finished kmod-static-nodes.service - Create List of Static Device Nodes.
EXT4-fs (sda3): re-mounted f9fa333a-9d14-4a15-933f-c88fa4e6b9fe r/w. Quota mode: none.
systemd[1]: modprobe@configfs.service: Deactivated successfully.
systemd[1]: Finished modprobe@configfs.service - Load Kernel Module configfs.
systemd[1]: modprobe@dm_mod.service: Deactivated successfully.
systemd[1]: Finished modprobe@dm_mod.service - Load Kernel Module dm_mod.
systemd[1]: modprobe@drm.service: Deactivated successfully.
systemd[1]: Finished modprobe@drm.service - Load Kernel Module drm.
systemd[1]: modprobe@efi_pstore.service: Deactivated successfully.
systemd[1]: Finished modprobe@efi_pstore.service - Load Kernel Module efi_pstore.
systemd[1]: modprobe@fuse.service: Deactivated successfully.
systemd[1]: Finished modprobe@fuse.service - Load Kernel Module fuse.
systemd-journald[2762]: Collecting audit messages is enabled.
systemd[1]: modprobe@loop.service: Deactivated successfully.
systemd[1]: Finished modprobe@loop.service - Load Kernel Module loop.
audit: type=1130 audit(1737461770.519:2): pid=1 uid=0 auid=4294967295 ses=4294967295 subj=kernel msg='unit=modprobe@loop comm="systemd" exe="/usr/lib/systemd/systemd" hostname=? addr=? terminal=? res=success'
systemd[1]: Finished systemd-modules-load.service - Load Kernel Modules.
audit: type=1131 audit(1737461770.520:3): pid=1 uid=0 auid=4294967295 ses=4294967295 subj=kernel msg='unit=modprobe@loop comm="systemd" exe="/usr/lib/systemd/systemd" hostname=? addr=? terminal=? res=success'
audit: type=1130 audit(1737461770.576:4): pid=1 uid=0 auid=4294967295 ses=4294967295 subj=kernel msg='unit=systemd-modules-load comm="systemd" exe="/usr/lib/systemd/systemd" hostname=? addr=? terminal=? res=success'
systemd[1]: Started systemd-journald.service - Journal Service.
audit: type=1130 audit(1737461770.610:5): pid=1 uid=0 auid=4294967295 ses=4294967295 subj=kernel msg='unit=systemd-journald comm="systemd" exe="/usr/lib/systemd/systemd" hostname=? addr=? terminal=? res=success'
audit: type=1130 audit(1737461770.633:6): pid=1 uid=0 auid=4294967295 ses=4294967295 subj=kernel msg='unit=systemd-network-generator comm="systemd" exe="/usr/lib/systemd/systemd" hostname=? addr=? terminal=? res=success'
audit: type=1130 audit(1737461770.658:7): pid=1 uid=0 auid=4294967295 ses=4294967295 subj=kernel msg='unit=systemd-remount-fs comm="systemd" exe="/usr/lib/systemd/systemd" hostname=? addr=? terminal=? res=success'
audit: type=1130 audit(1737461770.682:8): pid=1 uid=0 auid=4294967295 ses=4294967295 subj=kernel msg='unit=systemd-udev-load-credentials comm="systemd" exe="/usr/lib/systemd/systemd" hostname=? addr=? terminal=? res=success'
systemd-journald[2762]: Received client request to flush runtime journal.
audit: type=1130 audit(1737461771.212:9): pid=1 uid=0 auid=4294967295 ses=4294967295 subj=kernel msg='unit=systemd-sysctl comm="systemd" exe="/usr/lib/systemd/systemd" hostname=? addr=? terminal=? res=success'
audit: type=1130 audit(1737461771.317:10): pid=1 uid=0 auid=4294967295 ses=4294967295 subj=kernel msg='unit=systemd-random-seed comm="systemd" exe="/usr/lib/systemd/systemd" hostname=? addr=? terminal=? res=success'
audit: type=1130 audit(1737461771.837:11): pid=1 uid=0 auid=4294967295 ses=4294967295 subj=kernel msg='unit=systemd-userdbd comm="systemd" exe="/usr/lib/systemd/systemd" hostname=? addr=? terminal=? res=success'
igb 0000:04:00.0 knl0net: renamed from enp4s0
IPMI message handler: version 39.2
ipmi device interface
i801_smbus 0000:00:1f.3: SMBus using PCI interrupt
i2c i2c-0: Different memory types mixed, not instantiating SPD
ipmi_si: IPMI System Interface driver
input: PC Speaker as /devices/platform/pcspkr/input/input3
ipmi_si dmi-ipmi-si.0: ipmi_platform: probing via SMBIOS
ipmi_platform: ipmi_si: SMBIOS: io 0xca2 regsize 1 spacing 1 irq 0
ipmi_si: Adding SMBIOS-specified kcs state machine
ipmi_si IPI0001:00: ipmi_platform: probing via ACPI
ipmi_si IPI0001:00: ipmi_platform: [io  0x0ca2-0x0ca3] regsize 1 spacing 1 irq 0
ipmi_si dmi-ipmi-si.0: Removing SMBIOS-specified kcs state machine in favor of ACPI
ipmi_si: Adding ACPI-specified kcs state machine
ipmi_si: Trying ACPI-specified kcs state machine at i/o address 0xca2, slave address 0x20, irq 0
ipmi_si IPI0001:00: IPMI message handler: Found new BMC (man_id: 0x000157, prod_id: 0x0075, dev_id: 0x21)
ipmi_si IPI0001:00: IPMI kcs interface initialized
ipmi_ssif: IPMI SSIF Interface driver
EDAC sbridge: Seeking for: PCI ID 8086:7840
EDAC sbridge: Seeking for: PCI ID 8086:7840
EDAC sbridge: Seeking for: PCI ID 8086:7843
EDAC sbridge: Seeking for: PCI ID 8086:7843
EDAC sbridge: Seeking for: PCI ID 8086:7843
EDAC sbridge: Seeking for: PCI ID 8086:7843
EDAC sbridge: Seeking for: PCI ID 8086:7843
EDAC sbridge: Seeking for: PCI ID 8086:7843
EDAC sbridge: Seeking for: PCI ID 8086:7844
EDAC sbridge: Seeking for: PCI ID 8086:7810
EDAC sbridge: Seeking for: PCI ID 8086:782a
EDAC sbridge: Seeking for: PCI ID 8086:782b
EDAC sbridge: Seeking for: PCI ID 8086:782c
EDAC sbridge: Seeking for: PCI ID 8086:782c
EDAC sbridge: Seeking for: PCI ID 8086:782c
EDAC sbridge: Seeking for: PCI ID 8086:782c
EDAC sbridge: Seeking for: PCI ID 8086:782c
EDAC sbridge: Seeking for: PCI ID 8086:782c
EDAC sbridge: Seeking for: PCI ID 8086:782c
EDAC sbridge: Seeking for: PCI ID 8086:782c
EDAC sbridge: Seeking for: PCI ID 8086:782c
EDAC sbridge: Seeking for: PCI ID 8086:782c
EDAC sbridge: Seeking for: PCI ID 8086:782c
EDAC sbridge: Seeking for: PCI ID 8086:782c
EDAC sbridge: Seeking for: PCI ID 8086:782c
EDAC sbridge: Seeking for: PCI ID 8086:782c
EDAC sbridge: Seeking for: PCI ID 8086:782c
EDAC sbridge: Seeking for: PCI ID 8086:782c
EDAC sbridge: Seeking for: PCI ID 8086:782c
EDAC sbridge: Seeking for: PCI ID 8086:782c
EDAC sbridge: Seeking for: PCI ID 8086:782c
EDAC sbridge: Seeking for: PCI ID 8086:782c
EDAC sbridge: Seeking for: PCI ID 8086:782c
EDAC sbridge: Seeking for: PCI ID 8086:782c
EDAC sbridge: Seeking for: PCI ID 8086:782c
EDAC sbridge: Seeking for: PCI ID 8086:782c
EDAC sbridge: Seeking for: PCI ID 8086:782c
EDAC sbridge: Seeking for: PCI ID 8086:782c
EDAC sbridge: Seeking for: PCI ID 8086:782c
EDAC sbridge: Seeking for: PCI ID 8086:782c
EDAC sbridge: Seeking for: PCI ID 8086:782c
EDAC sbridge: Seeking for: PCI ID 8086:782c
EDAC sbridge: Seeking for: PCI ID 8086:782c
EDAC sbridge: Seeking for: PCI ID 8086:782c
EDAC sbridge: Seeking for: PCI ID 8086:782c
EDAC sbridge: Seeking for: PCI ID 8086:782c
EDAC sbridge: Seeking for: PCI ID 8086:782c
EDAC sbridge: Seeking for: PCI ID 8086:782c
EDAC sbridge: Seeking for: PCI ID 8086:782c
EDAC sbridge: Seeking for: PCI ID 8086:782c
EDAC MC0: Giving out device to module sb_edac controller Knights Landing SrcID#0_Ha#0: DEV 0000:ff:08.0 (INTERRUPT)
EDAC sbridge:  Ver: 1.1.2 
intel_rapl_common: Found RAPL domain package
intel_rapl_common: Found RAPL domain dram
intel_rapl_common: package-0:dram:long_term locked by BIOS
iTCO_vendor_support: vendor-support=0
iTCO_wdt iTCO_wdt.1.auto: unable to reset NO_REBOOT flag, device disabled by hardware/BIOS
kauditd_printk_skb: 6 callbacks suppressed
audit: type=1131 audit(1737461777.811:18): pid=1 uid=0 auid=4294967295 ses=4294967295 subj=kernel msg='unit=systemd-vconsole-setup comm="systemd" exe="/usr/lib/systemd/systemd" hostname=? addr=? terminal=? res=success'
audit: type=1130 audit(1737461777.894:19): pid=1 uid=0 auid=4294967295 ses=4294967295 subj=kernel msg='unit=modprobe@configfs comm="systemd" exe="/usr/lib/systemd/systemd" hostname=? addr=? terminal=? res=success'
audit: type=1131 audit(1737461777.894:20): pid=1 uid=0 auid=4294967295 ses=4294967295 subj=kernel msg='unit=modprobe@configfs comm="systemd" exe="/usr/lib/systemd/systemd" hostname=? addr=? terminal=? res=success'
zram0: detected capacity change from 0 to 16777216
audit: type=1130 audit(1737461778.551:21): pid=1 uid=0 auid=4294967295 ses=4294967295 subj=kernel msg='unit=systemd-zram-setup@zram0 comm="systemd" exe="/usr/lib/systemd/systemd" hostname=? addr=? terminal=? res=success'
Adding 32767996k swap on /dev/sda2.  Priority:-2 extents:1 across:32767996k 
audit: type=1130 audit(1737461778.867:22): pid=1 uid=0 auid=4294967295 ses=4294967295 subj=kernel msg='unit=systemd-fsck@dev-disk-by\x2duuid-1EF1\x2d2EB4 comm="systemd" exe="/usr/lib/systemd/systemd" hostname=? addr=? terminal=? res=success'
Adding 8388604k swap on /dev/zram0.  Priority:100 extents:1 across:8388604k SSDsc
audit: type=1130 audit(1737461779.204:23): pid=1 uid=0 auid=4294967295 ses=4294967295 subj=kernel msg='unit=systemd-vconsole-setup comm="systemd" exe="/usr/lib/systemd/systemd" hostname=? addr=? terminal=? res=success'
audit: type=1130 audit(1737461779.265:24): pid=1 uid=0 auid=4294967295 ses=4294967295 subj=kernel msg='unit=plymouth-read-write comm="systemd" exe="/usr/lib/systemd/systemd" hostname=? addr=? terminal=? res=success'
audit: type=1130 audit(1737461779.823:25): pid=1 uid=0 auid=4294967295 ses=4294967295 subj=kernel msg='unit=systemd-tmpfiles-setup comm="systemd" exe="/usr/lib/systemd/systemd" hostname=? addr=? terminal=? res=success'
audit: type=1305 audit(1737461780.048:26): op=set audit_enabled=1 old=1 auid=4294967295 ses=4294967295 subj=kernel res=1
igb 0000:04:00.0 knl0net: igb: knl0net NIC Link is Up 1000 Mbps Full Duplex, Flow Control: RX
