Linux version 6.13.0-rc6-custom-00051-geea6e4b4dfb8 (jenkins@bld1) (gcc (GCC) 14.2.1 20240912 (Red Hat 14.2.1-3), GNU ld version 2.41-37.fc40) #1 SMP PREEMPT_DYNAMIC Mon Jan 13 02:08:45 EST 2025
Command line: BOOT_IMAGE=http://powerlab/pxelinux/node/genoa0/custom-kernel/kernel initrd=http://powerlab/pxelinux/node/genoa0/custom-kernel/initramfs.img root=UUID=edb04706-08b1-4155-b2b7-ec5f0804c334 ro console=ttyS0,115200 msr.allow_writes=on
BIOS-provided physical RAM map:
BIOS-e820: [mem 0x0000000000000000-0x000000000008efff] usable
BIOS-e820: [mem 0x000000000008f000-0x000000000008ffff] ACPI NVS
BIOS-e820: [mem 0x0000000000090000-0x000000000009ffff] usable
BIOS-e820: [mem 0x0000000000100000-0x0000000059cccfff] usable
BIOS-e820: [mem 0x0000000059ccd000-0x0000000059ccffff] reserved
BIOS-e820: [mem 0x0000000059cd0000-0x00000000677cefff] usable
BIOS-e820: [mem 0x00000000677cf000-0x000000006dfcefff] reserved
BIOS-e820: [mem 0x000000006dfcf000-0x000000006edfefff] ACPI NVS
BIOS-e820: [mem 0x000000006edff000-0x000000006effefff] ACPI data
BIOS-e820: [mem 0x000000006efff000-0x000000006effffff] usable
BIOS-e820: [mem 0x000000006f000000-0x000000006fffffff] ACPI NVS
BIOS-e820: [mem 0x0000000070000000-0x000000008fffffff] reserved
BIOS-e820: [mem 0x000000009c000000-0x000000009cffffff] reserved
BIOS-e820: [mem 0x00000000a9000000-0x00000000a9ffffff] reserved
BIOS-e820: [mem 0x00000000b6000000-0x00000000b6ffffff] reserved
BIOS-e820: [mem 0x00000000c3000000-0x00000000c3ffffff] reserved
BIOS-e820: [mem 0x00000000d0000000-0x00000000d0ffffff] reserved
BIOS-e820: [mem 0x00000000dd000000-0x00000000ddffffff] reserved
BIOS-e820: [mem 0x00000000ea000000-0x00000000eaffffff] reserved
BIOS-e820: [mem 0x00000000fd000000-0x00000000ffffffff] reserved
BIOS-e820: [mem 0x0000000100000000-0x000000307ebfffff] usable
BIOS-e820: [mem 0x000000307ec00000-0x000000307fffffff] reserved
BIOS-e820: [mem 0x0000003080000000-0x000000607e8bffff] usable
BIOS-e820: [mem 0x000000607e8c0000-0x000000607fffffff] reserved
BIOS-e820: [mem 0x0000010000000000-0x00000100201fffff] reserved
BIOS-e820: [mem 0x000001dfa0000000-0x000001dfc01fffff] reserved
BIOS-e820: [mem 0x000002bf40000000-0x000002bf601fffff] reserved
BIOS-e820: [mem 0x0000039ee0000000-0x0000039f001fffff] reserved
BIOS-e820: [mem 0x0000047e80000000-0x0000047ea01fffff] reserved
BIOS-e820: [mem 0x0000055e20000000-0x0000055e401fffff] reserved
BIOS-e820: [mem 0x0000063dc0000000-0x0000063de01fffff] reserved
BIOS-e820: [mem 0x0000071d60000000-0x0000071d801fffff] reserved
NX (Execute Disable) protection: active
APIC: Static calls initialized
e820: update [mem 0x523d3020-0x52406a5f] usable ==> usable
e820: update [mem 0x5239f020-0x523d2a5f] usable ==> usable
e820: update [mem 0x5236d020-0x5239ea5f] usable ==> usable
e820: update [mem 0x52364020-0x5236c05f] usable ==> usable
e820: update [mem 0x5232f020-0x52363c5f] usable ==> usable
e820: update [mem 0x522fa020-0x5232ec5f] usable ==> usable
e820: update [mem 0x522af020-0x522f945f] usable ==> usable
extended physical RAM map:
reserve setup_data: [mem 0x0000000000000000-0x000000000008efff] usable
reserve setup_data: [mem 0x000000000008f000-0x000000000008ffff] ACPI NVS
reserve setup_data: [mem 0x0000000000090000-0x000000000009ffff] usable
reserve setup_data: [mem 0x0000000000100000-0x00000000522af01f] usable
reserve setup_data: [mem 0x00000000522af020-0x00000000522f945f] usable
reserve setup_data: [mem 0x00000000522f9460-0x00000000522fa01f] usable
reserve setup_data: [mem 0x00000000522fa020-0x000000005232ec5f] usable
reserve setup_data: [mem 0x000000005232ec60-0x000000005232f01f] usable
reserve setup_data: [mem 0x000000005232f020-0x0000000052363c5f] usable
reserve setup_data: [mem 0x0000000052363c60-0x000000005236401f] usable
reserve setup_data: [mem 0x0000000052364020-0x000000005236c05f] usable
reserve setup_data: [mem 0x000000005236c060-0x000000005236d01f] usable
reserve setup_data: [mem 0x000000005236d020-0x000000005239ea5f] usable
reserve setup_data: [mem 0x000000005239ea60-0x000000005239f01f] usable
reserve setup_data: [mem 0x000000005239f020-0x00000000523d2a5f] usable
reserve setup_data: [mem 0x00000000523d2a60-0x00000000523d301f] usable
reserve setup_data: [mem 0x00000000523d3020-0x0000000052406a5f] usable
reserve setup_data: [mem 0x0000000052406a60-0x0000000059cccfff] usable
reserve setup_data: [mem 0x0000000059ccd000-0x0000000059ccffff] reserved
reserve setup_data: [mem 0x0000000059cd0000-0x00000000677cefff] usable
reserve setup_data: [mem 0x00000000677cf000-0x000000006dfcefff] reserved
reserve setup_data: [mem 0x000000006dfcf000-0x000000006edfefff] ACPI NVS
reserve setup_data: [mem 0x000000006edff000-0x000000006effefff] ACPI data
reserve setup_data: [mem 0x000000006efff000-0x000000006effffff] usable
reserve setup_data: [mem 0x000000006f000000-0x000000006fffffff] ACPI NVS
reserve setup_data: [mem 0x0000000070000000-0x000000008fffffff] reserved
reserve setup_data: [mem 0x000000009c000000-0x000000009cffffff] reserved
reserve setup_data: [mem 0x00000000a9000000-0x00000000a9ffffff] reserved
reserve setup_data: [mem 0x00000000b6000000-0x00000000b6ffffff] reserved
reserve setup_data: [mem 0x00000000c3000000-0x00000000c3ffffff] reserved
reserve setup_data: [mem 0x00000000d0000000-0x00000000d0ffffff] reserved
reserve setup_data: [mem 0x00000000dd000000-0x00000000ddffffff] reserved
reserve setup_data: [mem 0x00000000ea000000-0x00000000eaffffff] reserved
reserve setup_data: [mem 0x00000000fd000000-0x00000000ffffffff] reserved
reserve setup_data: [mem 0x0000000100000000-0x000000307ebfffff] usable
reserve setup_data: [mem 0x000000307ec00000-0x000000307fffffff] reserved
reserve setup_data: [mem 0x0000003080000000-0x000000607e8bffff] usable
reserve setup_data: [mem 0x000000607e8c0000-0x000000607fffffff] reserved
reserve setup_data: [mem 0x0000010000000000-0x00000100201fffff] reserved
reserve setup_data: [mem 0x000001dfa0000000-0x000001dfc01fffff] reserved
reserve setup_data: [mem 0x000002bf40000000-0x000002bf601fffff] reserved
reserve setup_data: [mem 0x0000039ee0000000-0x0000039f001fffff] reserved
reserve setup_data: [mem 0x0000047e80000000-0x0000047ea01fffff] reserved
reserve setup_data: [mem 0x0000055e20000000-0x0000055e401fffff] reserved
reserve setup_data: [mem 0x0000063dc0000000-0x0000063de01fffff] reserved
reserve setup_data: [mem 0x0000071d60000000-0x0000071d801fffff] reserved
efi: EFI v2.7 by Dell Inc.
efi: ACPI=0x6effe000 ACPI 2.0=0x6effe014 TPMFinalLog=0x6ed95000 MEMATTR=0x6152caa0 SMBIOS=0x69792000 SMBIOS 3.0=0x69790000 RNG=0x6eef5020 TPMEventLog=0x6eeed020 
random: crng init done
efi: Remove mem48: MMIO range=[0x80000000-0x8fffffff] (256MB) from e820 map
e820: remove [mem 0x80000000-0x8fffffff] reserved
efi: Remove mem49: MMIO range=[0x9c000000-0x9cffffff] (16MB) from e820 map
e820: remove [mem 0x9c000000-0x9cffffff] reserved
efi: Remove mem50: MMIO range=[0xa9000000-0xa9ffffff] (16MB) from e820 map
e820: remove [mem 0xa9000000-0xa9ffffff] reserved
efi: Remove mem51: MMIO range=[0xb6000000-0xb6ffffff] (16MB) from e820 map
e820: remove [mem 0xb6000000-0xb6ffffff] reserved
efi: Remove mem52: MMIO range=[0xc3000000-0xc3ffffff] (16MB) from e820 map
e820: remove [mem 0xc3000000-0xc3ffffff] reserved
efi: Remove mem53: MMIO range=[0xd0000000-0xd0ffffff] (16MB) from e820 map
e820: remove [mem 0xd0000000-0xd0ffffff] reserved
efi: Remove mem54: MMIO range=[0xdd000000-0xddffffff] (16MB) from e820 map
e820: remove [mem 0xdd000000-0xddffffff] reserved
efi: Remove mem55: MMIO range=[0xea000000-0xeaffffff] (16MB) from e820 map
e820: remove [mem 0xea000000-0xeaffffff] reserved
efi: Remove mem56: MMIO range=[0xfd000000-0xffffffff] (48MB) from e820 map
e820: remove [mem 0xfd000000-0xffffffff] reserved
efi: Remove mem59: MMIO range=[0x10000000000-0x100201fffff] (514MB) from e820 map
e820: remove [mem 0x10000000000-0x100201fffff] reserved
efi: Remove mem60: MMIO range=[0x1dfa0000000-0x1dfc01fffff] (514MB) from e820 map
e820: remove [mem 0x1dfa0000000-0x1dfc01fffff] reserved
efi: Remove mem61: MMIO range=[0x2bf40000000-0x2bf601fffff] (514MB) from e820 map
e820: remove [mem 0x2bf40000000-0x2bf601fffff] reserved
efi: Remove mem62: MMIO range=[0x39ee0000000-0x39f001fffff] (514MB) from e820 map
e820: remove [mem 0x39ee0000000-0x39f001fffff] reserved
efi: Remove mem63: MMIO range=[0x47e80000000-0x47ea01fffff] (514MB) from e820 map
e820: remove [mem 0x47e80000000-0x47ea01fffff] reserved
efi: Remove mem64: MMIO range=[0x55e20000000-0x55e401fffff] (514MB) from e820 map
e820: remove [mem 0x55e20000000-0x55e401fffff] reserved
efi: Remove mem65: MMIO range=[0x63dc0000000-0x63de01fffff] (514MB) from e820 map
e820: remove [mem 0x63dc0000000-0x63de01fffff] reserved
efi: Remove mem66: MMIO range=[0x71d60000000-0x71d801fffff] (514MB) from e820 map
e820: remove [mem 0x71d60000000-0x71d801fffff] reserved
SMBIOS 3.3.0 present.
DMI: Dell Inc. PowerEdge R6625/05KY9C, BIOS 1.7.2 12/19/2023
DMI: Memory slots populated: 24/24
tsc: Fast TSC calibration using PIT
tsc: Detected 3249.980 MHz processor
e820: update [mem 0x00000000-0x00000fff] usable ==> reserved
e820: remove [mem 0x000a0000-0x000fffff] usable
last_pfn = 0x607e8c0 max_arch_pfn = 0x10000000000
MTRR map: 5 entries (2 fixed + 3 variable; max 19), built from 9 variable MTRRs
x86/PAT: Configuration [0-7]: WB  WC  UC- UC  WB  WP  UC- WT  
x2apic: enabled by BIOS, switching to x2apic ops
last_pfn = 0x6f000 max_arch_pfn = 0x10000000000
Using GB pages for direct mapping
Secure boot could not be determined
RAMDISK: [mem 0x5ba92000-0x60224fff]
ACPI: Early table checksum verification disabled
ACPI: RSDP 0x000000006EFFE014 000024 (v02 DELL  )
ACPI: XSDT 0x000000006EEF8188 0000DC (v01 DELL   PE_SC3   00000002 DELL 00000001)
ACPI: FACP 0x000000006EFFA000 000114 (v06 DELL   PE_SC3   00000002 DELL 00000001)
ACPI: DSDT 0x000000006EF26000 0C986A (v02 DELL   PE_SC3   00000002 DELL 00000001)
ACPI: FACS 0x000000006EDAF000 000040
ACPI: BERT 0x000000006EFFC000 000030 (v01 DELL   PE_SC3   00000001 DELL 00000001)
ACPI: HEST 0x000000006EFFB000 0008D4 (v01 DELL   PE_SC3   00000001 DELL 00000001)
ACPI: HPET 0x000000006EFF9000 000038 (v01 DELL   PE_SC3   00000002 DELL 00000001)
ACPI: APIC 0x000000006EFF2000 0060BE (v05 DELL   PE_SC3   00000002 DELL 00000001)
ACPI: MCFG 0x000000006EFF1000 00003C (v01 DELL   PE_SC3   00000002 DELL 00000001)
ACPI: WSMT 0x000000006EFF0000 000028 (v01 DELL   PE_SC3   00000002 DELL 00000001)
ACPI: SSDT 0x000000006EF25000 000513 (v02 DELL   xhc_port 00000001 INTL 20210331)
ACPI: SSDT 0x000000006EF23000 00111A (v02 AMD    CPMRAS   00000001 INTL 20210331)
ACPI: SSDT 0x000000006EF22000 000623 (v02 DELL   Tpm2Tabl 00001000 INTL 20210331)
ACPI: TPM2 0x000000006EF21000 00004C (v04 DELL   PE_SC3   00000002 DELL 00000001)
ACPI: EINJ 0x000000006EF20000 000170 (v01 AMD    PE_SC3   00000001 AMD  00000001)
ACPI: ASPT 0x000000006EF1F000 000070 (v02 DELL   AmdTable 00000001 AMD  00000001)
ACPI: SSDT 0x000000006EF00000 01E2A4 (v02 DELL   PE_SC3   00000001 AMD  00000001)
ACPI: SRAT 0x000000006EEFF000 000CD0 (v03 DELL   PE_SC3   00000001 AMD  00000001)
ACPI: MSCT 0x000000006EEFE000 00004E (v01 DELL   PE_SC3   00000000 AMD  00000001)
ACPI: SLIT 0x000000006EEFD000 000030 (v01 DELL   PE_SC3   00000001 AMD  00000001)
ACPI: HMAT 0x000000006EEFC000 0000E8 (v02 DELL   AmdTable 00000001 AMD  00000001)
ACPI: IVRS 0x000000006EEFB000 000370 (v02 DELL   PE_SC3   00000001 AMD  00000001)
ACPI: SPCR 0x000000006EEFA000 000050 (v02 DELL   PE_SC3   00000002 DELL 00000001)
ACPI: SSDT 0x000000006EEF9000 0008E1 (v02 DELL   PE_SC3   00000002 DELL 00000001)
ACPI: NBFT 0x000000006EFFD000 000123 (v01 DELL   PE_SC3   00000000 DELL 00000001)
ACPI: SSDT 0x000000006EEF6000 00193C (v02 AMD    CPMCMN   00000001 INTL 20210331)
ACPI: Reserving FACP table memory at [mem 0x6effa000-0x6effa113]
ACPI: Reserving DSDT table memory at [mem 0x6ef26000-0x6efef869]
ACPI: Reserving FACS table memory at [mem 0x6edaf000-0x6edaf03f]
ACPI: Reserving BERT table memory at [mem 0x6effc000-0x6effc02f]
ACPI: Reserving HEST table memory at [mem 0x6effb000-0x6effb8d3]
ACPI: Reserving HPET table memory at [mem 0x6eff9000-0x6eff9037]
ACPI: Reserving APIC table memory at [mem 0x6eff2000-0x6eff80bd]
ACPI: Reserving MCFG table memory at [mem 0x6eff1000-0x6eff103b]
ACPI: Reserving WSMT table memory at [mem 0x6eff0000-0x6eff0027]
ACPI: Reserving SSDT table memory at [mem 0x6ef25000-0x6ef25512]
ACPI: Reserving SSDT table memory at [mem 0x6ef23000-0x6ef24119]
ACPI: Reserving SSDT table memory at [mem 0x6ef22000-0x6ef22622]
ACPI: Reserving TPM2 table memory at [mem 0x6ef21000-0x6ef2104b]
ACPI: Reserving EINJ table memory at [mem 0x6ef20000-0x6ef2016f]
ACPI: Reserving ASPT table memory at [mem 0x6ef1f000-0x6ef1f06f]
ACPI: Reserving SSDT table memory at [mem 0x6ef00000-0x6ef1e2a3]
ACPI: Reserving SRAT table memory at [mem 0x6eeff000-0x6eeffccf]
ACPI: Reserving MSCT table memory at [mem 0x6eefe000-0x6eefe04d]
ACPI: Reserving SLIT table memory at [mem 0x6eefd000-0x6eefd02f]
ACPI: Reserving HMAT table memory at [mem 0x6eefc000-0x6eefc0e7]
ACPI: Reserving IVRS table memory at [mem 0x6eefb000-0x6eefb36f]
ACPI: Reserving SPCR table memory at [mem 0x6eefa000-0x6eefa04f]
ACPI: Reserving SSDT table memory at [mem 0x6eef9000-0x6eef98e0]
ACPI: Reserving NBFT table memory at [mem 0x6effd000-0x6effd122]
ACPI: Reserving SSDT table memory at [mem 0x6eef6000-0x6eef793b]
APIC: Switched APIC routing to: cluster x2apic
ACPI: SRAT: Node 0 PXM 0 [mem 0x00000000-0x0009ffff]
ACPI: SRAT: Node 0 PXM 0 [mem 0x000c0000-0x7fffffff]
ACPI: SRAT: Node 0 PXM 0 [mem 0x100000000-0x307fffffff]
ACPI: SRAT: Node 1 PXM 1 [mem 0x3080000000-0x607fffffff]
NUMA: Initialized distance table, cnt=2
NUMA: Node 0 [mem 0x00001000-0x0009ffff] + [mem 0x000c0000-0x7fffffff] -> [mem 0x00001000-0x7fffffff]
NUMA: Node 0 [mem 0x00001000-0x7fffffff] + [mem 0x100000000-0x307fffffff] -> [mem 0x00001000-0x307fffffff]
NODE_DATA(0) allocated [mem 0x307ebd5a00-0x307ebfffff]
NODE_DATA(1) allocated [mem 0x607e894a00-0x607e8befff]
Zone ranges:
  DMA      [mem 0x0000000000001000-0x0000000000ffffff]
  DMA32    [mem 0x0000000001000000-0x00000000ffffffff]
  Normal   [mem 0x0000000100000000-0x000000607e8bffff]
  Device   empty
Movable zone start for each node
Early memory node ranges
  node   0: [mem 0x0000000000001000-0x000000000008efff]
  node   0: [mem 0x0000000000090000-0x000000000009ffff]
  node   0: [mem 0x0000000000100000-0x0000000059cccfff]
  node   0: [mem 0x0000000059cd0000-0x00000000677cefff]
  node   0: [mem 0x000000006efff000-0x000000006effffff]
  node   0: [mem 0x0000000100000000-0x000000307ebfffff]
  node   1: [mem 0x0000003080000000-0x000000607e8bffff]
Initmem setup node 0 [mem 0x0000000000001000-0x000000307ebfffff]
Initmem setup node 1 [mem 0x0000003080000000-0x000000607e8bffff]
On node 0, zone DMA: 1 pages in unavailable ranges
On node 0, zone DMA: 1 pages in unavailable ranges
On node 0, zone DMA: 96 pages in unavailable ranges
On node 0, zone DMA32: 3 pages in unavailable ranges
On node 0, zone DMA32: 30768 pages in unavailable ranges
On node 0, zone Normal: 4096 pages in unavailable ranges
On node 1, zone Normal: 5120 pages in unavailable ranges
On node 1, zone Normal: 5952 pages in unavailable ranges
tboot: non-0 tboot_addr but it is not of type E820_TYPE_RESERVED
ACPI: PM-Timer IO Port: 0x408
ACPI: X2APIC_NMI (uid[0xffffffff] high edge lint[0x1])
ACPI: LAPIC_NMI (acpi_id[0xff] high edge lint[0x1])
IOAPIC[0]: apic_id 240, version 33, address 0xfec00000, GSI 0-23
IOAPIC[1]: apic_id 241, version 33, address 0xea180000, GSI 120-151
IOAPIC[2]: apic_id 242, version 33, address 0xdd180000, GSI 88-119
IOAPIC[3]: apic_id 243, version 33, address 0xfd180000, GSI 24-55
IOAPIC[4]: apic_id 244, version 33, address 0xd0180000, GSI 56-87
IOAPIC[5]: apic_id 245, version 33, address 0xc3180000, GSI 248-279
IOAPIC[6]: apic_id 246, version 33, address 0xb6180000, GSI 216-247
IOAPIC[7]: apic_id 247, version 33, address 0xa9280000, GSI 152-183
IOAPIC[8]: apic_id 248, version 33, address 0x9c180000, GSI 184-215
ACPI: INT_SRC_OVR (bus 0 bus_irq 0 global_irq 2 dfl dfl)
ACPI: INT_SRC_OVR (bus 0 bus_irq 9 global_irq 9 low level)
ACPI: Using ACPI (MADT) for SMP configuration information
ACPI: HPET id: 0x10228201 base: 0xfed00000
ACPI: SPCR: console: uart,io,0x3f8,115200
CPU topo: Max. logical packages:   2
CPU topo: Max. logical dies:      16
CPU topo: Max. dies per package:   8
CPU topo: Max. threads per core:   2
CPU topo: Num. cores per package:    32
CPU topo: Num. threads per package:  64
CPU topo: Allowing 128 present CPUs plus 0 hotplug CPUs
PM: hibernation: Registered nosave memory: [mem 0x00000000-0x00000fff]
PM: hibernation: Registered nosave memory: [mem 0x0008f000-0x0008ffff]
PM: hibernation: Registered nosave memory: [mem 0x000a0000-0x000fffff]
PM: hibernation: Registered nosave memory: [mem 0x522af000-0x522affff]
PM: hibernation: Registered nosave memory: [mem 0x522f9000-0x522f9fff]
PM: hibernation: Registered nosave memory: [mem 0x522fa000-0x522fafff]
PM: hibernation: Registered nosave memory: [mem 0x5232e000-0x5232efff]
PM: hibernation: Registered nosave memory: [mem 0x5232f000-0x5232ffff]
PM: hibernation: Registered nosave memory: [mem 0x52363000-0x52363fff]
PM: hibernation: Registered nosave memory: [mem 0x52364000-0x52364fff]
PM: hibernation: Registered nosave memory: [mem 0x5236c000-0x5236cfff]
PM: hibernation: Registered nosave memory: [mem 0x5236d000-0x5236dfff]
PM: hibernation: Registered nosave memory: [mem 0x5239e000-0x5239efff]
PM: hibernation: Registered nosave memory: [mem 0x5239f000-0x5239ffff]
PM: hibernation: Registered nosave memory: [mem 0x523d2000-0x523d2fff]
PM: hibernation: Registered nosave memory: [mem 0x523d3000-0x523d3fff]
PM: hibernation: Registered nosave memory: [mem 0x52406000-0x52406fff]
PM: hibernation: Registered nosave memory: [mem 0x59ccd000-0x59ccffff]
PM: hibernation: Registered nosave memory: [mem 0x677cf000-0x6dfcefff]
PM: hibernation: Registered nosave memory: [mem 0x6dfcf000-0x6edfefff]
PM: hibernation: Registered nosave memory: [mem 0x6edff000-0x6effefff]
PM: hibernation: Registered nosave memory: [mem 0x6f000000-0x6fffffff]
PM: hibernation: Registered nosave memory: [mem 0x70000000-0x7fffffff]
PM: hibernation: Registered nosave memory: [mem 0x80000000-0xffffffff]
PM: hibernation: Registered nosave memory: [mem 0x307ec00000-0x307fffffff]
[mem 0x80000000-0xffffffff] available for PCI devices
Booting paravirtualized kernel on bare hardware
clocksource: refined-jiffies: mask: 0xffffffff max_cycles: 0xffffffff, max_idle_ns: 1910969940391419 ns
setup_percpu: NR_CPUS:8192 nr_cpumask_bits:128 nr_cpu_ids:128 nr_node_ids:2
percpu: Embedded 59 pages/cpu s203928 r8192 d29544 u262144
pcpu-alloc: s203928 r8192 d29544 u262144 alloc=1*2097152
pcpu-alloc: [0] 000 001 002 003 004 005 006 007 
pcpu-alloc: [0] 008 009 010 011 012 013 014 015 
pcpu-alloc: [0] 016 017 018 019 020 021 022 023 
pcpu-alloc: [0] 024 025 026 027 028 029 030 031 
pcpu-alloc: [0] 064 065 066 067 068 069 070 071 
pcpu-alloc: [0] 072 073 074 075 076 077 078 079 
pcpu-alloc: [0] 080 081 082 083 084 085 086 087 
pcpu-alloc: [0] 088 089 090 091 092 093 094 095 
pcpu-alloc: [1] 032 033 034 035 036 037 038 039 
pcpu-alloc: [1] 040 041 042 043 044 045 046 047 
pcpu-alloc: [1] 048 049 050 051 052 053 054 055 
pcpu-alloc: [1] 056 057 058 059 060 061 062 063 
pcpu-alloc: [1] 096 097 098 099 100 101 102 103 
pcpu-alloc: [1] 104 105 106 107 108 109 110 111 
pcpu-alloc: [1] 112 113 114 115 116 117 118 119 
pcpu-alloc: [1] 120 121 122 123 124 125 126 127 
Kernel command line: BOOT_IMAGE=http://powerlab/pxelinux/node/genoa0/custom-kernel/kernel initrd=http://powerlab/pxelinux/node/genoa0/custom-kernel/initramfs.img root=UUID=edb04706-08b1-4155-b2b7-ec5f0804c334 ro console=ttyS0,115200 msr.allow_writes=on
Unknown kernel command line parameters "BOOT_IMAGE=http://powerlab/pxelinux/node/genoa0/custom-kernel/kernel", will be passed to user space.
printk: log_buf_len individual max cpu contribution: 4096 bytes
printk: log_buf_len total cpu_extra contributions: 520192 bytes
printk: log_buf_len min size: 262144 bytes
printk: log buffer data + meta data: 1048576 + 3670016 = 4718592 bytes
printk: early log buf free: 239160(91%)
Fallback order for Node 0: 0 1 
Fallback order for Node 1: 1 0 
Built 2 zonelists, mobility grouping on.  Total pages: 100551723
Policy zone: Normal
mem auto-init: stack:all(zero), heap alloc:off, heap free:off
software IO TLB: area num 128.
SLUB: HWalign=64, Order=0-3, MinObjects=0, CPUs=128, Nodes=2
ftrace: allocating 44652 entries in 175 pages
ftrace: allocated 175 pages with 6 groups
Dynamic Preempt: voluntary
rcu: Preemptible hierarchical RCU implementation.
rcu: 	RCU event tracing is enabled.
rcu: 	RCU restricting CPUs from NR_CPUS=8192 to nr_cpu_ids=128.
	Trampoline variant of Tasks RCU enabled.
	Rude variant of Tasks RCU enabled.
	Tracing variant of Tasks RCU enabled.
rcu: RCU calculated value of scheduler-enlistment delay is 100 jiffies.
rcu: Adjusting geometry for rcu_fanout_leaf=16, nr_cpu_ids=128
RCU Tasks: Setting shift to 7 and lim to 1 rcu_task_cb_adjust=1 rcu_task_cpu_ids=128.
RCU Tasks Rude: Setting shift to 7 and lim to 1 rcu_task_cb_adjust=1 rcu_task_cpu_ids=128.
RCU Tasks Trace: Setting shift to 7 and lim to 1 rcu_task_cb_adjust=1 rcu_task_cpu_ids=128.
NR_IRQS: 524544, nr_irqs: 5800, preallocated irqs: 16
rcu: srcu_init: Setting srcu_struct sizes to big.
Console: colour dummy device 80x25
printk: legacy console [ttyS0] enabled
mempolicy: Enabling automatic NUMA balancing. Configure with numa_balancing= or the kernel.numa_balancing sysctl
ACPI: Core revision 20240827
clocksource: hpet: mask: 0xffffffff max_cycles: 0xffffffff, max_idle_ns: 133484873504 ns
APIC: Switch to symmetric I/O mode setup
AMD-Vi: Using global IVHD EFR:0x25bf732fa2295afe, EFR2:0x1d
..TIMER: vector=0x30 apic1=0 pin1=2 apic2=-1 pin2=-1
clocksource: tsc-early: mask: 0xffffffffffffffff max_cycles: 0x2ed8b87e07a, max_idle_ns: 440795326591 ns
Calibrating delay loop (skipped), value calculated using timer frequency.. 6499.96 BogoMIPS (lpj=3249980)
x86/cpu: User Mode Instruction Prevention (UMIP) activated
LVT offset 2 assigned for vector 0xf4
Last level iTLB entries: 4KB 512, 2MB 512, 4MB 256
Last level dTLB entries: 4KB 3072, 2MB 3072, 4MB 1536, 1GB 0
process: using mwait in idle threads
Spectre V1 : Mitigation: usercopy/swapgs barriers and __user pointer sanitization
Spectre V2 : Mitigation: Enhanced / Automatic IBRS
Spectre V2 : Spectre v2 / SpectreRSB mitigation: Filling RSB on context switch
Spectre V2 : mitigation: Enabling conditional Indirect Branch Prediction Barrier
Spectre V2 : User space: Mitigation: STIBP always-on protection
Speculative Store Bypass: Mitigation: Speculative Store Bypass disabled via prctl
Speculative Return Stack Overflow: Mitigation: Safe RET
x86/fpu: Supporting XSAVE feature 0x001: 'x87 floating point registers'
x86/fpu: Supporting XSAVE feature 0x002: 'SSE registers'
x86/fpu: Supporting XSAVE feature 0x004: 'AVX registers'
x86/fpu: Supporting XSAVE feature 0x020: 'AVX-512 opmask'
x86/fpu: Supporting XSAVE feature 0x040: 'AVX-512 Hi256'
x86/fpu: Supporting XSAVE feature 0x080: 'AVX-512 ZMM_Hi256'
x86/fpu: Supporting XSAVE feature 0x200: 'Protection Keys User registers'
x86/fpu: Supporting XSAVE feature 0x800: 'Control-flow User registers'
x86/fpu: xstate_offset[2]:  576, xstate_sizes[2]:  256
x86/fpu: xstate_offset[5]:  832, xstate_sizes[5]:   64
x86/fpu: xstate_offset[6]:  896, xstate_sizes[6]:  512
x86/fpu: xstate_offset[7]: 1408, xstate_sizes[7]: 1024
x86/fpu: xstate_offset[9]: 2432, xstate_sizes[9]:    8
x86/fpu: xstate_offset[11]: 2440, xstate_sizes[11]:   16
x86/fpu: Enabled xstate features 0xae7, context size is 2456 bytes, using 'compacted' format.
Freeing SMP alternatives memory: 40K
pid_max: default: 131072 minimum: 1024
LSM: initializing lsm=capability,selinux
SELinux:  Initializing.
Dentry cache hash table entries: 16777216 (order: 15, 134217728 bytes, vmalloc hugepage)
Inode-cache hash table entries: 8388608 (order: 14, 67108864 bytes, vmalloc hugepage)
Mount-cache hash table entries: 262144 (order: 9, 2097152 bytes, vmalloc hugepage)
Mountpoint-cache hash table entries: 262144 (order: 9, 2097152 bytes, vmalloc hugepage)
smpboot: CPU0: AMD EPYC 9354 32-Core Processor (family: 0x19, model: 0x11, stepping: 0x1)
Performance Events: Fam17h+ 16-deep LBR, core perfctr, AMD PMU driver.
... version:                2
... bit width:              48
... generic registers:      6
... value mask:             0000ffffffffffff
... max period:             00007fffffffffff
... fixed-purpose events:   0
... event mask:             000000000000003f
signal: max sigframe size: 3376
rcu: Hierarchical SRCU implementation.
rcu: 	Max phase no-delay instances is 400.
Timer migration: 3 hierarchy levels; 8 children per group; 2 crossnode level
smp: Bringing up secondary CPUs ...
smpboot: x86: Booting SMP configuration:
.... node  #0, CPUs:          #1   #2   #3   #4   #5   #6   #7   #8   #9  #10  #11  #12  #13  #14  #15  #16  #17  #18  #19  #20  #21  #22  #23  #24  #25  #26  #27  #28  #29  #30  #31
.... node  #1, CPUs:    #32  #33  #34  #35  #36  #37  #38  #39  #40  #41  #42  #43  #44  #45  #46  #47  #48  #49  #50  #51  #52  #53  #54  #55  #56  #57  #58  #59  #60  #61  #62  #63
.... node  #0, CPUs:    #64  #65  #66  #67  #68  #69  #70  #71  #72  #73  #74  #75  #76  #77  #78  #79  #80  #81  #82  #83  #84  #85  #86  #87  #88  #89  #90  #91  #92  #93  #94  #95
.... node  #1, CPUs:    #96  #97  #98  #99 #100 #101 #102 #103 #104 #105 #106 #107 #108 #109 #110 #111 #112 #113 #114 #115 #116 #117 #118 #119 #120 #121 #122 #123 #124 #125 #126 #127
Spectre V2 : Update user space SMT mitigation: STIBP always-on
smp: Brought up 2 nodes, 128 CPUs
smpboot: Total of 128 processors activated (831994.88 BogoMIPS)
Memory: 395397032K/402206892K available (16384K kernel code, 3105K rwdata, 11032K rodata, 3768K init, 2748K bss, 6509460K reserved, 0K cma-reserved)
devtmpfs: initialized
x86/mm: Memory block size: 2048MB
ACPI: PM: Registering ACPI NVS region [mem 0x0008f000-0x0008ffff] (4096 bytes)
ACPI: PM: Registering ACPI NVS region [mem 0x6dfcf000-0x6edfefff] (14876672 bytes)
ACPI: PM: Registering ACPI NVS region [mem 0x6f000000-0x6fffffff] (16777216 bytes)
clocksource: jiffies: mask: 0xffffffff max_cycles: 0xffffffff, max_idle_ns: 1911260446275000 ns
futex hash table entries: 32768 (order: 9, 2097152 bytes, vmalloc hugepage)
pinctrl core: initialized pinctrl subsystem
PM: RTC time: 12:16:14, date: 2025-01-21
NET: Registered PF_NETLINK/PF_ROUTE protocol family
audit: initializing netlink subsys (disabled)
audit: type=2000 audit(1737461771.522:1): state=initialized audit_enabled=0 res=1
thermal_sys: Registered thermal governor 'fair_share'
thermal_sys: Registered thermal governor 'bang_bang'
thermal_sys: Registered thermal governor 'step_wise'
thermal_sys: Registered thermal governor 'user_space'
cpuidle: using governor ladder
cpuidle: using governor menu
ACPI FADT declares the system doesn't support PCIe ASPM, so disable it
acpiphp: ACPI Hot Plug PCI Controller Driver version: 0.5
PCI: ECAM [mem 0x80000000-0x8fffffff] (base 0x80000000) for domain 0000 [bus 00-ff]
PCI: Using configuration type 1 for base access
PCI: Dell System detected, enabling pci=bfsort.
kprobes: kprobe jump-optimization is enabled. All kprobes are optimized if possible.
HugeTLB: registered 1.00 GiB page size, pre-allocated 0 pages
HugeTLB: 16380 KiB vmemmap can be freed for a 1.00 GiB page
HugeTLB: registered 2.00 MiB page size, pre-allocated 0 pages
HugeTLB: 28 KiB vmemmap can be freed for a 2.00 MiB page
cryptd: max_cpu_qlen set to 1000
ACPI: Added _OSI(Module Device)
ACPI: Added _OSI(Processor Device)
ACPI: Added _OSI(3.0 _SCP Extensions)
ACPI: Added _OSI(Processor Aggregator Device)
ACPI: 7 ACPI AML tables successfully acquired and loaded
ACPI: Interpreter enabled
ACPI: PM: (supports S0 S5)
ACPI: Using IOAPIC for interrupt routing
GHES: HEST is not enabled!
PCI: Using host bridge windows from ACPI; if necessary, use "pci=nocrs" and report a bug
PCI: Ignoring E820 reservations for host bridge windows
ACPI: Enabled 2 GPEs in block 00 to 1F
ACPI: PCI: Interrupt link LNKA configured for IRQ 0
ACPI: PCI: Interrupt link LNKB configured for IRQ 0
ACPI: PCI: Interrupt link LNKC configured for IRQ 0
ACPI: PCI: Interrupt link LNKD configured for IRQ 0
ACPI: PCI: Interrupt link LNKE configured for IRQ 0
ACPI: PCI: Interrupt link LNKF configured for IRQ 0
ACPI: PCI: Interrupt link LNKG configured for IRQ 0
ACPI: PCI: Interrupt link LNKH configured for IRQ 0
ACPI: PCI Root Bridge [PC00] (domain 0000 [bus 00-1f])
acpi PNP0A08:00: _OSC: OS supports [ExtendedConfig ASPM ClockPM Segments MSI HPX-Type3]
acpi PNP0A08:00: _OSC: OS now controls [PCIeHotplug PME PCIeCapability LTR]
acpi PNP0A08:00: FADT indicates ASPM is unsupported, using BIOS configuration
PCI host bridge to bus 0000:00
pci_bus 0000:00: root bus resource [io  0x0000-0x03af window]
pci_bus 0000:00: root bus resource [io  0x03e0-0x0cf7 window]
pci_bus 0000:00: root bus resource [mem 0x000c0000-0x000fffff window]
pci_bus 0000:00: root bus resource [io  0x0d00-0x1fff window]
pci_bus 0000:00: root bus resource [mem 0xeb000000-0xfebfffff window]
pci_bus 0000:00: root bus resource [mem 0x2bf40000000-0x39edfffffff window]
pci_bus 0000:00: root bus resource [bus 00-1f]
pci 0000:00:00.0: [1022:14a4] type 00 class 0x060000 conventional PCI endpoint
pci 0000:00:00.2: [1022:149e] type 00 class 0x080600 conventional PCI endpoint
pci 0000:00:00.3: [1022:14a6] type 00 class 0x080700 PCIe Root Complex Event Collector
pci 0000:00:00.3: enabling Extended Tags
pci 0000:00:01.0: [1022:149f] type 00 class 0x060000 conventional PCI endpoint
pci 0000:00:01.1: [1022:14ab] type 01 class 0x060400 PCIe Root Port
pci 0000:00:01.1: PCI bridge to [bus 01]
pci 0000:00:01.1:   bridge window [mem 0xec000000-0xf00fffff 64bit pref]
pci 0000:00:01.1: PME# supported from D0 D3hot D3cold
pci 0000:00:02.0: [1022:149f] type 00 class 0x060000 conventional PCI endpoint
pci 0000:00:03.0: [1022:149f] type 00 class 0x060000 conventional PCI endpoint
pci 0000:00:04.0: [1022:149f] type 00 class 0x060000 conventional PCI endpoint
pci 0000:00:05.0: [1022:149f] type 00 class 0x060000 conventional PCI endpoint
pci 0000:00:07.0: [1022:149f] type 00 class 0x060000 conventional PCI endpoint
pci 0000:00:07.1: [1022:14a7] type 01 class 0x060400 PCIe Root Port
pci 0000:00:07.1: PCI bridge to [bus 02]
pci 0000:00:07.1:   bridge window [mem 0xf9000000-0xf92fffff]
pci 0000:00:07.1:   bridge window [mem 0x2bf60200000-0x2bf602fffff 64bit pref]
pci 0000:00:07.1: enabling Extended Tags
pci 0000:00:07.1: PME# supported from D0 D3hot D3cold
pci 0000:00:14.0: [1022:790b] type 00 class 0x0c0500 conventional PCI endpoint
pci 0000:00:14.3: [1022:790e] type 00 class 0x060100 conventional PCI endpoint
pci 0000:00:18.0: [1022:14ad] type 00 class 0x060000 conventional PCI endpoint
pci 0000:00:18.1: [1022:14ae] type 00 class 0x060000 conventional PCI endpoint
pci 0000:00:18.2: [1022:14af] type 00 class 0x060000 conventional PCI endpoint
pci 0000:00:18.3: [1022:14b0] type 00 class 0x060000 conventional PCI endpoint
pci 0000:00:18.4: [1022:14b1] type 00 class 0x060000 conventional PCI endpoint
pci 0000:00:18.5: [1022:14b2] type 00 class 0x060000 conventional PCI endpoint
pci 0000:00:18.6: [1022:14b3] type 00 class 0x060000 conventional PCI endpoint
pci 0000:00:18.7: [1022:14b4] type 00 class 0x060000 conventional PCI endpoint
pci 0000:00:19.0: [1022:14ad] type 00 class 0x060000 conventional PCI endpoint
pci 0000:00:19.1: [1022:14ae] type 00 class 0x060000 conventional PCI endpoint
pci 0000:00:19.2: [1022:14af] type 00 class 0x060000 conventional PCI endpoint
pci 0000:00:19.3: [1022:14b0] type 00 class 0x060000 conventional PCI endpoint
pci 0000:00:19.4: [1022:14b1] type 00 class 0x060000 conventional PCI endpoint
pci 0000:00:19.5: [1022:14b2] type 00 class 0x060000 conventional PCI endpoint
pci 0000:00:19.6: [1022:14b3] type 00 class 0x060000 conventional PCI endpoint
pci 0000:00:19.7: [1022:14b4] type 00 class 0x060000 conventional PCI endpoint
pci 0000:01:00.0: [8086:159b] type 00 class 0x020000 PCIe Endpoint
pci 0000:01:00.0: BAR 0 [mem 0xee000000-0xefffffff 64bit pref]
pci 0000:01:00.0: BAR 3 [mem 0xf0010000-0xf001ffff 64bit pref]
pci 0000:01:00.0: ROM [mem 0xfff00000-0xffffffff pref]
pci 0000:01:00.0: PME# supported from D0 D3hot D3cold
pci 0000:01:00.1: [8086:159b] type 00 class 0x020000 PCIe Endpoint
pci 0000:01:00.1: BAR 0 [mem 0xec000000-0xedffffff 64bit pref]
pci 0000:01:00.1: BAR 3 [mem 0xf0000000-0xf000ffff 64bit pref]
pci 0000:01:00.1: ROM [mem 0xfff00000-0xffffffff pref]
pci 0000:01:00.1: PME# supported from D0 D3hot D3cold
pci 0000:00:01.1: PCI bridge to [bus 01]
pci 0000:02:00.0: [1022:14ac] type 00 class 0x130000 PCIe Endpoint
pci 0000:02:00.0: enabling Extended Tags
pci 0000:02:00.1: [1022:14dc] type 00 class 0x088000 PCIe Endpoint
pci 0000:02:00.1: BAR 0 [mem 0x2bf60280000-0x2bf602fffff 64bit pref]
pci 0000:02:00.1: BAR 2 [mem 0x2bf60200000-0x2bf6027ffff 64bit pref]
pci 0000:02:00.1: enabling Extended Tags
pci 0000:02:00.4: [1022:14c9] type 00 class 0x0c0330 PCIe Endpoint
pci 0000:02:00.4: BAR 0 [mem 0xf9000000-0xf90fffff 64bit]
pci 0000:02:00.4: enabling Extended Tags
pci 0000:02:00.4: PME# supported from D0 D3hot D3cold
pci 0000:02:00.5: [1022:14ca] type 00 class 0x108000 PCIe Endpoint
pci 0000:02:00.5: BAR 2 [mem 0xf9100000-0xf91fffff]
pci 0000:02:00.5: BAR 5 [mem 0xf9200000-0xf9201fff]
pci 0000:02:00.5: enabling Extended Tags
pci 0000:00:07.1: PCI bridge to [bus 02]
pci_bus 0000:00: on NUMA node 0
ACPI: PCI Root Bridge [PC01] (domain 0000 [bus 20-3f])
acpi PNP0A08:01: _OSC: OS supports [ExtendedConfig ASPM ClockPM Segments MSI HPX-Type3]
acpi PNP0A08:01: _OSC: OS now controls [PCIeHotplug PME PCIeCapability LTR]
acpi PNP0A08:01: FADT indicates ASPM is unsupported, using BIOS configuration
PCI host bridge to bus 0000:20
pci_bus 0000:20: root bus resource [io  0x2000-0x2fff window]
pci_bus 0000:20: root bus resource [mem 0xc4000000-0xd0ffffff window]
pci_bus 0000:20: root bus resource [mem 0x39ee0000000-0x47e7fffffff window]
pci_bus 0000:20: root bus resource [bus 20-3f]
pci 0000:20:00.0: [1022:14a4] type 00 class 0x060000 conventional PCI endpoint
pci 0000:20:00.2: [1022:149e] type 00 class 0x080600 conventional PCI endpoint
pci 0000:20:00.3: [1022:14a6] type 00 class 0x080700 PCIe Root Complex Event Collector
pci 0000:20:00.3: enabling Extended Tags
pci 0000:20:01.0: [1022:149f] type 00 class 0x060000 conventional PCI endpoint
pci 0000:20:02.0: [1022:149f] type 00 class 0x060000 conventional PCI endpoint
pci 0000:20:03.0: [1022:149f] type 00 class 0x060000 conventional PCI endpoint
pci 0000:20:04.0: [1022:149f] type 00 class 0x060000 conventional PCI endpoint
pci 0000:20:05.0: [1022:149f] type 00 class 0x060000 conventional PCI endpoint
pci 0000:20:07.0: [1022:149f] type 00 class 0x060000 conventional PCI endpoint
pci 0000:20:07.1: [1022:14a7] type 01 class 0x060400 PCIe Root Port
pci 0000:20:07.1: PCI bridge to [bus 21]
pci 0000:20:07.1:   bridge window [mem 0x39f00200000-0x39f002fffff 64bit pref]
pci 0000:20:07.1: enabling Extended Tags
pci 0000:20:07.1: PME# supported from D0 D3hot D3cold
pci 0000:21:00.0: [1022:14ac] type 00 class 0x130000 PCIe Endpoint
pci 0000:21:00.0: enabling Extended Tags
pci 0000:21:00.1: [1022:14dc] type 00 class 0x088000 PCIe Endpoint
pci 0000:21:00.1: BAR 0 [mem 0x39f00280000-0x39f002fffff 64bit pref]
pci 0000:21:00.1: BAR 2 [mem 0x39f00200000-0x39f0027ffff 64bit pref]
pci 0000:21:00.1: enabling Extended Tags
pci 0000:20:07.1: PCI bridge to [bus 21]
pci_bus 0000:20: on NUMA node 0
ACPI: PCI Root Bridge [PC02] (domain 0000 [bus 40-5f])
acpi PNP0A08:02: _OSC: OS supports [ExtendedConfig ASPM ClockPM Segments MSI HPX-Type3]
acpi PNP0A08:02: _OSC: OS now controls [PCIeHotplug PME PCIeCapability LTR]
acpi PNP0A08:02: FADT indicates ASPM is unsupported, using BIOS configuration
PCI host bridge to bus 0000:40
pci_bus 0000:40: root bus resource [io  0x3000-0x3fff window]
pci_bus 0000:40: root bus resource [mem 0xd1000000-0xddffffff window]
pci_bus 0000:40: root bus resource [mem 0x1dfa0000000-0x2bf3fffffff window]
pci_bus 0000:40: root bus resource [bus 40-5f]
pci 0000:40:00.0: [1022:14a4] type 00 class 0x060000 conventional PCI endpoint
pci 0000:40:00.2: [1022:149e] type 00 class 0x080600 conventional PCI endpoint
pci 0000:40:00.3: [1022:14a6] type 00 class 0x080700 PCIe Root Complex Event Collector
pci 0000:40:00.3: enabling Extended Tags
pci 0000:40:01.0: [1022:149f] type 00 class 0x060000 conventional PCI endpoint
pci 0000:40:01.1: [1022:14ab] type 01 class 0x060400 PCIe Root Port
pci 0000:40:01.1: PCI bridge to [bus 41]
pci 0000:40:01.1:   bridge window [io  0x3000-0x3fff]
pci 0000:40:01.1:   bridge window [mem 0xda000000-0xda0fffff]
pci 0000:40:01.1:   bridge window [mem 0xd1000000-0xd11fffff 64bit pref]
pci 0000:40:01.1: PME# supported from D0 D3hot D3cold
pci 0000:40:02.0: [1022:149f] type 00 class 0x060000 conventional PCI endpoint
pci 0000:40:03.0: [1022:149f] type 00 class 0x060000 conventional PCI endpoint
pci 0000:40:04.0: [1022:149f] type 00 class 0x060000 conventional PCI endpoint
pci 0000:40:05.0: [1022:149f] type 00 class 0x060000 conventional PCI endpoint
pci 0000:40:07.0: [1022:149f] type 00 class 0x060000 conventional PCI endpoint
pci 0000:40:07.1: [1022:14a7] type 01 class 0x060400 PCIe Root Port
pci 0000:40:07.1: PCI bridge to [bus 42]
pci 0000:40:07.1:   bridge window [mem 0x1dfc0200000-0x1dfc02fffff 64bit pref]
pci 0000:40:07.1: enabling Extended Tags
pci 0000:40:07.1: PME# supported from D0 D3hot D3cold
pci 0000:41:00.0: [1000:10e2] type 00 class 0x010400 PCIe Endpoint
pci 0000:41:00.0: BAR 0 [mem 0xd1000000-0xd10fffff 64bit pref]
pci 0000:41:00.0: BAR 2 [mem 0xd1100000-0xd11fffff 64bit pref]
pci 0000:41:00.0: BAR 4 [mem 0xda000000-0xda0fffff]
pci 0000:41:00.0: BAR 5 [io  0x3000-0x30ff]
pci 0000:41:00.0: ROM [mem 0xfff00000-0xffffffff pref]
pci 0000:41:00.0: supports D1 D2
pci 0000:40:01.1: PCI bridge to [bus 41]
pci 0000:42:00.0: [1022:14ac] type 00 class 0x130000 PCIe Endpoint
pci 0000:42:00.0: enabling Extended Tags
pci 0000:42:00.1: [1022:14dc] type 00 class 0x088000 PCIe Endpoint
pci 0000:42:00.1: BAR 0 [mem 0x1dfc0280000-0x1dfc02fffff 64bit pref]
pci 0000:42:00.1: BAR 2 [mem 0x1dfc0200000-0x1dfc027ffff 64bit pref]
pci 0000:42:00.1: enabling Extended Tags
pci 0000:40:07.1: PCI bridge to [bus 42]
pci_bus 0000:40: on NUMA node 0
ACPI: PCI Root Bridge [PC03] (domain 0000 [bus 60-7f])
acpi PNP0A08:03: _OSC: OS supports [ExtendedConfig ASPM ClockPM Segments MSI HPX-Type3]
acpi PNP0A08:03: _OSC: OS now controls [PCIeHotplug PME PCIeCapability LTR]
acpi PNP0A08:03: FADT indicates ASPM is unsupported, using BIOS configuration
PCI host bridge to bus 0000:60
pci_bus 0000:60: root bus resource [io  0x4000-0x4fff window]
pci_bus 0000:60: root bus resource [mem 0xde000000-0xeaffffff window]
pci_bus 0000:60: root bus resource [mem 0x10000000000-0x1df9fffffff window]
pci_bus 0000:60: root bus resource [io  0x03b0-0x03df window]
pci_bus 0000:60: root bus resource [mem 0x000a0000-0x000bffff window]
pci_bus 0000:60: root bus resource [bus 60-7f]
pci 0000:60:00.0: [1022:14a4] type 00 class 0x060000 conventional PCI endpoint
pci 0000:60:00.2: [1022:149e] type 00 class 0x080600 conventional PCI endpoint
pci 0000:60:00.3: [1022:14a6] type 00 class 0x080700 PCIe Root Complex Event Collector
pci 0000:60:00.3: enabling Extended Tags
pci 0000:60:01.0: [1022:149f] type 00 class 0x060000 conventional PCI endpoint
pci 0000:60:02.0: [1022:149f] type 00 class 0x060000 conventional PCI endpoint
pci 0000:60:03.0: [1022:149f] type 00 class 0x060000 conventional PCI endpoint
pci 0000:60:04.0: [1022:149f] type 00 class 0x060000 conventional PCI endpoint
pci 0000:60:05.0: [1022:149f] type 00 class 0x060000 conventional PCI endpoint
pci 0000:60:05.2: [1022:14aa] type 01 class 0x060400 PCIe Root Port
pci 0000:60:05.2: PCI bridge to [bus 61-62]
pci 0000:60:05.2:   bridge window [mem 0xe7000000-0xe78fffff]
pci 0000:60:05.2:   bridge window [mem 0xde000000-0xdeffffff 64bit pref]
pci 0000:60:05.2: PME# supported from D0 D3hot D3cold
pci 0000:60:05.3: [1022:14aa] type 01 class 0x060400 PCIe Root Port
pci 0000:60:05.3: PCI bridge to [bus 63]
pci 0000:60:05.3:   bridge window [mem 0xdf100000-0xdf1fffff 64bit pref]
pci 0000:60:05.3: PME# supported from D0 D3hot D3cold
pci 0000:60:07.0: [1022:149f] type 00 class 0x060000 conventional PCI endpoint
pci 0000:60:07.1: [1022:14a7] type 01 class 0x060400 PCIe Root Port
pci 0000:60:07.1: PCI bridge to [bus 64]
pci 0000:60:07.1:   bridge window [mem 0xe7a00000-0xe7afffff]
pci 0000:60:07.1:   bridge window [mem 0xdf000000-0xdf0fffff 64bit pref]
pci 0000:60:07.1: enabling Extended Tags
pci 0000:60:07.1: PME# supported from D0 D3hot D3cold
pci 0000:60:07.2: [1022:14a7] type 01 class 0x060400 PCIe Root Port
pci 0000:60:07.2: PCI bridge to [bus 65]
pci 0000:60:07.2:   bridge window [mem 0xe7900000-0xe79fffff]
pci 0000:60:07.2: enabling Extended Tags
pci 0000:60:07.2: PME# supported from D0 D3hot D3cold
pci 0000:61:00.0: [1556:be00] type 01 class 0x060400 PCIe to PCI/PCI-X bridge
pci 0000:61:00.0: PCI bridge to [bus 62]
pci 0000:61:00.0:   bridge window [mem 0xe7000000-0xe78fffff]
pci 0000:61:00.0:   bridge window [mem 0xde000000-0xdeffffff 64bit pref]
pci 0000:60:05.2: PCI bridge to [bus 61-62]
pci_bus 0000:62: extended config space not accessible
pci 0000:62:00.0: [102b:0536] type 00 class 0x030000 conventional PCI endpoint
pci 0000:62:00.0: BAR 0 [mem 0xde000000-0xdeffffff pref]
pci 0000:62:00.0: BAR 1 [mem 0xe7808000-0xe780bfff]
pci 0000:62:00.0: BAR 2 [mem 0xe7000000-0xe77fffff]
pci 0000:62:00.0: Video device with shadowed ROM at [mem 0x000c0000-0x000dffff]
pci 0000:61:00.0: PCI bridge to [bus 62]
pci 0000:63:00.0: [14e4:165f] type 00 class 0x020000 PCIe Endpoint
pci 0000:63:00.0: BAR 0 [mem 0xdf130000-0xdf13ffff 64bit pref]
pci 0000:63:00.0: BAR 2 [mem 0xdf140000-0xdf14ffff 64bit pref]
pci 0000:63:00.0: BAR 4 [mem 0xdf150000-0xdf15ffff 64bit pref]
pci 0000:63:00.0: ROM [mem 0xfffc0000-0xffffffff pref]
pci 0000:63:00.0: PME# supported from D0 D3hot D3cold
pci 0000:63:00.0: 4.000 Gb/s available PCIe bandwidth, limited by 5.0 GT/s PCIe x1 link at 0000:60:05.3 (capable of 8.000 Gb/s with 5.0 GT/s PCIe x2 link)
pci 0000:63:00.1: [14e4:165f] type 00 class 0x020000 PCIe Endpoint
pci 0000:63:00.1: BAR 0 [mem 0xdf100000-0xdf10ffff 64bit pref]
pci 0000:63:00.1: BAR 2 [mem 0xdf110000-0xdf11ffff 64bit pref]
pci 0000:63:00.1: BAR 4 [mem 0xdf120000-0xdf12ffff 64bit pref]
pci 0000:63:00.1: ROM [mem 0xfffc0000-0xffffffff pref]
pci 0000:63:00.1: PME# supported from D0 D3hot D3cold
pci 0000:60:05.3: PCI bridge to [bus 63]
pci 0000:64:00.0: [1022:14ac] type 00 class 0x130000 PCIe Endpoint
pci 0000:64:00.0: enabling Extended Tags
pci 0000:64:00.1: [1022:14dc] type 00 class 0x088000 PCIe Endpoint
pci 0000:64:00.1: BAR 0 [mem 0xdf000000-0xdf07ffff 64bit pref]
pci 0000:64:00.1: BAR 2 [mem 0xdf080000-0xdf0fffff 64bit pref]
pci 0000:64:00.1: enabling Extended Tags
pci 0000:64:00.4: [1022:14c9] type 00 class 0x0c0330 PCIe Endpoint
pci 0000:64:00.4: BAR 0 [mem 0xe7a00000-0xe7afffff 64bit]
pci 0000:64:00.4: enabling Extended Tags
pci 0000:64:00.4: PME# supported from D0 D3hot D3cold
pci 0000:60:07.1: PCI bridge to [bus 64]
pci 0000:65:00.0: [1022:7901] type 00 class 0x010601 PCIe Endpoint
pci 0000:65:00.0: BAR 5 [mem 0xe7900000-0xe79007ff]
pci 0000:65:00.0: enabling Extended Tags
pci 0000:65:00.0: PME# supported from D3hot D3cold
pci 0000:60:07.2: PCI bridge to [bus 65]
pci_bus 0000:60: on NUMA node 0
ACPI: PCI Root Bridge [PC04] (domain 0000 [bus 80-9f])
acpi PNP0A08:04: _OSC: OS supports [ExtendedConfig ASPM ClockPM Segments MSI HPX-Type3]
acpi PNP0A08:04: _OSC: OS now controls [PCIeHotplug PME PCIeCapability LTR]
acpi PNP0A08:04: FADT indicates ASPM is unsupported, using BIOS configuration
PCI host bridge to bus 0000:80
pci_bus 0000:80: root bus resource [io  0x5000-0x5fff window]
pci_bus 0000:80: root bus resource [mem 0x9d000000-0xa9ffffff window]
pci_bus 0000:80: root bus resource [mem 0x63dc0000000-0x71d5fffffff window]
pci_bus 0000:80: root bus resource [bus 80-9f]
pci 0000:80:00.0: [1022:14a4] type 00 class 0x060000 conventional PCI endpoint
pci 0000:80:00.2: [1022:149e] type 00 class 0x080600 conventional PCI endpoint
pci 0000:80:00.3: [1022:14a6] type 00 class 0x080700 PCIe Root Complex Event Collector
pci 0000:80:00.3: enabling Extended Tags
pci 0000:80:01.0: [1022:149f] type 00 class 0x060000 conventional PCI endpoint
pci 0000:80:02.0: [1022:149f] type 00 class 0x060000 conventional PCI endpoint
pci 0000:80:03.0: [1022:149f] type 00 class 0x060000 conventional PCI endpoint
pci 0000:80:04.0: [1022:149f] type 00 class 0x060000 conventional PCI endpoint
pci 0000:80:05.0: [1022:149f] type 00 class 0x060000 conventional PCI endpoint
pci 0000:80:07.0: [1022:149f] type 00 class 0x060000 conventional PCI endpoint
pci 0000:80:07.1: [1022:14a7] type 01 class 0x060400 PCIe Root Port
pci 0000:80:07.1: PCI bridge to [bus 81]
pci 0000:80:07.1:   bridge window [mem 0xa6000000-0xa61fffff]
pci 0000:80:07.1:   bridge window [mem 0x63de0200000-0x63de02fffff 64bit pref]
pci 0000:80:07.1: enabling Extended Tags
pci 0000:80:07.1: PME# supported from D0 D3hot D3cold
pci 0000:81:00.0: [1022:14ac] type 00 class 0x130000 PCIe Endpoint
pci 0000:81:00.0: enabling Extended Tags
pci 0000:81:00.1: [1022:14dc] type 00 class 0x088000 PCIe Endpoint
pci 0000:81:00.1: BAR 0 [mem 0x63de0280000-0x63de02fffff 64bit pref]
pci 0000:81:00.1: BAR 2 [mem 0x63de0200000-0x63de027ffff 64bit pref]
pci 0000:81:00.1: enabling Extended Tags
pci 0000:81:00.5: [1022:14ca] type 00 class 0x108000 PCIe Endpoint
pci 0000:81:00.5: BAR 2 [mem 0xa6000000-0xa60fffff]
pci 0000:81:00.5: BAR 5 [mem 0xa6100000-0xa6101fff]
pci 0000:81:00.5: enabling Extended Tags
pci 0000:80:07.1: PCI bridge to [bus 81]
pci_bus 0000:80: on NUMA node 1
ACPI: PCI Root Bridge [PC05] (domain 0000 [bus a0-bf])
acpi PNP0A08:05: _OSC: OS supports [ExtendedConfig ASPM ClockPM Segments MSI HPX-Type3]
acpi PNP0A08:05: _OSC: OS now controls [PCIeHotplug PME PCIeCapability LTR]
acpi PNP0A08:05: FADT indicates ASPM is unsupported, using BIOS configuration
PCI host bridge to bus 0000:a0
pci_bus 0000:a0: root bus resource [io  0x6000-0x6fff window]
pci_bus 0000:a0: root bus resource [mem 0x90000000-0x9cffffff window]
pci_bus 0000:a0: root bus resource [mem 0x71d60000000-0x7fcffffffff window]
pci_bus 0000:a0: root bus resource [bus a0-bf]
pci 0000:a0:00.0: [1022:14a4] type 00 class 0x060000 conventional PCI endpoint
pci 0000:a0:00.2: [1022:149e] type 00 class 0x080600 conventional PCI endpoint
pci 0000:a0:00.3: [1022:14a6] type 00 class 0x080700 PCIe Root Complex Event Collector
pci 0000:a0:00.3: enabling Extended Tags
pci 0000:a0:01.0: [1022:149f] type 00 class 0x060000 conventional PCI endpoint
pci 0000:a0:01.1: [1022:14ab] type 01 class 0x060400 PCIe Root Port
pci 0000:a0:01.1: PCI bridge to [bus a1]
pci 0000:a0:01.1:   bridge window [mem 0x99000000-0x991fffff]
pci 0000:a0:01.1: PME# supported from D0 D3hot D3cold
pci 0000:a0:02.0: [1022:149f] type 00 class 0x060000 conventional PCI endpoint
pci 0000:a0:03.0: [1022:149f] type 00 class 0x060000 conventional PCI endpoint
pci 0000:a0:04.0: [1022:149f] type 00 class 0x060000 conventional PCI endpoint
pci 0000:a0:05.0: [1022:149f] type 00 class 0x060000 conventional PCI endpoint
pci 0000:a0:07.0: [1022:149f] type 00 class 0x060000 conventional PCI endpoint
pci 0000:a0:07.1: [1022:14a7] type 01 class 0x060400 PCIe Root Port
pci 0000:a0:07.1: PCI bridge to [bus a2]
pci 0000:a0:07.1:   bridge window [mem 0x71d80200000-0x71d802fffff 64bit pref]
pci 0000:a0:07.1: enabling Extended Tags
pci 0000:a0:07.1: PME# supported from D0 D3hot D3cold
pci 0000:a1:00.0: working around ROM BAR overlap defect
pci 0000:a1:00.0: [8086:1533] type 00 class 0x020000 PCIe Endpoint
pci 0000:a1:00.0: BAR 0 [mem 0x99000000-0x990fffff]
pci 0000:a1:00.0: BAR 3 [mem 0x99100000-0x99103fff]
pci 0000:a1:00.0: ROM [mem 0xfff00000-0xffffffff pref]
pci 0000:a1:00.0: PME# supported from D0 D3hot D3cold
pci 0000:a0:01.1: PCI bridge to [bus a1]
pci 0000:a2:00.0: [1022:14ac] type 00 class 0x130000 PCIe Endpoint
pci 0000:a2:00.0: enabling Extended Tags
pci 0000:a2:00.1: [1022:14dc] type 00 class 0x088000 PCIe Endpoint
pci 0000:a2:00.1: BAR 0 [mem 0x71d80280000-0x71d802fffff 64bit pref]
pci 0000:a2:00.1: BAR 2 [mem 0x71d80200000-0x71d8027ffff 64bit pref]
pci 0000:a2:00.1: enabling Extended Tags
pci 0000:a0:07.1: PCI bridge to [bus a2]
pci_bus 0000:a0: on NUMA node 1
ACPI: PCI Root Bridge [PC06] (domain 0000 [bus c0-df])
acpi PNP0A08:06: _OSC: OS supports [ExtendedConfig ASPM ClockPM Segments MSI HPX-Type3]
acpi PNP0A08:06: _OSC: OS now controls [PCIeHotplug PME PCIeCapability LTR]
acpi PNP0A08:06: FADT indicates ASPM is unsupported, using BIOS configuration
PCI host bridge to bus 0000:c0
pci_bus 0000:c0: root bus resource [io  0x7000-0x7fff window]
pci_bus 0000:c0: root bus resource [mem 0xaa000000-0xb6ffffff window]
pci_bus 0000:c0: root bus resource [mem 0x55e20000000-0x63dbfffffff window]
pci_bus 0000:c0: root bus resource [bus c0-df]
pci 0000:c0:00.0: [1022:14a4] type 00 class 0x060000 conventional PCI endpoint
pci 0000:c0:00.2: [1022:149e] type 00 class 0x080600 conventional PCI endpoint
pci 0000:c0:00.3: [1022:14a6] type 00 class 0x080700 PCIe Root Complex Event Collector
pci 0000:c0:00.3: enabling Extended Tags
pci 0000:c0:01.0: [1022:149f] type 00 class 0x060000 conventional PCI endpoint
pci 0000:c0:02.0: [1022:149f] type 00 class 0x060000 conventional PCI endpoint
pci 0000:c0:03.0: [1022:149f] type 00 class 0x060000 conventional PCI endpoint
pci 0000:c0:04.0: [1022:149f] type 00 class 0x060000 conventional PCI endpoint
pci 0000:c0:05.0: [1022:149f] type 00 class 0x060000 conventional PCI endpoint
pci 0000:c0:07.0: [1022:149f] type 00 class 0x060000 conventional PCI endpoint
pci 0000:c0:07.1: [1022:14a7] type 01 class 0x060400 PCIe Root Port
pci 0000:c0:07.1: PCI bridge to [bus c1]
pci 0000:c0:07.1:   bridge window [mem 0x55e40200000-0x55e402fffff 64bit pref]
pci 0000:c0:07.1: enabling Extended Tags
pci 0000:c0:07.1: PME# supported from D0 D3hot D3cold
pci 0000:c1:00.0: [1022:14ac] type 00 class 0x130000 PCIe Endpoint
pci 0000:c1:00.0: enabling Extended Tags
pci 0000:c1:00.1: [1022:14dc] type 00 class 0x088000 PCIe Endpoint
pci 0000:c1:00.1: BAR 0 [mem 0x55e40280000-0x55e402fffff 64bit pref]
pci 0000:c1:00.1: BAR 2 [mem 0x55e40200000-0x55e4027ffff 64bit pref]
pci 0000:c1:00.1: enabling Extended Tags
pci 0000:c0:07.1: PCI bridge to [bus c1]
pci_bus 0000:c0: on NUMA node 1
ACPI: PCI Root Bridge [PC07] (domain 0000 [bus e0-ff])
acpi PNP0A08:07: _OSC: OS supports [ExtendedConfig ASPM ClockPM Segments MSI HPX-Type3]
acpi PNP0A08:07: _OSC: OS now controls [PCIeHotplug PME PCIeCapability LTR]
acpi PNP0A08:07: FADT indicates ASPM is unsupported, using BIOS configuration
PCI host bridge to bus 0000:e0
pci_bus 0000:e0: root bus resource [mem 0xb7000000-0xc3ffffff window]
pci_bus 0000:e0: root bus resource [mem 0x47e80000000-0x55e1fffffff window]
pci_bus 0000:e0: root bus resource [bus e0-ff]
pci 0000:e0:00.0: [1022:14a4] type 00 class 0x060000 conventional PCI endpoint
pci 0000:e0:00.2: [1022:149e] type 00 class 0x080600 conventional PCI endpoint
pci 0000:e0:00.3: [1022:14a6] type 00 class 0x080700 PCIe Root Complex Event Collector
pci 0000:e0:00.3: enabling Extended Tags
pci 0000:e0:01.0: [1022:149f] type 00 class 0x060000 conventional PCI endpoint
pci 0000:e0:02.0: [1022:149f] type 00 class 0x060000 conventional PCI endpoint
pci 0000:e0:03.0: [1022:149f] type 00 class 0x060000 conventional PCI endpoint
pci 0000:e0:04.0: [1022:149f] type 00 class 0x060000 conventional PCI endpoint
pci 0000:e0:05.0: [1022:149f] type 00 class 0x060000 conventional PCI endpoint
pci 0000:e0:07.0: [1022:149f] type 00 class 0x060000 conventional PCI endpoint
pci 0000:e0:07.1: [1022:14a7] type 01 class 0x060400 PCIe Root Port
pci 0000:e0:07.1: PCI bridge to [bus e1]
pci 0000:e0:07.1:   bridge window [mem 0x47ea0200000-0x47ea02fffff 64bit pref]
pci 0000:e0:07.1: enabling Extended Tags
pci 0000:e0:07.1: PME# supported from D0 D3hot D3cold
pci 0000:e1:00.0: [1022:14ac] type 00 class 0x130000 PCIe Endpoint
pci 0000:e1:00.0: enabling Extended Tags
pci 0000:e1:00.1: [1022:14dc] type 00 class 0x088000 PCIe Endpoint
pci 0000:e1:00.1: BAR 0 [mem 0x47ea0280000-0x47ea02fffff 64bit pref]
pci 0000:e1:00.1: BAR 2 [mem 0x47ea0200000-0x47ea027ffff 64bit pref]
pci 0000:e1:00.1: enabling Extended Tags
pci 0000:e0:07.1: PCI bridge to [bus e1]
pci_bus 0000:e0: on NUMA node 1
iommu: Default domain type: Translated
iommu: DMA domain TLB invalidation policy: lazy mode
SCSI subsystem initialized
libata version 3.00 loaded.
ACPI: bus type USB registered
usbcore: registered new interface driver usbfs
usbcore: registered new interface driver hub
usbcore: registered new device driver usb
pps_core: LinuxPPS API ver. 1 registered
pps_core: Software ver. 5.3.6 - Copyright 2005-2007 Rodolfo Giometti <giometti@linux.it>
PTP clock support registered
EDAC MC: Ver: 3.0.0
efivars: Registered efivars operations
PCI: Using ACPI for IRQ routing
PCI: pci_cache_line_size set to 64 bytes
e820: reserve RAM buffer [mem 0x0008f000-0x0008ffff]
e820: reserve RAM buffer [mem 0x522af020-0x53ffffff]
e820: reserve RAM buffer [mem 0x522fa020-0x53ffffff]
e820: reserve RAM buffer [mem 0x5232f020-0x53ffffff]
e820: reserve RAM buffer [mem 0x52364020-0x53ffffff]
e820: reserve RAM buffer [mem 0x5236d020-0x53ffffff]
e820: reserve RAM buffer [mem 0x5239f020-0x53ffffff]
e820: reserve RAM buffer [mem 0x523d3020-0x53ffffff]
e820: reserve RAM buffer [mem 0x59ccd000-0x5bffffff]
e820: reserve RAM buffer [mem 0x677cf000-0x67ffffff]
e820: reserve RAM buffer [mem 0x6f000000-0x6fffffff]
e820: reserve RAM buffer [mem 0x307ec00000-0x307fffffff]
e820: reserve RAM buffer [mem 0x607e8c0000-0x607fffffff]
pci 0000:62:00.0: vgaarb: setting as boot VGA device
pci 0000:62:00.0: vgaarb: bridge control possible
pci 0000:62:00.0: vgaarb: VGA device added: decodes=io+mem,owns=io+mem,locks=none
vgaarb: loaded
hpet0: at MMIO 0xfed00000, IRQs 2, 8, 0
hpet0: 3 comparators, 32-bit 14.318180 MHz counter
clocksource: Switched to clocksource tsc-early
VFS: Disk quotas dquot_6.6.0
VFS: Dquot-cache hash table entries: 512 (order 0, 4096 bytes)
pnp: PnP ACPI init
system 00:00: [mem 0x80000000-0x8fffffff] has been reserved
system 00:01: [mem 0xff000000-0xffffffff] has been reserved
pnp: PnP ACPI: found 5 devices
clocksource: acpi_pm: mask: 0xffffff max_cycles: 0xffffff, max_idle_ns: 2085701024 ns
NET: Registered PF_INET protocol family
IP idents hash table entries: 262144 (order: 9, 2097152 bytes, vmalloc hugepage)
tcp_listen_portaddr_hash hash table entries: 65536 (order: 8, 1048576 bytes, vmalloc)
Table-perturb hash table entries: 65536 (order: 6, 262144 bytes, vmalloc)
TCP established hash table entries: 524288 (order: 10, 4194304 bytes, vmalloc hugepage)
TCP bind hash table entries: 65536 (order: 9, 2097152 bytes, vmalloc hugepage)
TCP: Hash tables configured (established 524288 bind 65536)
UDP hash table entries: 65536 (order: 10, 4194304 bytes, vmalloc hugepage)
UDP-Lite hash table entries: 65536 (order: 10, 4194304 bytes, vmalloc hugepage)
NET: Registered PF_UNIX/PF_LOCAL protocol family
pci 0000:01:00.0: ROM [mem 0xfff00000-0xffffffff pref]: can't claim; no compatible bridge window
pci 0000:01:00.1: ROM [mem 0xfff00000-0xffffffff pref]: can't claim; no compatible bridge window
pci 0000:41:00.0: ROM [mem 0xfff00000-0xffffffff pref]: can't claim; no compatible bridge window
pci 0000:63:00.0: ROM [mem 0xfffc0000-0xffffffff pref]: can't claim; no compatible bridge window
pci 0000:63:00.1: ROM [mem 0xfffc0000-0xffffffff pref]: can't claim; no compatible bridge window
pci 0000:a1:00.0: ROM [mem 0xfff00000-0xffffffff pref]: can't claim; no compatible bridge window
pci 0000:00:01.1: bridge window [mem 0xeb000000-0xeb1fffff]: assigned
pci 0000:01:00.0: ROM [mem 0xeb000000-0xeb0fffff pref]: assigned
pci 0000:01:00.1: ROM [mem 0xeb100000-0xeb1fffff pref]: assigned
pci 0000:00:01.1: PCI bridge to [bus 01]
pci 0000:00:01.1:   bridge window [mem 0xeb000000-0xeb1fffff]
pci 0000:00:01.1:   bridge window [mem 0xec000000-0xf00fffff 64bit pref]
pci 0000:00:07.1: PCI bridge to [bus 02]
pci 0000:00:07.1:   bridge window [mem 0xf9000000-0xf92fffff]
pci 0000:00:07.1:   bridge window [mem 0x2bf60200000-0x2bf602fffff 64bit pref]
pci_bus 0000:00: resource 4 [io  0x0000-0x03af window]
pci_bus 0000:00: resource 5 [io  0x03e0-0x0cf7 window]
pci_bus 0000:00: resource 6 [mem 0x000c0000-0x000fffff window]
pci_bus 0000:00: resource 7 [io  0x0d00-0x1fff window]
pci_bus 0000:00: resource 8 [mem 0xeb000000-0xfebfffff window]
pci_bus 0000:00: resource 9 [mem 0x2bf40000000-0x39edfffffff window]
pci_bus 0000:01: resource 1 [mem 0xeb000000-0xeb1fffff]
pci_bus 0000:01: resource 2 [mem 0xec000000-0xf00fffff 64bit pref]
pci_bus 0000:02: resource 1 [mem 0xf9000000-0xf92fffff]
pci_bus 0000:02: resource 2 [mem 0x2bf60200000-0x2bf602fffff 64bit pref]
pci 0000:20:07.1: PCI bridge to [bus 21]
pci 0000:20:07.1:   bridge window [mem 0x39f00200000-0x39f002fffff 64bit pref]
pci_bus 0000:20: resource 4 [io  0x2000-0x2fff window]
pci_bus 0000:20: resource 5 [mem 0xc4000000-0xd0ffffff window]
pci_bus 0000:20: resource 6 [mem 0x39ee0000000-0x47e7fffffff window]
pci_bus 0000:21: resource 2 [mem 0x39f00200000-0x39f002fffff 64bit pref]
pci 0000:41:00.0: ROM [mem size 0x00100000 pref]: can't assign; no space
pci 0000:41:00.0: ROM [mem size 0x00100000 pref]: failed to assign
pci 0000:40:01.1: PCI bridge to [bus 41]
pci 0000:40:01.1:   bridge window [io  0x3000-0x3fff]
pci 0000:40:01.1:   bridge window [mem 0xda000000-0xda0fffff]
pci 0000:40:01.1:   bridge window [mem 0xd1000000-0xd11fffff 64bit pref]
pci 0000:40:07.1: PCI bridge to [bus 42]
pci 0000:40:07.1:   bridge window [mem 0x1dfc0200000-0x1dfc02fffff 64bit pref]
pci_bus 0000:40: resource 4 [io  0x3000-0x3fff window]
pci_bus 0000:40: resource 5 [mem 0xd1000000-0xddffffff window]
pci_bus 0000:40: resource 6 [mem 0x1dfa0000000-0x2bf3fffffff window]
pci_bus 0000:41: resource 0 [io  0x3000-0x3fff]
pci_bus 0000:41: resource 1 [mem 0xda000000-0xda0fffff]
pci_bus 0000:41: resource 2 [mem 0xd1000000-0xd11fffff 64bit pref]
pci_bus 0000:42: resource 2 [mem 0x1dfc0200000-0x1dfc02fffff 64bit pref]
pci 0000:60:05.3: bridge window [mem 0xdf200000-0xdf2fffff]: assigned
pci 0000:61:00.0: PCI bridge to [bus 62]
pci 0000:61:00.0:   bridge window [mem 0xe7000000-0xe78fffff]
pci 0000:61:00.0:   bridge window [mem 0xde000000-0xdeffffff 64bit pref]
pci 0000:60:05.2: PCI bridge to [bus 61-62]
pci 0000:60:05.2:   bridge window [mem 0xe7000000-0xe78fffff]
pci 0000:60:05.2:   bridge window [mem 0xde000000-0xdeffffff 64bit pref]
pci 0000:63:00.0: ROM [mem 0xdf200000-0xdf23ffff pref]: assigned
pci 0000:63:00.1: ROM [mem 0xdf240000-0xdf27ffff pref]: assigned
pci 0000:60:05.3: PCI bridge to [bus 63]
pci 0000:60:05.3:   bridge window [mem 0xdf200000-0xdf2fffff]
pci 0000:60:05.3:   bridge window [mem 0xdf100000-0xdf1fffff 64bit pref]
pci 0000:60:07.1: PCI bridge to [bus 64]
pci 0000:60:07.1:   bridge window [mem 0xe7a00000-0xe7afffff]
pci 0000:60:07.1:   bridge window [mem 0xdf000000-0xdf0fffff 64bit pref]
pci 0000:60:07.2: PCI bridge to [bus 65]
pci 0000:60:07.2:   bridge window [mem 0xe7900000-0xe79fffff]
pci_bus 0000:60: resource 4 [io  0x4000-0x4fff window]
pci_bus 0000:60: resource 5 [mem 0xde000000-0xeaffffff window]
pci_bus 0000:60: resource 6 [mem 0x10000000000-0x1df9fffffff window]
pci_bus 0000:60: resource 7 [io  0x03b0-0x03df window]
pci_bus 0000:60: resource 8 [mem 0x000a0000-0x000bffff window]
pci_bus 0000:61: resource 1 [mem 0xe7000000-0xe78fffff]
pci_bus 0000:61: resource 2 [mem 0xde000000-0xdeffffff 64bit pref]
pci_bus 0000:62: resource 1 [mem 0xe7000000-0xe78fffff]
pci_bus 0000:62: resource 2 [mem 0xde000000-0xdeffffff 64bit pref]
pci_bus 0000:63: resource 1 [mem 0xdf200000-0xdf2fffff]
pci_bus 0000:63: resource 2 [mem 0xdf100000-0xdf1fffff 64bit pref]
pci_bus 0000:64: resource 1 [mem 0xe7a00000-0xe7afffff]
pci_bus 0000:64: resource 2 [mem 0xdf000000-0xdf0fffff 64bit pref]
pci_bus 0000:65: resource 1 [mem 0xe7900000-0xe79fffff]
pci 0000:80:07.1: PCI bridge to [bus 81]
pci 0000:80:07.1:   bridge window [mem 0xa6000000-0xa61fffff]
pci 0000:80:07.1:   bridge window [mem 0x63de0200000-0x63de02fffff 64bit pref]
pci_bus 0000:80: resource 4 [io  0x5000-0x5fff window]
pci_bus 0000:80: resource 5 [mem 0x9d000000-0xa9ffffff window]
pci_bus 0000:80: resource 6 [mem 0x63dc0000000-0x71d5fffffff window]
pci_bus 0000:81: resource 1 [mem 0xa6000000-0xa61fffff]
pci_bus 0000:81: resource 2 [mem 0x63de0200000-0x63de02fffff 64bit pref]
pci 0000:a1:00.0: ROM [mem size 0x00100000 pref]: can't assign; no space
pci 0000:a1:00.0: ROM [mem size 0x00100000 pref]: failed to assign
pci 0000:a0:01.1: PCI bridge to [bus a1]
pci 0000:a0:01.1:   bridge window [mem 0x99000000-0x991fffff]
pci 0000:a0:07.1: PCI bridge to [bus a2]
pci 0000:a0:07.1:   bridge window [mem 0x71d80200000-0x71d802fffff 64bit pref]
pci_bus 0000:a0: resource 4 [io  0x6000-0x6fff window]
pci_bus 0000:a0: resource 5 [mem 0x90000000-0x9cffffff window]
pci_bus 0000:a0: resource 6 [mem 0x71d60000000-0x7fcffffffff window]
pci_bus 0000:a1: resource 1 [mem 0x99000000-0x991fffff]
pci_bus 0000:a2: resource 2 [mem 0x71d80200000-0x71d802fffff 64bit pref]
pci 0000:c0:07.1: PCI bridge to [bus c1]
pci 0000:c0:07.1:   bridge window [mem 0x55e40200000-0x55e402fffff 64bit pref]
pci_bus 0000:c0: resource 4 [io  0x7000-0x7fff window]
pci_bus 0000:c0: resource 5 [mem 0xaa000000-0xb6ffffff window]
pci_bus 0000:c0: resource 6 [mem 0x55e20000000-0x63dbfffffff window]
pci_bus 0000:c1: resource 2 [mem 0x55e40200000-0x55e402fffff 64bit pref]
pci 0000:e0:07.1: PCI bridge to [bus e1]
pci 0000:e0:07.1:   bridge window [mem 0x47ea0200000-0x47ea02fffff 64bit pref]
pci_bus 0000:e0: resource 4 [mem 0xb7000000-0xc3ffffff window]
pci_bus 0000:e0: resource 5 [mem 0x47e80000000-0x55e1fffffff window]
pci_bus 0000:e1: resource 2 [mem 0x47ea0200000-0x47ea02fffff 64bit pref]
pci 0000:a1:00.0: CLS mismatch (64 != 128), using 64 bytes
pci 0000:60:00.2: AMD-Vi: IOMMU performance counters supported
Trying to unpack rootfs image as initramfs...
pci 0000:60:00.3: Adding to iommu group 0
pci 0000:60:01.0: Adding to iommu group 1
pci 0000:60:02.0: Adding to iommu group 2
pci 0000:60:03.0: Adding to iommu group 3
pci 0000:60:04.0: Adding to iommu group 4
pci 0000:60:05.0: Adding to iommu group 5
pci 0000:60:05.2: Adding to iommu group 6
pci 0000:60:05.3: Adding to iommu group 7
pci 0000:60:07.0: Adding to iommu group 8
pci 0000:60:07.1: Adding to iommu group 8
pci 0000:60:07.2: Adding to iommu group 8
pci 0000:61:00.0: Adding to iommu group 9
pci 0000:62:00.0: Adding to iommu group 9
pci 0000:63:00.0: Adding to iommu group 10
pci 0000:63:00.1: Adding to iommu group 10
pci 0000:64:00.0: Adding to iommu group 8
pci 0000:64:00.1: Adding to iommu group 8
pci 0000:64:00.4: Adding to iommu group 8
pci 0000:65:00.0: Adding to iommu group 8
pci 0000:40:00.2: AMD-Vi: IOMMU performance counters supported
pci 0000:40:00.3: Adding to iommu group 11
pci 0000:40:01.0: Adding to iommu group 12
pci 0000:40:01.1: Adding to iommu group 13
pci 0000:40:02.0: Adding to iommu group 14
pci 0000:40:03.0: Adding to iommu group 15
pci 0000:40:04.0: Adding to iommu group 16
pci 0000:40:05.0: Adding to iommu group 17
pci 0000:40:07.0: Adding to iommu group 18
pci 0000:40:07.1: Adding to iommu group 18
pci 0000:41:00.0: Adding to iommu group 19
pci 0000:42:00.0: Adding to iommu group 18
pci 0000:42:00.1: Adding to iommu group 18
pci 0000:00:00.2: AMD-Vi: IOMMU performance counters supported
pci 0000:00:00.3: Adding to iommu group 20
pci 0000:00:01.0: Adding to iommu group 21
pci 0000:00:01.1: Adding to iommu group 22
pci 0000:00:02.0: Adding to iommu group 23
pci 0000:00:03.0: Adding to iommu group 24
pci 0000:00:04.0: Adding to iommu group 25
pci 0000:00:05.0: Adding to iommu group 26
pci 0000:00:07.0: Adding to iommu group 27
pci 0000:00:07.1: Adding to iommu group 27
pci 0000:00:14.0: Adding to iommu group 28
pci 0000:00:14.3: Adding to iommu group 28
pci 0000:00:18.0: Adding to iommu group 29
pci 0000:00:18.1: Adding to iommu group 29
pci 0000:00:18.2: Adding to iommu group 29
pci 0000:00:18.3: Adding to iommu group 29
pci 0000:00:18.4: Adding to iommu group 29
pci 0000:00:18.5: Adding to iommu group 29
pci 0000:00:18.6: Adding to iommu group 29
pci 0000:00:18.7: Adding to iommu group 29
pci 0000:00:19.0: Adding to iommu group 30
pci 0000:00:19.1: Adding to iommu group 30
pci 0000:00:19.2: Adding to iommu group 30
pci 0000:00:19.3: Adding to iommu group 30
pci 0000:00:19.4: Adding to iommu group 30
pci 0000:00:19.5: Adding to iommu group 30
pci 0000:00:19.6: Adding to iommu group 30
pci 0000:00:19.7: Adding to iommu group 30
pci 0000:01:00.0: Adding to iommu group 31
pci 0000:01:00.1: Adding to iommu group 32
pci 0000:02:00.0: Adding to iommu group 27
pci 0000:02:00.1: Adding to iommu group 27
pci 0000:02:00.4: Adding to iommu group 27
pci 0000:02:00.5: Adding to iommu group 27
pci 0000:20:00.2: AMD-Vi: IOMMU performance counters supported
pci 0000:20:00.3: Adding to iommu group 33
pci 0000:20:01.0: Adding to iommu group 34
pci 0000:20:02.0: Adding to iommu group 35
pci 0000:20:03.0: Adding to iommu group 36
pci 0000:20:04.0: Adding to iommu group 37
pci 0000:20:05.0: Adding to iommu group 38
pci 0000:20:07.0: Adding to iommu group 39
pci 0000:20:07.1: Adding to iommu group 39
pci 0000:21:00.0: Adding to iommu group 39
pci 0000:21:00.1: Adding to iommu group 39
pci 0000:e0:00.2: AMD-Vi: IOMMU performance counters supported
pci 0000:e0:00.3: Adding to iommu group 40
pci 0000:e0:01.0: Adding to iommu group 41
pci 0000:e0:02.0: Adding to iommu group 42
pci 0000:e0:03.0: Adding to iommu group 43
pci 0000:e0:04.0: Adding to iommu group 44
pci 0000:e0:05.0: Adding to iommu group 45
pci 0000:e0:07.0: Adding to iommu group 46
pci 0000:e0:07.1: Adding to iommu group 46
pci 0000:e1:00.0: Adding to iommu group 46
pci 0000:e1:00.1: Adding to iommu group 46
pci 0000:c0:00.2: AMD-Vi: IOMMU performance counters supported
pci 0000:c0:00.3: Adding to iommu group 47
pci 0000:c0:01.0: Adding to iommu group 48
pci 0000:c0:02.0: Adding to iommu group 49
pci 0000:c0:03.0: Adding to iommu group 50
pci 0000:c0:04.0: Adding to iommu group 51
pci 0000:c0:05.0: Adding to iommu group 52
pci 0000:c0:07.0: Adding to iommu group 53
pci 0000:c0:07.1: Adding to iommu group 53
Freeing initrd memory: 73292K
pci 0000:c1:00.0: Adding to iommu group 53
pci 0000:c1:00.1: Adding to iommu group 53
pci 0000:80:00.2: AMD-Vi: IOMMU performance counters supported
pci 0000:80:00.3: Adding to iommu group 54
pci 0000:80:01.0: Adding to iommu group 55
pci 0000:80:02.0: Adding to iommu group 56
pci 0000:80:03.0: Adding to iommu group 57
pci 0000:80:04.0: Adding to iommu group 58
pci 0000:80:05.0: Adding to iommu group 59
pci 0000:80:07.0: Adding to iommu group 60
pci 0000:80:07.1: Adding to iommu group 60
pci 0000:81:00.0: Adding to iommu group 60
pci 0000:81:00.1: Adding to iommu group 60
pci 0000:81:00.5: Adding to iommu group 60
pci 0000:a0:00.2: AMD-Vi: IOMMU performance counters supported
pci 0000:a0:00.3: Adding to iommu group 61
pci 0000:a0:01.0: Adding to iommu group 62
pci 0000:a0:01.1: Adding to iommu group 63
pci 0000:a0:02.0: Adding to iommu group 64
pci 0000:a0:03.0: Adding to iommu group 65
pci 0000:a0:04.0: Adding to iommu group 66
pci 0000:a0:05.0: Adding to iommu group 67
pci 0000:a0:07.0: Adding to iommu group 68
pci 0000:a0:07.1: Adding to iommu group 68
pci 0000:a1:00.0: Adding to iommu group 69
pci 0000:a2:00.0: Adding to iommu group 68
pci 0000:a2:00.1: Adding to iommu group 68
AMD-Vi: Extended features (0x25bf732fa2295afe, 0x1d): PPR X2APIC NX GT [5] IA GA PC GA_vAPIC
AMD-Vi: Interrupt remapping enabled
AMD-Vi: X2APIC enabled
AMD-Vi: Virtual APIC enabled
PCI-DMA: Using software bounce buffering for IO (SWIOTLB)
software IO TLB: mapped [mem 0x00000000630d1000-0x00000000670d1000] (64MB)
RAPL PMU: API unit is 2^-32 Joules, 1 fixed counters, 163840 ms ovfl timer
RAPL PMU: hw unit of domain package 2^-16 Joules
LVT offset 0 assigned for vector 0x400
perf: AMD IBS detected (0x00000bff)
amd_uncore: 16 amd_df counters detected
amd_uncore: 6 amd_l3 counters detected
amd_uncore: 4 amd_umc_0 counters detected
amd_uncore: 4 amd_umc_1 counters detected
amd_uncore: 4 amd_umc_2 counters detected
amd_uncore: 4 amd_umc_3 counters detected
amd_uncore: 4 amd_umc_4 counters detected
amd_uncore: 4 amd_umc_5 counters detected
amd_uncore: 4 amd_umc_6 counters detected
amd_uncore: 4 amd_umc_7 counters detected
amd_uncore: 4 amd_umc_8 counters detected
amd_uncore: 4 amd_umc_9 counters detected
amd_uncore: 4 amd_umc_10 counters detected
amd_uncore: 4 amd_umc_11 counters detected
amd_uncore: 4 amd_umc_12 counters detected
amd_uncore: 4 amd_umc_13 counters detected
amd_uncore: 4 amd_umc_14 counters detected
amd_uncore: 4 amd_umc_15 counters detected
amd_uncore: 4 amd_umc_16 counters detected
amd_uncore: 4 amd_umc_17 counters detected
amd_uncore: 4 amd_umc_18 counters detected
amd_uncore: 4 amd_umc_19 counters detected
amd_uncore: 4 amd_umc_20 counters detected
amd_uncore: 4 amd_umc_21 counters detected
amd_uncore: 4 amd_umc_22 counters detected
amd_uncore: 4 amd_umc_23 counters detected
perf/amd_iommu: Detected AMD IOMMU #0 (2 banks, 4 counters/bank).
perf/amd_iommu: Detected AMD IOMMU #1 (2 banks, 4 counters/bank).
perf/amd_iommu: Detected AMD IOMMU #2 (2 banks, 4 counters/bank).
perf/amd_iommu: Detected AMD IOMMU #3 (2 banks, 4 counters/bank).
perf/amd_iommu: Detected AMD IOMMU #4 (2 banks, 4 counters/bank).
perf/amd_iommu: Detected AMD IOMMU #5 (2 banks, 4 counters/bank).
perf/amd_iommu: Detected AMD IOMMU #6 (2 banks, 4 counters/bank).
perf/amd_iommu: Detected AMD IOMMU #7 (2 banks, 4 counters/bank).
AES CTR mode by8 optimization enabled
Initialise system trusted keyrings
workingset: timestamp_bits=36 max_order=27 bucket_order=0
NET: Registered PF_ALG protocol family
Key type asymmetric registered
Asymmetric key parser 'x509' registered
Block layer SCSI generic (bsg) driver version 0.4 loaded (major 248)
io scheduler mq-deadline registered
io scheduler kyber registered
atomic64_test: passed for x86-64 platform with CX8 and with SSE
pcieport 0000:00:00.3: PME: Signaling with IRQ 51
pcieport 0000:00:01.1: PME: Signaling with IRQ 52
pcieport 0000:00:07.1: PME: Signaling with IRQ 53
pcieport 0000:20:00.3: PME: Signaling with IRQ 55
pcieport 0000:20:07.1: PME: Signaling with IRQ 57
pcieport 0000:40:00.3: PME: Signaling with IRQ 59
pcieport 0000:40:01.1: PME: Signaling with IRQ 60
pcieport 0000:40:07.1: PME: Signaling with IRQ 62
pcieport 0000:60:00.3: PME: Signaling with IRQ 64
pcieport 0000:60:05.2: PME: Signaling with IRQ 65
pcieport 0000:60:05.3: PME: Signaling with IRQ 66
pcieport 0000:60:07.1: PME: Signaling with IRQ 67
pcieport 0000:60:07.2: PME: Signaling with IRQ 68
pcieport 0000:80:00.3: PME: Signaling with IRQ 70
pcieport 0000:80:07.1: PME: Signaling with IRQ 72
pcieport 0000:a0:00.3: PME: Signaling with IRQ 74
pcieport 0000:a0:01.1: PME: Signaling with IRQ 75
pcieport 0000:a0:07.1: PME: Signaling with IRQ 77
pcieport 0000:c0:00.3: PME: Signaling with IRQ 79
pcieport 0000:c0:07.1: PME: Signaling with IRQ 81
pcieport 0000:e0:00.3: PME: Signaling with IRQ 83
pcieport 0000:e0:07.1: PME: Signaling with IRQ 85
input: Power Button as /devices/LNXSYSTM:00/LNXPWRBN:00/input/input0
ACPI: button: Power Button [PWRF]
Monitor-Mwait will be used to enter C-1 state
Estimated ratio of average max frequency by base frequency (times 1024): 1110
Serial: 8250/16550 driver, 32 ports, IRQ sharing enabled
00:03: ttyS1 at I/O 0x2f8 (irq = 3, base_baud = 115200) is a 16550A
00:04: ttyS0 at I/O 0x3f8 (irq = 4, base_baud = 115200) is a 16550A
Non-volatile memory driver v1.3
Linux agpgart interface v0.103
ahci 0000:65:00.0: version 3.0
ahci 0000:65:00.0: AHCI vers 0001.0301, 32 command slots, 6 Gbps, SATA mode
ahci 0000:65:00.0: 4/4 ports implemented (port mask 0xf)
ahci 0000:65:00.0: flags: 64bit ncq sntf ilck pm led clo only pmp fbs pio slum part sxs 
scsi host0: ahci
scsi host1: ahci
scsi host2: ahci
scsi host3: ahci
ata1: SATA max UDMA/133 abar m2048@0xe7900000 port 0xe7900100 irq 87 lpm-pol 0
ata2: SATA max UDMA/133 abar m2048@0xe7900000 port 0xe7900180 irq 88 lpm-pol 0
ata3: SATA max UDMA/133 abar m2048@0xe7900000 port 0xe7900200 irq 89 lpm-pol 0
ata4: SATA max UDMA/133 abar m2048@0xe7900000 port 0xe7900280 irq 90 lpm-pol 0
xhci_hcd 0000:02:00.4: xHCI Host Controller
xhci_hcd 0000:02:00.4: new USB bus registered, assigned bus number 1
xhci_hcd 0000:02:00.4: hcc params 0x0118ffc5 hci version 0x120 quirks 0x0000000200000010
xhci_hcd 0000:02:00.4: xHCI Host Controller
xhci_hcd 0000:02:00.4: new USB bus registered, assigned bus number 2
xhci_hcd 0000:02:00.4: Host supports USB 3.1 Enhanced SuperSpeed
usb usb1: New USB device found, idVendor=1d6b, idProduct=0002, bcdDevice= 6.13
usb usb1: New USB device strings: Mfr=3, Product=2, SerialNumber=1
usb usb1: Product: xHCI Host Controller
usb usb1: Manufacturer: Linux 6.13.0-rc6-custom-00051-geea6e4b4dfb8 xhci-hcd
usb usb1: SerialNumber: 0000:02:00.4
hub 1-0:1.0: USB hub found
hub 1-0:1.0: 2 ports detected
usb usb2: We don't know the algorithms for LPM for this host, disabling LPM.
usb usb2: New USB device found, idVendor=1d6b, idProduct=0003, bcdDevice= 6.13
usb usb2: New USB device strings: Mfr=3, Product=2, SerialNumber=1
usb usb2: Product: xHCI Host Controller
usb usb2: Manufacturer: Linux 6.13.0-rc6-custom-00051-geea6e4b4dfb8 xhci-hcd
usb usb2: SerialNumber: 0000:02:00.4
hub 2-0:1.0: USB hub found
hub 2-0:1.0: 2 ports detected
xhci_hcd 0000:64:00.4: xHCI Host Controller
xhci_hcd 0000:64:00.4: new USB bus registered, assigned bus number 3
xhci_hcd 0000:64:00.4: hcc params 0x0118ffc5 hci version 0x120 quirks 0x0000000200000010
xhci_hcd 0000:64:00.4: xHCI Host Controller
xhci_hcd 0000:64:00.4: new USB bus registered, assigned bus number 4
xhci_hcd 0000:64:00.4: Host supports USB 3.1 Enhanced SuperSpeed
usb usb3: New USB device found, idVendor=1d6b, idProduct=0002, bcdDevice= 6.13
usb usb3: New USB device strings: Mfr=3, Product=2, SerialNumber=1
usb usb3: Product: xHCI Host Controller
usb usb3: Manufacturer: Linux 6.13.0-rc6-custom-00051-geea6e4b4dfb8 xhci-hcd
usb usb3: SerialNumber: 0000:64:00.4
hub 3-0:1.0: USB hub found
hub 3-0:1.0: 2 ports detected
usb usb4: We don't know the algorithms for LPM for this host, disabling LPM.
usb usb4: New USB device found, idVendor=1d6b, idProduct=0003, bcdDevice= 6.13
usb usb4: New USB device strings: Mfr=3, Product=2, SerialNumber=1
usb usb4: Product: xHCI Host Controller
usb usb4: Manufacturer: Linux 6.13.0-rc6-custom-00051-geea6e4b4dfb8 xhci-hcd
usb usb4: SerialNumber: 0000:64:00.4
hub 4-0:1.0: USB hub found
hub 4-0:1.0: 2 ports detected
i8042: PNP: No PS/2 controller found.
rtc_cmos 00:02: RTC can wake from S4
rtc_cmos 00:02: registered as rtc0
rtc_cmos 00:02: setting system clock to 2025-01-21T12:16:19 UTC (1737461779)
rtc_cmos 00:02: alarms up to one month, y3k, 114 bytes nvram
device-mapper: uevent: version 1.0.3
device-mapper: ioctl: 4.48.0-ioctl (2023-03-01) initialised: dm-devel@lists.linux.dev
amd_pstate: driver load is disabled, boot with specific mode to enable this
efifb: probing for efifb
efifb: framebuffer at 0xde000000, using 3072k, total 3072k
efifb: mode is 1024x768x32, linelength=4096, pages=1
efifb: scrolling: redraw
efifb: Truecolor: size=8:8:8:8, shift=24:16:8:0
Console: switching to colour frame buffer device 128x48
fb0: EFI VGA frame buffer device
hid: raw HID events driver (C) Jiri Kosina
usbcore: registered new interface driver usbhid
usbhid: USB HID core driver
drop_monitor: Initializing network drop monitor service
Initializing XFRM netlink socket
NET: Registered PF_INET6 protocol family
Segment Routing with IPv6
In-situ OAM (IOAM) with IPv6
sit: IPv6, IPv4 and MPLS over IPv4 tunneling driver
NET: Registered PF_PACKET protocol family
microcode: Current revision: 0x0a101148
microcode: Updated early from: 0x0a101144
resctrl: L3 allocation detected
resctrl: MB allocation detected
resctrl: SMBA allocation detected
usb 1-1: new high-speed USB device number 2 using xhci_hcd
resctrl: L3 monitoring detected
IPI shorthand broadcast: enabled
sched_clock: Marking stable (5022562986, 2115055685)->(10224401699, -3086783028)
usb 3-1: new high-speed USB device number 2 using xhci_hcd
Loading compiled-in X.509 certificates
Loaded X.509 cert 'Build time autogenerated kernel key: 6f1664116d79b7f821dbb293bd36b97b75b54b13'
Demotion targets for Node 0: null
Demotion targets for Node 1: null
debug_vm_pgtable: [debug_vm_pgtable         ]: Validating architecture page table helpers
ata2: SATA link down (SStatus 0 SControl 300)
ata3: SATA link down (SStatus 0 SControl 300)
ata4: SATA link down (SStatus 0 SControl 300)
ata1: SATA link down (SStatus 0 SControl 300)
PM:   Magic number: 9:538:279
tty ttyy7: hash matches
tty ttyva: hash matches
event_source tracepoint: hash matches
tty tty16: hash matches
usb 1-1: New USB device found, idVendor=0424, idProduct=2514, bcdDevice= 0.00
acpi ACPI0007:3d8: hash matches
usb 1-1: New USB device strings: Mfr=0, Product=0, SerialNumber=0
acpi ACPI0007:3ab: hash matches
memory memory145: hash matches
clk: Disabling unused clocks
usb 3-1: New USB device found, idVendor=1604, idProduct=10c0, bcdDevice= 0.00
usb 3-1: New USB device strings: Mfr=0, Product=0, SerialNumber=0
Freeing unused kernel image (initmem) memory: 3768K
Write protecting the kernel read-only data: 28672k
hub 1-1:1.0: USB hub found
hub 1-1:1.0: 2 ports detected
Freeing unused kernel image (rodata/data gap) memory: 1256K
Run /init as init process
  with arguments:
    /init
  with environment:
    HOME=/
    TERM=linux
    BOOT_IMAGE=http://powerlab/pxelinux/node/genoa0/custom-kernel/kernel
systemd[1]: Failed to find module 'autofs4'
systemd[1]: systemd 255.13-1.fc40 running in system mode (+PAM +AUDIT +SELINUX -APPARMOR +IMA +SMACK +SECCOMP -GCRYPT +GNUTLS +OPENSSL +ACL +BLKID +CURL +ELFUTILS +FIDO2 +IDN2 -IDN -IPTC +KMOD +LIBCRYPTSETUP +LIBFDISK +PCRE2 +PWQUALITY +P11KIT +QRENCODE +TPM2 +BZIP2 +LZ4 +XZ +ZLIB +ZSTD +BPF_FRAMEWORK +XKBCOMMON +UTMP +SYSVINIT default-hierarchy=unified)
hub 3-1:1.0: USB hub found
systemd[1]: Detected architecture x86-64.
hub 3-1:1.0: 4 ports detected
systemd[1]: Running in initrd.
systemd[1]: No hostname configured, using default hostname.
systemd[1]: Hostname set to <localhost>.
systemd[1]: Initializing machine ID from random generator.
systemd[1]: bpf-lsm: BPF LSM hook not enabled in the kernel, BPF LSM not supported
systemd[1]: Queued start job for default target initrd.target.
systemd[1]: Expecting device dev-disk-by\x2duuid-edb04706\x2d08b1\x2d4155\x2db2b7\x2dec5f0804c334.device - /dev/disk/by-uuid/edb04706-08b1-4155-b2b7-ec5f0804c334...
systemd[1]: Reached target initrd-usr-fs.target - Initrd /usr File System.
systemd[1]: Reached target slices.target - Slice Units.
systemd[1]: Reached target swap.target - Swaps.
systemd[1]: Reached target timers.target - Timer Units.
tsc: Refined TSC clocksource calibration: 3249.975 MHz
systemd[1]: Listening on dbus.socket - D-Bus System Message Bus Socket.
clocksource: tsc: mask: 0xffffffffffffffff max_cycles: 0x2ed8b3ab91a, max_idle_ns: 440795305847 ns
clocksource: Switched to clocksource tsc
systemd[1]: Listening on systemd-journald-dev-log.socket - Journal Socket (/dev/log).
systemd[1]: Listening on systemd-journald.socket - Journal Socket.
systemd[1]: Listening on systemd-udevd-control.socket - udev Control Socket.
systemd[1]: Listening on systemd-udevd-kernel.socket - udev Kernel Socket.
systemd[1]: Reached target sockets.target - Socket Units.
systemd[1]: Starting kmod-static-nodes.service - Create List of Static Device Nodes...
systemd[1]: memstrack.service - Memstrack Anylazing Service was skipped because no trigger condition checks were met.
usb 3-1.1: new high-speed USB device number 3 using xhci_hcd
systemd[1]: multipathd-configure.service - Device-Mapper Multipath Default Configuration was skipped because of an unmet condition check (ConditionKernelCommandLine=rd.multipath=default).
systemd[1]: Starting multipathd.service - Device-Mapper Multipath Device Controller...
systemd[1]: systemd-journald.service: unit configures an IP firewall, but the local system does not support BPF/cgroup firewalling.
systemd[1]: systemd-journald.service: (This warning is only shown for the first unit using IP firewalling.)
systemd[1]: Starting systemd-journald.service - Journal Service...
systemd[1]: Starting systemd-modules-load.service - Load Kernel Modules...
systemd[1]: systemd-pcrphase-initrd.service - TPM2 PCR Barrier (initrd) was skipped because of an unmet condition check (ConditionSecurity=measured-uki).
systemd-journald[1074]: Collecting audit messages is disabled.
systemd[1]: Starting systemd-vconsole-setup.service - Virtual Console Setup...
systemd[1]: Finished kmod-static-nodes.service - Create List of Static Device Nodes.
usb 3-1.1: New USB device found, idVendor=1604, idProduct=10c0, bcdDevice= 0.00
usb 3-1.1: New USB device strings: Mfr=0, Product=0, SerialNumber=0
systemd[1]: Finished systemd-modules-load.service - Load Kernel Modules.
hub 3-1.1:1.0: USB hub found
systemd[1]: Started multipathd.service - Device-Mapper Multipath Device Controller.
hub 3-1.1:1.0: 4 ports detected
systemd[1]: Starting systemd-sysctl.service - Apply Kernel Variables...
systemd[1]: Starting systemd-tmpfiles-setup-dev-early.service - Create Static Device Nodes in /dev gracefully...
systemd[1]: Finished systemd-sysctl.service - Apply Kernel Variables.
usb 3-1.4: new high-speed USB device number 4 using xhci_hcd
systemd[1]: Finished systemd-vconsole-setup.service - Virtual Console Setup.
systemd[1]: Starting dracut-cmdline-ask.service - dracut ask for additional cmdline parameters...
systemd[1]: Finished systemd-tmpfiles-setup-dev-early.service - Create Static Device Nodes in /dev gracefully.
usb 3-1.4: New USB device found, idVendor=1604, idProduct=10c0, bcdDevice= 0.00
usb 3-1.4: New USB device strings: Mfr=0, Product=0, SerialNumber=0
systemd[1]: Finished dracut-cmdline-ask.service - dracut ask for additional cmdline parameters.
systemd[1]: Starting dracut-cmdline.service - dracut cmdline hook...
hub 3-1.4:1.0: USB hub found
hub 3-1.4:1.0: 4 ports detected
systemd[1]: Starting systemd-sysusers.service - Create System Users...
systemd[1]: Started systemd-journald.service - Journal Service.
RPC: Registered named UNIX socket transport module.
RPC: Registered udp transport module.
RPC: Registered tcp transport module.
RPC: Registered tcp-with-tls transport module.
RPC: Registered tcp NFSv4.1 backchannel transport module.
raid6: avx512x4 gen() 47515 MB/s
raid6: avx512x2 gen() 50291 MB/s
raid6: avx512x1 gen() 46552 MB/s
raid6: avx2x4   gen() 52470 MB/s
raid6: avx2x2   gen() 52888 MB/s
raid6: avx2x1   gen() 41122 MB/s
raid6: using algorithm avx2x2 gen() 52888 MB/s
raid6: .... xor() 38130 MB/s, rmw enabled
raid6: using avx512x2 recovery algorithm
xor: automatically using best checksumming function   avx       
Btrfs loaded, zoned=no, fsverity=no
tpm_tis MSFT0101:00: 2.0 TPM (device-id 0xFC, rev-id 1)
wmi_bus wmi_bus-PNP0C14:00: [Firmware Bug]: WQBC data block query control method not found
ccp 0000:02:00.5: SEV: memory encryption not enabled by BIOS
megasas: 07.727.03.00-rc1
ccp 0000:02:00.5: psp enabled
ccp 0000:81:00.5: psp enabled
megaraid_sas 0000:41:00.0: BAR:0x0  BAR's base_addr(phys):0x00000000d1000000  mapped virt_addr:0x00000000e740f623
megaraid_sas 0000:41:00.0: FW now in Ready state
megaraid_sas 0000:41:00.0: 63 bit DMA mask and 63 bit consistent mask
megaraid_sas 0000:41:00.0: firmware supports msix	: (128)
igb: Intel(R) Gigabit Ethernet Network Driver
megaraid_sas 0000:41:00.0: requested/available msix 128/128 poll_queue 0
igb: Copyright (c) 2007-2014 Intel Corporation.
megaraid_sas 0000:41:00.0: current msix/online cpus	: (128/128)
megaraid_sas 0000:41:00.0: RDPQ mode	: (enabled)
megaraid_sas 0000:41:00.0: Current firmware supports maximum commands: 5101	 LDIO threshold: 0
pps pps0: new PPS source ptp0
tg3 0000:63:00.0 eth1: Tigon3 [partno(BCM95720) rev 5720000] (PCI Express) MAC address c4:cb:e1:b9:07:60
tg3 0000:63:00.0 eth1: attached PHY is 5720C (10/100/1000Base-T Ethernet) (WireSpeed[1], EEE[1])
tg3 0000:63:00.0 eth1: RXcsums[1] LinkChgREG[0] MIirq[0] ASF[1] TSOcap[1]
tg3 0000:63:00.0 eth1: dma_rwctrl[00000001] dma_mask[64-bit]
megaraid_sas 0000:41:00.0: Performance mode :Balanced (latency index = 8)
igb 0000:a1:00.0: added PHC on eth0
megaraid_sas 0000:41:00.0: FW supports sync cache	: Yes
igb 0000:a1:00.0: Intel(R) Gigabit Ethernet Network Connection
megaraid_sas 0000:41:00.0: megasas_disable_intr_fusion is called outbound_intr_mask:0x40000009
igb 0000:a1:00.0: eth0: (PCIe:2.5Gb/s:Width x1) 50:7c:6f:39:c8:4d
tg3 0000:63:00.1 eth2: Tigon3 [partno(BCM95720) rev 5720000] (PCI Express) MAC address c4:cb:e1:b9:07:61
igb 0000:a1:00.0: eth0: PBA No: G65055-014
tg3 0000:63:00.1 eth2: attached PHY is 5720C (10/100/1000Base-T Ethernet) (WireSpeed[1], EEE[1])
igb 0000:a1:00.0: Using MSI-X interrupts. 4 rx queue(s), 4 tx queue(s)
tg3 0000:63:00.1 eth2: RXcsums[1] LinkChgREG[0] MIirq[0] ASF[1] TSOcap[1]
tg3 0000:63:00.1 eth2: dma_rwctrl[00000001] dma_mask[64-bit]
megaraid_sas 0000:41:00.0: FW supports atomic descriptor	: Yes
ice: Intel(R) Ethernet Connection E800 Series Linux Driver
igb 0000:a1:00.0 enp161s0: renamed from eth0
ice: Copyright (c) 2018, Intel Corporation.
tg3 0000:63:00.1 eno8403: renamed from eth2
tg3 0000:63:00.0 eno8303: renamed from eth1
megaraid_sas 0000:41:00.0: FW provided supportMaxExtLDs: 1	max_lds: 240
megaraid_sas 0000:41:00.0: controller type	: MR(8192MB)
megaraid_sas 0000:41:00.0: Online Controller Reset(OCR)	: Enabled
megaraid_sas 0000:41:00.0: Secure JBOD support	: No
megaraid_sas 0000:41:00.0: NVMe passthru support	: Yes
megaraid_sas 0000:41:00.0: FW provided TM TaskAbort/Reset timeout	: 6 secs/60 secs
megaraid_sas 0000:41:00.0: JBOD sequence map support	: Yes
megaraid_sas 0000:41:00.0: PCI Lane Margining support	: Yes
megaraid_sas 0000:41:00.0: NVME page size	: (4096)
megaraid_sas 0000:41:00.0: megasas_enable_intr_fusion is called outbound_intr_mask:0x40000000
megaraid_sas 0000:41:00.0: INIT adapter done
megaraid_sas 0000:41:00.0: Snap dump wait time	: 15
megaraid_sas 0000:41:00.0: pci id		: (0x1000)/(0x10e2)/(0x1028)/(0x1ae2)
megaraid_sas 0000:41:00.0: unevenspan support	: yes
megaraid_sas 0000:41:00.0: firmware crash dump	: no
megaraid_sas 0000:41:00.0: JBOD sequence map	: enabled
megaraid_sas 0000:41:00.0: Max firmware commands: 5100 shared with default hw_queues = 120 poll_queues 0
scsi host4: Avago SAS based MegaRAID driver
scsi 4:2:0:0: Direct-Access     NVMe     Dell DC NVMe PE8 .3.0 PQ: 0 ANSI: 7
sd 4:2:0:0: Attached scsi generic sg0 type 0
sd 4:2:0:0: [sda] 1875385008 512-byte logical blocks: (960 GB/894 GiB)
sd 4:2:0:0: [sda] Write Protect is off
sd 4:2:0:0: [sda] Mode Sense: 6b 00 10 08
sd 4:2:0:0: [sda] Write cache: disabled, read cache: enabled, supports DPO and FUA
 sda: sda1 sda2 sda3
sd 4:2:0:0: [sda] Attached SCSI disk
ice 0000:01:00.0: The DDP package was successfully loaded: ICE OS Default Package version 1.3.36.0
ice 0000:01:00.0: 126.024 Gb/s available PCIe bandwidth (16.0 GT/s PCIe x8 link)
ice 0000:01:00.0: PTP init successful
ice 0000:01:00.0: DCB is enabled in the hardware, max number of TCs supported on this port are 8
ice 0000:01:00.0: FW LLDP is disabled, DCBx/LLDP in SW mode.
ice 0000:01:00.0: Commit DCB Configuration to the hardware
ice 0000:01:00.1: DDP package already present on device: ICE OS Default Package version 1.3.36.0
ice 0000:01:00.1: 126.024 Gb/s available PCIe bandwidth (16.0 GT/s PCIe x8 link)
ice 0000:01:00.1: PTP init successful
ice 0000:01:00.1: DCB is enabled in the hardware, max number of TCs supported on this port are 8
ice 0000:01:00.1: FW LLDP is disabled, DCBx/LLDP in SW mode.
ice 0000:01:00.1: Commit DCB Configuration to the hardware
ice 0000:01:00.0 eno12399np0: renamed from eth0
ice 0000:01:00.1 eno12409np1: renamed from eth1
EXT4-fs (sda3): orphan cleanup on readonly fs
EXT4-fs (sda3): mounted filesystem edb04706-08b1-4155-b2b7-ec5f0804c334 ro with ordered data mode. Quota mode: none.
systemd-journald[1074]: Received SIGTERM from PID 1 (systemd).
SELinux: https://github.com/SELinuxProject/selinux-kernel/wiki/DEPRECATE-runtime-disable
SELinux: Runtime disable is not supported, use selinux=0 on the kernel cmdline.
systemd[1]: Failed to find module 'autofs4'
systemd[1]: systemd 256.11-1.fc41 running in system mode (+PAM +AUDIT +SELINUX -APPARMOR +IMA +SMACK +SECCOMP -GCRYPT +GNUTLS +OPENSSL +ACL +BLKID +CURL +ELFUTILS +FIDO2 +IDN2 -IDN -IPTC +KMOD +LIBCRYPTSETUP +LIBCRYPTSETUP_PLUGINS +LIBFDISK +PCRE2 +PWQUALITY +P11KIT +QRENCODE +TPM2 +BZIP2 +LZ4 +XZ +ZLIB +ZSTD +BPF_FRAMEWORK +XKBCOMMON +UTMP +SYSVINIT +LIBARCHIVE)
systemd[1]: Detected architecture x86-64.
systemd[1]: bpf-restrict-fs: BPF LSM hook not enabled in the kernel, BPF LSM not supported.
zram: Added device: zram0
systemd[1]: Unknown serialization item 'reload-ratelimit=0 0 0 0', ignoring.
systemd[1]: initrd-switch-root.service: Deactivated successfully.
systemd[1]: Stopped initrd-switch-root.service - Switch Root.
systemd[1]: systemd-journald.service: Scheduled restart job, restart counter is at 1.
systemd[1]: Created slice system-getty.slice - Slice /system/getty.
systemd[1]: Created slice system-serial\x2dgetty.slice - Slice /system/serial-getty.
systemd[1]: Created slice system-sshd\x2dkeygen.slice - Slice /system/sshd-keygen.
systemd[1]: Created slice system-systemd\x2dfsck.slice - Slice /system/systemd-fsck.
systemd[1]: Created slice system-systemd\x2dzram\x2dsetup.slice - Slice /system/systemd-zram-setup.
systemd[1]: Created slice user.slice - User and Session Slice.
systemd[1]: systemd-ask-password-console.path - Dispatch Password Requests to Console Directory Watch was skipped because of an unmet condition check (ConditionPathExists=!/run/plymouth/pid).
systemd[1]: Started systemd-ask-password-wall.path - Forward Password Requests to Wall Directory Watch.
systemd[1]: Starting of proc-sys-fs-binfmt_misc.automount - Arbitrary Executable File Formats File System Automount Point unsupported.
systemd[1]: Expecting device dev-disk-by\x2duuid-0EB1\x2d3753.device - /dev/disk/by-uuid/0EB1-3753...
systemd[1]: Expecting device dev-disk-by\x2duuid-0f558c4c\x2de4fb\x2d4676\x2d9076\x2d6dc3e67c1ca3.device - /dev/disk/by-uuid/0f558c4c-e4fb-4676-9076-6dc3e67c1ca3...
systemd[1]: Expecting device dev-ttyS0.device - /dev/ttyS0...
systemd[1]: Expecting device dev-zram0.device - /dev/zram0...
systemd[1]: Reached target cryptsetup.target - Local Encrypted Volumes.
systemd[1]: Stopped target initrd-switch-root.target - Switch Root.
systemd[1]: Stopped target initrd-fs.target - Initrd File Systems.
systemd[1]: Stopped target initrd-root-fs.target - Initrd Root File System.
systemd[1]: Reached target integritysetup.target - Local Integrity Protected Volumes.
systemd[1]: Reached target paths.target - Path Units.
systemd[1]: Reached target rpc_pipefs.target.
systemd[1]: Reached target slices.target - Slice Units.
systemd[1]: Reached target veritysetup.target - Local Verity Protected Volumes.
systemd[1]: Listening on systemd-coredump.socket - Process Core Dump Socket.
systemd[1]: Listening on systemd-creds.socket - Credential Encryption/Decryption.
systemd[1]: Listening on systemd-initctl.socket - initctl Compatibility Named Pipe.
systemd[1]: Listening on systemd-journald-audit.socket - Journal Audit Socket.
systemd[1]: Listening on systemd-mountfsd.socket - DDI File System Mounter Socket.
systemd[1]: Listening on systemd-nsresourced.socket - Namespace Resource Manager Socket.
systemd[1]: systemd-oomd.socket - Userspace Out-Of-Memory (OOM) Killer Socket was skipped because of an unmet condition check (ConditionPathExists=/proc/pressure/memory).
systemd[1]: systemd-pcrextend.socket - TPM PCR Measurements was skipped because of an unmet condition check (ConditionSecurity=measured-uki).
systemd[1]: systemd-pcrlock.socket - Make TPM PCR Policy was skipped because of an unmet condition check (ConditionSecurity=measured-uki).
systemd[1]: Listening on systemd-udevd-control.socket - udev Control Socket.
systemd[1]: Listening on systemd-udevd-kernel.socket - udev Kernel Socket.
systemd[1]: Listening on systemd-userdbd.socket - User Database Manager Socket.
systemd[1]: Mounting dev-hugepages.mount - Huge Pages File System...
systemd[1]: Mounting dev-mqueue.mount - POSIX Message Queue File System...
systemd[1]: Mounting sys-kernel-debug.mount - Kernel Debug File System...
systemd[1]: Mounting sys-kernel-tracing.mount - Kernel Trace File System...
systemd[1]: auth-rpcgss-module.service - Kernel Module supporting RPCSEC_GSS was skipped because of an unmet condition check (ConditionPathExists=/etc/krb5.keytab).
systemd[1]: Starting kmod-static-nodes.service - Create List of Static Device Nodes...
systemd[1]: Starting modprobe@configfs.service - Load Kernel Module configfs...
systemd[1]: Starting modprobe@dm_mod.service - Load Kernel Module dm_mod...
systemd[1]: Starting modprobe@drm.service - Load Kernel Module drm...
systemd[1]: Starting modprobe@efi_pstore.service - Load Kernel Module efi_pstore...
systemd[1]: Starting modprobe@fuse.service - Load Kernel Module fuse...
systemd[1]: Starting modprobe@loop.service - Load Kernel Module loop...
systemd[1]: plymouth-switch-root.service: Deactivated successfully.
systemd[1]: Stopped plymouth-switch-root.service - Plymouth switch root service.
systemd[1]: systemd-hibernate-clear.service - Clear Stale Hibernate Storage Info was skipped because of an unmet condition check (ConditionPathExists=/sys/firmware/efi/efivars/HibernateLocation-8cf2644b-4b0b-428f-9387-6d876050dc67).
systemd[1]: systemd-journald.service: unit configures an IP firewall, but the local system does not support BPF/cgroup firewalling.
systemd[1]: systemd-journald.service: (This warning is only shown for the first unit using IP firewalling.)
loop: module loaded
systemd[1]: Starting systemd-journald.service - Journal Service...
ACPI: bus type drm_connector registered
fuse: init (API version 7.41)
systemd[1]: Starting systemd-modules-load.service - Load Kernel Modules...
systemd[1]: Starting systemd-network-generator.service - Generate network units from Kernel command line...
systemd[1]: systemd-pcrmachine.service - TPM PCR Machine ID Measurement was skipped because of an unmet condition check (ConditionSecurity=measured-uki).
systemd-journald[1894]: Collecting audit messages is enabled.
systemd[1]: Starting systemd-remount-fs.service - Remount Root and Kernel File Systems...
systemd[1]: systemd-tpm2-setup-early.service - Early TPM SRK Setup was skipped because of an unmet condition check (ConditionSecurity=measured-uki).
systemd[1]: Starting systemd-udev-load-credentials.service - Load udev Rules from Credentials...
systemd[1]: Starting systemd-udev-trigger.service - Coldplug All udev Devices...
EXT4-fs (sda3): re-mounted edb04706-08b1-4155-b2b7-ec5f0804c334 r/w. Quota mode: none.
systemd[1]: Started systemd-journald.service - Journal Service.
audit: type=1130 audit(1737461793.772:2): pid=1 uid=0 auid=4294967295 ses=4294967295 subj=kernel msg='unit=systemd-journald comm="systemd" exe="/usr/lib/systemd/systemd" hostname=? addr=? terminal=? res=success'
audit: type=1130 audit(1737461793.793:3): pid=1 uid=0 auid=4294967295 ses=4294967295 subj=kernel msg='unit=kmod-static-nodes comm="systemd" exe="/usr/lib/systemd/systemd" hostname=? addr=? terminal=? res=success'
audit: type=1130 audit(1737461793.814:4): pid=1 uid=0 auid=4294967295 ses=4294967295 subj=kernel msg='unit=modprobe@configfs comm="systemd" exe="/usr/lib/systemd/systemd" hostname=? addr=? terminal=? res=success'
audit: type=1131 audit(1737461793.814:5): pid=1 uid=0 auid=4294967295 ses=4294967295 subj=kernel msg='unit=modprobe@configfs comm="systemd" exe="/usr/lib/systemd/systemd" hostname=? addr=? terminal=? res=success'
audit: type=1130 audit(1737461793.835:6): pid=1 uid=0 auid=4294967295 ses=4294967295 subj=kernel msg='unit=modprobe@dm_mod comm="systemd" exe="/usr/lib/systemd/systemd" hostname=? addr=? terminal=? res=success'
audit: type=1131 audit(1737461793.835:7): pid=1 uid=0 auid=4294967295 ses=4294967295 subj=kernel msg='unit=modprobe@dm_mod comm="systemd" exe="/usr/lib/systemd/systemd" hostname=? addr=? terminal=? res=success'
audit: type=1130 audit(1737461793.856:8): pid=1 uid=0 auid=4294967295 ses=4294967295 subj=kernel msg='unit=modprobe@drm comm="systemd" exe="/usr/lib/systemd/systemd" hostname=? addr=? terminal=? res=success'
audit: type=1131 audit(1737461793.856:9): pid=1 uid=0 auid=4294967295 ses=4294967295 subj=kernel msg='unit=modprobe@drm comm="systemd" exe="/usr/lib/systemd/systemd" hostname=? addr=? terminal=? res=success'
audit: type=1130 audit(1737461793.897:10): pid=1 uid=0 auid=4294967295 ses=4294967295 subj=kernel msg='unit=modprobe@efi_pstore comm="systemd" exe="/usr/lib/systemd/systemd" hostname=? addr=? terminal=? res=success'
audit: type=1131 audit(1737461793.897:11): pid=1 uid=0 auid=4294967295 ses=4294967295 subj=kernel msg='unit=modprobe@efi_pstore comm="systemd" exe="/usr/lib/systemd/systemd" hostname=? addr=? terminal=? res=success'
systemd-journald[1894]: Received client request to flush runtime journal.
igb 0000:a1:00.0 i210: renamed from enp161s0
tg3 0000:63:00.0 genoa0net: renamed from eno8303
IPMI message handler: version 39.2
ipmi device interface
piix4_smbus 0000:00:14.0: SMBus Host Controller at 0xb00, revision 0
piix4_smbus 0000:00:14.0: Using register 0x02 for SMBus port selection
ipmi_si: IPMI System Interface driver
piix4_smbus 0000:00:14.0: Auxiliary SMBus Host Controller at 0xb20
ipmi_si dmi-ipmi-si.0: ipmi_platform: probing via SMBIOS
i2c i2c-2: Successfully instantiated SPD at 0x50
ipmi_platform: ipmi_si: SMBIOS: io 0xca8 regsize 1 spacing 4 irq 10
input: PC Speaker as /devices/platform/pcspkr/input/input1
i2c i2c-2: Successfully instantiated SPD at 0x51
ipmi_si: Adding SMBIOS-specified kcs state machine
i2c i2c-2: Successfully instantiated SPD at 0x52
ipmi_si IPI0001:00: ipmi_platform: probing via ACPI
i2c i2c-2: Successfully instantiated SPD at 0x53
ipmi_si IPI0001:00: ipmi_platform: [io  0x0ca8] regsize 1 spacing 4 irq 0
i2c i2c-2: Successfully instantiated SPD at 0x54
ipmi_si dmi-ipmi-si.0: Removing SMBIOS-specified kcs state machine in favor of ACPI
i2c i2c-2: Successfully instantiated SPD at 0x55
ipmi_si: Adding ACPI-specified kcs state machine
i2c i2c-2: Successfully instantiated SPD at 0x56
ipmi_si: Trying ACPI-specified kcs state machine at i/o address 0xca8, slave address 0x20, irq 0
i2c i2c-2: Successfully instantiated SPD at 0x57
intel_rapl_common: Found RAPL domain package
intel_rapl_common: Found RAPL domain core
intel_rapl_common: Found RAPL domain package
intel_rapl_common: Found RAPL domain core
ipmi_si IPI0001:00: IPMI message handler: Found new BMC (man_id: 0x0002a2, prod_id: 0x0100, dev_id: 0x20)
Adding 32767996k swap on /dev/sda2.  Priority:-2 extents:1 across:32767996k SS
zram0: detected capacity change from 0 to 16777216
ipmi_si IPI0001:00: IPMI kcs interface initialized
ipmi_ssif: IPMI SSIF Interface driver
Adding 8388604k swap on /dev/zram0.  Priority:100 extents:1 across:8388604k SSDsc
igb 0000:a1:00.0 i210: igb: i210 NIC Link is Up 1000 Mbps Full Duplex, Flow Control: RX/TX
tg3 0000:63:00.0 genoa0net: Link is up at 1000 Mbps, full duplex
tg3 0000:63:00.0 genoa0net: Flow control is off for TX and off for RX
tg3 0000:63:00.0 genoa0net: EEE is disabled
