[    0.000000] Linux version 6.3.7-100.fc37.x86_64 (mockbuild@bkernel02.iad2.fedoraproject.org) (gcc (GCC) 12.3.1 20230508 (Red Hat 12.3.1-1), GNU ld version 2.38-27.fc37) #1 SMP PREEMPT_DYNAMIC Fri Jun  9 15:21:15 UTC 2023
[    0.000000] Command line: BOOT_IMAGE=http://powerlab/pxelinux/node/bdwep1/fedora37/kernel initrd=http://powerlab/pxelinux/node/bdwep1/fedora37/initramfs.img root=UUID=b1b471fa-9391-4671-b9c5-e15c256f63da ro console=ttyS0,115200 msr.allow_writes=1
[    0.000000] x86/fpu: Supporting XSAVE feature 0x001: 'x87 floating point registers'
[    0.000000] x86/fpu: Supporting XSAVE feature 0x002: 'SSE registers'
[    0.000000] x86/fpu: Supporting XSAVE feature 0x004: 'AVX registers'
[    0.000000] x86/fpu: xstate_offset[2]:  576, xstate_sizes[2]:  256
[    0.000000] x86/fpu: Enabled xstate features 0x7, context size is 832 bytes, using 'standard' format.
[    0.000000] signal: max sigframe size: 1776
[    0.000000] BIOS-provided physical RAM map:
[    0.000000] BIOS-e820: [mem 0x0000000000000000-0x000000000009ffff] usable
[    0.000000] BIOS-e820: [mem 0x0000000000100000-0x000000007a088fff] usable
[    0.000000] BIOS-e820: [mem 0x000000007a089000-0x000000007af0afff] reserved
[    0.000000] BIOS-e820: [mem 0x000000007af0b000-0x000000007b93afff] ACPI NVS
[    0.000000] BIOS-e820: [mem 0x000000007b93b000-0x000000007bab2fff] ACPI data
[    0.000000] BIOS-e820: [mem 0x000000007bab3000-0x000000007bae8fff] usable
[    0.000000] BIOS-e820: [mem 0x000000007bae9000-0x000000007bafefff] ACPI data
[    0.000000] BIOS-e820: [mem 0x000000007baff000-0x000000007bafffff] usable
[    0.000000] BIOS-e820: [mem 0x0000000080000000-0x000000008fffffff] reserved
[    0.000000] BIOS-e820: [mem 0x00000000feda8000-0x00000000fedabfff] reserved
[    0.000000] BIOS-e820: [mem 0x00000000ff310000-0x00000000ffffffff] reserved
[    0.000000] BIOS-e820: [mem 0x0000000100000000-0x000000407fffffff] usable
[    0.000000] NX (Execute Disable) protection: active
[    0.000000] e820: update [mem 0x70f89018-0x70fa1457] usable ==> usable
[    0.000000] e820: update [mem 0x70f89018-0x70fa1457] usable ==> usable
[    0.000000] e820: update [mem 0x706ce018-0x7072ca57] usable ==> usable
[    0.000000] e820: update [mem 0x706ce018-0x7072ca57] usable ==> usable
[    0.000000] e820: update [mem 0x6e883018-0x6e8e1a57] usable ==> usable
[    0.000000] e820: update [mem 0x6e883018-0x6e8e1a57] usable ==> usable
[    0.000000] e820: update [mem 0x6e824018-0x6e882a57] usable ==> usable
[    0.000000] e820: update [mem 0x6e824018-0x6e882a57] usable ==> usable
[    0.000000] e820: update [mem 0x6e7c5018-0x6e823a57] usable ==> usable
[    0.000000] e820: update [mem 0x6e7c5018-0x6e823a57] usable ==> usable
[    0.000000] e820: update [mem 0x715ff018-0x71604a57] usable ==> usable
[    0.000000] e820: update [mem 0x715ff018-0x71604a57] usable ==> usable
[    0.000000] e820: update [mem 0x715f6018-0x715fe057] usable ==> usable
[    0.000000] e820: update [mem 0x715f6018-0x715fe057] usable ==> usable
[    0.000000] extended physical RAM map:
[    0.000000] reserve setup_data: [mem 0x0000000000000000-0x000000000009ffff] usable
[    0.000000] reserve setup_data: [mem 0x0000000000100000-0x000000006e7c5017] usable
[    0.000000] reserve setup_data: [mem 0x000000006e7c5018-0x000000006e823a57] usable
[    0.000000] reserve setup_data: [mem 0x000000006e823a58-0x000000006e824017] usable
[    0.000000] reserve setup_data: [mem 0x000000006e824018-0x000000006e882a57] usable
[    0.000000] reserve setup_data: [mem 0x000000006e882a58-0x000000006e883017] usable
[    0.000000] reserve setup_data: [mem 0x000000006e883018-0x000000006e8e1a57] usable
[    0.000000] reserve setup_data: [mem 0x000000006e8e1a58-0x00000000706ce017] usable
[    0.000000] reserve setup_data: [mem 0x00000000706ce018-0x000000007072ca57] usable
[    0.000000] reserve setup_data: [mem 0x000000007072ca58-0x0000000070f89017] usable
[    0.000000] reserve setup_data: [mem 0x0000000070f89018-0x0000000070fa1457] usable
[    0.000000] reserve setup_data: [mem 0x0000000070fa1458-0x00000000715f6017] usable
[    0.000000] reserve setup_data: [mem 0x00000000715f6018-0x00000000715fe057] usable
[    0.000000] reserve setup_data: [mem 0x00000000715fe058-0x00000000715ff017] usable
[    0.000000] reserve setup_data: [mem 0x00000000715ff018-0x0000000071604a57] usable
[    0.000000] reserve setup_data: [mem 0x0000000071604a58-0x000000007a088fff] usable
[    0.000000] reserve setup_data: [mem 0x000000007a089000-0x000000007af0afff] reserved
[    0.000000] reserve setup_data: [mem 0x000000007af0b000-0x000000007b93afff] ACPI NVS
[    0.000000] reserve setup_data: [mem 0x000000007b93b000-0x000000007bab2fff] ACPI data
[    0.000000] reserve setup_data: [mem 0x000000007bab3000-0x000000007bae8fff] usable
[    0.000000] reserve setup_data: [mem 0x000000007bae9000-0x000000007bafefff] ACPI data
[    0.000000] reserve setup_data: [mem 0x000000007baff000-0x000000007bafffff] usable
[    0.000000] reserve setup_data: [mem 0x0000000080000000-0x000000008fffffff] reserved
[    0.000000] reserve setup_data: [mem 0x00000000feda8000-0x00000000fedabfff] reserved
[    0.000000] reserve setup_data: [mem 0x00000000ff310000-0x00000000ffffffff] reserved
[    0.000000] reserve setup_data: [mem 0x0000000100000000-0x000000407fffffff] usable
[    0.000000] efi: EFI v2.4 by Dell Inc.
[    0.000000] efi: ACPI=0x7bab2000 ACPI 2.0=0x7bab2014 SMBIOS=0x7af0a000 RNG=0x7baf7f98 
[    0.000000] random: crng init done
[    0.000000] efi: Remove mem254: MMIO range=[0x80000000-0x8fffffff] (256MB) from e820 map
[    0.000000] e820: remove [mem 0x80000000-0x8fffffff] reserved
[    0.000000] efi: Not removing mem255: MMIO range=[0xfeda8000-0xfedabfff] (16KB) from e820 map
[    0.000000] efi: Remove mem256: MMIO range=[0xff310000-0xffffffff] (12MB) from e820 map
[    0.000000] e820: remove [mem 0xff310000-0xffffffff] reserved
[    0.000000] secureboot: Secure boot disabled
[    0.000000] SMBIOS 2.8 present.
[    0.000000] DMI: Dell Inc. PowerEdge R630/02C2CP, BIOS 2.13.0 05/14/2021
[    0.000000] tsc: Fast TSC calibration using PIT
[    0.000000] tsc: Detected 2199.910 MHz processor
[    0.000007] e820: update [mem 0x00000000-0x00000fff] usable ==> reserved
[    0.000011] e820: remove [mem 0x000a0000-0x000fffff] usable
[    0.000023] last_pfn = 0x4080000 max_arch_pfn = 0x400000000
[    0.000029] x86/PAT: Configuration [0-7]: WB  WC  UC- UC  WB  WP  UC- WT  
[    0.000472] last_pfn = 0x7bb00 max_arch_pfn = 0x400000000
[    0.008472] Using GB pages for direct mapping
[    0.008865] secureboot: Secure boot disabled
[    0.008866] RAMDISK: [mem 0x6a83c000-0x6baebfff]
[    0.008869] ACPI: Early table checksum verification disabled
[    0.008871] ACPI: RSDP 0x000000007BAB2014 000024 (v02 DELL  )
[    0.008875] ACPI: XSDT 0x000000007BAF9188 0000D4 (v01 DELL   PE_SC3   00000000      01000013)
[    0.008881] ACPI: FACP 0x000000007BAAB000 0000F4 (v04 DELL   PE_SC3   00000000 DELL 00000001)
[    0.008885] ACPI: DSDT 0x000000007BA93000 010F68 (v02 DELL   PE_SC3   00000003 DELL 00000001)
[    0.008888] ACPI: FACS 0x000000007B882000 000040
[    0.008891] ACPI: MCEJ 0x000000007BAB0000 000130 (v01 INTEL           00000001 INTL 0100000D)
[    0.008894] ACPI: SSDT 0x000000007BAAF000 0003C6 (v02 DELL   Tpm2Tabl 00001000 INTL 20121114)
[    0.008897] ACPI: TPM2 0x000000007BAAE000 000038 (v04 DELL   EDK2     00000002      01000013)
[    0.008899] ACPI: WD__ 0x000000007BAAD000 000134 (v01 DELL   PE_SC3   00000001 DELL 00000001)
[    0.008902] ACPI: SLIC 0x000000007BAAC000 000024 (v01 DELL   PE_SC3   00000001 DELL 00000001)
[    0.008905] ACPI: HPET 0x000000007BAAA000 000038 (v01 DELL   PE_SC3   00000001 DELL 00000001)
[    0.008908] ACPI: APIC 0x000000007BAA9000 000AFC (v02 DELL   PE_SC3   00000000 DELL 00000001)
[    0.008910] ACPI: MCFG 0x000000007BAA8000 00003C (v01 DELL   PE_SC3   00000001 DELL 00000001)
[    0.008913] ACPI: MSCT 0x000000007BAA7000 000090 (v01 DELL   PE_SC3   00000001 DELL 00000001)
[    0.008916] ACPI: SLIT 0x000000007BAA6000 00006C (v01 DELL   PE_SC3   00000001 DELL 00000001)
[    0.008919] ACPI: SRAT 0x000000007BAA4000 001130 (v03 DELL   PE_SC3   00000001 DELL 00000001)
[    0.008921] ACPI: SSDT 0x000000007B950000 1424A9 (v02 DELL   PE_SC3   00004000 INTL 20121114)
[    0.008924] ACPI: SSDT 0x000000007B94D000 00217F (v02 DELL   PE_SC3   00000002 INTL 20121114)
[    0.008927] ACPI: SSDT 0x000000007B94C000 00006E (v02 DELL   PE_SC3   00000002 INTL 20121114)
[    0.008930] ACPI: PRAD 0x000000007B94B000 000132 (v02 DELL   PE_SC3   00000002 INTL 20121114)
[    0.008933] ACPI: SPCR 0x000000007BAFE000 000050 (v01                 00000000      00000000)
[    0.008935] ACPI: DMAR 0x000000007BAFD000 0000D0 (v01 DELL   PE_SC3   00000001 DELL 00000001)
[    0.008938] ACPI: HEST 0x000000007BAFC000 00017C (v01 DELL   PE_SC3   00000002 DELL 00000001)
[    0.008941] ACPI: BERT 0x000000007BAFB000 000030 (v01 DELL   PE_SC3   00000002 DELL 00000001)
[    0.008943] ACPI: ERST 0x000000007BAFA000 000230 (v01 DELL   PE_SC3   00000002 DELL 00000001)
[    0.008946] ACPI: EINJ 0x000000007BAF8000 000150 (v01 DELL   PE_SC3   00000002 DELL 00000001)
[    0.008949] ACPI: Reserving FACP table memory at [mem 0x7baab000-0x7baab0f3]
[    0.008950] ACPI: Reserving DSDT table memory at [mem 0x7ba93000-0x7baa3f67]
[    0.008951] ACPI: Reserving FACS table memory at [mem 0x7b882000-0x7b88203f]
[    0.008952] ACPI: Reserving MCEJ table memory at [mem 0x7bab0000-0x7bab012f]
[    0.008953] ACPI: Reserving SSDT table memory at [mem 0x7baaf000-0x7baaf3c5]
[    0.008953] ACPI: Reserving TPM2 table memory at [mem 0x7baae000-0x7baae037]
[    0.008954] ACPI: Reserving WD__ table memory at [mem 0x7baad000-0x7baad133]
[    0.008955] ACPI: Reserving SLIC table memory at [mem 0x7baac000-0x7baac023]
[    0.008956] ACPI: Reserving HPET table memory at [mem 0x7baaa000-0x7baaa037]
[    0.008957] ACPI: Reserving APIC table memory at [mem 0x7baa9000-0x7baa9afb]
[    0.008957] ACPI: Reserving MCFG table memory at [mem 0x7baa8000-0x7baa803b]
[    0.008958] ACPI: Reserving MSCT table memory at [mem 0x7baa7000-0x7baa708f]
[    0.008959] ACPI: Reserving SLIT table memory at [mem 0x7baa6000-0x7baa606b]
[    0.008960] ACPI: Reserving SRAT table memory at [mem 0x7baa4000-0x7baa512f]
[    0.008960] ACPI: Reserving SSDT table memory at [mem 0x7b950000-0x7ba924a8]
[    0.008961] ACPI: Reserving SSDT table memory at [mem 0x7b94d000-0x7b94f17e]
[    0.008962] ACPI: Reserving SSDT table memory at [mem 0x7b94c000-0x7b94c06d]
[    0.008963] ACPI: Reserving PRAD table memory at [mem 0x7b94b000-0x7b94b131]
[    0.008964] ACPI: Reserving SPCR table memory at [mem 0x7bafe000-0x7bafe04f]
[    0.008965] ACPI: Reserving DMAR table memory at [mem 0x7bafd000-0x7bafd0cf]
[    0.008966] ACPI: Reserving HEST table memory at [mem 0x7bafc000-0x7bafc17b]
[    0.008966] ACPI: Reserving BERT table memory at [mem 0x7bafb000-0x7bafb02f]
[    0.008967] ACPI: Reserving ERST table memory at [mem 0x7bafa000-0x7bafa22f]
[    0.008968] ACPI: Reserving EINJ table memory at [mem 0x7baf8000-0x7baf814f]
[    0.008995] SRAT: PXM 0 -> APIC 0x00 -> Node 0
[    0.008997] SRAT: PXM 1 -> APIC 0x40 -> Node 1
[    0.008998] SRAT: PXM 0 -> APIC 0x02 -> Node 0
[    0.008999] SRAT: PXM 1 -> APIC 0x42 -> Node 1
[    0.008999] SRAT: PXM 0 -> APIC 0x04 -> Node 0
[    0.009000] SRAT: PXM 1 -> APIC 0x44 -> Node 1
[    0.009001] SRAT: PXM 0 -> APIC 0x06 -> Node 0
[    0.009001] SRAT: PXM 1 -> APIC 0x46 -> Node 1
[    0.009002] SRAT: PXM 0 -> APIC 0x08 -> Node 0
[    0.009003] SRAT: PXM 1 -> APIC 0x48 -> Node 1
[    0.009003] SRAT: PXM 0 -> APIC 0x0a -> Node 0
[    0.009004] SRAT: PXM 1 -> APIC 0x4a -> Node 1
[    0.009005] SRAT: PXM 0 -> APIC 0x10 -> Node 0
[    0.009006] SRAT: PXM 1 -> APIC 0x50 -> Node 1
[    0.009006] SRAT: PXM 0 -> APIC 0x12 -> Node 0
[    0.009007] SRAT: PXM 1 -> APIC 0x52 -> Node 1
[    0.009008] SRAT: PXM 0 -> APIC 0x14 -> Node 0
[    0.009008] SRAT: PXM 1 -> APIC 0x54 -> Node 1
[    0.009009] SRAT: PXM 0 -> APIC 0x16 -> Node 0
[    0.009010] SRAT: PXM 1 -> APIC 0x56 -> Node 1
[    0.009010] SRAT: PXM 0 -> APIC 0x18 -> Node 0
[    0.009011] SRAT: PXM 1 -> APIC 0x58 -> Node 1
[    0.009012] SRAT: PXM 0 -> APIC 0x20 -> Node 0
[    0.009012] SRAT: PXM 1 -> APIC 0x60 -> Node 1
[    0.009013] SRAT: PXM 0 -> APIC 0x22 -> Node 0
[    0.009014] SRAT: PXM 1 -> APIC 0x62 -> Node 1
[    0.009014] SRAT: PXM 0 -> APIC 0x24 -> Node 0
[    0.009015] SRAT: PXM 1 -> APIC 0x64 -> Node 1
[    0.009016] SRAT: PXM 0 -> APIC 0x26 -> Node 0
[    0.009016] SRAT: PXM 1 -> APIC 0x66 -> Node 1
[    0.009017] SRAT: PXM 0 -> APIC 0x28 -> Node 0
[    0.009018] SRAT: PXM 1 -> APIC 0x68 -> Node 1
[    0.009019] SRAT: PXM 0 -> APIC 0x2a -> Node 0
[    0.009019] SRAT: PXM 1 -> APIC 0x6a -> Node 1
[    0.009020] SRAT: PXM 0 -> APIC 0x30 -> Node 0
[    0.009021] SRAT: PXM 1 -> APIC 0x70 -> Node 1
[    0.009021] SRAT: PXM 0 -> APIC 0x32 -> Node 0
[    0.009022] SRAT: PXM 1 -> APIC 0x72 -> Node 1
[    0.009023] SRAT: PXM 0 -> APIC 0x34 -> Node 0
[    0.009023] SRAT: PXM 1 -> APIC 0x74 -> Node 1
[    0.009024] SRAT: PXM 0 -> APIC 0x36 -> Node 0
[    0.009025] SRAT: PXM 1 -> APIC 0x76 -> Node 1
[    0.009025] SRAT: PXM 0 -> APIC 0x38 -> Node 0
[    0.009026] SRAT: PXM 1 -> APIC 0x78 -> Node 1
[    0.009027] SRAT: PXM 0 -> APIC 0x01 -> Node 0
[    0.009027] SRAT: PXM 1 -> APIC 0x41 -> Node 1
[    0.009028] SRAT: PXM 0 -> APIC 0x03 -> Node 0
[    0.009029] SRAT: PXM 1 -> APIC 0x43 -> Node 1
[    0.009030] SRAT: PXM 0 -> APIC 0x05 -> Node 0
[    0.009030] SRAT: PXM 1 -> APIC 0x45 -> Node 1
[    0.009031] SRAT: PXM 0 -> APIC 0x07 -> Node 0
[    0.009032] SRAT: PXM 1 -> APIC 0x47 -> Node 1
[    0.009032] SRAT: PXM 0 -> APIC 0x09 -> Node 0
[    0.009033] SRAT: PXM 1 -> APIC 0x49 -> Node 1
[    0.009034] SRAT: PXM 0 -> APIC 0x0b -> Node 0
[    0.009034] SRAT: PXM 1 -> APIC 0x4b -> Node 1
[    0.009035] SRAT: PXM 0 -> APIC 0x11 -> Node 0
[    0.009036] SRAT: PXM 1 -> APIC 0x51 -> Node 1
[    0.009036] SRAT: PXM 0 -> APIC 0x13 -> Node 0
[    0.009037] SRAT: PXM 1 -> APIC 0x53 -> Node 1
[    0.009038] SRAT: PXM 0 -> APIC 0x15 -> Node 0
[    0.009038] SRAT: PXM 1 -> APIC 0x55 -> Node 1
[    0.009039] SRAT: PXM 0 -> APIC 0x17 -> Node 0
[    0.009040] SRAT: PXM 1 -> APIC 0x57 -> Node 1
[    0.009040] SRAT: PXM 0 -> APIC 0x19 -> Node 0
[    0.009041] SRAT: PXM 1 -> APIC 0x59 -> Node 1
[    0.009042] SRAT: PXM 0 -> APIC 0x21 -> Node 0
[    0.009042] SRAT: PXM 1 -> APIC 0x61 -> Node 1
[    0.009043] SRAT: PXM 0 -> APIC 0x23 -> Node 0
[    0.009044] SRAT: PXM 1 -> APIC 0x63 -> Node 1
[    0.009044] SRAT: PXM 0 -> APIC 0x25 -> Node 0
[    0.009045] SRAT: PXM 1 -> APIC 0x65 -> Node 1
[    0.009046] SRAT: PXM 0 -> APIC 0x27 -> Node 0
[    0.009047] SRAT: PXM 1 -> APIC 0x67 -> Node 1
[    0.009047] SRAT: PXM 0 -> APIC 0x29 -> Node 0
[    0.009048] SRAT: PXM 1 -> APIC 0x69 -> Node 1
[    0.009049] SRAT: PXM 0 -> APIC 0x2b -> Node 0
[    0.009049] SRAT: PXM 1 -> APIC 0x6b -> Node 1
[    0.009050] SRAT: PXM 0 -> APIC 0x31 -> Node 0
[    0.009051] SRAT: PXM 1 -> APIC 0x71 -> Node 1
[    0.009051] SRAT: PXM 0 -> APIC 0x33 -> Node 0
[    0.009052] SRAT: PXM 1 -> APIC 0x73 -> Node 1
[    0.009053] SRAT: PXM 0 -> APIC 0x35 -> Node 0
[    0.009053] SRAT: PXM 1 -> APIC 0x75 -> Node 1
[    0.009054] SRAT: PXM 0 -> APIC 0x37 -> Node 0
[    0.009055] SRAT: PXM 1 -> APIC 0x77 -> Node 1
[    0.009055] SRAT: PXM 0 -> APIC 0x39 -> Node 0
[    0.009056] SRAT: PXM 1 -> APIC 0x79 -> Node 1
[    0.009062] ACPI: SRAT: Node 0 PXM 0 [mem 0x00000000-0x207fffffff]
[    0.009064] ACPI: SRAT: Node 1 PXM 1 [mem 0x2080000000-0x407fffffff]
[    0.009070] NUMA: Initialized distance table, cnt=2
[    0.009081] NODE_DATA(0) allocated [mem 0x207ffd5000-0x207fffffff]
[    0.009103] NODE_DATA(1) allocated [mem 0x407ffd4000-0x407fffefff]
[    0.704875] Zone ranges:
[    0.704878]   DMA      [mem 0x0000000000001000-0x0000000000ffffff]
[    0.704883]   DMA32    [mem 0x0000000001000000-0x00000000ffffffff]
[    0.704884]   Normal   [mem 0x0000000100000000-0x000000407fffffff]
[    0.704886]   Device   empty
[    0.704887] Movable zone start for each node
[    0.704890] Early memory node ranges
[    0.704890]   node   0: [mem 0x0000000000001000-0x000000000009ffff]
[    0.704892]   node   0: [mem 0x0000000000100000-0x000000007a088fff]
[    0.704893]   node   0: [mem 0x000000007bab3000-0x000000007bae8fff]
[    0.704894]   node   0: [mem 0x000000007baff000-0x000000007bafffff]
[    0.704895]   node   0: [mem 0x0000000100000000-0x000000207fffffff]
[    0.704906]   node   1: [mem 0x0000002080000000-0x000000407fffffff]
[    0.704919] Initmem setup node 0 [mem 0x0000000000001000-0x000000207fffffff]
[    0.704926] Initmem setup node 1 [mem 0x0000002080000000-0x000000407fffffff]
[    0.704933] On node 0, zone DMA: 1 pages in unavailable ranges
[    0.704968] On node 0, zone DMA: 96 pages in unavailable ranges
[    0.709419] On node 0, zone DMA32: 6698 pages in unavailable ranges
[    0.709423] On node 0, zone DMA32: 22 pages in unavailable ranges
[    1.020512] On node 0, zone Normal: 17664 pages in unavailable ranges
[    1.419440] tboot: non-0 tboot_addr but it is not of type E820_TYPE_RESERVED
[    1.419571] ACPI: PM-Timer IO Port: 0x408
[    1.419598] ACPI: LAPIC_NMI (acpi_id[0x00] high level lint[0x1])
[    1.419600] ACPI: LAPIC_NMI (acpi_id[0x01] high level lint[0x1])
[    1.419601] ACPI: LAPIC_NMI (acpi_id[0x02] high level lint[0x1])
[    1.419602] ACPI: LAPIC_NMI (acpi_id[0x03] high level lint[0x1])
[    1.419603] ACPI: LAPIC_NMI (acpi_id[0x04] high level lint[0x1])
[    1.419604] ACPI: LAPIC_NMI (acpi_id[0x05] high level lint[0x1])
[    1.419605] ACPI: LAPIC_NMI (acpi_id[0x06] high level lint[0x1])
[    1.419606] ACPI: LAPIC_NMI (acpi_id[0x07] high level lint[0x1])
[    1.419607] ACPI: LAPIC_NMI (acpi_id[0x08] high level lint[0x1])
[    1.419608] ACPI: LAPIC_NMI (acpi_id[0x09] high level lint[0x1])
[    1.419609] ACPI: LAPIC_NMI (acpi_id[0x0a] high level lint[0x1])
[    1.419610] ACPI: LAPIC_NMI (acpi_id[0x0b] high level lint[0x1])
[    1.419611] ACPI: LAPIC_NMI (acpi_id[0x0c] high level lint[0x1])
[    1.419612] ACPI: LAPIC_NMI (acpi_id[0x0d] high level lint[0x1])
[    1.419613] ACPI: LAPIC_NMI (acpi_id[0x0e] high level lint[0x1])
[    1.419614] ACPI: LAPIC_NMI (acpi_id[0x0f] high level lint[0x1])
[    1.419614] ACPI: LAPIC_NMI (acpi_id[0x10] high level lint[0x1])
[    1.419615] ACPI: LAPIC_NMI (acpi_id[0x11] high level lint[0x1])
[    1.419616] ACPI: LAPIC_NMI (acpi_id[0x12] high level lint[0x1])
[    1.419617] ACPI: LAPIC_NMI (acpi_id[0x13] high level lint[0x1])
[    1.419618] ACPI: LAPIC_NMI (acpi_id[0x14] high level lint[0x1])
[    1.419619] ACPI: LAPIC_NMI (acpi_id[0x15] high level lint[0x1])
[    1.419620] ACPI: LAPIC_NMI (acpi_id[0x16] high level lint[0x1])
[    1.419621] ACPI: LAPIC_NMI (acpi_id[0x17] high level lint[0x1])
[    1.419621] ACPI: LAPIC_NMI (acpi_id[0x18] high level lint[0x1])
[    1.419622] ACPI: LAPIC_NMI (acpi_id[0x19] high level lint[0x1])
[    1.419623] ACPI: LAPIC_NMI (acpi_id[0x1a] high level lint[0x1])
[    1.419624] ACPI: LAPIC_NMI (acpi_id[0x1b] high level lint[0x1])
[    1.419625] ACPI: LAPIC_NMI (acpi_id[0x1c] high level lint[0x1])
[    1.419626] ACPI: LAPIC_NMI (acpi_id[0x1d] high level lint[0x1])
[    1.419627] ACPI: LAPIC_NMI (acpi_id[0x1e] high level lint[0x1])
[    1.419627] ACPI: LAPIC_NMI (acpi_id[0x1f] high level lint[0x1])
[    1.419628] ACPI: LAPIC_NMI (acpi_id[0x20] high level lint[0x1])
[    1.419629] ACPI: LAPIC_NMI (acpi_id[0x21] high level lint[0x1])
[    1.419630] ACPI: LAPIC_NMI (acpi_id[0x22] high level lint[0x1])
[    1.419631] ACPI: LAPIC_NMI (acpi_id[0x23] high level lint[0x1])
[    1.419632] ACPI: LAPIC_NMI (acpi_id[0x24] high level lint[0x1])
[    1.419633] ACPI: LAPIC_NMI (acpi_id[0x25] high level lint[0x1])
[    1.419633] ACPI: LAPIC_NMI (acpi_id[0x26] high level lint[0x1])
[    1.419634] ACPI: LAPIC_NMI (acpi_id[0x27] high level lint[0x1])
[    1.419635] ACPI: LAPIC_NMI (acpi_id[0x28] high level lint[0x1])
[    1.419635] ACPI: LAPIC_NMI (acpi_id[0x29] high level lint[0x1])
[    1.419636] ACPI: LAPIC_NMI (acpi_id[0x2a] high level lint[0x1])
[    1.419637] ACPI: LAPIC_NMI (acpi_id[0x2b] high level lint[0x1])
[    1.419638] ACPI: LAPIC_NMI (acpi_id[0x2c] high level lint[0x1])
[    1.419638] ACPI: LAPIC_NMI (acpi_id[0x2d] high level lint[0x1])
[    1.419639] ACPI: LAPIC_NMI (acpi_id[0x2e] high level lint[0x1])
[    1.419640] ACPI: LAPIC_NMI (acpi_id[0x2f] high level lint[0x1])
[    1.419641] ACPI: LAPIC_NMI (acpi_id[0x30] high level lint[0x1])
[    1.419641] ACPI: LAPIC_NMI (acpi_id[0x31] high level lint[0x1])
[    1.419642] ACPI: LAPIC_NMI (acpi_id[0x32] high level lint[0x1])
[    1.419643] ACPI: LAPIC_NMI (acpi_id[0x33] high level lint[0x1])
[    1.419644] ACPI: LAPIC_NMI (acpi_id[0x34] high level lint[0x1])
[    1.419644] ACPI: LAPIC_NMI (acpi_id[0x35] high level lint[0x1])
[    1.419645] ACPI: LAPIC_NMI (acpi_id[0x36] high level lint[0x1])
[    1.419646] ACPI: LAPIC_NMI (acpi_id[0x37] high level lint[0x1])
[    1.419647] ACPI: LAPIC_NMI (acpi_id[0x38] high level lint[0x1])
[    1.419647] ACPI: LAPIC_NMI (acpi_id[0x39] high level lint[0x1])
[    1.419648] ACPI: LAPIC_NMI (acpi_id[0x3a] high level lint[0x1])
[    1.419649] ACPI: LAPIC_NMI (acpi_id[0x3b] high level lint[0x1])
[    1.419650] ACPI: LAPIC_NMI (acpi_id[0x3c] high level lint[0x1])
[    1.419650] ACPI: LAPIC_NMI (acpi_id[0x3d] high level lint[0x1])
[    1.419651] ACPI: LAPIC_NMI (acpi_id[0x3e] high level lint[0x1])
[    1.419652] ACPI: LAPIC_NMI (acpi_id[0x3f] high level lint[0x1])
[    1.419653] ACPI: LAPIC_NMI (acpi_id[0x40] high level lint[0x1])
[    1.419653] ACPI: LAPIC_NMI (acpi_id[0x41] high level lint[0x1])
[    1.419654] ACPI: LAPIC_NMI (acpi_id[0x42] high level lint[0x1])
[    1.419655] ACPI: LAPIC_NMI (acpi_id[0x43] high level lint[0x1])
[    1.419656] ACPI: LAPIC_NMI (acpi_id[0x44] high level lint[0x1])
[    1.419656] ACPI: LAPIC_NMI (acpi_id[0x45] high level lint[0x1])
[    1.419657] ACPI: LAPIC_NMI (acpi_id[0x46] high level lint[0x1])
[    1.419658] ACPI: LAPIC_NMI (acpi_id[0x47] high level lint[0x1])
[    1.419659] ACPI: LAPIC_NMI (acpi_id[0x48] high level lint[0x1])
[    1.419659] ACPI: LAPIC_NMI (acpi_id[0x49] high level lint[0x1])
[    1.419660] ACPI: LAPIC_NMI (acpi_id[0x4a] high level lint[0x1])
[    1.419661] ACPI: LAPIC_NMI (acpi_id[0x4b] high level lint[0x1])
[    1.419662] ACPI: LAPIC_NMI (acpi_id[0x4c] high level lint[0x1])
[    1.419663] ACPI: LAPIC_NMI (acpi_id[0x4d] high level lint[0x1])
[    1.419664] ACPI: LAPIC_NMI (acpi_id[0x4e] high level lint[0x1])
[    1.419665] ACPI: LAPIC_NMI (acpi_id[0x4f] high level lint[0x1])
[    1.419666] ACPI: LAPIC_NMI (acpi_id[0x50] high level lint[0x1])
[    1.419667] ACPI: LAPIC_NMI (acpi_id[0x51] high level lint[0x1])
[    1.419668] ACPI: LAPIC_NMI (acpi_id[0x52] high level lint[0x1])
[    1.419669] ACPI: LAPIC_NMI (acpi_id[0x53] high level lint[0x1])
[    1.419670] ACPI: LAPIC_NMI (acpi_id[0x54] high level lint[0x1])
[    1.419671] ACPI: LAPIC_NMI (acpi_id[0x55] high level lint[0x1])
[    1.419672] ACPI: LAPIC_NMI (acpi_id[0x56] high level lint[0x1])
[    1.419673] ACPI: LAPIC_NMI (acpi_id[0x57] high level lint[0x1])
[    1.419674] ACPI: LAPIC_NMI (acpi_id[0x58] high level lint[0x1])
[    1.419674] ACPI: LAPIC_NMI (acpi_id[0x59] high level lint[0x1])
[    1.419675] ACPI: LAPIC_NMI (acpi_id[0x5a] high level lint[0x1])
[    1.419676] ACPI: LAPIC_NMI (acpi_id[0x5b] high level lint[0x1])
[    1.419677] ACPI: LAPIC_NMI (acpi_id[0x5c] high level lint[0x1])
[    1.419677] ACPI: LAPIC_NMI (acpi_id[0x5d] high level lint[0x1])
[    1.419678] ACPI: LAPIC_NMI (acpi_id[0x5e] high level lint[0x1])
[    1.419679] ACPI: LAPIC_NMI (acpi_id[0x5f] high level lint[0x1])
[    1.419680] ACPI: LAPIC_NMI (acpi_id[0x60] high level lint[0x1])
[    1.419680] ACPI: LAPIC_NMI (acpi_id[0x61] high level lint[0x1])
[    1.419681] ACPI: LAPIC_NMI (acpi_id[0x62] high level lint[0x1])
[    1.419682] ACPI: LAPIC_NMI (acpi_id[0x63] high level lint[0x1])
[    1.419683] ACPI: LAPIC_NMI (acpi_id[0x64] high level lint[0x1])
[    1.419683] ACPI: LAPIC_NMI (acpi_id[0x65] high level lint[0x1])
[    1.419684] ACPI: LAPIC_NMI (acpi_id[0x66] high level lint[0x1])
[    1.419685] ACPI: LAPIC_NMI (acpi_id[0x67] high level lint[0x1])
[    1.419686] ACPI: LAPIC_NMI (acpi_id[0x68] high level lint[0x1])
[    1.419686] ACPI: LAPIC_NMI (acpi_id[0x69] high level lint[0x1])
[    1.419687] ACPI: LAPIC_NMI (acpi_id[0x6a] high level lint[0x1])
[    1.419688] ACPI: LAPIC_NMI (acpi_id[0x6b] high level lint[0x1])
[    1.419689] ACPI: LAPIC_NMI (acpi_id[0x6c] high level lint[0x1])
[    1.419689] ACPI: LAPIC_NMI (acpi_id[0x6d] high level lint[0x1])
[    1.419690] ACPI: LAPIC_NMI (acpi_id[0x6e] high level lint[0x1])
[    1.419691] ACPI: LAPIC_NMI (acpi_id[0x6f] high level lint[0x1])
[    1.419692] ACPI: LAPIC_NMI (acpi_id[0x70] high level lint[0x1])
[    1.419692] ACPI: LAPIC_NMI (acpi_id[0x71] high level lint[0x1])
[    1.419693] ACPI: LAPIC_NMI (acpi_id[0x72] high level lint[0x1])
[    1.419694] ACPI: LAPIC_NMI (acpi_id[0x73] high level lint[0x1])
[    1.419695] ACPI: LAPIC_NMI (acpi_id[0x74] high level lint[0x1])
[    1.419710] ACPI: LAPIC_NMI (acpi_id[0x75] high level lint[0x1])
[    1.419711] ACPI: LAPIC_NMI (acpi_id[0x76] high level lint[0x1])
[    1.419712] ACPI: LAPIC_NMI (acpi_id[0x77] high level lint[0x1])
[    1.419713] ACPI: LAPIC_NMI (acpi_id[0x78] high level lint[0x1])
[    1.419714] ACPI: LAPIC_NMI (acpi_id[0x79] high level lint[0x1])
[    1.419715] ACPI: LAPIC_NMI (acpi_id[0x7a] high level lint[0x1])
[    1.419716] ACPI: LAPIC_NMI (acpi_id[0x7b] high level lint[0x1])
[    1.419717] ACPI: LAPIC_NMI (acpi_id[0x7c] high level lint[0x1])
[    1.419719] ACPI: LAPIC_NMI (acpi_id[0x7d] high level lint[0x1])
[    1.419720] ACPI: LAPIC_NMI (acpi_id[0x7e] high level lint[0x1])
[    1.419721] ACPI: LAPIC_NMI (acpi_id[0x7f] high level lint[0x1])
[    1.419722] ACPI: LAPIC_NMI (acpi_id[0x80] high level lint[0x1])
[    1.419723] ACPI: LAPIC_NMI (acpi_id[0x81] high level lint[0x1])
[    1.419724] ACPI: LAPIC_NMI (acpi_id[0x82] high level lint[0x1])
[    1.419725] ACPI: LAPIC_NMI (acpi_id[0x83] high level lint[0x1])
[    1.419725] ACPI: LAPIC_NMI (acpi_id[0x84] high level lint[0x1])
[    1.419726] ACPI: LAPIC_NMI (acpi_id[0x85] high level lint[0x1])
[    1.419727] ACPI: LAPIC_NMI (acpi_id[0x86] high level lint[0x1])
[    1.419728] ACPI: LAPIC_NMI (acpi_id[0x87] high level lint[0x1])
[    1.419729] ACPI: LAPIC_NMI (acpi_id[0x88] high level lint[0x1])
[    1.419730] ACPI: LAPIC_NMI (acpi_id[0x89] high level lint[0x1])
[    1.419731] ACPI: LAPIC_NMI (acpi_id[0x8a] high level lint[0x1])
[    1.419732] ACPI: LAPIC_NMI (acpi_id[0x8b] high level lint[0x1])
[    1.419733] ACPI: LAPIC_NMI (acpi_id[0x8c] high level lint[0x1])
[    1.419734] ACPI: LAPIC_NMI (acpi_id[0x8d] high level lint[0x1])
[    1.419735] ACPI: LAPIC_NMI (acpi_id[0x8e] high level lint[0x1])
[    1.419736] ACPI: LAPIC_NMI (acpi_id[0x8f] high level lint[0x1])
[    1.419737] ACPI: LAPIC_NMI (acpi_id[0x90] high level lint[0x1])
[    1.419738] ACPI: LAPIC_NMI (acpi_id[0x91] high level lint[0x1])
[    1.419739] ACPI: LAPIC_NMI (acpi_id[0x92] high level lint[0x1])
[    1.419740] ACPI: LAPIC_NMI (acpi_id[0x93] high level lint[0x1])
[    1.419741] ACPI: LAPIC_NMI (acpi_id[0x94] high level lint[0x1])
[    1.419742] ACPI: LAPIC_NMI (acpi_id[0x95] high level lint[0x1])
[    1.419743] ACPI: LAPIC_NMI (acpi_id[0x96] high level lint[0x1])
[    1.419744] ACPI: LAPIC_NMI (acpi_id[0x97] high level lint[0x1])
[    1.419745] ACPI: LAPIC_NMI (acpi_id[0x98] high level lint[0x1])
[    1.419746] ACPI: LAPIC_NMI (acpi_id[0x99] high level lint[0x1])
[    1.419747] ACPI: LAPIC_NMI (acpi_id[0x9a] high level lint[0x1])
[    1.419748] ACPI: LAPIC_NMI (acpi_id[0x9b] high level lint[0x1])
[    1.419749] ACPI: LAPIC_NMI (acpi_id[0x9c] high level lint[0x1])
[    1.419750] ACPI: LAPIC_NMI (acpi_id[0x9d] high level lint[0x1])
[    1.419750] ACPI: LAPIC_NMI (acpi_id[0x9e] high level lint[0x1])
[    1.419751] ACPI: LAPIC_NMI (acpi_id[0x9f] high level lint[0x1])
[    1.419752] ACPI: LAPIC_NMI (acpi_id[0xa0] high level lint[0x1])
[    1.419753] ACPI: LAPIC_NMI (acpi_id[0xa1] high level lint[0x1])
[    1.419754] ACPI: LAPIC_NMI (acpi_id[0xa2] high level lint[0x1])
[    1.419755] ACPI: LAPIC_NMI (acpi_id[0xa3] high level lint[0x1])
[    1.419756] ACPI: LAPIC_NMI (acpi_id[0xa4] high level lint[0x1])
[    1.419757] ACPI: LAPIC_NMI (acpi_id[0xa5] high level lint[0x1])
[    1.419758] ACPI: LAPIC_NMI (acpi_id[0xa6] high level lint[0x1])
[    1.419759] ACPI: LAPIC_NMI (acpi_id[0xa7] high level lint[0x1])
[    1.419760] ACPI: LAPIC_NMI (acpi_id[0xa8] high level lint[0x1])
[    1.419761] ACPI: LAPIC_NMI (acpi_id[0xa9] high level lint[0x1])
[    1.419762] ACPI: LAPIC_NMI (acpi_id[0xaa] high level lint[0x1])
[    1.419763] ACPI: LAPIC_NMI (acpi_id[0xab] high level lint[0x1])
[    1.419764] ACPI: LAPIC_NMI (acpi_id[0xac] high level lint[0x1])
[    1.419765] ACPI: LAPIC_NMI (acpi_id[0xad] high level lint[0x1])
[    1.419767] ACPI: LAPIC_NMI (acpi_id[0xae] high level lint[0x1])
[    1.419768] ACPI: LAPIC_NMI (acpi_id[0xaf] high level lint[0x1])
[    1.419769] ACPI: LAPIC_NMI (acpi_id[0xb0] high level lint[0x1])
[    1.419770] ACPI: LAPIC_NMI (acpi_id[0xb1] high level lint[0x1])
[    1.419771] ACPI: LAPIC_NMI (acpi_id[0xb2] high level lint[0x1])
[    1.419772] ACPI: LAPIC_NMI (acpi_id[0xb3] high level lint[0x1])
[    1.419772] ACPI: LAPIC_NMI (acpi_id[0xb4] high level lint[0x1])
[    1.419773] ACPI: LAPIC_NMI (acpi_id[0xb5] high level lint[0x1])
[    1.419774] ACPI: LAPIC_NMI (acpi_id[0xb6] high level lint[0x1])
[    1.419775] ACPI: LAPIC_NMI (acpi_id[0xb7] high level lint[0x1])
[    1.419776] ACPI: LAPIC_NMI (acpi_id[0xb8] high level lint[0x1])
[    1.419777] ACPI: LAPIC_NMI (acpi_id[0xb9] high level lint[0x1])
[    1.419778] ACPI: LAPIC_NMI (acpi_id[0xba] high level lint[0x1])
[    1.419779] ACPI: LAPIC_NMI (acpi_id[0xbb] high level lint[0x1])
[    1.419780] ACPI: LAPIC_NMI (acpi_id[0xbc] high level lint[0x1])
[    1.419781] ACPI: LAPIC_NMI (acpi_id[0xbd] high level lint[0x1])
[    1.419782] ACPI: LAPIC_NMI (acpi_id[0xbe] high level lint[0x1])
[    1.419782] ACPI: LAPIC_NMI (acpi_id[0xbf] high level lint[0x1])
[    1.419794] IOAPIC[0]: apic_id 8, version 32, address 0xfec00000, GSI 0-23
[    1.419799] IOAPIC[1]: apic_id 9, version 32, address 0xfec01000, GSI 24-47
[    1.419804] IOAPIC[2]: apic_id 10, version 32, address 0xfec40000, GSI 48-71
[    1.419809] ACPI: INT_SRC_OVR (bus 0 bus_irq 0 global_irq 2 dfl dfl)
[    1.419811] ACPI: INT_SRC_OVR (bus 0 bus_irq 9 global_irq 9 high level)
[    1.419820] ACPI: Using ACPI (MADT) for SMP configuration information
[    1.419822] ACPI: HPET id: 0x8086a701 base: 0xfed00000
[    1.419828] ACPI: SPCR: SPCR table version 1
[    1.419830] ACPI: SPCR: console: uart,io,0x3f8,115200
[    1.419831] TSC deadline timer available
[    1.419833] smpboot: Allowing 88 CPUs, 0 hotplug CPUs
[    1.419854] PM: hibernation: Registered nosave memory: [mem 0x00000000-0x00000fff]
[    1.419857] PM: hibernation: Registered nosave memory: [mem 0x000a0000-0x000fffff]
[    1.419859] PM: hibernation: Registered nosave memory: [mem 0x6e7c5000-0x6e7c5fff]
[    1.419861] PM: hibernation: Registered nosave memory: [mem 0x6e823000-0x6e823fff]
[    1.419862] PM: hibernation: Registered nosave memory: [mem 0x6e824000-0x6e824fff]
[    1.419864] PM: hibernation: Registered nosave memory: [mem 0x6e882000-0x6e882fff]
[    1.419865] PM: hibernation: Registered nosave memory: [mem 0x6e883000-0x6e883fff]
[    1.419867] PM: hibernation: Registered nosave memory: [mem 0x6e8e1000-0x6e8e1fff]
[    1.419869] PM: hibernation: Registered nosave memory: [mem 0x706ce000-0x706cefff]
[    1.419871] PM: hibernation: Registered nosave memory: [mem 0x7072c000-0x7072cfff]
[    1.419874] PM: hibernation: Registered nosave memory: [mem 0x70f89000-0x70f89fff]
[    1.419876] PM: hibernation: Registered nosave memory: [mem 0x70fa1000-0x70fa1fff]
[    1.419878] PM: hibernation: Registered nosave memory: [mem 0x715f6000-0x715f6fff]
[    1.419880] PM: hibernation: Registered nosave memory: [mem 0x715fe000-0x715fefff]
[    1.419881] PM: hibernation: Registered nosave memory: [mem 0x715ff000-0x715fffff]
[    1.419883] PM: hibernation: Registered nosave memory: [mem 0x71604000-0x71604fff]
[    1.419886] PM: hibernation: Registered nosave memory: [mem 0x7a089000-0x7af0afff]
[    1.419887] PM: hibernation: Registered nosave memory: [mem 0x7af0b000-0x7b93afff]
[    1.419888] PM: hibernation: Registered nosave memory: [mem 0x7b93b000-0x7bab2fff]
[    1.419890] PM: hibernation: Registered nosave memory: [mem 0x7bae9000-0x7bafefff]
[    1.419892] PM: hibernation: Registered nosave memory: [mem 0x7bb00000-0xfeda7fff]
[    1.419893] PM: hibernation: Registered nosave memory: [mem 0xfeda8000-0xfedabfff]
[    1.419894] PM: hibernation: Registered nosave memory: [mem 0xfedac000-0xffffffff]
[    1.419897] [mem 0x7bb00000-0xfeda7fff] available for PCI devices
[    1.419901] Booting paravirtualized kernel on bare hardware
[    1.419904] clocksource: refined-jiffies: mask: 0xffffffff max_cycles: 0xffffffff, max_idle_ns: 1910969940391419 ns
[    1.426360] setup_percpu: NR_CPUS:8192 nr_cpumask_bits:88 nr_cpu_ids:88 nr_node_ids:2
[    1.432057] percpu: Embedded 64 pages/cpu s225280 r8192 d28672 u262144
[    1.432068] pcpu-alloc: s225280 r8192 d28672 u262144 alloc=1*2097152
[    1.432071] pcpu-alloc: [0] 00 02 04 06 08 10 12 14 [0] 16 18 20 22 24 26 28 30 
[    1.432081] pcpu-alloc: [0] 32 34 36 38 40 42 44 46 [0] 48 50 52 54 56 58 60 62 
[    1.432089] pcpu-alloc: [0] 64 66 68 70 72 74 76 78 [0] 80 82 84 86 -- -- -- -- 
[    1.432098] pcpu-alloc: [1] 01 03 05 07 09 11 13 15 [1] 17 19 21 23 25 27 29 31 
[    1.432107] pcpu-alloc: [1] 33 35 37 39 41 43 45 47 [1] 49 51 53 55 57 59 61 63 
[    1.432115] pcpu-alloc: [1] 65 67 69 71 73 75 77 79 [1] 81 83 85 87 -- -- -- -- 
[    1.432156] Fallback order for Node 0: 0 1 
[    1.432159] Fallback order for Node 1: 1 0 
[    1.432169] Built 2 zonelists, mobility grouping on.  Total pages: 66035005
[    1.432171] Policy zone: Normal
[    1.432172] Kernel command line: BOOT_IMAGE=http://powerlab/pxelinux/node/bdwep1/fedora37/kernel initrd=http://powerlab/pxelinux/node/bdwep1/fedora37/initramfs.img root=UUID=b1b471fa-9391-4671-b9c5-e15c256f63da ro console=ttyS0,115200 msr.allow_writes=1
[    1.432260] Unknown kernel command line parameters "BOOT_IMAGE=http://powerlab/pxelinux/node/bdwep1/fedora37/kernel", will be passed to user space.
[    1.432270] printk: log_buf_len individual max cpu contribution: 4096 bytes
[    1.432271] printk: log_buf_len total cpu_extra contributions: 356352 bytes
[    1.432272] printk: log_buf_len min size: 262144 bytes
[    1.433315] printk: log_buf_len: 1048576 bytes
[    1.433316] printk: early log buf free: 229392(87%)
[    1.435162] mem auto-init: stack:all(zero), heap alloc:off, heap free:off
[    1.435174] software IO TLB: area num 128.
[    2.419776] Memory: 263769788K/268337532K available (18432K kernel code, 3257K rwdata, 14136K rodata, 4456K init, 17444K bss, 4567484K reserved, 0K cma-reserved)
[    2.420532] SLUB: HWalign=64, Order=0-3, MinObjects=0, CPUs=88, Nodes=2
[    2.420582] Kernel/User page tables isolation: enabled
[    2.420689] ftrace: allocating 52009 entries in 204 pages
[    2.433724] ftrace: allocated 204 pages with 4 groups
[    2.435390] Dynamic Preempt: voluntary
[    2.435831] rcu: Preemptible hierarchical RCU implementation.
[    2.435832] rcu: 	RCU restricting CPUs from NR_CPUS=8192 to nr_cpu_ids=88.
[    2.435834] 	Trampoline variant of Tasks RCU enabled.
[    2.435835] 	Rude variant of Tasks RCU enabled.
[    2.435835] 	Tracing variant of Tasks RCU enabled.
[    2.435836] rcu: RCU calculated value of scheduler-enlistment delay is 100 jiffies.
[    2.435838] rcu: Adjusting geometry for rcu_fanout_leaf=16, nr_cpu_ids=88
[    2.439725] NR_IRQS: 524544, nr_irqs: 1944, preallocated irqs: 16
[    2.440036] rcu: srcu_init: Setting srcu_struct sizes based on contention.
[    2.440202] kfence: initialized - using 2097152 bytes for 255 objects at 0x(____ptrval____)-0x(____ptrval____)
[    2.440522] Console: colour dummy device 80x25
[    2.440555] printk: console [ttyS0] enabled
[    5.825393] mempolicy: Enabling automatic NUMA balancing. Configure with numa_balancing= or the kernel.numa_balancing sysctl
[    5.837915] ACPI: Core revision 20221020
[    5.843316] clocksource: hpet: mask: 0xffffffff max_cycles: 0xffffffff, max_idle_ns: 133484882848 ns
[    5.853520] APIC: Switch to symmetric I/O mode setup
[    5.859077] DMAR: Host address width 46
[    5.863365] DMAR: DRHD base: 0x000000fbffc000 flags: 0x0
[    5.869304] DMAR: dmar0: reg_base_addr fbffc000 ver 1:0 cap 8d2078c106f0466 ecap f020df
[    5.878244] DMAR: DRHD base: 0x000000c7ffc000 flags: 0x1
[    5.884179] DMAR: dmar1: reg_base_addr c7ffc000 ver 1:0 cap 8d2078c106f0466 ecap f020df
[    5.893119] DMAR: ATSR flags: 0x0
[    5.896822] DMAR: ATSR flags: 0x0
[    5.900534] DMAR-IR: IOAPIC id 10 under DRHD base  0xfbffc000 IOMMU 0
[    5.907730] DMAR-IR: IOAPIC id 8 under DRHD base  0xc7ffc000 IOMMU 1
[    5.914825] DMAR-IR: IOAPIC id 9 under DRHD base  0xc7ffc000 IOMMU 1
[    5.921921] DMAR-IR: HPET id 0 under DRHD base 0xc7ffc000
[    5.927952] DMAR-IR: x2apic is disabled because BIOS sets x2apic opt out bit.
[    5.927953] DMAR-IR: Use 'intremap=no_x2apic_optout' to override the BIOS setting.
[    5.945256] DMAR-IR: Enabled IRQ remapping in xapic mode
[    5.951182] x2apic: IRQ remapping doesn't support X2APIC mode
[    5.957603] Switched APIC routing to physical flat.
[    5.963710] ..TIMER: vector=0x30 apic1=0 pin1=2 apic2=-1 pin2=-1
[    5.974537] clocksource: tsc-early: mask: 0xffffffffffffffff max_cycles: 0x1fb5ddcfc53, max_idle_ns: 440795212657 ns
[    5.986288] Calibrating delay loop (skipped), value calculated using timer frequency.. 4399.82 BogoMIPS (lpj=2199910)
[    5.987287] pid_max: default: 90112 minimum: 704
[    5.996423] LSM: initializing lsm=lockdown,capability,yama,integrity,selinux,bpf,landlock
[    5.997318] Yama: becoming mindful.
[    5.998310] SELinux:  Initializing.
[    5.999417] LSM support for eBPF active
[    6.000287] landlock: Up and running.
[    6.026631] Dentry cache hash table entries: 16777216 (order: 15, 134217728 bytes, vmalloc hugepage)
[    6.040011] Inode-cache hash table entries: 8388608 (order: 14, 67108864 bytes, vmalloc hugepage)
[    6.041434] Mount-cache hash table entries: 262144 (order: 9, 2097152 bytes, vmalloc)
[    6.043624] Mountpoint-cache hash table entries: 262144 (order: 9, 2097152 bytes, vmalloc)
[    6.045636] CPU0: Thermal monitoring enabled (TM1)
[    6.046340] process: using mwait in idle threads
[    6.047290] Last level iTLB entries: 4KB 64, 2MB 8, 4MB 8
[    6.048285] Last level dTLB entries: 4KB 64, 2MB 0, 4MB 0, 1GB 4
[    6.049292] Spectre V1 : Mitigation: usercopy/swapgs barriers and __user pointer sanitization
[    6.050287] Spectre V2 : Mitigation: Retpolines
[    6.051285] Spectre V2 : Spectre v2 / SpectreRSB mitigation: Filling RSB on context switch
[    6.052285] Spectre V2 : Spectre v2 / SpectreRSB : Filling RSB on VMEXIT
[    6.053286] Spectre V2 : Enabling Restricted Speculation for firmware calls
[    6.054287] Spectre V2 : mitigation: Enabling conditional Indirect Branch Prediction Barrier
[    6.055286] Spectre V2 : User space: Mitigation: STIBP via prctl
[    6.056287] Speculative Store Bypass: Mitigation: Speculative Store Bypass disabled via prctl
[    6.057294] MDS: Mitigation: Clear CPU buffers
[    6.058286] TAA: Mitigation: Clear CPU buffers
[    6.059285] MMIO Stale Data: Mitigation: Clear CPU buffers
[    6.084408] Freeing SMP alternatives memory: 44K
[    6.086471] smpboot: CPU0: Intel(R) Xeon(R) CPU E5-2699 v4 @ 2.20GHz (family: 0x6, model: 0x4f, stepping: 0x1)
[    6.087649] cblist_init_generic: Setting adjustable number of callback queues.
[    6.088286] cblist_init_generic: Setting shift to 7 and lim to 1.
[    6.089341] cblist_init_generic: Setting shift to 7 and lim to 1.
[    6.090325] cblist_init_generic: Setting shift to 7 and lim to 1.
[    6.091306] Performance Events: PEBS fmt2+, Broadwell events, 16-deep LBR, full-width counters, Intel PMU driver.
[    6.092287] ... version:                3
[    6.093286] ... bit width:              48
[    6.094286] ... generic registers:      4
[    6.095286] ... value mask:             0000ffffffffffff
[    6.096286] ... max period:             00007fffffffffff
[    6.097286] ... fixed-purpose events:   3
[    6.098287] ... event mask:             000000070000000f
[    6.099497] Estimated ratio of average max frequency by base frequency (times 1024): 1536
[    6.100325] rcu: Hierarchical SRCU implementation.
[    6.101286] rcu: 	Max phase no-delay instances is 400.
[    6.111504] NMI watchdog: Enabled. Permanently consumes one hw-PMU counter.
[    6.113638] smp: Bringing up secondary CPUs ...
[    6.114438] x86: Booting SMP configuration:
[    6.115288] .... node  #1, CPUs:        #1
[    3.523206] smpboot: CPU 1 Converting physical 0 to logical die 1

[    6.193288] .... node  #0, CPUs:    #2
[    6.196287] .... node  #1, CPUs:    #3
[    6.200286] .... node  #0, CPUs:    #4
[    6.203290] .... node  #1, CPUs:    #5
[    6.207286] .... node  #0, CPUs:    #6
[    6.210290] .... node  #1, CPUs:    #7
[    6.214287] .... node  #0, CPUs:    #8
[    6.217289] .... node  #1, CPUs:    #9
[    6.221288] .... node  #0, CPUs:   #10
[    6.224287] .... node  #1, CPUs:   #11
[    6.228286] .... node  #0, CPUs:   #12
[    6.231287] .... node  #1, CPUs:   #13
[    6.235286] .... node  #0, CPUs:   #14
[    6.238289] .... node  #1, CPUs:   #15
[    6.242288] .... node  #0, CPUs:   #16
[    6.245287] .... node  #1, CPUs:   #17
[    6.249286] .... node  #0, CPUs:   #18
[    6.252287] .... node  #1, CPUs:   #19
[    6.256286] .... node  #0, CPUs:   #20
[    6.259291] .... node  #1, CPUs:   #21
[    6.263288] .... node  #0, CPUs:   #22
[    6.266287] .... node  #1, CPUs:   #23
[    6.270286] .... node  #0, CPUs:   #24
[    6.273287] .... node  #1, CPUs:   #25
[    6.277286] .... node  #0, CPUs:   #26
[    6.280290] .... node  #1, CPUs:   #27
[    6.284287] .... node  #0, CPUs:   #28
[    6.287290] .... node  #1, CPUs:   #29
[    6.291287] .... node  #0, CPUs:   #30
[    6.294287] .... node  #1, CPUs:   #31
[    6.298289] .... node  #0, CPUs:   #32
[    6.301288] .... node  #1, CPUs:   #33
[    6.305286] .... node  #0, CPUs:   #34
[    6.308289] .... node  #1, CPUs:   #35
[    6.312286] .... node  #0, CPUs:   #36
[    6.315289] .... node  #1, CPUs:   #37
[    6.319287] .... node  #0, CPUs:   #38
[    6.322287] .... node  #1, CPUs:   #39
[    6.326286] .... node  #0, CPUs:   #40
[    6.329287] .... node  #1, CPUs:   #41
[    6.333286] .... node  #0, CPUs:   #42
[    6.336290] .... node  #1, CPUs:   #43
[    6.340287] .... node  #0, CPUs:   #44
[    6.342340] MDS CPU bug present and SMT on, data leak possible. See https://www.kernel.org/doc/html/latest/admin-guide/hw-vuln/mds.html for more details.
[    6.344286] TAA CPU bug present and SMT on, data leak possible. See https://www.kernel.org/doc/html/latest/admin-guide/hw-vuln/tsx_async_abort.html for more details.
[    6.345286] MMIO Stale Data CPU bug present and SMT on, data leak possible. See https://www.kernel.org/doc/html/latest/admin-guide/hw-vuln/processor_mmio_stale_data.html for more details.

[    6.347288] .... node  #1, CPUs:   #45
[    6.351287] .... node  #0, CPUs:   #46
[    6.354290] .... node  #1, CPUs:   #47
[    6.358287] .... node  #0, CPUs:   #48
[    6.361287] .... node  #1, CPUs:   #49
[    6.365286] .... node  #0, CPUs:   #50
[    6.368287] .... node  #1, CPUs:   #51
[    6.372286] .... node  #0, CPUs:   #52
[    6.375290] .... node  #1, CPUs:   #53
[    6.379288] .... node  #0, CPUs:   #54
[    6.382287] .... node  #1, CPUs:   #55
[    6.386286] .... node  #0, CPUs:   #56
[    6.389287] .... node  #1, CPUs:   #57
[    6.393286] .... node  #0, CPUs:   #58
[    6.396287] .... node  #1, CPUs:   #59
[    6.400288] .... node  #0, CPUs:   #60
[    6.403289] .... node  #1, CPUs:   #61
[    6.407287] .... node  #0, CPUs:   #62
[    6.410287] .... node  #1, CPUs:   #63
[    6.414286] .... node  #0, CPUs:   #64
[    6.417287] .... node  #1, CPUs:   #65
[    6.421286] .... node  #0, CPUs:   #66
[    6.424290] .... node  #1, CPUs:   #67
[    6.428286] .... node  #0, CPUs:   #68
[    6.431289] .... node  #1, CPUs:   #69
[    6.435288] .... node  #0, CPUs:   #70
[    6.438287] .... node  #1, CPUs:   #71
[    6.442286] .... node  #0, CPUs:   #72
[    6.445287] .... node  #1, CPUs:   #73
[    6.450286] .... node  #0, CPUs:   #74
[    6.453287] .... node  #1, CPUs:   #75
[    6.457286] .... node  #0, CPUs:   #76
[    6.460289] .... node  #1, CPUs:   #77
[    6.464289] .... node  #0, CPUs:   #78
[    6.467287] .... node  #1, CPUs:   #79
[    6.471286] .... node  #0, CPUs:   #80
[    6.474287] .... node  #1, CPUs:   #81
[    6.478286] .... node  #0, CPUs:   #82
[    6.481290] .... node  #1, CPUs:   #83
[    6.485287] .... node  #0, CPUs:   #84
[    6.489286] .... node  #1, CPUs:   #85
[    6.494286] .... node  #0, CPUs:   #86
[    6.497287] .... node  #1, CPUs:   #87
[    6.500762] smp: Brought up 2 nodes, 88 CPUs
[    6.502288] smpboot: Max logical packages: 2
[    6.503287] smpboot: Total of 88 processors activated (372123.92 BogoMIPS)
[    6.522729] devtmpfs: initialized
[    6.523360] x86/mm: Memory block size: 2048MB
[    6.526313] ACPI: PM: Registering ACPI NVS region [mem 0x7af0b000-0x7b93afff] (10682368 bytes)
[    6.527710] clocksource: jiffies: mask: 0xffffffff max_cycles: 0xffffffff, max_idle_ns: 1911260446275000 ns
[    6.528336] futex hash table entries: 32768 (order: 9, 2097152 bytes, vmalloc)
[    6.529932] pinctrl core: initialized pinctrl subsystem
[    6.530449] PM: RTC time: 08:56:49, date: 2023-06-21
[    6.532765] NET: Registered PF_NETLINK/PF_ROUTE protocol family
[    6.533464] DMA: preallocated 4096 KiB GFP_KERNEL pool for atomic allocations
[    6.534299] DMA: preallocated 4096 KiB GFP_KERNEL|GFP_DMA pool for atomic allocations
[    6.535304] DMA: preallocated 4096 KiB GFP_KERNEL|GFP_DMA32 pool for atomic allocations
[    6.536318] audit: initializing netlink subsys (disabled)
[    6.537317] audit: type=2000 audit(1687337805.575:1): state=initialized audit_enabled=0 res=1
[    6.537566] thermal_sys: Registered thermal governor 'fair_share'
[    6.538287] thermal_sys: Registered thermal governor 'bang_bang'
[    6.539286] thermal_sys: Registered thermal governor 'step_wise'
[    6.540286] thermal_sys: Registered thermal governor 'user_space'
[    6.541340] cpuidle: using governor menu
[    6.543478] ACPI FADT declares the system doesn't support PCIe ASPM, so disable it
[    6.544288] acpiphp: ACPI Hot Plug PCI Controller Driver version: 0.5
[    6.545513] PCI: MMCONFIG for domain 0000 [bus 00-ff] at [mem 0x80000000-0x8fffffff] (base 0x80000000)
[    6.546290] PCI: not using MMCONFIG
[    6.547289] PCI: Using configuration type 1 for base access
[    6.548304] PCI: Dell System detected, enabling pci=bfsort.
[    6.555427] kprobes: kprobe jump-optimization is enabled. All kprobes are optimized if possible.
[    6.556368] HugeTLB: registered 1.00 GiB page size, pre-allocated 0 pages
[    6.557288] HugeTLB: 16380 KiB vmemmap can be freed for a 1.00 GiB page
[    6.558286] HugeTLB: registered 2.00 MiB page size, pre-allocated 0 pages
[    6.559286] HugeTLB: 28 KiB vmemmap can be freed for a 2.00 MiB page
[    6.560432] cryptd: max_cpu_qlen set to 1000
[    6.561726] raid6: skipped pq benchmark and selected avx2x4
[    6.562288] raid6: using avx2x2 recovery algorithm
[    6.563555] ACPI: Added _OSI(Module Device)
[    6.564287] ACPI: Added _OSI(Processor Device)
[    6.565286] ACPI: Added _OSI(3.0 _SCP Extensions)
[    6.566286] ACPI: Added _OSI(Processor Aggregator Device)
[    6.708192] ACPI: 5 ACPI AML tables successfully acquired and loaded
[    6.722470] ACPI: [Firmware Bug]: BIOS _OSI(Linux) query ignored
[    6.734804] ACPI: Interpreter enabled
[    6.735300] ACPI: PM: (supports S0 S5)
[    6.736286] ACPI: Using IOAPIC for interrupt routing
[    6.740325] PCI: MMCONFIG for domain 0000 [bus 00-ff] at [mem 0x80000000-0x8fffffff] (base 0x80000000)
[    6.743982] [Firmware Info]: PCI: MMCONFIG at [mem 0x80000000-0x8fffffff] not reserved in ACPI motherboard resources
[    6.744287] PCI: MMCONFIG at [mem 0x80000000-0x8fffffff] reserved as EfiMemoryMappedIO
[    6.745352] HEST: Table parsing has been initialized.
[    6.747043] GHES: APEI firmware first mode is enabled by APEI bit and WHEA _OSC.
[    6.747290] PCI: Using host bridge windows from ACPI; if necessary, use "pci=nocrs" and report a bug
[    6.748286] PCI: Using E820 reservations for host bridge windows
[    6.749904] ACPI: Enabled 2 GPEs in block 00 to 3F
[    6.763569] ACPI: PCI Root Bridge [UNC1] (domain 0000 [bus ff])
[    6.764290] acpi PNP0A03:02: _OSC: OS supports [ExtendedConfig ASPM ClockPM Segments MSI EDR HPX-Type3]
[    6.765431] acpi PNP0A03:02: _OSC: OS now controls [PCIeHotplug SHPCHotplug PME AER PCIeCapability LTR DPC]
[    6.766286] acpi PNP0A03:02: FADT indicates ASPM is unsupported, using BIOS configuration
[    6.767334] PCI host bridge to bus 0000:ff
[    6.768286] pci_bus 0000:ff: Unknown NUMA node; performance will be reduced
[    6.769287] pci_bus 0000:ff: root bus resource [bus ff]
[    6.770302] pci 0000:ff:08.0: [8086:6f80] type 00 class 0x088000
[    6.771367] pci 0000:ff:08.2: [8086:6f32] type 00 class 0x110100
[    6.772350] pci 0000:ff:08.3: [8086:6f83] type 00 class 0x088000
[    6.773366] pci 0000:ff:09.0: [8086:6f90] type 00 class 0x088000
[    6.774343] pci 0000:ff:09.2: [8086:6f33] type 00 class 0x110100
[    6.775352] pci 0000:ff:09.3: [8086:6f93] type 00 class 0x088000
[    6.776361] pci 0000:ff:0b.0: [8086:6f81] type 00 class 0x088000
[    6.777341] pci 0000:ff:0b.1: [8086:6f36] type 00 class 0x110100
[    6.778341] pci 0000:ff:0b.2: [8086:6f37] type 00 class 0x110100
[    6.779341] pci 0000:ff:0b.3: [8086:6f76] type 00 class 0x088000
[    6.780343] pci 0000:ff:0c.0: [8086:6fe0] type 00 class 0x088000
[    6.781343] pci 0000:ff:0c.1: [8086:6fe1] type 00 class 0x088000
[    6.782340] pci 0000:ff:0c.2: [8086:6fe2] type 00 class 0x088000
[    6.783339] pci 0000:ff:0c.3: [8086:6fe3] type 00 class 0x088000
[    6.784344] pci 0000:ff:0c.4: [8086:6fe4] type 00 class 0x088000
[    6.785340] pci 0000:ff:0c.5: [8086:6fe5] type 00 class 0x088000
[    6.786339] pci 0000:ff:0c.6: [8086:6fe6] type 00 class 0x088000
[    6.787343] pci 0000:ff:0c.7: [8086:6fe7] type 00 class 0x088000
[    6.788339] pci 0000:ff:0d.0: [8086:6fe8] type 00 class 0x088000
[    6.789340] pci 0000:ff:0d.1: [8086:6fe9] type 00 class 0x088000
[    6.790339] pci 0000:ff:0d.2: [8086:6fea] type 00 class 0x088000
[    6.791339] pci 0000:ff:0d.3: [8086:6feb] type 00 class 0x088000
[    6.792339] pci 0000:ff:0d.4: [8086:6fec] type 00 class 0x088000
[    6.793338] pci 0000:ff:0d.5: [8086:6fed] type 00 class 0x088000
[    6.794348] pci 0000:ff:0d.6: [8086:6fee] type 00 class 0x088000
[    6.795345] pci 0000:ff:0d.7: [8086:6fef] type 00 class 0x088000
[    6.796341] pci 0000:ff:0e.0: [8086:6ff0] type 00 class 0x088000
[    6.797342] pci 0000:ff:0e.1: [8086:6ff1] type 00 class 0x088000
[    6.798341] pci 0000:ff:0e.2: [8086:6ff2] type 00 class 0xffffff
[    6.799341] pci 0000:ff:0e.3: [8086:6ff3] type 00 class 0xffffff
[    6.800341] pci 0000:ff:0e.4: [8086:6ff4] type 00 class 0xffffff
[    6.801341] pci 0000:ff:0e.5: [8086:6ff5] type 00 class 0xffffff
[    6.802344] pci 0000:ff:0f.0: [8086:6ff8] type 00 class 0x088000
[    6.803340] pci 0000:ff:0f.1: [8086:6ff9] type 00 class 0x088000
[    6.804346] pci 0000:ff:0f.2: [8086:6ffa] type 00 class 0x088000
[    6.805349] pci 0000:ff:0f.3: [8086:6ffb] type 00 class 0x088000
[    6.806349] pci 0000:ff:0f.4: [8086:6ffc] type 00 class 0x088000
[    6.807343] pci 0000:ff:0f.5: [8086:6ffd] type 00 class 0x088000
[    6.808342] pci 0000:ff:0f.6: [8086:6ffe] type 00 class 0x088000
[    6.809343] pci 0000:ff:10.0: [8086:6f1d] type 00 class 0x088000
[    6.810341] pci 0000:ff:10.1: [8086:6f34] type 00 class 0x110100
[    6.811344] pci 0000:ff:10.5: [8086:6f1e] type 00 class 0x088000
[    6.812339] pci 0000:ff:10.6: [8086:6f7d] type 00 class 0x110100
[    6.813342] pci 0000:ff:10.7: [8086:6f1f] type 00 class 0x088000
[    6.814341] pci 0000:ff:12.0: [8086:6fa0] type 00 class 0x088000
[    6.815327] pci 0000:ff:12.1: [8086:6f30] type 00 class 0x110100
[    6.816350] pci 0000:ff:12.2: [8086:6f70] type 00 class 0x088000
[    6.817347] pci 0000:ff:12.4: [8086:6f60] type 00 class 0x088000
[    6.818327] pci 0000:ff:12.5: [8086:6f38] type 00 class 0x110100
[    6.819376] pci 0000:ff:12.6: [8086:6f78] type 00 class 0x088000
[    6.820352] pci 0000:ff:13.0: [8086:6fa8] type 00 class 0x088000
[    6.821395] pci 0000:ff:13.1: [8086:6f71] type 00 class 0x088000
[    6.822363] pci 0000:ff:13.2: [8086:6faa] type 00 class 0x088000
[    6.823369] pci 0000:ff:13.3: [8086:6fab] type 00 class 0x088000
[    6.824363] pci 0000:ff:13.6: [8086:6fae] type 00 class 0x088000
[    6.825346] pci 0000:ff:13.7: [8086:6faf] type 00 class 0x088000
[    6.826347] pci 0000:ff:14.0: [8086:6fb0] type 00 class 0x088000
[    6.827365] pci 0000:ff:14.1: [8086:6fb1] type 00 class 0x088000
[    6.828364] pci 0000:ff:14.2: [8086:6fb2] type 00 class 0x088000
[    6.829371] pci 0000:ff:14.3: [8086:6fb3] type 00 class 0x088000
[    6.830361] pci 0000:ff:14.4: [8086:6fbc] type 00 class 0x088000
[    6.831345] pci 0000:ff:14.5: [8086:6fbd] type 00 class 0x088000
[    6.832344] pci 0000:ff:14.6: [8086:6fbe] type 00 class 0x088000
[    6.833345] pci 0000:ff:14.7: [8086:6fbf] type 00 class 0x088000
[    6.834349] pci 0000:ff:16.0: [8086:6f68] type 00 class 0x088000
[    6.835412] pci 0000:ff:16.1: [8086:6f79] type 00 class 0x088000
[    6.836370] pci 0000:ff:16.2: [8086:6f6a] type 00 class 0x088000
[    6.837367] pci 0000:ff:16.3: [8086:6f6b] type 00 class 0x088000
[    6.838364] pci 0000:ff:16.6: [8086:6f6e] type 00 class 0x088000
[    6.839345] pci 0000:ff:16.7: [8086:6f6f] type 00 class 0x088000
[    6.840347] pci 0000:ff:17.0: [8086:6fd0] type 00 class 0x088000
[    6.841393] pci 0000:ff:17.1: [8086:6fd1] type 00 class 0x088000
[    6.842369] pci 0000:ff:17.2: [8086:6fd2] type 00 class 0x088000
[    6.843365] pci 0000:ff:17.3: [8086:6fd3] type 00 class 0x088000
[    6.844362] pci 0000:ff:17.4: [8086:6fb8] type 00 class 0x088000
[    6.845345] pci 0000:ff:17.5: [8086:6fb9] type 00 class 0x088000
[    6.846343] pci 0000:ff:17.6: [8086:6fba] type 00 class 0x088000
[    6.847344] pci 0000:ff:17.7: [8086:6fbb] type 00 class 0x088000
[    6.848361] pci 0000:ff:1e.0: [8086:6f98] type 00 class 0x088000
[    6.849341] pci 0000:ff:1e.1: [8086:6f99] type 00 class 0x088000
[    6.850341] pci 0000:ff:1e.2: [8086:6f9a] type 00 class 0x088000
[    6.851346] pci 0000:ff:1e.3: [8086:6fc0] type 00 class 0x088000
[    6.852328] pci 0000:ff:1e.4: [8086:6f9c] type 00 class 0x088000
[    6.853350] pci 0000:ff:1f.0: [8086:6f88] type 00 class 0x088000
[    6.854343] pci 0000:ff:1f.2: [8086:6f8a] type 00 class 0x088000
[    6.855440] ACPI: PCI Root Bridge [UNC0] (domain 0000 [bus 7f])
[    6.856288] acpi PNP0A03:03: _OSC: OS supports [ExtendedConfig ASPM ClockPM Segments MSI EDR HPX-Type3]
[    6.857448] acpi PNP0A03:03: _OSC: OS now controls [PCIeHotplug SHPCHotplug PME AER PCIeCapability LTR DPC]
[    6.858286] acpi PNP0A03:03: FADT indicates ASPM is unsupported, using BIOS configuration
[    6.859329] PCI host bridge to bus 0000:7f
[    6.860286] pci_bus 0000:7f: Unknown NUMA node; performance will be reduced
[    6.861286] pci_bus 0000:7f: root bus resource [bus 7f]
[    6.862295] pci 0000:7f:08.0: [8086:6f80] type 00 class 0x088000
[    6.863348] pci 0000:7f:08.2: [8086:6f32] type 00 class 0x110100
[    6.864340] pci 0000:7f:08.3: [8086:6f83] type 00 class 0x088000
[    6.865352] pci 0000:7f:09.0: [8086:6f90] type 00 class 0x088000
[    6.866337] pci 0000:7f:09.2: [8086:6f33] type 00 class 0x110100
[    6.867342] pci 0000:7f:09.3: [8086:6f93] type 00 class 0x088000
[    6.868352] pci 0000:7f:0b.0: [8086:6f81] type 00 class 0x088000
[    6.869334] pci 0000:7f:0b.1: [8086:6f36] type 00 class 0x110100
[    6.870335] pci 0000:7f:0b.2: [8086:6f37] type 00 class 0x110100
[    6.871340] pci 0000:7f:0b.3: [8086:6f76] type 00 class 0x088000
[    6.872337] pci 0000:7f:0c.0: [8086:6fe0] type 00 class 0x088000
[    6.873335] pci 0000:7f:0c.1: [8086:6fe1] type 00 class 0x088000
[    6.874336] pci 0000:7f:0c.2: [8086:6fe2] type 00 class 0x088000
[    6.875335] pci 0000:7f:0c.3: [8086:6fe3] type 00 class 0x088000
[    6.876338] pci 0000:7f:0c.4: [8086:6fe4] type 00 class 0x088000
[    6.877335] pci 0000:7f:0c.5: [8086:6fe5] type 00 class 0x088000
[    6.878336] pci 0000:7f:0c.6: [8086:6fe6] type 00 class 0x088000
[    6.879334] pci 0000:7f:0c.7: [8086:6fe7] type 00 class 0x088000
[    6.880336] pci 0000:7f:0d.0: [8086:6fe8] type 00 class 0x088000
[    6.881340] pci 0000:7f:0d.1: [8086:6fe9] type 00 class 0x088000
[    6.882336] pci 0000:7f:0d.2: [8086:6fea] type 00 class 0x088000
[    6.883335] pci 0000:7f:0d.3: [8086:6feb] type 00 class 0x088000
[    6.884338] pci 0000:7f:0d.4: [8086:6fec] type 00 class 0x088000
[    6.885342] pci 0000:7f:0d.5: [8086:6fed] type 00 class 0x088000
[    6.886336] pci 0000:7f:0d.6: [8086:6fee] type 00 class 0x088000
[    6.887341] pci 0000:7f:0d.7: [8086:6fef] type 00 class 0x088000
[    6.888336] pci 0000:7f:0e.0: [8086:6ff0] type 00 class 0x088000
[    6.889336] pci 0000:7f:0e.1: [8086:6ff1] type 00 class 0x088000
[    6.890336] pci 0000:7f:0e.2: [8086:6ff2] type 00 class 0xffffff
[    6.891336] pci 0000:7f:0e.3: [8086:6ff3] type 00 class 0xffffff
[    6.892343] pci 0000:7f:0e.4: [8086:6ff4] type 00 class 0xffffff
[    6.893337] pci 0000:7f:0e.5: [8086:6ff5] type 00 class 0xffffff
[    6.894336] pci 0000:7f:0f.0: [8086:6ff8] type 00 class 0x088000
[    6.895338] pci 0000:7f:0f.1: [8086:6ff9] type 00 class 0x088000
[    6.896334] pci 0000:7f:0f.2: [8086:6ffa] type 00 class 0x088000
[    6.897334] pci 0000:7f:0f.3: [8086:6ffb] type 00 class 0x088000
[    6.898334] pci 0000:7f:0f.4: [8086:6ffc] type 00 class 0x088000
[    6.899335] pci 0000:7f:0f.5: [8086:6ffd] type 00 class 0x088000
[    6.900337] pci 0000:7f:0f.6: [8086:6ffe] type 00 class 0x088000
[    6.901336] pci 0000:7f:10.0: [8086:6f1d] type 00 class 0x088000
[    6.902334] pci 0000:7f:10.1: [8086:6f34] type 00 class 0x110100
[    6.903347] pci 0000:7f:10.5: [8086:6f1e] type 00 class 0x088000
[    6.904336] pci 0000:7f:10.6: [8086:6f7d] type 00 class 0x110100
[    6.905336] pci 0000:7f:10.7: [8086:6f1f] type 00 class 0x088000
[    6.906362] pci 0000:7f:12.0: [8086:6fa0] type 00 class 0x088000
[    6.907331] pci 0000:7f:12.1: [8086:6f30] type 00 class 0x110100
[    6.908339] pci 0000:7f:12.2: [8086:6f70] type 00 class 0x088000
[    6.909339] pci 0000:7f:12.4: [8086:6f60] type 00 class 0x088000
[    6.910325] pci 0000:7f:12.5: [8086:6f38] type 00 class 0x110100
[    6.911339] pci 0000:7f:12.6: [8086:6f78] type 00 class 0x088000
[    6.912342] pci 0000:7f:13.0: [8086:6fa8] type 00 class 0x088000
[    6.913379] pci 0000:7f:13.1: [8086:6f71] type 00 class 0x088000
[    6.914352] pci 0000:7f:13.2: [8086:6faa] type 00 class 0x088000
[    6.915358] pci 0000:7f:13.3: [8086:6fab] type 00 class 0x088000
[    6.916354] pci 0000:7f:13.6: [8086:6fae] type 00 class 0x088000
[    6.917339] pci 0000:7f:13.7: [8086:6faf] type 00 class 0x088000
[    6.918346] pci 0000:7f:14.0: [8086:6fb0] type 00 class 0x088000
[    6.919352] pci 0000:7f:14.1: [8086:6fb1] type 00 class 0x088000
[    6.920357] pci 0000:7f:14.2: [8086:6fb2] type 00 class 0x088000
[    6.921352] pci 0000:7f:14.3: [8086:6fb3] type 00 class 0x088000
[    6.922350] pci 0000:7f:14.4: [8086:6fbc] type 00 class 0x088000
[    6.923356] pci 0000:7f:14.5: [8086:6fbd] type 00 class 0x088000
[    6.924341] pci 0000:7f:14.6: [8086:6fbe] type 00 class 0x088000
[    6.925338] pci 0000:7f:14.7: [8086:6fbf] type 00 class 0x088000
[    6.926343] pci 0000:7f:16.0: [8086:6f68] type 00 class 0x088000
[    6.927381] pci 0000:7f:16.1: [8086:6f79] type 00 class 0x088000
[    6.928353] pci 0000:7f:16.2: [8086:6f6a] type 00 class 0x088000
[    6.929354] pci 0000:7f:16.3: [8086:6f6b] type 00 class 0x088000
[    6.930362] pci 0000:7f:16.6: [8086:6f6e] type 00 class 0x088000
[    6.931340] pci 0000:7f:16.7: [8086:6f6f] type 00 class 0x088000
[    6.932345] pci 0000:7f:17.0: [8086:6fd0] type 00 class 0x088000
[    6.933389] pci 0000:7f:17.1: [8086:6fd1] type 00 class 0x088000
[    6.934353] pci 0000:7f:17.2: [8086:6fd2] type 00 class 0x088000
[    6.935353] pci 0000:7f:17.3: [8086:6fd3] type 00 class 0x088000
[    6.936350] pci 0000:7f:17.4: [8086:6fb8] type 00 class 0x088000
[    6.937339] pci 0000:7f:17.5: [8086:6fb9] type 00 class 0x088000
[    6.938355] pci 0000:7f:17.6: [8086:6fba] type 00 class 0x088000
[    6.939344] pci 0000:7f:17.7: [8086:6fbb] type 00 class 0x088000
[    6.940356] pci 0000:7f:1e.0: [8086:6f98] type 00 class 0x088000
[    6.941337] pci 0000:7f:1e.1: [8086:6f99] type 00 class 0x088000
[    6.942337] pci 0000:7f:1e.2: [8086:6f9a] type 00 class 0x088000
[    6.943337] pci 0000:7f:1e.3: [8086:6fc0] type 00 class 0x088000
[    6.944324] pci 0000:7f:1e.4: [8086:6f9c] type 00 class 0x088000
[    6.945342] pci 0000:7f:1f.0: [8086:6f88] type 00 class 0x088000
[    6.946340] pci 0000:7f:1f.2: [8086:6f8a] type 00 class 0x088000
[    6.949604] ACPI: PCI Root Bridge [PCI0] (domain 0000 [bus 00-7e])
[    6.950289] acpi PNP0A08:00: _OSC: OS supports [ExtendedConfig ASPM ClockPM Segments MSI EDR HPX-Type3]
[    6.951369] acpi PNP0A08:00: _OSC: platform does not support [SHPCHotplug LTR DPC]
[    6.952420] acpi PNP0A08:00: _OSC: OS now controls [PCIeHotplug PME AER PCIeCapability]
[    6.953286] acpi PNP0A08:00: FADT indicates ASPM is unsupported, using BIOS configuration
[    6.954683] PCI host bridge to bus 0000:00
[    6.955287] pci_bus 0000:00: root bus resource [io  0x0000-0x0cf7 window]
[    6.956286] pci_bus 0000:00: root bus resource [io  0x1000-0x7fff window]
[    6.957286] pci_bus 0000:00: root bus resource [mem 0x000a0000-0x000bffff window]
[    6.958286] pci_bus 0000:00: root bus resource [mem 0x90000000-0xc7ffbfff window]
[    6.959286] pci_bus 0000:00: root bus resource [mem 0x38000000000-0x3bfffffffff window]
[    6.960286] pci_bus 0000:00: root bus resource [bus 00-7e]
[    6.961325] pci 0000:00:00.0: [8086:6f00] type 00 class 0x060000
[    6.962435] pci 0000:00:01.0: [8086:6f02] type 01 class 0x060400
[    6.963337] pci 0000:00:01.0: PME# supported from D0 D3hot D3cold
[    6.964556] pci 0000:00:02.0: [8086:6f04] type 01 class 0x060400
[    6.965337] pci 0000:00:02.0: PME# supported from D0 D3hot D3cold
[    6.966620] pci 0000:00:03.0: [8086:6f08] type 01 class 0x060400
[    6.967336] pci 0000:00:03.0: PME# supported from D0 D3hot D3cold
[    6.968576] pci 0000:00:03.2: [8086:6f0a] type 01 class 0x060400
[    6.969336] pci 0000:00:03.2: PME# supported from D0 D3hot D3cold
[    6.970598] pci 0000:00:05.0: [8086:6f28] type 00 class 0x088000
[    6.971384] pci 0000:00:05.1: [8086:6f29] type 00 class 0x088000
[    6.972405] pci 0000:00:05.2: [8086:6f2a] type 00 class 0x088000
[    6.973373] pci 0000:00:05.4: [8086:6f2c] type 00 class 0x080020
[    6.974292] pci 0000:00:05.4: reg 0x10: [mem 0x96304000-0x96304fff]
[    6.975393] pci 0000:00:11.0: [8086:8d7c] type 00 class 0xff0000
[    6.976344] pci 0000:00:11.0: reg 0x30: [mem 0xffff0000-0xffffffff pref]
[    6.977400] pci 0000:00:11.4: [8086:8d62] type 00 class 0x010601
[    6.978298] pci 0000:00:11.4: reg 0x10: [io  0x3078-0x307f]
[    6.979292] pci 0000:00:11.4: reg 0x14: [io  0x308c-0x308f]
[    6.980292] pci 0000:00:11.4: reg 0x18: [io  0x3070-0x3077]
[    6.981292] pci 0000:00:11.4: reg 0x1c: [io  0x3088-0x308b]
[    6.982292] pci 0000:00:11.4: reg 0x20: [io  0x3040-0x305f]
[    6.983292] pci 0000:00:11.4: reg 0x24: [mem 0x96301000-0x963017ff]
[    6.984324] pci 0000:00:11.4: PME# supported from D3hot
[    6.985358] pci 0000:00:16.0: [8086:8d3a] type 00 class 0x078000
[    6.986301] pci 0000:00:16.0: reg 0x10: [mem 0x3bffff03000-0x3bffff0300f 64bit]
[    6.987343] pci 0000:00:16.0: PME# supported from D0 D3hot D3cold
[    6.988371] pci 0000:00:16.1: [8086:8d3b] type 00 class 0x078000
[    6.989301] pci 0000:00:16.1: reg 0x10: [mem 0x3bffff02000-0x3bffff0200f 64bit]
[    6.990343] pci 0000:00:16.1: PME# supported from D0 D3hot D3cold
[    6.991377] pci 0000:00:1a.0: [8086:8d2d] type 00 class 0x0c0320
[    6.992300] pci 0000:00:1a.0: reg 0x10: [mem 0x96303000-0x963033ff]
[    6.993368] pci 0000:00:1a.0: PME# supported from D0 D3hot D3cold
[    6.994390] pci 0000:00:1c.0: [8086:8d10] type 01 class 0x060400
[    6.995359] pci 0000:00:1c.0: PME# supported from D0 D3hot D3cold
[    6.996373] pci 0000:00:1c.7: [8086:8d1e] type 01 class 0x060400
[    6.997359] pci 0000:00:1c.7: PME# supported from D0 D3hot D3cold
[    6.998416] pci 0000:00:1d.0: [8086:8d26] type 00 class 0x0c0320
[    6.999300] pci 0000:00:1d.0: reg 0x10: [mem 0x96302000-0x963023ff]
[    7.000365] pci 0000:00:1d.0: PME# supported from D0 D3hot D3cold
[    7.001392] pci 0000:00:1f.0: [8086:8d44] type 00 class 0x060100
[    7.002503] pci 0000:00:1f.2: [8086:8d02] type 00 class 0x010601
[    7.003296] pci 0000:00:1f.2: reg 0x10: [io  0x3068-0x306f]
[    7.004291] pci 0000:00:1f.2: reg 0x14: [io  0x3084-0x3087]
[    7.005291] pci 0000:00:1f.2: reg 0x18: [io  0x3060-0x3067]
[    7.006291] pci 0000:00:1f.2: reg 0x1c: [io  0x3080-0x3083]
[    7.007291] pci 0000:00:1f.2: reg 0x20: [io  0x3020-0x303f]
[    7.008291] pci 0000:00:1f.2: reg 0x24: [mem 0x96300000-0x963007ff]
[    7.009319] pci 0000:00:1f.2: PME# supported from D3hot
[    7.010407] pci 0000:02:00.0: [1000:005d] type 00 class 0x010400
[    7.011293] pci 0000:02:00.0: reg 0x10: [io  0x2000-0x20ff]
[    7.012292] pci 0000:02:00.0: reg 0x14: [mem 0x96200000-0x9620ffff 64bit]
[    7.013292] pci 0000:02:00.0: reg 0x1c: [mem 0x96100000-0x961fffff 64bit]
[    7.014294] pci 0000:02:00.0: reg 0x30: [mem 0xfff00000-0xffffffff pref]
[    7.015332] pci 0000:02:00.0: [Firmware Bug]: disabling VPD access (can't determine size of non-standard VPD format)
[    7.016316] pci 0000:02:00.0: supports D1 D2
[    7.017369] pci 0000:00:01.0: PCI bridge to [bus 02]
[    7.018290] pci 0000:00:01.0:   bridge window [io  0x2000-0x2fff]
[    7.019287] pci 0000:00:01.0:   bridge window [mem 0x96100000-0x962fffff]
[    7.020322] pci 0000:00:02.0: PCI bridge to [bus 03]
[    7.021412] pci 0000:01:00.0: [14e4:168a] type 00 class 0x020000
[    7.022299] pci 0000:01:00.0: reg 0x10: [mem 0x95000000-0x957fffff 64bit pref]
[    7.023294] pci 0000:01:00.0: reg 0x18: [mem 0x95800000-0x95ffffff 64bit pref]
[    7.024294] pci 0000:01:00.0: reg 0x20: [mem 0x96030000-0x9603ffff 64bit pref]
[    7.025291] pci 0000:01:00.0: reg 0x30: [mem 0xfff80000-0xffffffff pref]
[    7.026379] pci 0000:01:00.0: PME# supported from D0 D3hot D3cold
[    7.027657] pci 0000:01:00.1: [14e4:168a] type 00 class 0x020000
[    7.028300] pci 0000:01:00.1: reg 0x10: [mem 0x94000000-0x947fffff 64bit pref]
[    7.029294] pci 0000:01:00.1: reg 0x18: [mem 0x94800000-0x94ffffff 64bit pref]
[    7.030294] pci 0000:01:00.1: reg 0x20: [mem 0x96020000-0x9602ffff 64bit pref]
[    7.031291] pci 0000:01:00.1: reg 0x30: [mem 0xfff80000-0xffffffff pref]
[    7.032375] pci 0000:01:00.1: PME# supported from D0 D3hot D3cold
[    7.033617] pci 0000:01:00.2: [14e4:168a] type 00 class 0x020000
[    7.034299] pci 0000:01:00.2: reg 0x10: [mem 0x93000000-0x937fffff 64bit pref]
[    7.035294] pci 0000:01:00.2: reg 0x18: [mem 0x93800000-0x93ffffff 64bit pref]
[    7.036294] pci 0000:01:00.2: reg 0x20: [mem 0x96010000-0x9601ffff 64bit pref]
[    7.037291] pci 0000:01:00.2: reg 0x30: [mem 0xfff80000-0xffffffff pref]
[    7.038382] pci 0000:01:00.2: PME# supported from D0 D3hot D3cold
[    7.039614] pci 0000:01:00.3: [14e4:168a] type 00 class 0x020000
[    7.040299] pci 0000:01:00.3: reg 0x10: [mem 0x92000000-0x927fffff 64bit pref]
[    7.041294] pci 0000:01:00.3: reg 0x18: [mem 0x92800000-0x92ffffff 64bit pref]
[    7.042294] pci 0000:01:00.3: reg 0x20: [mem 0x96000000-0x9600ffff 64bit pref]
[    7.043291] pci 0000:01:00.3: reg 0x30: [mem 0xfff80000-0xffffffff pref]
[    7.044374] pci 0000:01:00.3: PME# supported from D0 D3hot D3cold
[    7.045617] pci 0000:00:03.0: PCI bridge to [bus 01]
[    7.046290] pci 0000:00:03.0:   bridge window [mem 0x92000000-0x960fffff 64bit pref]
[    7.047317] pci 0000:00:03.2: PCI bridge to [bus 04]
[    7.048321] pci 0000:00:1c.0: PCI bridge to [bus 05]
[    7.049759] pci 0000:06:00.0: [1912:001d] type 01 class 0x060400
[    7.053484] pci 0000:06:00.0: PME# supported from D0 D3hot D3cold
[    7.055949] pci 0000:00:1c.7: PCI bridge to [bus 06-0a]
[    7.056292] pci 0000:00:1c.7:   bridge window [mem 0x91000000-0x919fffff]
[    7.057289] pci 0000:00:1c.7:   bridge window [mem 0x90000000-0x90ffffff 64bit pref]
[    7.059676] pci 0000:07:00.0: [1912:001d] type 01 class 0x060400
[    7.064028] pci 0000:07:00.0: PME# supported from D0 D3hot D3cold
[    7.067822] pci 0000:06:00.0: PCI bridge to [bus 07-0a]
[    7.068479] pci 0000:06:00.0:   bridge window [mem 0x91000000-0x919fffff]
[    7.069414] pci 0000:06:00.0:   bridge window [mem 0x90000000-0x90ffffff 64bit pref]
[    7.071797] pci 0000:08:00.0: [1912:001a] type 01 class 0x060400
[    7.077746] pci 0000:07:00.0: PCI bridge to [bus 08-09]
[    7.078516] pci 0000:07:00.0:   bridge window [mem 0x91000000-0x918fffff]
[    7.079436] pci 0000:07:00.0:   bridge window [mem 0x90000000-0x90ffffff 64bit pref]
[    7.081480] pci_bus 0000:09: extended config space not accessible
[    7.082538] pci 0000:09:00.0: [102b:0534] type 00 class 0x030000
[    7.083802] pci 0000:09:00.0: reg 0x10: [mem 0x90000000-0x90ffffff pref]
[    7.084561] pci 0000:09:00.0: reg 0x14: [mem 0x91800000-0x91803fff]
[    7.085563] pci 0000:09:00.0: reg 0x18: [mem 0x91000000-0x917fffff]
[    7.087564] pci 0000:09:00.0: BAR 0: assigned to efifb
[    7.088512] pci 0000:09:00.0: Video device with shadowed ROM at [mem 0x000c0000-0x000dffff]
[    7.092636] pci 0000:08:00.0: PCI bridge to [bus 09]
[    7.093515] pci 0000:08:00.0:   bridge window [mem 0x91000000-0x918fffff]
[    7.094439] pci 0000:08:00.0:   bridge window [mem 0x90000000-0x90ffffff 64bit pref]
[    7.096124] pci_bus 0000:00: on NUMA node 0
[    7.096460] ACPI: PCI: Interrupt link LNKA configured for IRQ 0
[    7.097286] ACPI: PCI: Interrupt link LNKA disabled
[    7.098329] ACPI: PCI: Interrupt link LNKB configured for IRQ 0
[    7.099286] ACPI: PCI: Interrupt link LNKB disabled
[    7.100326] ACPI: PCI: Interrupt link LNKC configured for IRQ 0
[    7.101286] ACPI: PCI: Interrupt link LNKC disabled
[    7.102325] ACPI: PCI: Interrupt link LNKD configured for IRQ 0
[    7.103286] ACPI: PCI: Interrupt link LNKD disabled
[    7.104325] ACPI: PCI: Interrupt link LNKE configured for IRQ 0
[    7.105286] ACPI: PCI: Interrupt link LNKE disabled
[    7.106325] ACPI: PCI: Interrupt link LNKF configured for IRQ 0
[    7.107286] ACPI: PCI: Interrupt link LNKF disabled
[    7.108324] ACPI: PCI: Interrupt link LNKG configured for IRQ 0
[    7.109286] ACPI: PCI: Interrupt link LNKG disabled
[    7.110324] ACPI: PCI: Interrupt link LNKH configured for IRQ 0
[    7.111286] ACPI: PCI: Interrupt link LNKH disabled
[    7.112589] ACPI: PCI Root Bridge [PCI1] (domain 0000 [bus 80-fe])
[    7.113289] acpi PNP0A08:01: _OSC: OS supports [ExtendedConfig ASPM ClockPM Segments MSI EDR HPX-Type3]
[    7.114428] acpi PNP0A08:01: _OSC: OS now controls [PCIeHotplug SHPCHotplug PME AER PCIeCapability LTR DPC]
[    7.115286] acpi PNP0A08:01: FADT indicates ASPM is unsupported, using BIOS configuration
[    7.116470] PCI host bridge to bus 0000:80
[    7.117287] pci_bus 0000:80: root bus resource [io  0x8000-0xffff window]
[    7.118286] pci_bus 0000:80: root bus resource [mem 0xc8000000-0xfbffbfff window]
[    7.119288] pci_bus 0000:80: root bus resource [mem 0x3c000000000-0x3ffffffffff window]
[    7.120286] pci_bus 0000:80: root bus resource [bus 80-fe]
[    7.121327] pci 0000:80:01.0: [8086:6f02] type 01 class 0x060400
[    7.122347] pci 0000:80:01.0: PME# supported from D0 D3hot D3cold
[    7.123690] pci 0000:80:03.0: [8086:6f08] type 01 class 0x060400
[    7.124347] pci 0000:80:03.0: PME# supported from D0 D3hot D3cold
[    7.125674] pci 0000:80:05.0: [8086:6f28] type 00 class 0x088000
[    7.126387] pci 0000:80:05.1: [8086:6f29] type 00 class 0x088000
[    7.127423] pci 0000:80:05.2: [8086:6f2a] type 00 class 0x088000
[    7.128376] pci 0000:80:05.4: [8086:6f2c] type 00 class 0x080020
[    7.129293] pci 0000:80:05.4: reg 0x10: [mem 0xc8000000-0xc8000fff]
[    7.130420] pci 0000:80:01.0: PCI bridge to [bus 81]
[    7.131334] pci 0000:80:03.0: PCI bridge to [bus 82]
[    7.132300] pci_bus 0000:80: on NUMA node 1
[    7.132607] iommu: Default domain type: Translated 
[    7.133287] iommu: DMA domain TLB invalidation policy: lazy mode 
[    7.134436] SCSI subsystem initialized
[    7.135333] libata version 3.00 loaded.
[    7.135336] ACPI: bus type USB registered
[    7.136299] usbcore: registered new interface driver usbfs
[    7.137296] usbcore: registered new interface driver hub
[    7.138336] usbcore: registered new device driver usb
[    7.139317] pps_core: LinuxPPS API ver. 1 registered
[    7.140286] pps_core: Software ver. 5.3.6 - Copyright 2005-2007 Rodolfo Giometti <giometti@linux.it>
[    7.141288] PTP clock support registered
[    7.142382] EDAC MC: Ver: 3.0.0
[    7.144290] efivars: Registered efivars operations
[    7.146727] NetLabel: Initializing
[    7.147287] NetLabel:  domain hash size = 128
[    7.148286] NetLabel:  protocols = UNLABELED CIPSOv4 CALIPSO
[    7.149311] NetLabel:  unlabeled traffic allowed by default
[    7.150291] mctp: management component transport protocol core
[    7.151286] NET: Registered PF_MCTP protocol family
[    7.152291] PCI: Using ACPI for IRQ routing
[    7.159971] PCI: pci_cache_line_size set to 64 bytes
[    7.160563] e820: reserve RAM buffer [mem 0x6e7c5018-0x6fffffff]
[    7.160567] e820: reserve RAM buffer [mem 0x6e824018-0x6fffffff]
[    7.160568] e820: reserve RAM buffer [mem 0x6e883018-0x6fffffff]
[    7.160569] e820: reserve RAM buffer [mem 0x706ce018-0x73ffffff]
[    7.160571] e820: reserve RAM buffer [mem 0x70f89018-0x73ffffff]
[    7.160572] e820: reserve RAM buffer [mem 0x715f6018-0x73ffffff]
[    7.160574] e820: reserve RAM buffer [mem 0x715ff018-0x73ffffff]
[    7.160575] e820: reserve RAM buffer [mem 0x7a089000-0x7bffffff]
[    7.160577] e820: reserve RAM buffer [mem 0x7bae9000-0x7bffffff]
[    7.160578] e820: reserve RAM buffer [mem 0x7bb00000-0x7bffffff]
[    7.160774] pci 0000:09:00.0: vgaarb: setting as boot VGA device
[    7.161285] pci 0000:09:00.0: vgaarb: bridge control possible
[    7.161285] pci 0000:09:00.0: vgaarb: VGA device added: decodes=io+mem,owns=io+mem,locks=none
[    7.161328] vgaarb: loaded
[    7.162360] hpet0: at MMIO 0xfed00000, IRQs 2, 8, 0, 0, 0, 0, 0, 0
[    7.163287] hpet0: 8 comparators, 64-bit 14.318180 MHz counter
[    7.166552] clocksource: Switched to clocksource tsc-early
[    7.172910] VFS: Disk quotas dquot_6.6.0
[    7.177350] VFS: Dquot-cache hash table entries: 512 (order 0, 4096 bytes)
[    7.185157] pnp: PnP ACPI init
[    7.189528] system 00:01: [io  0x0500-0x053f] has been reserved
[    7.196145] system 00:01: [io  0x0400-0x047f] has been reserved
[    7.202757] system 00:01: [io  0x0540-0x057f] has been reserved
[    7.209364] system 00:01: [io  0x0600-0x061f] has been reserved
[    7.215972] system 00:01: [io  0x0ca0-0x0ca5] has been reserved
[    7.222583] system 00:01: [io  0x0880-0x0883] has been reserved
[    7.229182] system 00:01: [io  0x0800-0x081f] has been reserved
[    7.235816] system 00:01: [mem 0xfeda8000-0xfedcbfff] could not be reserved
[    7.243590] system 00:01: [mem 0xff000000-0xffffffff] has been reserved
[    7.250974] system 00:01: [mem 0xfee00000-0xfeefffff] has been reserved
[    7.258358] system 00:01: [mem 0xfed12000-0xfed1200f] has been reserved
[    7.265741] system 00:01: [mem 0xfed12010-0xfed1201f] has been reserved
[    7.273125] system 00:01: [mem 0xfed1b000-0xfed1bfff] has been reserved
[    7.280950] system 00:04: [io  0x0ca8] has been reserved
[    7.286887] system 00:04: [io  0x0cac] has been reserved
[    7.292941] pnp: PnP ACPI: found 5 devices
[    7.303656] clocksource: acpi_pm: mask: 0xffffff max_cycles: 0xffffff, max_idle_ns: 2085701024 ns
[    7.313729] NET: Registered PF_INET protocol family
[    7.319831] IP idents hash table entries: 262144 (order: 9, 2097152 bytes, vmalloc)
[    7.332183] tcp_listen_portaddr_hash hash table entries: 65536 (order: 8, 1048576 bytes, vmalloc)
[    7.342296] Table-perturb hash table entries: 65536 (order: 6, 262144 bytes, vmalloc)
[    7.351095] TCP established hash table entries: 524288 (order: 10, 4194304 bytes, vmalloc hugepage)
[    7.361968] TCP bind hash table entries: 65536 (order: 9, 2097152 bytes, vmalloc)
[    7.370818] TCP: Hash tables configured (established 524288 bind 65536)
[    7.379030] MPTCP token hash table entries: 65536 (order: 8, 1572864 bytes, vmalloc)
[    7.387867] UDP hash table entries: 65536 (order: 9, 2097152 bytes, vmalloc)
[    7.396141] UDP-Lite hash table entries: 65536 (order: 9, 2097152 bytes, vmalloc)
[    7.405147] NET: Registered PF_UNIX/PF_LOCAL protocol family
[    7.411478] NET: Registered PF_XDP protocol family
[    7.416853] pci 0000:02:00.0: can't claim BAR 6 [mem 0xfff00000-0xffffffff pref]: no compatible bridge window
[    7.427923] pci 0000:01:00.0: can't claim BAR 6 [mem 0xfff80000-0xffffffff pref]: no compatible bridge window
[    7.438995] pci 0000:01:00.1: can't claim BAR 6 [mem 0xfff80000-0xffffffff pref]: no compatible bridge window
[    7.450063] pci 0000:01:00.2: can't claim BAR 6 [mem 0xfff80000-0xffffffff pref]: no compatible bridge window
[    7.461131] pci 0000:01:00.3: can't claim BAR 6 [mem 0xfff80000-0xffffffff pref]: no compatible bridge window
[    7.472199] pci 0000:00:11.0: can't claim BAR 6 [mem 0xffff0000-0xffffffff pref]: no compatible bridge window
[    7.483345] pci 0000:00:03.0: BAR 14: assigned [mem 0x91a00000-0x91bfffff]
[    7.491021] pci 0000:00:11.0: BAR 6: assigned [mem 0x91c00000-0x91c0ffff pref]
[    7.499083] pci 0000:02:00.0: BAR 6: no space for [mem size 0x00100000 pref]
[    7.506952] pci 0000:02:00.0: BAR 6: failed to assign [mem size 0x00100000 pref]
[    7.515199] pci 0000:00:01.0: PCI bridge to [bus 02]
[    7.520740] pci 0000:00:01.0:   bridge window [io  0x2000-0x2fff]
[    7.527542] pci 0000:00:01.0:   bridge window [mem 0x96100000-0x962fffff]
[    7.535121] pci 0000:00:02.0: PCI bridge to [bus 03]
[    7.540665] pci 0000:01:00.0: BAR 6: assigned [mem 0x91a00000-0x91a7ffff pref]
[    7.548728] pci 0000:01:00.1: BAR 6: assigned [mem 0x91a80000-0x91afffff pref]
[    7.556789] pci 0000:01:00.2: BAR 6: assigned [mem 0x91b00000-0x91b7ffff pref]
[    7.564851] pci 0000:01:00.3: BAR 6: assigned [mem 0x91b80000-0x91bfffff pref]
[    7.572913] pci 0000:00:03.0: PCI bridge to [bus 01]
[    7.578455] pci 0000:00:03.0:   bridge window [mem 0x91a00000-0x91bfffff]
[    7.586024] pci 0000:00:03.0:   bridge window [mem 0x92000000-0x960fffff 64bit pref]
[    7.594669] pci 0000:00:03.2: PCI bridge to [bus 04]
[    7.600222] pci 0000:00:1c.0: PCI bridge to [bus 05]
[    7.605772] pci 0000:08:00.0: PCI bridge to [bus 09]
[    7.611456] pci 0000:08:00.0:   bridge window [mem 0x91000000-0x918fffff]
[    7.619126] pci 0000:08:00.0:   bridge window [mem 0x90000000-0x90ffffff 64bit pref]
[    7.627972] pci 0000:07:00.0: PCI bridge to [bus 08-09]
[    7.633952] pci 0000:07:00.0:   bridge window [mem 0x91000000-0x918fffff]
[    7.641626] pci 0000:07:00.0:   bridge window [mem 0x90000000-0x90ffffff 64bit pref]
[    7.650462] pci 0000:06:00.0: PCI bridge to [bus 07-0a]
[    7.656412] pci 0000:06:00.0:   bridge window [mem 0x91000000-0x919fffff]
[    7.664074] pci 0000:06:00.0:   bridge window [mem 0x90000000-0x90ffffff 64bit pref]
[    7.672939] pci 0000:00:1c.7: PCI bridge to [bus 06-0a]
[    7.678772] pci 0000:00:1c.7:   bridge window [mem 0x91000000-0x919fffff]
[    7.686352] pci 0000:00:1c.7:   bridge window [mem 0x90000000-0x90ffffff 64bit pref]
[    7.694999] pci_bus 0000:00: resource 4 [io  0x0000-0x0cf7 window]
[    7.701897] pci_bus 0000:00: resource 5 [io  0x1000-0x7fff window]
[    7.708795] pci_bus 0000:00: resource 6 [mem 0x000a0000-0x000bffff window]
[    7.716467] pci_bus 0000:00: resource 7 [mem 0x90000000-0xc7ffbfff window]
[    7.724140] pci_bus 0000:00: resource 8 [mem 0x38000000000-0x3bfffffffff window]
[    7.732395] pci_bus 0000:02: resource 0 [io  0x2000-0x2fff]
[    7.738614] pci_bus 0000:02: resource 1 [mem 0x96100000-0x962fffff]
[    7.745609] pci_bus 0000:01: resource 1 [mem 0x91a00000-0x91bfffff]
[    7.752603] pci_bus 0000:01: resource 2 [mem 0x92000000-0x960fffff 64bit pref]
[    7.760670] pci_bus 0000:06: resource 1 [mem 0x91000000-0x919fffff]
[    7.767665] pci_bus 0000:06: resource 2 [mem 0x90000000-0x90ffffff 64bit pref]
[    7.775727] pci_bus 0000:07: resource 1 [mem 0x91000000-0x919fffff]
[    7.782721] pci_bus 0000:07: resource 2 [mem 0x90000000-0x90ffffff 64bit pref]
[    7.790781] pci_bus 0000:08: resource 1 [mem 0x91000000-0x918fffff]
[    7.797776] pci_bus 0000:08: resource 2 [mem 0x90000000-0x90ffffff 64bit pref]
[    7.805836] pci_bus 0000:09: resource 1 [mem 0x91000000-0x918fffff]
[    7.812831] pci_bus 0000:09: resource 2 [mem 0x90000000-0x90ffffff 64bit pref]
[    7.820966] pci 0000:80:01.0: PCI bridge to [bus 81]
[    7.826513] pci 0000:80:03.0: PCI bridge to [bus 82]
[    7.832060] pci_bus 0000:80: resource 4 [io  0x8000-0xffff window]
[    7.838958] pci_bus 0000:80: resource 5 [mem 0xc8000000-0xfbffbfff window]
[    7.846631] pci_bus 0000:80: resource 6 [mem 0x3c000000000-0x3ffffffffff window]
[    7.854921] pci 0000:00:05.0: disabled boot interrupts on device [8086:6f28]
[    7.863498] pci 0000:80:05.0: disabled boot interrupts on device [8086:6f28]
[    7.871509] PCI: CLS 0 bytes, default 64
[    7.875962] Trying to unpack rootfs image as initramfs...
[    7.875971] PCI-DMA: Using software bounce buffering for IO (SWIOTLB)
[    7.889177] software IO TLB: mapped [mem 0x000000006683c000-0x000000006a83c000] (64MB)
[    7.909381] Initialise system trusted keyrings
[    7.914364] Key type blacklist registered
[    7.918985] workingset: timestamp_bits=36 max_order=26 bucket_order=0
[    7.926218] zbud: loaded
[    7.930613] integrity: Platform Keyring initialized
[    7.936066] integrity: Machine keyring initialized
[    7.951568] NET: Registered PF_ALG protocol family
[    7.956918] xor: automatically using best checksumming function   avx       
[    7.964789] Key type asymmetric registered
[    7.969361] Asymmetric key parser 'x509' registered
[    8.120396] Freeing initrd memory: 19136K
[    8.129415] Block layer SCSI generic (bsg) driver version 0.4 loaded (major 245)
[    8.137779] io scheduler mq-deadline registered
[    8.142836] io scheduler kyber registered
[    8.147359] io scheduler bfq registered
[    8.154626] atomic64_test: passed for x86-64 platform with CX8 and with SSE
[    8.163179] pcieport 0000:00:01.0: PME: Signaling with IRQ 25
[    8.169709] pcieport 0000:00:01.0: AER: enabled with IRQ 25
[    8.176225] pcieport 0000:00:02.0: PME: Signaling with IRQ 26
[    8.182740] pcieport 0000:00:02.0: AER: enabled with IRQ 26
[    8.189229] pcieport 0000:00:03.0: PME: Signaling with IRQ 27
[    8.195746] pcieport 0000:00:03.0: AER: enabled with IRQ 27
[    8.202228] pcieport 0000:00:03.2: PME: Signaling with IRQ 28
[    8.208732] pcieport 0000:00:03.2: AER: enabled with IRQ 28
[    8.215162] pcieport 0000:00:1c.0: PME: Signaling with IRQ 29
[    8.221803] pcieport 0000:00:1c.7: PME: Signaling with IRQ 30
[    8.228328] pcieport 0000:00:1c.7: AER: enabled with IRQ 30
[    8.237863] pcieport 0000:80:01.0: PME: Signaling with IRQ 32
[    8.244389] pcieport 0000:80:01.0: AER: enabled with IRQ 32
[    8.250932] pcieport 0000:80:03.0: PME: Signaling with IRQ 33
[    8.257467] pcieport 0000:80:03.0: AER: enabled with IRQ 33
[    8.264390] shpchp: Standard Hot Plug PCI Controller Driver version: 0.4
[    8.272000] Monitor-Mwait will be used to enter C-1 state
[    8.272011] Monitor-Mwait will be used to enter C-2 state
[    8.272018] ACPI: \_SB_.SCK0.CP00: Found 2 idle states
[    8.283660] input: Power Button as /devices/LNXSYSTM:00/LNXPWRBN:00/input/input0
[    8.292015] ACPI: button: Power Button [PWRF]
[    8.360280] ERST: Error Record Serialization Table (ERST) support is initialized.
[    8.368636] pstore: Registered erst as persistent store backend
[    8.375645] Serial: 8250/16550 driver, 32 ports, IRQ sharing enabled
[    8.382806] 00:02: ttyS0 at I/O 0x3f8 (irq = 4, base_baud = 115200) is a 16550A
[    8.391565] 00:03: ttyS1 at I/O 0x2f8 (irq = 3, base_baud = 115200) is a 16550A
[    8.401930] Non-volatile memory driver v1.3
[    8.406618] Linux agpgart interface v0.103
[    8.411582] ACPI: bus type drm_connector registered
[    8.427466] ahci 0000:00:11.4: version 3.0
[    8.427643] ahci 0000:00:11.4: SSS flag set, parallel bus scan disabled
[    8.445160] ahci 0000:00:11.4: AHCI 0001.0300 32 slots 4 ports 6 Gbps 0xf impl SATA mode
[    8.454200] ahci 0000:00:11.4: flags: 64bit ncq stag led clo pio slum part ems apst 
[    8.471823] scsi host0: ahci
[    8.475425] scsi host1: ahci
[    8.478913] scsi host2: ahci
[    8.482452] scsi host3: ahci
[    8.485727] ata1: SATA max UDMA/133 abar m2048@0x96301000 port 0x96301100 irq 34
[    8.493976] ata2: SATA max UDMA/133 abar m2048@0x96301000 port 0x96301180 irq 34
[    8.502231] ata3: SATA max UDMA/133 abar m2048@0x96301000 port 0x96301200 irq 34
[    8.510487] ata4: SATA max UDMA/133 abar m2048@0x96301000 port 0x96301280 irq 34
[    8.518959] ahci 0000:00:1f.2: SSS flag set, parallel bus scan disabled
[    8.526379] ahci 0000:00:1f.2: AHCI 0001.0300 32 slots 6 ports 6 Gbps 0x3f impl SATA mode
[    8.535510] ahci 0000:00:1f.2: flags: 64bit ncq stag led clo pio slum part ems apst 
[    8.558785] scsi host4: ahci
[    8.562309] scsi host5: ahci
[    8.565860] scsi host6: ahci
[    8.569414] scsi host7: ahci
[    8.572951] scsi host8: ahci
[    8.576503] scsi host9: ahci
[    8.579772] ata5: SATA max UDMA/133 abar m2048@0x96300000 port 0x96300100 irq 35
[    8.588029] ata6: SATA max UDMA/133 abar m2048@0x96300000 port 0x96300180 irq 35
[    8.596285] ata7: SATA max UDMA/133 abar m2048@0x96300000 port 0x96300200 irq 35
[    8.604541] ata8: SATA max UDMA/133 abar m2048@0x96300000 port 0x96300280 irq 35
[    8.612796] ata9: SATA max UDMA/133 abar m2048@0x96300000 port 0x96300300 irq 35
[    8.621051] ata10: SATA max UDMA/133 abar m2048@0x96300000 port 0x96300380 irq 35
[    8.630235] usbcore: registered new interface driver usbserial_generic
[    8.630618] ehci-pci 0000:00:1a.0: EHCI Host Controller
[    8.637522] usbserial: USB Serial support registered for generic
[    8.643460] ehci-pci 0000:00:1a.0: new USB bus registered, assigned bus number 1
[    8.650087] i8042: PNP: No PS/2 controller found.
[    8.658322] ehci-pci 0000:00:1a.0: debug port 2
[    8.663662] mousedev: PS/2 mouse device common for all mice
[    8.672529] ehci-pci 0000:00:1a.0: irq 18, io mem 0x96303000
[    8.675007] rtc_cmos 00:00: RTC can wake from S4
[    8.686595] rtc_cmos 00:00: registered as rtc0
[    8.687228] ehci-pci 0000:00:1a.0: USB 2.0 started, EHCI 1.00
[    8.691624] rtc_cmos 00:00: setting system clock to 2023-06-21T08:56:54 UTC (1687337814)
[    8.698043] usb usb1: New USB device found, idVendor=1d6b, idProduct=0002, bcdDevice= 6.03
[    8.707049] rtc_cmos 00:00: alarms up to one month, y3k, 114 bytes nvram
[    8.716226] usb usb1: New USB device strings: Mfr=3, Product=2, SerialNumber=1
[    8.731767] usb usb1: Product: EHCI Host Controller
[    8.737212] usb usb1: Manufacturer: Linux 6.3.7-100.fc37.x86_64 ehci_hcd
[    8.744693] usb usb1: SerialNumber: 0000:00:1a.0
[    8.750143] hub 1-0:1.0: USB hub found
[    8.754359] hub 1-0:1.0: 2 ports detected
[    8.755247] device-mapper: core: CONFIG_IMA_DISABLE_HTABLE is disabled. Duplicate IMA measurements will not be recorded in the IMA log.
[    8.759042] ehci-pci 0000:00:1d.0: EHCI Host Controller
[    8.772544] device-mapper: uevent: version 1.0.3
[    8.778375] ehci-pci 0000:00:1d.0: new USB bus registered, assigned bus number 2
[    8.783622] device-mapper: ioctl: 4.47.0-ioctl (2022-07-28) initialised: dm-devel@redhat.com
[    8.791683] ehci-pci 0000:00:1d.0: debug port 2
[    8.806183] intel_pstate: Intel P-state driver initializing
[    8.810072] ehci-pci 0000:00:1d.0: irq 18, io mem 0x96302000
[    8.824162] ata1: SATA link down (SStatus 0 SControl 300)
[    8.825287] ehci-pci 0000:00:1d.0: USB 2.0 started, EHCI 1.00
[    8.836678] usb usb2: New USB device found, idVendor=1d6b, idProduct=0002, bcdDevice= 6.03
[    8.840537] [drm] Initialized simpledrm 1.0.0 20200625 for simple-framebuffer.0 on minor 0
[    8.845909] usb usb2: New USB device strings: Mfr=3, Product=2, SerialNumber=1
[    8.863186] usb usb2: Product: EHCI Host Controller
[    8.863188] usb usb2: Manufacturer: Linux 6.3.7-100.fc37.x86_64 ehci_hcd
[    8.863189] usb usb2: SerialNumber: 0000:00:1d.0
[    8.863246] fbcon: Deferring console take-over
[    8.863355] hub 2-0:1.0: USB hub found
[    8.868698] simple-framebuffer simple-framebuffer.0: [drm] fb0: simpledrmdrmfb frame buffer device
[    8.876180] hub 2-0:1.0: 2 ports detected
[    8.905044] hid: raw HID events driver (C) Jiri Kosina
[    8.910844] usbcore: registered new interface driver usbhid
[    8.917066] usbhid: USB HID core driver
[    8.921745] drop_monitor: Initializing network drop monitor service
[    8.936095] ata5: SATA link down (SStatus 0 SControl 300)
[    8.938277] tsc: Refined TSC clocksource calibration: 2199.995 MHz
[    8.941193] Initializing XFRM netlink socket
[    8.941333] NET: Registered PF_INET6 protocol family
[    8.947686] Segment Routing with IPv6
[    8.949085] clocksource: tsc: mask: 0xffffffffffffffff max_cycles: 0x1fb62e17808, max_idle_ns: 440795289890 ns
[    8.953800] RPL Segment Routing with IPv6
[    8.979110] In-situ OAM (IOAM) with IPv6
[    8.979123] clocksource: Switched to clocksource tsc
[    8.983512] mip6: Mobile IPv6
[    8.992339] NET: Registered PF_PACKET protocol family
[    9.010504] microcode: Microcode Update Driver: v2.2.
[    9.015021] resctrl: L3 allocation detected
[    9.025326] resctrl: L3 monitoring detected
[    9.029995] IPI shorthand broadcast: enabled
[    9.034758] AVX2 version of gcm_enc/dec engaged.
[    9.040167] AES CTR mode by8 optimization enabled
[    9.041221] usb 1-1: new high-speed USB device number 2 using ehci-pci
[    9.047181] sched_clock: Marking stable (5524001190, 3522206196)->(12233423461, -3187216075)
[    9.065666] registered taskstats version 1
[    9.081127] Loading compiled-in X.509 certificates
[    9.100010] Loaded X.509 cert 'Fedora kernel signing key: 3db2c98351ffcfad88667e939a12f067cad0a91b'
[    9.113837] zswap: loaded using pool lzo/zbud
[    9.122760] page_owner is disabled
[    9.126930] Key type .fscrypt registered
[    9.131308] Key type fscrypt-provisioning registered
[    9.136319] ata2: SATA link down (SStatus 0 SControl 300)
[    9.137784] Btrfs loaded, crc32c=crc32c-generic, zoned=yes, fsverity=yes
[    9.140284] usb 2-1: new high-speed USB device number 2 using ehci-pci
[    9.158228] pstore: Using crash dump compression: deflate
[    9.164277] Key type big_key registered
[    9.174624] Key type encrypted registered
[    9.182628] integrity: Loading X.509 certificate: UEFI:db
[    9.182831] usb 1-1: New USB device found, idVendor=8087, idProduct=800a, bcdDevice= 0.05
[    9.188694] integrity: Loaded X.509 cert 'Microsoft Corporation UEFI CA 2011: 13adbf4309bd82709c8cd54f316ed522988a1bd4'
[    9.197796] usb 1-1: New USB device strings: Mfr=0, Product=0, SerialNumber=0
[    9.209830] integrity: Loading X.509 certificate: UEFI:db
[    9.209854] integrity: Loaded X.509 cert 'Microsoft Windows Production PCA 2011: a92902398e16c49778cd90f99e4f9ae17c55af53'
[    9.218466] hub 1-1:1.0: USB hub found
[    9.226407] ima: No TPM chip found, activating TPM-bypass!
[    9.238123] hub 1-1:1.0: 6 ports detected
[    9.242176] Loading compiled-in module X.509 certificates
[    9.242869] Loaded X.509 cert 'Fedora kernel signing key: 3db2c98351ffcfad88667e939a12f067cad0a91b'
[    9.268909] ima: Allocated hash algorithm: sha256
[    9.274173] ima: No architecture policies found
[    9.279246] evm: Initialising EVM extended attributes:
[    9.284914] usb 2-1: New USB device found, idVendor=8087, idProduct=8002, bcdDevice= 0.05
[    9.284982] evm: security.selinux
[    9.294119] usb 2-1: New USB device strings: Mfr=0, Product=0, SerialNumber=0
[    9.297801] evm: security.SMACK64 (disabled)
[    9.297802] evm: security.SMACK64EXEC (disabled)
[    9.297803] evm: security.SMACK64TRANSMUTE (disabled)
[    9.306172] hub 2-1:1.0: USB hub found
[    9.310531] evm: security.SMACK64MMAP (disabled)
[    9.310533] evm: security.apparmor (disabled)
[    9.310534] evm: security.ima
[    9.310534] evm: security.capability
[    9.310535] evm: HMAC attrs: 0x1
[    9.346617] hub 2-1:1.0: 8 ports detected
[    9.372046] alg: No test for 842 (842-scomp)
[    9.377022] alg: No test for 842 (842-generic)
[    9.447958] ata3: SATA link down (SStatus 0 SControl 300)
[    9.524653] PM:   Magic number: 11:316:928
[    9.529445] pci 0000:ff:0c.3: hash matches
[    9.530287] usb 1-1.6: new high-speed USB device number 3 using ehci-pci
[    9.620327] usb 1-1.6: New USB device found, idVendor=413c, idProduct=a001, bcdDevice= 0.00
[    9.629666] usb 1-1.6: New USB device strings: Mfr=1, Product=2, SerialNumber=3
[    9.637834] usb 1-1.6: Product: Gadget USB HUB
[    9.642800] usb 1-1.6: Manufacturer: no manufacturer
[    9.648345] usb 1-1.6: SerialNumber: 0123456789
[    9.653960] hub 1-1.6:1.0: USB hub found
[    9.658533] RAS: Correctable Errors collector initialized.
[    9.658634] hub 1-1.6:1.0: 6 ports detected
[    9.760531] ata4: SATA link down (SStatus 0 SControl 300)
[   10.072607] ata6: SATA link down (SStatus 0 SControl 300)
[   10.384607] ata7: SATA link down (SStatus 0 SControl 300)
[   10.696632] ata8: SATA link down (SStatus 0 SControl 300)
[   11.008640] ata9: SATA link down (SStatus 0 SControl 300)
[   11.320642] ata10: SATA link up 1.5 Gbps (SStatus 113 SControl 300)
[   11.329583] ata10.00: ATAPI: HL-DT-ST DVD-ROM DU90N, D3C0, max UDMA/100
[   11.339062] ata10.00: configured for UDMA/100
[   11.345543] scsi 9:0:0:0: CD-ROM            HL-DT-ST DVD-ROM DU90N    D3C0 PQ: 0 ANSI: 5
[   11.368857] sr 9:0:0:0: [sr0] scsi3-mmc drive: 24x/24x cd/rw xa/form2 cdda tray
[   11.377037] cdrom: Uniform CD-ROM driver Revision: 3.20
[   11.390417] sr 9:0:0:0: Attached scsi CD-ROM sr0
[   11.390590] sr 9:0:0:0: Attached scsi generic sg0 type 5
[   11.399717] Freeing unused decrypted memory: 2036K
[   11.407601] Freeing unused kernel image (initmem) memory: 4456K
[   11.414353] Write protecting the kernel read-only data: 32768k
[   11.421509] Freeing unused kernel image (rodata/data gap) memory: 200K
[   11.511884] x86/mm: Checked W+X mappings: passed, no W+X pages found.
[   11.519074] x86/mm: Checking user space page tables
[   11.591113] x86/mm: Checked W+X mappings: passed, no W+X pages found.
[   11.598319] Run /init as init process
[   11.602404]   with arguments:
[   11.602406]     /init
[   11.602407]   with environment:
[   11.602408]     HOME=/
[   11.602409]     TERM=linux
[   11.602411]     BOOT_IMAGE=http://powerlab/pxelinux/node/bdwep1/fedora37/kernel
[   11.839370] systemd[1]: systemd 251.14-2.fc37 running in system mode (+PAM +AUDIT +SELINUX -APPARMOR +IMA +SMACK +SECCOMP -GCRYPT +GNUTLS +OPENSSL +ACL +BLKID +CURL +ELFUTILS +FIDO2 +IDN2 -IDN -IPTC +KMOD +LIBCRYPTSETUP +LIBFDISK +PCRE2 +PWQUALITY +P11KIT +QRENCODE +TPM2 +BZIP2 +LZ4 +XZ +ZLIB +ZSTD +BPF_FRAMEWORK +XKBCOMMON +UTMP +SYSVINIT default-hierarchy=unified)
[   11.875589] systemd[1]: Detected architecture x86-64.
[   11.881240] systemd[1]: Running in initial RAM disk.
[   11.899433] systemd[1]: No hostname configured, using default hostname.
[   11.907006] systemd[1]: Hostname set to <fedora>.
[   11.951576] systemd[1]: Failed to open libbpf, cgroup BPF features disabled: Operation not supported
[   12.033671] systemd[1]: Queued start job for default target initrd.target.
[   12.047833] systemd[1]: Reached target initrd-usr-fs.target - Initrd /usr File System.
[   12.067365] systemd[1]: Reached target local-fs.target - Local File Systems.
[   12.085371] systemd[1]: Reached target slices.target - Slice Units.
[   12.101363] systemd[1]: Reached target swap.target - Swaps.
[   12.116366] systemd[1]: Reached target timers.target - Timer Units.
[   12.132709] systemd[1]: Listening on systemd-journald-audit.socket - Journal Audit Socket.
[   12.152633] systemd[1]: Listening on systemd-journald-dev-log.socket - Journal Socket (/dev/log).
[   12.173631] systemd[1]: Listening on systemd-journald.socket - Journal Socket.
[   12.192662] systemd[1]: Listening on systemd-udevd-control.socket - udev Control Socket.
[   12.212586] systemd[1]: Listening on systemd-udevd-kernel.socket - udev Kernel Socket.
[   12.232387] systemd[1]: Reached target sockets.target - Socket Units.
[   12.258540] systemd[1]: Starting kmod-static-nodes.service - Create List of Static Device Nodes...
[   12.279502] systemd[1]: memstrack.service - Memstrack Anylazing Service was skipped because all trigger condition checks failed.
[   12.310619] systemd[1]: Starting systemd-journald.service - Journal Service...
[   12.329884] systemd[1]: Starting systemd-modules-load.service - Load Kernel Modules...
[   12.369557] systemd[1]: Starting systemd-vconsole-setup.service - Setup Virtual Console...
[   12.390549] systemd[1]: Finished kmod-static-nodes.service - Create List of Static Device Nodes.
[   12.411513] audit: type=1130 audit(1687337818.219:2): pid=1 uid=0 auid=4294967295 ses=4294967295 subj=kernel msg='unit=kmod-static-nodes comm="systemd" exe="/usr/lib/systemd/systemd" hostname=? addr=? terminal=? res=success'
[   12.411977] systemd[1]: Finished systemd-modules-load.service - Load Kernel Modules.
[   12.453445] audit: type=1130 audit(1687337818.261:3): pid=1 uid=0 auid=4294967295 ses=4294967295 subj=kernel msg='unit=systemd-modules-load comm="systemd" exe="/usr/lib/systemd/systemd" hostname=? addr=? terminal=? res=success'
[   12.453634] systemd[1]: Started systemd-journald.service - Journal Service.
[   12.494504] audit: type=1130 audit(1687337818.302:4): pid=1 uid=0 auid=4294967295 ses=4294967295 subj=kernel msg='unit=systemd-journald comm="systemd" exe="/usr/lib/systemd/systemd" hostname=? addr=? terminal=? res=success'
[   12.527435] audit: type=1130 audit(1687337818.335:5): pid=1 uid=0 auid=4294967295 ses=4294967295 subj=kernel msg='unit=systemd-vconsole-setup comm="systemd" exe="/usr/lib/systemd/systemd" hostname=? addr=? terminal=? res=success'
[   12.605467] audit: type=1130 audit(1687337818.413:6): pid=1 uid=0 auid=4294967295 ses=4294967295 subj=kernel msg='unit=systemd-sysctl comm="systemd" exe="/usr/lib/systemd/systemd" hostname=? addr=? terminal=? res=success'
[   12.638443] audit: type=1130 audit(1687337818.446:7): pid=1 uid=0 auid=4294967295 ses=4294967295 subj=kernel msg='unit=systemd-tmpfiles-setup-dev comm="systemd" exe="/usr/lib/systemd/systemd" hostname=? addr=? terminal=? res=success'
