Linux version 6.13.0-rc6-custom-00051-geea6e4b4dfb8 (jenkins@bld0) (gcc (GCC) 14.2.1 20240912 (Red Hat 14.2.1-3), GNU ld version 2.41-37.fc40) #1 SMP PREEMPT_DYNAMIC Sun Jan 12 18:46:20 EET 2025
Command line: BOOT_IMAGE=http://powerlab/pxelinux/node/milan0/custom-kernel/kernel initrd=http://powerlab/pxelinux/node/milan0/custom-kernel/initramfs.img root=UUID=92cbe7ba-b5a2-4c60-8935-e11d53802a7e ro console=ttyS0,115200 msr.allow_writes=on
BIOS-provided physical RAM map:
BIOS-e820: [mem 0x0000000000000000-0x000000000009cfff] usable
BIOS-e820: [mem 0x000000000009d000-0x000000000009ffff] reserved
BIOS-e820: [mem 0x00000000000e0000-0x00000000000fffff] reserved
BIOS-e820: [mem 0x0000000000100000-0x000000005a13dfff] usable
BIOS-e820: [mem 0x000000005a13e000-0x000000005a33dfff] reserved
BIOS-e820: [mem 0x000000005a33e000-0x0000000067acefff] usable
BIOS-e820: [mem 0x0000000067acf000-0x000000006dfcefff] reserved
BIOS-e820: [mem 0x000000006dfcf000-0x000000006edfefff] ACPI NVS
BIOS-e820: [mem 0x000000006edff000-0x000000006effefff] ACPI data
BIOS-e820: [mem 0x000000006efff000-0x000000006effffff] usable
BIOS-e820: [mem 0x000000006f000000-0x000000006f046fff] ACPI NVS
BIOS-e820: [mem 0x000000006f047000-0x000000006fffffff] usable
BIOS-e820: [mem 0x0000000070000000-0x000000008fffffff] reserved
BIOS-e820: [mem 0x000000009c000000-0x000000009cffffff] reserved
BIOS-e820: [mem 0x00000000a9000000-0x00000000a9ffffff] reserved
BIOS-e820: [mem 0x00000000b6000000-0x00000000b6ffffff] reserved
BIOS-e820: [mem 0x00000000c3000000-0x00000000c3ffffff] reserved
BIOS-e820: [mem 0x00000000d0000000-0x00000000d0ffffff] reserved
BIOS-e820: [mem 0x00000000dd000000-0x00000000ddffffff] reserved
BIOS-e820: [mem 0x00000000ea000000-0x00000000eaffffff] reserved
BIOS-e820: [mem 0x00000000fd000000-0x00000000ffffffff] reserved
BIOS-e820: [mem 0x0000000100000000-0x000000107fcfffff] usable
BIOS-e820: [mem 0x000000107fd00000-0x000000107fffffff] reserved
BIOS-e820: [mem 0x0000001080000000-0x000000207f1fffff] usable
BIOS-e820: [mem 0x000000207f200000-0x000000207fffffff] reserved
BIOS-e820: [mem 0x0000002080000000-0x000000307fdfffff] usable
BIOS-e820: [mem 0x000000307fe00000-0x000000307fffffff] reserved
BIOS-e820: [mem 0x0000003080000000-0x000000407fdfffff] usable
BIOS-e820: [mem 0x000000407fe00000-0x000000407fffffff] reserved
NX (Execute Disable) protection: active
APIC: Static calls initialized
SMBIOS 3.3 present.
DMI: Dell Inc. PowerEdge R7525/074H08, BIOS 2.12.4 07/26/2023
DMI: Memory slots populated: 16/32
tsc: Fast TSC calibration using PIT
tsc: Detected 2794.946 MHz processor
e820: update [mem 0x00000000-0x00000fff] usable ==> reserved
e820: remove [mem 0x000a0000-0x000fffff] usable
last_pfn = 0x407fe00 max_arch_pfn = 0x400000000
MTRR map: 7 entries (2 fixed + 5 variable; max 19), built from 9 variable MTRRs
x86/PAT: Configuration [0-7]: WB  WC  UC- UC  WB  WP  UC- WT  
x2apic: enabled by BIOS, switching to x2apic ops
last_pfn = 0x70000 max_arch_pfn = 0x400000000
Using GB pages for direct mapping
RAMDISK: [mem 0x63364000-0x67acefff]
ACPI: Early table checksum verification disabled
ACPI: RSDP 0x00000000000FE320 000024 (v02 DELL  )
ACPI: XSDT 0x000000006EF8A188 0000D4 (v01 DELL   PE_SC3   00000002 DELL 00000001)
ACPI: FACP 0x000000006EFF9000 000114 (v06 DELL   PE_SC3   00000002 DELL 00000001)
ACPI: DSDT 0x000000006EFC0000 033A88 (v02 DELL   PE_SC3   00000002 DELL 00000001)
ACPI: FACS 0x000000006EDB5000 000040
ACPI: BERT 0x000000006EFFC000 000030 (v01 DELL   PE_SC3   00000001 DELL 00000001)
ACPI: ERST 0x000000006EFFB000 000230 (v01 DELL   PE_SC3   00000001 DELL 00000001)
ACPI: HEST 0x000000006EFFA000 0007F4 (v01 DELL   PE_SC3   00000001 DELL 00000001)
ACPI: HPET 0x000000006EFF8000 000038 (v01 DELL   PE_SC3   00000002 DELL 00000001)
ACPI: APIC 0x000000006EFF6000 0018BE (v05 DELL   PE_SC3   00000002 DELL 00000001)
ACPI: MCFG 0x000000006EFF5000 00003C (v01 DELL   PE_SC3   00000002 DELL 00000001)
ACPI: WSMT 0x000000006EFF4000 000028 (v01 DELL   PE_SC3   00000002 DELL 00000001)
ACPI: SSDT 0x000000006EFBF000 000511 (v02 DELL   xhc_port 00000001 INTL 20210331)
ACPI: SSDT 0x000000006EFBE000 000D6E (v02 AMD    CPMRAS   00000001 INTL 20210331)
ACPI: EINJ 0x000000006EFBD000 000170 (v01 AMD    PE_SC3   00000001 AMD  00000001)
ACPI: PCCT 0x000000006EFBC000 00006E (v02 DELL   AmdTable 00000001 AMD  00000001)
ACPI: SSDT 0x000000006EF9C000 01F949 (v02 DELL   PE_SC3   00000001 AMD  00000001)
ACPI: SRAT 0x000000006EF9B000 000D20 (v03 DELL   PE_SC3   00000001 AMD  00000001)
ACPI: MSCT 0x000000006EF9A000 00004E (v01 DELL   PE_SC3   00000000 AMD  00000001)
ACPI: SLIT 0x000000006EF99000 00003C (v01 DELL   PE_SC3   00000001 AMD  00000001)
ACPI: CRAT 0x000000006EF91000 007570 (v01 DELL   PE_SC3   00000001 AMD  00000001)
ACPI: CDIT 0x000000006EF90000 000038 (v01 DELL   PE_SC3   00000001 AMD  00000001)
ACPI: IVRS 0x000000006EF8F000 000370 (v02 DELL   PE_SC3   00000001 AMD  00000001)
ACPI: SPCR 0x000000006EF8E000 000050 (v02 DELL   PE_SC3   00000002 DELL 00000001)
ACPI: SSDT 0x000000006EF8B000 00208E (v02 DELL   PE_SC3   00000002 DELL 00000001)
ACPI: SSDT 0x000000006EF88000 00193C (v02 AMD    CPMCMN   00000001 INTL 20210331)
ACPI: Reserving FACP table memory at [mem 0x6eff9000-0x6eff9113]
ACPI: Reserving DSDT table memory at [mem 0x6efc0000-0x6eff3a87]
ACPI: Reserving FACS table memory at [mem 0x6edb5000-0x6edb503f]
ACPI: Reserving BERT table memory at [mem 0x6effc000-0x6effc02f]
ACPI: Reserving ERST table memory at [mem 0x6effb000-0x6effb22f]
ACPI: Reserving HEST table memory at [mem 0x6effa000-0x6effa7f3]
ACPI: Reserving HPET table memory at [mem 0x6eff8000-0x6eff8037]
ACPI: Reserving APIC table memory at [mem 0x6eff6000-0x6eff78bd]
ACPI: Reserving MCFG table memory at [mem 0x6eff5000-0x6eff503b]
ACPI: Reserving WSMT table memory at [mem 0x6eff4000-0x6eff4027]
ACPI: Reserving SSDT table memory at [mem 0x6efbf000-0x6efbf510]
ACPI: Reserving SSDT table memory at [mem 0x6efbe000-0x6efbed6d]
ACPI: Reserving EINJ table memory at [mem 0x6efbd000-0x6efbd16f]
ACPI: Reserving PCCT table memory at [mem 0x6efbc000-0x6efbc06d]
ACPI: Reserving SSDT table memory at [mem 0x6ef9c000-0x6efbb948]
ACPI: Reserving SRAT table memory at [mem 0x6ef9b000-0x6ef9bd1f]
ACPI: Reserving MSCT table memory at [mem 0x6ef9a000-0x6ef9a04d]
ACPI: Reserving SLIT table memory at [mem 0x6ef99000-0x6ef9903b]
ACPI: Reserving CRAT table memory at [mem 0x6ef91000-0x6ef9856f]
ACPI: Reserving CDIT table memory at [mem 0x6ef90000-0x6ef90037]
ACPI: Reserving IVRS table memory at [mem 0x6ef8f000-0x6ef8f36f]
ACPI: Reserving SPCR table memory at [mem 0x6ef8e000-0x6ef8e04f]
ACPI: Reserving SSDT table memory at [mem 0x6ef8b000-0x6ef8d08d]
ACPI: Reserving SSDT table memory at [mem 0x6ef88000-0x6ef8993b]
APIC: Switched APIC routing to: cluster x2apic
ACPI: SRAT: Node 0 PXM 0 [mem 0x00000000-0x0009ffff]
ACPI: SRAT: Node 0 PXM 0 [mem 0x000c0000-0x7fffffff]
ACPI: SRAT: Node 0 PXM 0 [mem 0x100000000-0x107fffffff]
ACPI: SRAT: Node 1 PXM 1 [mem 0x1080000000-0x207fffffff]
ACPI: SRAT: Node 2 PXM 2 [mem 0x2080000000-0x307fffffff]
ACPI: SRAT: Node 3 PXM 3 [mem 0x3080000000-0x407fffffff]
NUMA: Initialized distance table, cnt=4
NUMA: Node 0 [mem 0x00001000-0x0009ffff] + [mem 0x000c0000-0x7fffffff] -> [mem 0x00001000-0x7fffffff]
NUMA: Node 0 [mem 0x00001000-0x7fffffff] + [mem 0x100000000-0x107fffffff] -> [mem 0x00001000-0x107fffffff]
NODE_DATA(0) allocated [mem 0x107fcd5a00-0x107fcfffff]
NODE_DATA(1) allocated [mem 0x207f1d5a00-0x207f1fffff]
NODE_DATA(2) allocated [mem 0x307fdd5a00-0x307fdfffff]
NODE_DATA(3) allocated [mem 0x407fdd3a00-0x407fdfdfff]
Zone ranges:
  DMA      [mem 0x0000000000001000-0x0000000000ffffff]
  DMA32    [mem 0x0000000001000000-0x00000000ffffffff]
  Normal   [mem 0x0000000100000000-0x000000407fdfffff]
  Device   empty
Movable zone start for each node
Early memory node ranges
  node   0: [mem 0x0000000000001000-0x000000000009cfff]
  node   0: [mem 0x0000000000100000-0x000000005a13dfff]
  node   0: [mem 0x000000005a33e000-0x0000000067acefff]
  node   0: [mem 0x000000006efff000-0x000000006effffff]
  node   0: [mem 0x000000006f047000-0x000000006fffffff]
  node   0: [mem 0x0000000100000000-0x000000107fcfffff]
  node   1: [mem 0x0000001080000000-0x000000207f1fffff]
  node   2: [mem 0x0000002080000000-0x000000307fdfffff]
  node   3: [mem 0x0000003080000000-0x000000407fdfffff]
Initmem setup node 0 [mem 0x0000000000001000-0x000000107fcfffff]
Initmem setup node 1 [mem 0x0000001080000000-0x000000207f1fffff]
Initmem setup node 2 [mem 0x0000002080000000-0x000000307fdfffff]
Initmem setup node 3 [mem 0x0000003080000000-0x000000407fdfffff]
On node 0, zone DMA: 1 pages in unavailable ranges
On node 0, zone DMA: 99 pages in unavailable ranges
On node 0, zone DMA32: 512 pages in unavailable ranges
On node 0, zone DMA32: 30000 pages in unavailable ranges
On node 0, zone DMA32: 71 pages in unavailable ranges
On node 1, zone Normal: 768 pages in unavailable ranges
On node 2, zone Normal: 3584 pages in unavailable ranges
On node 3, zone Normal: 512 pages in unavailable ranges
On node 3, zone Normal: 512 pages in unavailable ranges
ACPI: PM-Timer IO Port: 0x408
ACPI: X2APIC_NMI (uid[0xffffffff] high edge lint[0x1])
ACPI: LAPIC_NMI (acpi_id[0xff] high edge lint[0x1])
IOAPIC[0]: apic_id 240, version 33, address 0xfec00000, GSI 0-23
IOAPIC[1]: apic_id 241, version 33, address 0xea100000, GSI 120-151
IOAPIC[2]: apic_id 242, version 33, address 0xdd100000, GSI 88-119
IOAPIC[3]: apic_id 243, version 33, address 0xd0100000, GSI 56-87
IOAPIC[4]: apic_id 244, version 33, address 0xfd100000, GSI 24-55
IOAPIC[5]: apic_id 245, version 33, address 0xc3100000, GSI 248-279
IOAPIC[6]: apic_id 246, version 33, address 0xb6100000, GSI 216-247
IOAPIC[7]: apic_id 247, version 33, address 0xa9100000, GSI 184-215
IOAPIC[8]: apic_id 248, version 33, address 0x9c200000, GSI 152-183
ACPI: INT_SRC_OVR (bus 0 bus_irq 0 global_irq 2 dfl dfl)
ACPI: INT_SRC_OVR (bus 0 bus_irq 9 global_irq 9 low level)
ACPI: Using ACPI (MADT) for SMP configuration information
ACPI: HPET id: 0x10228201 base: 0xfed00000
ACPI: SPCR: console: uart,io,0x3f8,115200
CPU topo: Max. logical packages:   2
CPU topo: Max. logical dies:       2
CPU topo: Max. dies per package:   1
CPU topo: Max. threads per core:   2
CPU topo: Num. cores per package:    32
CPU topo: Num. threads per package:  64
CPU topo: Allowing 128 present CPUs plus 0 hotplug CPUs
PM: hibernation: Registered nosave memory: [mem 0x00000000-0x00000fff]
PM: hibernation: Registered nosave memory: [mem 0x0009d000-0x0009ffff]
PM: hibernation: Registered nosave memory: [mem 0x000a0000-0x000dffff]
PM: hibernation: Registered nosave memory: [mem 0x000e0000-0x000fffff]
PM: hibernation: Registered nosave memory: [mem 0x5a13e000-0x5a33dfff]
PM: hibernation: Registered nosave memory: [mem 0x67acf000-0x6dfcefff]
PM: hibernation: Registered nosave memory: [mem 0x6dfcf000-0x6edfefff]
PM: hibernation: Registered nosave memory: [mem 0x6edff000-0x6effefff]
PM: hibernation: Registered nosave memory: [mem 0x6f000000-0x6f046fff]
PM: hibernation: Registered nosave memory: [mem 0x70000000-0x8fffffff]
PM: hibernation: Registered nosave memory: [mem 0x90000000-0x9bffffff]
PM: hibernation: Registered nosave memory: [mem 0x9c000000-0x9cffffff]
PM: hibernation: Registered nosave memory: [mem 0x9d000000-0xa8ffffff]
PM: hibernation: Registered nosave memory: [mem 0xa9000000-0xa9ffffff]
PM: hibernation: Registered nosave memory: [mem 0xaa000000-0xb5ffffff]
PM: hibernation: Registered nosave memory: [mem 0xb6000000-0xb6ffffff]
PM: hibernation: Registered nosave memory: [mem 0xb7000000-0xc2ffffff]
PM: hibernation: Registered nosave memory: [mem 0xc3000000-0xc3ffffff]
PM: hibernation: Registered nosave memory: [mem 0xc4000000-0xcfffffff]
PM: hibernation: Registered nosave memory: [mem 0xd0000000-0xd0ffffff]
PM: hibernation: Registered nosave memory: [mem 0xd1000000-0xdcffffff]
PM: hibernation: Registered nosave memory: [mem 0xdd000000-0xddffffff]
PM: hibernation: Registered nosave memory: [mem 0xde000000-0xe9ffffff]
PM: hibernation: Registered nosave memory: [mem 0xea000000-0xeaffffff]
PM: hibernation: Registered nosave memory: [mem 0xeb000000-0xfcffffff]
PM: hibernation: Registered nosave memory: [mem 0xfd000000-0xffffffff]
PM: hibernation: Registered nosave memory: [mem 0x107fd00000-0x107fffffff]
PM: hibernation: Registered nosave memory: [mem 0x207f200000-0x207fffffff]
PM: hibernation: Registered nosave memory: [mem 0x307fe00000-0x307fffffff]
[mem 0xeb000000-0xfcffffff] available for PCI devices
Booting paravirtualized kernel on bare hardware
clocksource: refined-jiffies: mask: 0xffffffff max_cycles: 0xffffffff, max_idle_ns: 1910969940391419 ns
setup_percpu: NR_CPUS:8192 nr_cpumask_bits:128 nr_cpu_ids:128 nr_node_ids:4
percpu: Embedded 59 pages/cpu s203928 r8192 d29544 u262144
pcpu-alloc: s203928 r8192 d29544 u262144 alloc=1*2097152
pcpu-alloc: [0] 000 001 002 003 004 005 006 007 
pcpu-alloc: [0] 008 009 010 011 012 013 014 015 
pcpu-alloc: [0] 064 065 066 067 068 069 070 071 
pcpu-alloc: [0] 072 073 074 075 076 077 078 079 
pcpu-alloc: [1] 016 017 018 019 020 021 022 023 
pcpu-alloc: [1] 024 025 026 027 028 029 030 031 
pcpu-alloc: [1] 080 081 082 083 084 085 086 087 
pcpu-alloc: [1] 088 089 090 091 092 093 094 095 
pcpu-alloc: [2] 032 033 034 035 036 037 038 039 
pcpu-alloc: [2] 040 041 042 043 044 045 046 047 
pcpu-alloc: [2] 096 097 098 099 100 101 102 103 
pcpu-alloc: [2] 104 105 106 107 108 109 110 111 
pcpu-alloc: [3] 048 049 050 051 052 053 054 055 
pcpu-alloc: [3] 056 057 058 059 060 061 062 063 
pcpu-alloc: [3] 112 113 114 115 116 117 118 119 
pcpu-alloc: [3] 120 121 122 123 124 125 126 127 
Kernel command line: BOOT_IMAGE=http://powerlab/pxelinux/node/milan0/custom-kernel/kernel initrd=http://powerlab/pxelinux/node/milan0/custom-kernel/initramfs.img root=UUID=92cbe7ba-b5a2-4c60-8935-e11d53802a7e ro console=ttyS0,115200 msr.allow_writes=on
Unknown kernel command line parameters "BOOT_IMAGE=http://powerlab/pxelinux/node/milan0/custom-kernel/kernel", will be passed to user space.
random: crng init done
printk: log_buf_len individual max cpu contribution: 4096 bytes
printk: log_buf_len total cpu_extra contributions: 520192 bytes
printk: log_buf_len min size: 262144 bytes
printk: log buffer data + meta data: 1048576 + 3670016 = 4718592 bytes
printk: early log buf free: 245840(93%)
Fallback order for Node 0: 0 1 2 3 
Fallback order for Node 1: 1 0 3 2 
Fallback order for Node 2: 2 3 0 1 
Fallback order for Node 3: 3 2 1 0 
Built 4 zonelists, mobility grouping on.  Total pages: 67007269
Policy zone: Normal
mem auto-init: stack:all(zero), heap alloc:off, heap free:off
software IO TLB: area num 128.
SLUB: HWalign=64, Order=0-3, MinObjects=0, CPUs=128, Nodes=4
ftrace: allocating 44652 entries in 175 pages
ftrace: allocated 175 pages with 6 groups
Dynamic Preempt: voluntary
rcu: Preemptible hierarchical RCU implementation.
rcu: 	RCU event tracing is enabled.
rcu: 	RCU restricting CPUs from NR_CPUS=8192 to nr_cpu_ids=128.
	Trampoline variant of Tasks RCU enabled.
	Rude variant of Tasks RCU enabled.
	Tracing variant of Tasks RCU enabled.
rcu: RCU calculated value of scheduler-enlistment delay is 100 jiffies.
rcu: Adjusting geometry for rcu_fanout_leaf=16, nr_cpu_ids=128
RCU Tasks: Setting shift to 7 and lim to 1 rcu_task_cb_adjust=1 rcu_task_cpu_ids=128.
RCU Tasks Rude: Setting shift to 7 and lim to 1 rcu_task_cb_adjust=1 rcu_task_cpu_ids=128.
RCU Tasks Trace: Setting shift to 7 and lim to 1 rcu_task_cb_adjust=1 rcu_task_cpu_ids=128.
NR_IRQS: 524544, nr_irqs: 5800, preallocated irqs: 16
rcu: srcu_init: Setting srcu_struct sizes to big.
Console: colour VGA+ 80x25
printk: legacy console [ttyS0] enabled
mempolicy: Enabling automatic NUMA balancing. Configure with numa_balancing= or the kernel.numa_balancing sysctl
ACPI: Core revision 20240827
clocksource: hpet: mask: 0xffffffff max_cycles: 0xffffffff, max_idle_ns: 133484873504 ns
APIC: Switch to symmetric I/O mode setup
AMD-Vi: Using global IVHD EFR:0x59f77efa2094ade, EFR2:0x0
..TIMER: vector=0x30 apic1=0 pin1=2 apic2=-1 pin2=-1
clocksource: tsc-early: mask: 0xffffffffffffffff max_cycles: 0x28499a7031a, max_idle_ns: 440795318084 ns
Calibrating delay loop (skipped), value calculated using timer frequency.. 5589.89 BogoMIPS (lpj=2794946)
x86/cpu: User Mode Instruction Prevention (UMIP) activated
LVT offset 2 assigned for vector 0xf4
Last level iTLB entries: 4KB 512, 2MB 512, 4MB 256
Last level dTLB entries: 4KB 2048, 2MB 2048, 4MB 1024, 1GB 0
process: using mwait in idle threads
Spectre V1 : Mitigation: usercopy/swapgs barriers and __user pointer sanitization
Spectre V2 : Mitigation: Retpolines
Spectre V2 : Spectre v2 / SpectreRSB mitigation: Filling RSB on context switch
Spectre V2 : Spectre v2 / SpectreRSB : Filling RSB on VMEXIT
Spectre V2 : Enabling Restricted Speculation for firmware calls
Spectre V2 : mitigation: Enabling conditional Indirect Branch Prediction Barrier
Spectre V2 : User space: Mitigation: STIBP always-on protection
Speculative Store Bypass: Mitigation: Speculative Store Bypass disabled via prctl
Speculative Return Stack Overflow: Mitigation: Safe RET
x86/fpu: Supporting XSAVE feature 0x001: 'x87 floating point registers'
x86/fpu: Supporting XSAVE feature 0x002: 'SSE registers'
x86/fpu: Supporting XSAVE feature 0x004: 'AVX registers'
x86/fpu: Supporting XSAVE feature 0x200: 'Protection Keys User registers'
x86/fpu: Supporting XSAVE feature 0x800: 'Control-flow User registers'
x86/fpu: xstate_offset[2]:  576, xstate_sizes[2]:  256
x86/fpu: xstate_offset[9]:  832, xstate_sizes[9]:    8
x86/fpu: xstate_offset[11]:  840, xstate_sizes[11]:   16
x86/fpu: Enabled xstate features 0xa07, context size is 856 bytes, using 'compacted' format.
Freeing SMP alternatives memory: 40K
pid_max: default: 131072 minimum: 1024
LSM: initializing lsm=capability,selinux
SELinux:  Initializing.
Dentry cache hash table entries: 16777216 (order: 15, 134217728 bytes, vmalloc hugepage)
Inode-cache hash table entries: 8388608 (order: 14, 67108864 bytes, vmalloc hugepage)
Mount-cache hash table entries: 262144 (order: 9, 2097152 bytes, vmalloc hugepage)
Mountpoint-cache hash table entries: 262144 (order: 9, 2097152 bytes, vmalloc hugepage)
smpboot: CPU0: AMD EPYC 7543 32-Core Processor (family: 0x19, model: 0x1, stepping: 0x1)
Performance Events: Fam17h+ core perfctr, AMD PMU driver.
... version:                0
... bit width:              48
... generic registers:      6
... value mask:             0000ffffffffffff
... max period:             00007fffffffffff
... fixed-purpose events:   0
... event mask:             000000000000003f
signal: max sigframe size: 3376
rcu: Hierarchical SRCU implementation.
rcu: 	Max phase no-delay instances is 400.
Timer migration: 3 hierarchy levels; 8 children per group; 2 crossnode level
smp: Bringing up secondary CPUs ...
smpboot: x86: Booting SMP configuration:
.... node  #0, CPUs:          #1   #2   #3   #4   #5   #6   #7   #8   #9  #10  #11  #12  #13  #14  #15
.... node  #1, CPUs:    #16  #17  #18  #19  #20  #21  #22  #23  #24  #25  #26  #27  #28  #29  #30  #31
.... node  #2, CPUs:    #32  #33  #34  #35  #36  #37  #38  #39  #40  #41  #42  #43  #44  #45  #46  #47
.... node  #3, CPUs:    #48  #49  #50  #51  #52  #53  #54  #55  #56  #57  #58  #59  #60  #61  #62  #63
.... node  #0, CPUs:    #64  #65  #66  #67  #68  #69  #70  #71  #72  #73  #74  #75  #76  #77  #78  #79
.... node  #1, CPUs:    #80  #81  #82  #83  #84  #85  #86  #87  #88  #89  #90  #91  #92  #93  #94  #95
.... node  #2, CPUs:    #96  #97  #98  #99 #100 #101 #102 #103 #104 #105 #106 #107 #108 #109 #110 #111
.... node  #3, CPUs:   #112 #113 #114 #115 #116 #117 #118 #119 #120 #121 #122 #123 #124 #125 #126 #127
Spectre V2 : Update user space SMT mitigation: STIBP always-on
smp: Brought up 4 nodes, 128 CPUs
smpboot: Total of 128 processors activated (715506.17 BogoMIPS)
Memory: 263322396K/268029076K available (16384K kernel code, 3105K rwdata, 11032K rodata, 3768K init, 2748K bss, 4410020K reserved, 0K cma-reserved)
devtmpfs: initialized
x86/mm: Memory block size: 2048MB
ACPI: PM: Registering ACPI NVS region [mem 0x6dfcf000-0x6edfefff] (14876672 bytes)
ACPI: PM: Registering ACPI NVS region [mem 0x6f000000-0x6f046fff] (290816 bytes)
clocksource: jiffies: mask: 0xffffffff max_cycles: 0xffffffff, max_idle_ns: 1911260446275000 ns
futex hash table entries: 32768 (order: 9, 2097152 bytes, vmalloc hugepage)
pinctrl core: initialized pinctrl subsystem
PM: RTC time: 12:16:36, date: 2025-01-21
NET: Registered PF_NETLINK/PF_ROUTE protocol family
audit: initializing netlink subsys (disabled)
audit: type=2000 audit(1737461793.632:1): state=initialized audit_enabled=0 res=1
thermal_sys: Registered thermal governor 'fair_share'
thermal_sys: Registered thermal governor 'bang_bang'
thermal_sys: Registered thermal governor 'step_wise'
thermal_sys: Registered thermal governor 'user_space'
cpuidle: using governor ladder
cpuidle: using governor menu
Detected 1 PCC Subspaces
Registering PCC driver as Mailbox controller
ACPI FADT declares the system doesn't support PCIe ASPM, so disable it
acpiphp: ACPI Hot Plug PCI Controller Driver version: 0.5
PCI: ECAM [mem 0x80000000-0x8fffffff] (base 0x80000000) for domain 0000 [bus 00-ff]
PCI: Using configuration type 1 for base access
PCI: Dell System detected, enabling pci=bfsort.
kprobes: kprobe jump-optimization is enabled. All kprobes are optimized if possible.
HugeTLB: registered 1.00 GiB page size, pre-allocated 0 pages
HugeTLB: 16380 KiB vmemmap can be freed for a 1.00 GiB page
HugeTLB: registered 2.00 MiB page size, pre-allocated 0 pages
HugeTLB: 28 KiB vmemmap can be freed for a 2.00 MiB page
cryptd: max_cpu_qlen set to 1000
ACPI: Added _OSI(Module Device)
ACPI: Added _OSI(Processor Device)
ACPI: Added _OSI(3.0 _SCP Extensions)
ACPI: Added _OSI(Processor Aggregator Device)
ACPI: 6 ACPI AML tables successfully acquired and loaded
ACPI: Interpreter enabled
ACPI: PM: (supports S0 S5)
ACPI: Using IOAPIC for interrupt routing
HEST: Table parsing has been initialized.
GHES: APEI firmware first mode is enabled by APEI bit and WHEA _OSC.
PCI: Using host bridge windows from ACPI; if necessary, use "pci=nocrs" and report a bug
PCI: Ignoring E820 reservations for host bridge windows
ACPI: Enabled 2 GPEs in block 00 to 1F
ACPI: PCI: Interrupt link LNKA configured for IRQ 11
ACPI: PCI: Interrupt link LNKB configured for IRQ 11
ACPI: PCI: Interrupt link LNKC configured for IRQ 10
ACPI: PCI: Interrupt link LNKD configured for IRQ 0
ACPI: PCI: Interrupt link LNKE configured for IRQ 0
ACPI: PCI: Interrupt link LNKF configured for IRQ 11
ACPI: PCI: Interrupt link LNKG configured for IRQ 5
ACPI: PCI: Interrupt link LNKH configured for IRQ 11
ACPI: PCI Root Bridge [PC00] (domain 0000 [bus 00-1f])
acpi PNP0A08:00: _OSC: OS supports [ExtendedConfig ASPM ClockPM Segments MSI HPX-Type3]
acpi PNP0A08:00: _OSC: OS now controls [PCIeHotplug PME PCIeCapability LTR]
acpi PNP0A08:00: FADT indicates ASPM is unsupported, using BIOS configuration
PCI host bridge to bus 0000:00
pci_bus 0000:00: root bus resource [io  0x0000-0x03af window]
pci_bus 0000:00: root bus resource [io  0x03e0-0x0cf7 window]
pci_bus 0000:00: root bus resource [mem 0x000c0000-0x000fffff window]
pci_bus 0000:00: root bus resource [io  0x0d00-0x1fff window]
pci_bus 0000:00: root bus resource [mem 0xeb000000-0xfebfffff window]
pci_bus 0000:00: root bus resource [mem 0x39ee0000000-0x47e7fffffff window]
pci_bus 0000:00: root bus resource [bus 00-1f]
pci 0000:00:00.0: [1022:1480] type 00 class 0x060000 conventional PCI endpoint
pci 0000:00:00.2: [1022:164f] type 00 class 0x080600 conventional PCI endpoint
pci 0000:00:01.0: [1022:1482] type 00 class 0x060000 conventional PCI endpoint
pci 0000:00:01.1: [1022:1483] type 01 class 0x060400 PCIe Root Port
pci 0000:00:01.1: PCI bridge to [bus 01]
pci 0000:00:01.1:   bridge window [mem 0xf9f00000-0xf9ffffff]
pci 0000:00:01.1: PME# supported from D0 D3hot D3cold
pci 0000:00:01.2: [1022:1483] type 01 class 0x060400 PCIe Root Port
pci 0000:00:01.2: PCI bridge to [bus 02]
pci 0000:00:01.2:   bridge window [mem 0xf9800000-0xf9bfffff]
pci 0000:00:01.2: PME# supported from D0 D3hot D3cold
pci 0000:00:01.3: [1022:1483] type 01 class 0x060400 PCIe Root Port
pci 0000:00:01.3: PCI bridge to [bus 03]
pci 0000:00:01.3:   bridge window [mem 0xf9400000-0xf97fffff]
pci 0000:00:01.3: PME# supported from D0 D3hot D3cold
pci 0000:00:01.4: [1022:1483] type 01 class 0x060400 PCIe Root Port
pci 0000:00:01.4: PCI bridge to [bus 04]
pci 0000:00:01.4:   bridge window [mem 0xf9000000-0xf93fffff]
pci 0000:00:01.4: PME# supported from D0 D3hot D3cold
pci 0000:00:02.0: [1022:1482] type 00 class 0x060000 conventional PCI endpoint
pci 0000:00:03.0: [1022:1482] type 00 class 0x060000 conventional PCI endpoint
pci 0000:00:04.0: [1022:1482] type 00 class 0x060000 conventional PCI endpoint
pci 0000:00:05.0: [1022:1482] type 00 class 0x060000 conventional PCI endpoint
pci 0000:00:07.0: [1022:1482] type 00 class 0x060000 conventional PCI endpoint
pci 0000:00:07.1: [1022:1484] type 01 class 0x060400 PCIe Root Port
pci 0000:00:07.1: PCI bridge to [bus 05]
pci 0000:00:07.1:   bridge window [mem 0xf9e00000-0xf9efffff]
pci 0000:00:07.1: enabling Extended Tags
pci 0000:00:07.1: PME# supported from D0 D3hot D3cold
pci 0000:00:08.0: [1022:1482] type 00 class 0x060000 conventional PCI endpoint
pci 0000:00:08.1: [1022:1484] type 01 class 0x060400 PCIe Root Port
pci 0000:00:08.1: PCI bridge to [bus 06]
pci 0000:00:08.1:   bridge window [mem 0xf9c00000-0xf9dfffff]
pci 0000:00:08.1: enabling Extended Tags
pci 0000:00:08.1: PME# supported from D0 D3hot D3cold
pci 0000:00:14.0: [1022:790b] type 00 class 0x0c0500 conventional PCI endpoint
pci 0000:00:14.3: [1022:790e] type 00 class 0x060100 conventional PCI endpoint
pci 0000:00:18.0: [1022:1650] type 00 class 0x060000 conventional PCI endpoint
pci 0000:00:18.1: [1022:1651] type 00 class 0x060000 conventional PCI endpoint
pci 0000:00:18.2: [1022:1652] type 00 class 0x060000 conventional PCI endpoint
pci 0000:00:18.3: [1022:1653] type 00 class 0x060000 conventional PCI endpoint
pci 0000:00:18.4: [1022:1654] type 00 class 0x060000 conventional PCI endpoint
pci 0000:00:18.5: [1022:1655] type 00 class 0x060000 conventional PCI endpoint
pci 0000:00:18.6: [1022:1656] type 00 class 0x060000 conventional PCI endpoint
pci 0000:00:18.7: [1022:1657] type 00 class 0x060000 conventional PCI endpoint
pci 0000:00:19.0: [1022:1650] type 00 class 0x060000 conventional PCI endpoint
pci 0000:00:19.1: [1022:1651] type 00 class 0x060000 conventional PCI endpoint
pci 0000:00:19.2: [1022:1652] type 00 class 0x060000 conventional PCI endpoint
pci 0000:00:19.3: [1022:1653] type 00 class 0x060000 conventional PCI endpoint
pci 0000:00:19.4: [1022:1654] type 00 class 0x060000 conventional PCI endpoint
pci 0000:00:19.5: [1022:1655] type 00 class 0x060000 conventional PCI endpoint
pci 0000:00:19.6: [1022:1656] type 00 class 0x060000 conventional PCI endpoint
pci 0000:00:19.7: [1022:1657] type 00 class 0x060000 conventional PCI endpoint
pci 0000:01:00.0: [144d:a80a] type 00 class 0x010802 PCIe Endpoint
pci 0000:01:00.0: BAR 0 [mem 0xf9f00000-0xf9f03fff 64bit]
pci 0000:01:00.0: ROM [mem 0xffff0000-0xffffffff pref]
pci 0000:00:01.1: PCI bridge to [bus 01]
pci 0000:00:01.2: PCI bridge to [bus 02]
pci 0000:00:01.3: PCI bridge to [bus 03]
pci 0000:00:01.4: PCI bridge to [bus 04]
pci 0000:05:00.0: [1022:148a] type 00 class 0x130000 PCIe Endpoint
pci 0000:05:00.0: enabling Extended Tags
pci 0000:05:00.2: [1022:1498] type 00 class 0x108000 PCIe Endpoint
pci 0000:05:00.2: BAR 2 [mem 0xf9e00000-0xf9e7ffff]
pci 0000:05:00.2: BAR 5 [mem 0xf9e80000-0xf9e81fff]
pci 0000:05:00.2: enabling Extended Tags
pci 0000:00:07.1: PCI bridge to [bus 05]
pci 0000:06:00.0: [1022:1485] type 00 class 0x130000 PCIe Endpoint
pci 0000:06:00.0: enabling Extended Tags
pci 0000:06:00.2: [1022:1498] type 00 class 0x108000 PCIe Endpoint
pci 0000:06:00.2: BAR 2 [mem 0xf9d00000-0xf9d7ffff]
pci 0000:06:00.2: BAR 5 [mem 0xf9d80000-0xf9d81fff]
pci 0000:06:00.2: enabling Extended Tags
pci 0000:06:00.3: [1022:148c] type 00 class 0x0c0330 PCIe Endpoint
pci 0000:06:00.3: BAR 0 [mem 0xf9c00000-0xf9cfffff 64bit]
pci 0000:06:00.3: enabling Extended Tags
pci 0000:06:00.3: PME# supported from D0 D3hot D3cold
pci 0000:00:08.1: PCI bridge to [bus 06]
pci_bus 0000:00: on NUMA node 1
ACPI: PCI Root Bridge [PC01] (domain 0000 [bus 20-3f])
acpi PNP0A08:01: _OSC: OS supports [ExtendedConfig ASPM ClockPM Segments MSI HPX-Type3]
acpi PNP0A08:01: _OSC: OS now controls [PCIeHotplug PME PCIeCapability LTR]
acpi PNP0A08:01: FADT indicates ASPM is unsupported, using BIOS configuration
PCI host bridge to bus 0000:20
pci_bus 0000:20: root bus resource [io  0x2000-0x2fff window]
pci_bus 0000:20: root bus resource [mem 0xc4000000-0xd0ffffff window]
pci_bus 0000:20: root bus resource [mem 0x2bf40000000-0x39edfffffff window]
pci_bus 0000:20: root bus resource [bus 20-3f]
pci 0000:20:00.0: [1022:1480] type 00 class 0x060000 conventional PCI endpoint
pci 0000:20:00.2: [1022:164f] type 00 class 0x080600 conventional PCI endpoint
pci 0000:20:01.0: [1022:1482] type 00 class 0x060000 conventional PCI endpoint
pci 0000:20:01.1: [1022:1483] type 01 class 0x060400 PCIe Root Port
pci 0000:20:01.1: PCI bridge to [bus 21]
pci 0000:20:01.1:   bridge window [mem 0xcec00000-0xceffffff]
pci 0000:20:01.1: PME# supported from D0 D3hot D3cold
pci 0000:20:01.2: [1022:1483] type 01 class 0x060400 PCIe Root Port
pci 0000:20:01.2: PCI bridge to [bus 22]
pci 0000:20:01.2:   bridge window [mem 0xce800000-0xcebfffff]
pci 0000:20:01.2: PME# supported from D0 D3hot D3cold
pci 0000:20:01.3: [1022:1483] type 01 class 0x060400 PCIe Root Port
pci 0000:20:01.3: PCI bridge to [bus 23]
pci 0000:20:01.3:   bridge window [mem 0xce400000-0xce7fffff]
pci 0000:20:01.3: PME# supported from D0 D3hot D3cold
pci 0000:20:01.4: [1022:1483] type 01 class 0x060400 PCIe Root Port
pci 0000:20:01.4: PCI bridge to [bus 24]
pci 0000:20:01.4:   bridge window [mem 0xce000000-0xce3fffff]
pci 0000:20:01.4: PME# supported from D0 D3hot D3cold
pci 0000:20:02.0: [1022:1482] type 00 class 0x060000 conventional PCI endpoint
pci 0000:20:03.0: [1022:1482] type 00 class 0x060000 conventional PCI endpoint
pci 0000:20:03.1: [1022:1483] type 01 class 0x060400 PCIe Root Port
pci 0000:20:03.1: PCI bridge to [bus 25]
pci 0000:20:03.1:   bridge window [mem 0xcdc00000-0xcdffffff]
pci 0000:20:03.1: PME# supported from D0 D3hot D3cold
pci 0000:20:03.2: [1022:1483] type 01 class 0x060400 PCIe Root Port
pci 0000:20:03.2: PCI bridge to [bus 26]
pci 0000:20:03.2:   bridge window [mem 0xcd800000-0xcdbfffff]
pci 0000:20:03.2: PME# supported from D0 D3hot D3cold
pci 0000:20:03.3: [1022:1483] type 01 class 0x060400 PCIe Root Port
pci 0000:20:03.3: PCI bridge to [bus 27]
pci 0000:20:03.3:   bridge window [mem 0xcd400000-0xcd7fffff]
pci 0000:20:03.3: PME# supported from D0 D3hot D3cold
pci 0000:20:03.4: [1022:1483] type 01 class 0x060400 PCIe Root Port
pci 0000:20:03.4: PCI bridge to [bus 28]
pci 0000:20:03.4:   bridge window [mem 0xcd000000-0xcd3fffff]
pci 0000:20:03.4: PME# supported from D0 D3hot D3cold
pci 0000:20:04.0: [1022:1482] type 00 class 0x060000 conventional PCI endpoint
pci 0000:20:05.0: [1022:1482] type 00 class 0x060000 conventional PCI endpoint
pci 0000:20:07.0: [1022:1482] type 00 class 0x060000 conventional PCI endpoint
pci 0000:20:07.1: [1022:1484] type 01 class 0x060400 PCIe Root Port
pci 0000:20:07.1: PCI bridge to [bus 29]
pci 0000:20:07.1:   bridge window [mem 0xcf300000-0xcf3fffff]
pci 0000:20:07.1: enabling Extended Tags
pci 0000:20:07.1: PME# supported from D0 D3hot D3cold
pci 0000:20:08.0: [1022:1482] type 00 class 0x060000 conventional PCI endpoint
pci 0000:20:08.1: [1022:1484] type 01 class 0x060400 PCIe Root Port
pci 0000:20:08.1: PCI bridge to [bus 2a]
pci 0000:20:08.1:   bridge window [mem 0xcf000000-0xcf2fffff]
pci 0000:20:08.1: enabling Extended Tags
pci 0000:20:08.1: PME# supported from D0 D3hot D3cold
pci 0000:20:01.1: PCI bridge to [bus 21]
pci 0000:20:01.2: PCI bridge to [bus 22]
pci 0000:20:01.3: PCI bridge to [bus 23]
pci 0000:20:01.4: PCI bridge to [bus 24]
pci 0000:20:03.1: PCI bridge to [bus 25]
pci 0000:20:03.2: PCI bridge to [bus 26]
pci 0000:20:03.3: PCI bridge to [bus 27]
pci 0000:20:03.4: PCI bridge to [bus 28]
pci 0000:29:00.0: [1022:148a] type 00 class 0x130000 PCIe Endpoint
pci 0000:29:00.0: enabling Extended Tags
pci 0000:29:00.2: [1022:1498] type 00 class 0x108000 PCIe Endpoint
pci 0000:29:00.2: BAR 2 [mem 0xcf300000-0xcf37ffff]
pci 0000:29:00.2: BAR 5 [mem 0xcf380000-0xcf381fff]
pci 0000:29:00.2: enabling Extended Tags
pci 0000:20:07.1: PCI bridge to [bus 29]
pci 0000:2a:00.0: [1022:1485] type 00 class 0x130000 PCIe Endpoint
pci 0000:2a:00.0: enabling Extended Tags
pci 0000:2a:00.1: [1022:1486] type 00 class 0x108000 PCIe Endpoint
pci 0000:2a:00.1: BAR 2 [mem 0xcf100000-0xcf1fffff]
pci 0000:2a:00.1: BAR 5 [mem 0xcf282000-0xcf283fff]
pci 0000:2a:00.1: enabling Extended Tags
pci 0000:2a:00.2: [1022:1498] type 00 class 0x108000 PCIe Endpoint
pci 0000:2a:00.2: BAR 2 [mem 0xcf200000-0xcf27ffff]
pci 0000:2a:00.2: BAR 5 [mem 0xcf280000-0xcf281fff]
pci 0000:2a:00.2: enabling Extended Tags
pci 0000:2a:00.3: [1022:148c] type 00 class 0x0c0330 PCIe Endpoint
pci 0000:2a:00.3: BAR 0 [mem 0xcf000000-0xcf0fffff 64bit]
pci 0000:2a:00.3: enabling Extended Tags
pci 0000:2a:00.3: PME# supported from D0 D3hot D3cold
pci 0000:20:08.1: PCI bridge to [bus 2a]
pci_bus 0000:20: on NUMA node 1
ACPI: PCI Root Bridge [PC02] (domain 0000 [bus 40-5f])
acpi PNP0A08:02: _OSC: OS supports [ExtendedConfig ASPM ClockPM Segments MSI HPX-Type3]
acpi PNP0A08:02: _OSC: OS now controls [PCIeHotplug PME PCIeCapability LTR]
acpi PNP0A08:02: FADT indicates ASPM is unsupported, using BIOS configuration
PCI host bridge to bus 0000:40
pci_bus 0000:40: root bus resource [io  0x3000-0x3fff window]
pci_bus 0000:40: root bus resource [mem 0xd1000000-0xddffffff window]
pci_bus 0000:40: root bus resource [mem 0x1dfa0000000-0x2bf3fffffff window]
pci_bus 0000:40: root bus resource [bus 40-5f]
pci 0000:40:00.0: [1022:1480] type 00 class 0x060000 conventional PCI endpoint
pci 0000:40:00.2: [1022:164f] type 00 class 0x080600 conventional PCI endpoint
pci 0000:40:01.0: [1022:1482] type 00 class 0x060000 conventional PCI endpoint
pci 0000:40:02.0: [1022:1482] type 00 class 0x060000 conventional PCI endpoint
pci 0000:40:03.0: [1022:1482] type 00 class 0x060000 conventional PCI endpoint
pci 0000:40:04.0: [1022:1482] type 00 class 0x060000 conventional PCI endpoint
pci 0000:40:05.0: [1022:1482] type 00 class 0x060000 conventional PCI endpoint
pci 0000:40:07.0: [1022:1482] type 00 class 0x060000 conventional PCI endpoint
pci 0000:40:07.1: [1022:1484] type 01 class 0x060400 PCIe Root Port
pci 0000:40:07.1: PCI bridge to [bus 41]
pci 0000:40:07.1:   bridge window [mem 0xda100000-0xda1fffff]
pci 0000:40:07.1: enabling Extended Tags
pci 0000:40:07.1: PME# supported from D0 D3hot D3cold
pci 0000:40:08.0: [1022:1482] type 00 class 0x060000 conventional PCI endpoint
pci 0000:40:08.1: [1022:1484] type 01 class 0x060400 PCIe Root Port
pci 0000:40:08.1: PCI bridge to [bus 42]
pci 0000:40:08.1:   bridge window [mem 0xda000000-0xda0fffff]
pci 0000:40:08.1: enabling Extended Tags
pci 0000:40:08.1: PME# supported from D0 D3hot D3cold
pci 0000:41:00.0: [1022:148a] type 00 class 0x130000 PCIe Endpoint
pci 0000:41:00.0: enabling Extended Tags
pci 0000:41:00.2: [1022:1498] type 00 class 0x108000 PCIe Endpoint
pci 0000:41:00.2: BAR 2 [mem 0xda100000-0xda17ffff]
pci 0000:41:00.2: BAR 5 [mem 0xda180000-0xda181fff]
pci 0000:41:00.2: enabling Extended Tags
pci 0000:40:07.1: PCI bridge to [bus 41]
pci 0000:42:00.0: [1022:1485] type 00 class 0x130000 PCIe Endpoint
pci 0000:42:00.0: enabling Extended Tags
pci 0000:42:00.2: [1022:1498] type 00 class 0x108000 PCIe Endpoint
pci 0000:42:00.2: BAR 2 [mem 0xda000000-0xda07ffff]
pci 0000:42:00.2: BAR 5 [mem 0xda080000-0xda081fff]
pci 0000:42:00.2: enabling Extended Tags
pci 0000:40:08.1: PCI bridge to [bus 42]
pci_bus 0000:40: on NUMA node 0
ACPI: PCI Root Bridge [PC03] (domain 0000 [bus 60-7f])
acpi PNP0A08:03: _OSC: OS supports [ExtendedConfig ASPM ClockPM Segments MSI HPX-Type3]
acpi PNP0A08:03: _OSC: OS now controls [PCIeHotplug PME PCIeCapability LTR]
acpi PNP0A08:03: FADT indicates ASPM is unsupported, using BIOS configuration
PCI host bridge to bus 0000:60
pci_bus 0000:60: root bus resource [io  0x4000-0x4fff window]
pci_bus 0000:60: root bus resource [mem 0xde000000-0xeaffffff window]
pci_bus 0000:60: root bus resource [mem 0x10000000000-0x1df9fffffff window]
pci_bus 0000:60: root bus resource [io  0x03b0-0x03df window]
pci_bus 0000:60: root bus resource [mem 0x000a0000-0x000bffff window]
pci_bus 0000:60: root bus resource [bus 60-7f]
pci 0000:60:00.0: [1022:1480] type 00 class 0x060000 conventional PCI endpoint
pci 0000:60:00.2: [1022:164f] type 00 class 0x080600 conventional PCI endpoint
pci 0000:60:01.0: [1022:1482] type 00 class 0x060000 conventional PCI endpoint
pci 0000:60:02.0: [1022:1482] type 00 class 0x060000 conventional PCI endpoint
pci 0000:60:03.0: [1022:1482] type 00 class 0x060000 conventional PCI endpoint
pci 0000:60:03.1: [1022:1483] type 01 class 0x060400 PCIe Root Port
pci 0000:60:03.1: PCI bridge to [bus 63]
pci 0000:60:03.1:   bridge window [mem 0xdf000000-0xdf4fffff 64bit pref]
pci 0000:60:03.1: PME# supported from D0 D3hot D3cold
pci 0000:60:04.0: [1022:1482] type 00 class 0x060000 conventional PCI endpoint
pci 0000:60:05.0: [1022:1482] type 00 class 0x060000 conventional PCI endpoint
pci 0000:60:05.2: [1022:149a] type 01 class 0x060400 PCIe Root Port
pci 0000:60:05.2: PCI bridge to [bus 61-62]
pci 0000:60:05.2:   bridge window [mem 0xe7000000-0xe78fffff]
pci 0000:60:05.2:   bridge window [mem 0xde000000-0xdeffffff 64bit pref]
pci 0000:60:05.2: PME# supported from D0 D3hot D3cold
pci 0000:60:07.0: [1022:1482] type 00 class 0x060000 conventional PCI endpoint
pci 0000:60:07.1: [1022:1484] type 01 class 0x060400 PCIe Root Port
pci 0000:60:07.1: PCI bridge to [bus 64]
pci 0000:60:07.1:   bridge window [mem 0xe7a00000-0xe7afffff]
pci 0000:60:07.1: enabling Extended Tags
pci 0000:60:07.1: PME# supported from D0 D3hot D3cold
pci 0000:60:08.0: [1022:1482] type 00 class 0x060000 conventional PCI endpoint
pci 0000:60:08.1: [1022:1484] type 01 class 0x060400 PCIe Root Port
pci 0000:60:08.1: PCI bridge to [bus 65]
pci 0000:60:08.1:   bridge window [mem 0xe7900000-0xe79fffff]
pci 0000:60:08.1: enabling Extended Tags
pci 0000:60:08.1: PME# supported from D0 D3hot D3cold
pci 0000:63:00.0: [14e4:1751] type 00 class 0x020000 PCIe Endpoint
pci 0000:63:00.0: BAR 0 [mem 0xdf430000-0xdf43ffff 64bit pref]
pci 0000:63:00.0: BAR 2 [mem 0xdf300000-0xdf3fffff 64bit pref]
pci 0000:63:00.0: BAR 4 [mem 0xdf458000-0xdf45ffff 64bit pref]
pci 0000:63:00.0: ROM [mem 0xfffc0000-0xffffffff pref]
pci 0000:63:00.0: PME# supported from D0 D3hot D3cold
pci 0000:63:00.1: [14e4:1751] type 00 class 0x020000 PCIe Endpoint
pci 0000:63:00.1: BAR 0 [mem 0xdf420000-0xdf42ffff 64bit pref]
pci 0000:63:00.1: BAR 2 [mem 0xdf200000-0xdf2fffff 64bit pref]
pci 0000:63:00.1: BAR 4 [mem 0xdf450000-0xdf457fff 64bit pref]
pci 0000:63:00.1: ROM [mem 0xfffc0000-0xffffffff pref]
pci 0000:63:00.1: PME# supported from D0 D3hot D3cold
pci 0000:63:00.2: [14e4:1751] type 00 class 0x020000 PCIe Endpoint
pci 0000:63:00.2: BAR 0 [mem 0xdf410000-0xdf41ffff 64bit pref]
pci 0000:63:00.2: BAR 2 [mem 0xdf100000-0xdf1fffff 64bit pref]
pci 0000:63:00.2: BAR 4 [mem 0xdf448000-0xdf44ffff 64bit pref]
pci 0000:63:00.2: ROM [mem 0xfffc0000-0xffffffff pref]
pci 0000:63:00.2: PME# supported from D0 D3hot D3cold
pci 0000:63:00.3: [14e4:1751] type 00 class 0x020000 PCIe Endpoint
pci 0000:63:00.3: BAR 0 [mem 0xdf400000-0xdf40ffff 64bit pref]
pci 0000:63:00.3: BAR 2 [mem 0xdf000000-0xdf0fffff 64bit pref]
pci 0000:63:00.3: BAR 4 [mem 0xdf440000-0xdf447fff 64bit pref]
pci 0000:63:00.3: ROM [mem 0xfffc0000-0xffffffff pref]
pci 0000:63:00.3: PME# supported from D0 D3hot D3cold
pci 0000:60:03.1: PCI bridge to [bus 63]
pci 0000:61:00.0: [1556:be00] type 01 class 0x060400 PCIe to PCI/PCI-X bridge
pci 0000:61:00.0: PCI bridge to [bus 62]
pci 0000:61:00.0:   bridge window [mem 0xe7000000-0xe78fffff]
pci 0000:61:00.0:   bridge window [mem 0xde000000-0xdeffffff 64bit pref]
pci 0000:60:05.2: PCI bridge to [bus 61-62]
pci_bus 0000:62: extended config space not accessible
pci 0000:62:00.0: [102b:0536] type 00 class 0x030000 conventional PCI endpoint
pci 0000:62:00.0: BAR 0 [mem 0xde000000-0xdeffffff pref]
pci 0000:62:00.0: BAR 1 [mem 0xe7808000-0xe780bfff]
pci 0000:62:00.0: BAR 2 [mem 0xe7000000-0xe77fffff]
pci 0000:62:00.0: Video device with shadowed ROM at [mem 0x000c0000-0x000dffff]
pci 0000:61:00.0: PCI bridge to [bus 62]
pci 0000:64:00.0: [1022:148a] type 00 class 0x130000 PCIe Endpoint
pci 0000:64:00.0: enabling Extended Tags
pci 0000:64:00.2: [1022:1498] type 00 class 0x108000 PCIe Endpoint
pci 0000:64:00.2: BAR 2 [mem 0xe7a00000-0xe7a7ffff]
pci 0000:64:00.2: BAR 5 [mem 0xe7a80000-0xe7a81fff]
pci 0000:64:00.2: enabling Extended Tags
pci 0000:60:07.1: PCI bridge to [bus 64]
pci 0000:65:00.0: [1022:1485] type 00 class 0x130000 PCIe Endpoint
pci 0000:65:00.0: enabling Extended Tags
pci 0000:65:00.2: [1022:1498] type 00 class 0x108000 PCIe Endpoint
pci 0000:65:00.2: BAR 2 [mem 0xe7900000-0xe797ffff]
pci 0000:65:00.2: BAR 5 [mem 0xe7980000-0xe7981fff]
pci 0000:65:00.2: enabling Extended Tags
pci 0000:60:08.1: PCI bridge to [bus 65]
pci_bus 0000:60: on NUMA node 0
ACPI: PCI Root Bridge [PC04] (domain 0000 [bus 80-9f])
acpi PNP0A08:04: _OSC: OS supports [ExtendedConfig ASPM ClockPM Segments MSI HPX-Type3]
acpi PNP0A08:04: _OSC: OS now controls [PCIeHotplug PME PCIeCapability LTR]
acpi PNP0A08:04: FADT indicates ASPM is unsupported, using BIOS configuration
PCI host bridge to bus 0000:80
pci_bus 0000:80: root bus resource [io  0x5000-0x5fff window]
pci_bus 0000:80: root bus resource [mem 0x90000000-0x9cffffff window]
pci_bus 0000:80: root bus resource [mem 0x71d60000000-0x7fcffffffff window]
pci_bus 0000:80: root bus resource [bus 80-9f]
pci 0000:80:00.0: [1022:1480] type 00 class 0x060000 conventional PCI endpoint
pci 0000:80:00.2: [1022:164f] type 00 class 0x080600 conventional PCI endpoint
pci 0000:80:01.0: [1022:1482] type 00 class 0x060000 conventional PCI endpoint
pci 0000:80:01.1: [1022:1483] type 01 class 0x060400 PCIe Root Port
pci 0000:80:01.1: PCI bridge to [bus 81]
pci 0000:80:01.1:   bridge window [mem 0x99200000-0x993fffff]
pci 0000:80:01.1: PME# supported from D0 D3hot D3cold
pci 0000:80:02.0: [1022:1482] type 00 class 0x060000 conventional PCI endpoint
pci 0000:80:03.0: [1022:1482] type 00 class 0x060000 conventional PCI endpoint
pci 0000:80:04.0: [1022:1482] type 00 class 0x060000 conventional PCI endpoint
pci 0000:80:05.0: [1022:1482] type 00 class 0x060000 conventional PCI endpoint
pci 0000:80:07.0: [1022:1482] type 00 class 0x060000 conventional PCI endpoint
pci 0000:80:07.1: [1022:1484] type 01 class 0x060400 PCIe Root Port
pci 0000:80:07.1: PCI bridge to [bus 82]
pci 0000:80:07.1:   bridge window [mem 0x99100000-0x991fffff]
pci 0000:80:07.1: enabling Extended Tags
pci 0000:80:07.1: PME# supported from D0 D3hot D3cold
pci 0000:80:08.0: [1022:1482] type 00 class 0x060000 conventional PCI endpoint
pci 0000:80:08.1: [1022:1484] type 01 class 0x060400 PCIe Root Port
pci 0000:80:08.1: PCI bridge to [bus 83]
pci 0000:80:08.1:   bridge window [mem 0x99000000-0x990fffff]
pci 0000:80:08.1: enabling Extended Tags
pci 0000:80:08.1: PME# supported from D0 D3hot D3cold
pci 0000:81:00.0: working around ROM BAR overlap defect
pci 0000:81:00.0: [8086:1533] type 00 class 0x020000 PCIe Endpoint
pci 0000:81:00.0: BAR 0 [mem 0x99200000-0x992fffff]
pci 0000:81:00.0: BAR 3 [mem 0x99300000-0x99303fff]
pci 0000:81:00.0: ROM [mem 0xfff00000-0xffffffff pref]
pci 0000:81:00.0: PME# supported from D0 D3hot D3cold
pci 0000:80:01.1: PCI bridge to [bus 81]
pci 0000:82:00.0: [1022:148a] type 00 class 0x130000 PCIe Endpoint
pci 0000:82:00.0: enabling Extended Tags
pci 0000:82:00.2: [1022:1498] type 00 class 0x108000 PCIe Endpoint
pci 0000:82:00.2: BAR 2 [mem 0x99100000-0x9917ffff]
pci 0000:82:00.2: BAR 5 [mem 0x99180000-0x99181fff]
pci 0000:82:00.2: enabling Extended Tags
pci 0000:80:07.1: PCI bridge to [bus 82]
pci 0000:83:00.0: [1022:1485] type 00 class 0x130000 PCIe Endpoint
pci 0000:83:00.0: enabling Extended Tags
pci 0000:83:00.2: [1022:1498] type 00 class 0x108000 PCIe Endpoint
pci 0000:83:00.2: BAR 2 [mem 0x99000000-0x9907ffff]
pci 0000:83:00.2: BAR 5 [mem 0x99080000-0x99081fff]
pci 0000:83:00.2: enabling Extended Tags
pci 0000:80:08.1: PCI bridge to [bus 83]
pci_bus 0000:80: on NUMA node 3
ACPI: PCI Root Bridge [PC05] (domain 0000 [bus a0-bf])
acpi PNP0A08:05: _OSC: OS supports [ExtendedConfig ASPM ClockPM Segments MSI HPX-Type3]
acpi PNP0A08:05: _OSC: OS now controls [PCIeHotplug PME PCIeCapability LTR]
acpi PNP0A08:05: FADT indicates ASPM is unsupported, using BIOS configuration
PCI host bridge to bus 0000:a0
pci_bus 0000:a0: root bus resource [io  0x6000-0x6fff window]
pci_bus 0000:a0: root bus resource [mem 0x9d000000-0xa9ffffff window]
pci_bus 0000:a0: root bus resource [mem 0x63dc0000000-0x71d5fffffff window]
pci_bus 0000:a0: root bus resource [bus a0-bf]
pci 0000:a0:00.0: [1022:1480] type 00 class 0x060000 conventional PCI endpoint
pci 0000:a0:00.2: [1022:164f] type 00 class 0x080600 conventional PCI endpoint
pci 0000:a0:01.0: [1022:1482] type 00 class 0x060000 conventional PCI endpoint
pci 0000:a0:02.0: [1022:1482] type 00 class 0x060000 conventional PCI endpoint
pci 0000:a0:03.0: [1022:1482] type 00 class 0x060000 conventional PCI endpoint
pci 0000:a0:04.0: [1022:1482] type 00 class 0x060000 conventional PCI endpoint
pci 0000:a0:05.0: [1022:1482] type 00 class 0x060000 conventional PCI endpoint
pci 0000:a0:07.0: [1022:1482] type 00 class 0x060000 conventional PCI endpoint
pci 0000:a0:07.1: [1022:1484] type 01 class 0x060400 PCIe Root Port
pci 0000:a0:07.1: PCI bridge to [bus a1]
pci 0000:a0:07.1:   bridge window [mem 0xa6200000-0xa62fffff]
pci 0000:a0:07.1: enabling Extended Tags
pci 0000:a0:07.1: PME# supported from D0 D3hot D3cold
pci 0000:a0:08.0: [1022:1482] type 00 class 0x060000 conventional PCI endpoint
pci 0000:a0:08.1: [1022:1484] type 01 class 0x060400 PCIe Root Port
pci 0000:a0:08.1: PCI bridge to [bus a2]
pci 0000:a0:08.1:   bridge window [mem 0xa6000000-0xa61fffff]
pci 0000:a0:08.1: enabling Extended Tags
pci 0000:a0:08.1: PME# supported from D0 D3hot D3cold
pci 0000:a1:00.0: [1022:148a] type 00 class 0x130000 PCIe Endpoint
pci 0000:a1:00.0: enabling Extended Tags
pci 0000:a1:00.2: [1022:1498] type 00 class 0x108000 PCIe Endpoint
pci 0000:a1:00.2: BAR 2 [mem 0xa6200000-0xa627ffff]
pci 0000:a1:00.2: BAR 5 [mem 0xa6280000-0xa6281fff]
pci 0000:a1:00.2: enabling Extended Tags
pci 0000:a0:07.1: PCI bridge to [bus a1]
pci 0000:a2:00.0: [1022:1485] type 00 class 0x130000 PCIe Endpoint
pci 0000:a2:00.0: enabling Extended Tags
pci 0000:a2:00.1: [1022:1486] type 00 class 0x108000 PCIe Endpoint
pci 0000:a2:00.1: BAR 2 [mem 0xa6000000-0xa60fffff]
pci 0000:a2:00.1: BAR 5 [mem 0xa6182000-0xa6183fff]
pci 0000:a2:00.1: enabling Extended Tags
pci 0000:a2:00.2: [1022:1498] type 00 class 0x108000 PCIe Endpoint
pci 0000:a2:00.2: BAR 2 [mem 0xa6100000-0xa617ffff]
pci 0000:a2:00.2: BAR 5 [mem 0xa6180000-0xa6181fff]
pci 0000:a2:00.2: enabling Extended Tags
pci 0000:a0:08.1: PCI bridge to [bus a2]
pci_bus 0000:a0: on NUMA node 3
ACPI: PCI Root Bridge [PC06] (domain 0000 [bus c0-df])
acpi PNP0A08:06: _OSC: OS supports [ExtendedConfig ASPM ClockPM Segments MSI HPX-Type3]
acpi PNP0A08:06: _OSC: OS now controls [PCIeHotplug PME PCIeCapability LTR]
acpi PNP0A08:06: FADT indicates ASPM is unsupported, using BIOS configuration
PCI host bridge to bus 0000:c0
pci_bus 0000:c0: root bus resource [io  0x7000-0x7fff window]
pci_bus 0000:c0: root bus resource [mem 0xaa000000-0xb6ffffff window]
pci_bus 0000:c0: root bus resource [mem 0x55e20000000-0x63dbfffffff window]
pci_bus 0000:c0: root bus resource [bus c0-df]
pci 0000:c0:00.0: [1022:1480] type 00 class 0x060000 conventional PCI endpoint
pci 0000:c0:00.2: [1022:164f] type 00 class 0x080600 conventional PCI endpoint
pci 0000:c0:01.0: [1022:1482] type 00 class 0x060000 conventional PCI endpoint
pci 0000:c0:01.1: [1022:1483] type 01 class 0x060400 PCIe Root Port
pci 0000:c0:01.1: PCI bridge to [bus c1]
pci 0000:c0:01.1:   bridge window [mem 0xb4c00000-0xb4ffffff]
pci 0000:c0:01.1: PME# supported from D0 D3hot D3cold
pci 0000:c0:01.2: [1022:1483] type 01 class 0x060400 PCIe Root Port
pci 0000:c0:01.2: PCI bridge to [bus c2]
pci 0000:c0:01.2:   bridge window [mem 0xb4800000-0xb4bfffff]
pci 0000:c0:01.2: PME# supported from D0 D3hot D3cold
pci 0000:c0:01.3: [1022:1483] type 01 class 0x060400 PCIe Root Port
pci 0000:c0:01.3: PCI bridge to [bus c3]
pci 0000:c0:01.3:   bridge window [mem 0xb4400000-0xb47fffff]
pci 0000:c0:01.3: PME# supported from D0 D3hot D3cold
pci 0000:c0:01.4: [1022:1483] type 01 class 0x060400 PCIe Root Port
pci 0000:c0:01.4: PCI bridge to [bus c4]
pci 0000:c0:01.4:   bridge window [mem 0xb4000000-0xb43fffff]
pci 0000:c0:01.4: PME# supported from D0 D3hot D3cold
pci 0000:c0:02.0: [1022:1482] type 00 class 0x060000 conventional PCI endpoint
pci 0000:c0:03.0: [1022:1482] type 00 class 0x060000 conventional PCI endpoint
pci 0000:c0:03.1: [1022:1483] type 01 class 0x060400 PCIe Root Port
pci 0000:c0:03.1: PCI bridge to [bus c5]
pci 0000:c0:03.1:   bridge window [mem 0xb3c00000-0xb3ffffff]
pci 0000:c0:03.1: PME# supported from D0 D3hot D3cold
pci 0000:c0:03.2: [1022:1483] type 01 class 0x060400 PCIe Root Port
pci 0000:c0:03.2: PCI bridge to [bus c6]
pci 0000:c0:03.2:   bridge window [mem 0xb3800000-0xb3bfffff]
pci 0000:c0:03.2: PME# supported from D0 D3hot D3cold
pci 0000:c0:03.3: [1022:1483] type 01 class 0x060400 PCIe Root Port
pci 0000:c0:03.3: PCI bridge to [bus c7]
pci 0000:c0:03.3:   bridge window [mem 0xb3400000-0xb37fffff]
pci 0000:c0:03.3: PME# supported from D0 D3hot D3cold
pci 0000:c0:03.4: [1022:1483] type 01 class 0x060400 PCIe Root Port
pci 0000:c0:03.4: PCI bridge to [bus c8]
pci 0000:c0:03.4:   bridge window [mem 0xb3000000-0xb33fffff]
pci 0000:c0:03.4: PME# supported from D0 D3hot D3cold
pci 0000:c0:04.0: [1022:1482] type 00 class 0x060000 conventional PCI endpoint
pci 0000:c0:05.0: [1022:1482] type 00 class 0x060000 conventional PCI endpoint
pci 0000:c0:07.0: [1022:1482] type 00 class 0x060000 conventional PCI endpoint
pci 0000:c0:07.1: [1022:1484] type 01 class 0x060400 PCIe Root Port
pci 0000:c0:07.1: PCI bridge to [bus c9]
pci 0000:c0:07.1:   bridge window [mem 0xb5200000-0xb52fffff]
pci 0000:c0:07.1: enabling Extended Tags
pci 0000:c0:07.1: PME# supported from D0 D3hot D3cold
pci 0000:c0:08.0: [1022:1482] type 00 class 0x060000 conventional PCI endpoint
pci 0000:c0:08.1: [1022:1484] type 01 class 0x060400 PCIe Root Port
pci 0000:c0:08.1: PCI bridge to [bus ca]
pci 0000:c0:08.1:   bridge window [mem 0xb5100000-0xb51fffff]
pci 0000:c0:08.1: enabling Extended Tags
pci 0000:c0:08.1: PME# supported from D0 D3hot D3cold
pci 0000:c0:08.3: [1022:1484] type 01 class 0x060400 PCIe Root Port
pci 0000:c0:08.3: PCI bridge to [bus cb]
pci 0000:c0:08.3:   bridge window [mem 0xb5000000-0xb50fffff]
pci 0000:c0:08.3: enabling Extended Tags
pci 0000:c0:08.3: PME# supported from D0 D3hot D3cold
pci 0000:c0:01.1: PCI bridge to [bus c1]
pci 0000:c0:01.2: PCI bridge to [bus c2]
pci 0000:c0:01.3: PCI bridge to [bus c3]
pci 0000:c0:01.4: PCI bridge to [bus c4]
pci 0000:c0:03.1: PCI bridge to [bus c5]
pci 0000:c0:03.2: PCI bridge to [bus c6]
pci 0000:c0:03.3: PCI bridge to [bus c7]
pci 0000:c0:03.4: PCI bridge to [bus c8]
pci 0000:c9:00.0: [1022:148a] type 00 class 0x130000 PCIe Endpoint
pci 0000:c9:00.0: enabling Extended Tags
pci 0000:c9:00.2: [1022:1498] type 00 class 0x108000 PCIe Endpoint
pci 0000:c9:00.2: BAR 2 [mem 0xb5200000-0xb527ffff]
pci 0000:c9:00.2: BAR 5 [mem 0xb5280000-0xb5281fff]
pci 0000:c9:00.2: enabling Extended Tags
pci 0000:c0:07.1: PCI bridge to [bus c9]
pci 0000:ca:00.0: [1022:1485] type 00 class 0x130000 PCIe Endpoint
pci 0000:ca:00.0: enabling Extended Tags
pci 0000:ca:00.2: [1022:1498] type 00 class 0x108000 PCIe Endpoint
pci 0000:ca:00.2: BAR 2 [mem 0xb5100000-0xb517ffff]
pci 0000:ca:00.2: BAR 5 [mem 0xb5180000-0xb5181fff]
pci 0000:ca:00.2: enabling Extended Tags
pci 0000:c0:08.1: PCI bridge to [bus ca]
pci 0000:cb:00.0: [1022:7901] type 00 class 0x010601 PCIe Endpoint
pci 0000:cb:00.0: BAR 5 [mem 0xb5000000-0xb50007ff]
pci 0000:cb:00.0: enabling Extended Tags
pci 0000:cb:00.0: PME# supported from D3hot D3cold
pci 0000:c0:08.3: PCI bridge to [bus cb]
pci_bus 0000:c0: on NUMA node 2
ACPI: PCI Root Bridge [PC07] (domain 0000 [bus e0-ff])
acpi PNP0A08:07: _OSC: OS supports [ExtendedConfig ASPM ClockPM Segments MSI HPX-Type3]
acpi PNP0A08:07: _OSC: OS now controls [PCIeHotplug PME PCIeCapability LTR]
acpi PNP0A08:07: FADT indicates ASPM is unsupported, using BIOS configuration
PCI host bridge to bus 0000:e0
pci_bus 0000:e0: root bus resource [io  0x8000-0xffff window]
pci_bus 0000:e0: root bus resource [mem 0xb7000000-0xc3ffffff window]
pci_bus 0000:e0: root bus resource [mem 0x47e80000000-0x55e1fffffff window]
pci_bus 0000:e0: root bus resource [bus e0-ff]
pci 0000:e0:00.0: [1022:1480] type 00 class 0x060000 conventional PCI endpoint
pci 0000:e0:00.2: [1022:164f] type 00 class 0x080600 conventional PCI endpoint
pci 0000:e0:01.0: [1022:1482] type 00 class 0x060000 conventional PCI endpoint
pci 0000:e0:02.0: [1022:1482] type 00 class 0x060000 conventional PCI endpoint
pci 0000:e0:03.0: [1022:1482] type 00 class 0x060000 conventional PCI endpoint
pci 0000:e0:03.1: [1022:1483] type 01 class 0x060400 PCIe Root Port
pci 0000:e0:03.1: PCI bridge to [bus e2]
pci 0000:e0:03.1:   bridge window [mem 0xc0c00000-0xc0ffffff]
pci 0000:e0:03.1: PME# supported from D0 D3hot D3cold
pci 0000:e0:03.2: [1022:1483] type 01 class 0x060400 PCIe Root Port
pci 0000:e0:03.2: PCI bridge to [bus e3]
pci 0000:e0:03.2:   bridge window [mem 0xc0800000-0xc0bfffff]
pci 0000:e0:03.2: PME# supported from D0 D3hot D3cold
pci 0000:e0:03.3: [1022:1483] type 01 class 0x060400 PCIe Root Port
pci 0000:e0:03.3: PCI bridge to [bus e4]
pci 0000:e0:03.3:   bridge window [mem 0xc0400000-0xc07fffff]
pci 0000:e0:03.3: PME# supported from D0 D3hot D3cold
pci 0000:e0:03.4: [1022:1483] type 01 class 0x060400 PCIe Root Port
pci 0000:e0:03.4: PCI bridge to [bus e5]
pci 0000:e0:03.4:   bridge window [mem 0xc0000000-0xc03fffff]
pci 0000:e0:03.4: PME# supported from D0 D3hot D3cold
pci 0000:e0:04.0: [1022:1482] type 00 class 0x060000 conventional PCI endpoint
pci 0000:e0:05.0: [1022:1482] type 00 class 0x060000 conventional PCI endpoint
pci 0000:e0:05.1: [1022:149a] type 01 class 0x060400 PCIe Root Port
pci 0000:e0:05.1: PCI bridge to [bus e1]
pci 0000:e0:05.1:   bridge window [mem 0xb7000000-0xb70fffff 64bit pref]
pci 0000:e0:05.1: PME# supported from D0 D3hot D3cold
pci 0000:e0:07.0: [1022:1482] type 00 class 0x060000 conventional PCI endpoint
pci 0000:e0:07.1: [1022:1484] type 01 class 0x060400 PCIe Root Port
pci 0000:e0:07.1: PCI bridge to [bus e6]
pci 0000:e0:07.1:   bridge window [mem 0xc1100000-0xc11fffff]
pci 0000:e0:07.1: enabling Extended Tags
pci 0000:e0:07.1: PME# supported from D0 D3hot D3cold
pci 0000:e0:08.0: [1022:1482] type 00 class 0x060000 conventional PCI endpoint
pci 0000:e0:08.1: [1022:1484] type 01 class 0x060400 PCIe Root Port
pci 0000:e0:08.1: PCI bridge to [bus e7]
pci 0000:e0:08.1:   bridge window [mem 0xc1000000-0xc10fffff]
pci 0000:e0:08.1: enabling Extended Tags
pci 0000:e0:08.1: PME# supported from D0 D3hot D3cold
pci 0000:e0:03.1: PCI bridge to [bus e2]
pci 0000:e0:03.2: PCI bridge to [bus e3]
pci 0000:e0:03.3: PCI bridge to [bus e4]
pci 0000:e0:03.4: PCI bridge to [bus e5]
pci 0000:e1:00.0: [14e4:165f] type 00 class 0x020000 PCIe Endpoint
pci 0000:e1:00.0: BAR 0 [mem 0xb7030000-0xb703ffff 64bit pref]
pci 0000:e1:00.0: BAR 2 [mem 0xb7040000-0xb704ffff 64bit pref]
pci 0000:e1:00.0: BAR 4 [mem 0xb7050000-0xb705ffff 64bit pref]
pci 0000:e1:00.0: ROM [mem 0xfffc0000-0xffffffff pref]
pci 0000:e1:00.0: PME# supported from D0 D3hot D3cold
pci 0000:e1:00.0: 4.000 Gb/s available PCIe bandwidth, limited by 5.0 GT/s PCIe x1 link at 0000:e0:05.1 (capable of 8.000 Gb/s with 5.0 GT/s PCIe x2 link)
pci 0000:e1:00.1: [14e4:165f] type 00 class 0x020000 PCIe Endpoint
pci 0000:e1:00.1: BAR 0 [mem 0xb7000000-0xb700ffff 64bit pref]
pci 0000:e1:00.1: BAR 2 [mem 0xb7010000-0xb701ffff 64bit pref]
pci 0000:e1:00.1: BAR 4 [mem 0xb7020000-0xb702ffff 64bit pref]
pci 0000:e1:00.1: ROM [mem 0xfffc0000-0xffffffff pref]
pci 0000:e1:00.1: PME# supported from D0 D3hot D3cold
pci 0000:e0:05.1: PCI bridge to [bus e1]
pci 0000:e6:00.0: [1022:148a] type 00 class 0x130000 PCIe Endpoint
pci 0000:e6:00.0: enabling Extended Tags
pci 0000:e6:00.2: [1022:1498] type 00 class 0x108000 PCIe Endpoint
pci 0000:e6:00.2: BAR 2 [mem 0xc1100000-0xc117ffff]
pci 0000:e6:00.2: BAR 5 [mem 0xc1180000-0xc1181fff]
pci 0000:e6:00.2: enabling Extended Tags
pci 0000:e0:07.1: PCI bridge to [bus e6]
pci 0000:e7:00.0: [1022:1485] type 00 class 0x130000 PCIe Endpoint
pci 0000:e7:00.0: enabling Extended Tags
pci 0000:e7:00.2: [1022:1498] type 00 class 0x108000 PCIe Endpoint
pci 0000:e7:00.2: BAR 2 [mem 0xc1000000-0xc107ffff]
pci 0000:e7:00.2: BAR 5 [mem 0xc1080000-0xc1081fff]
pci 0000:e7:00.2: enabling Extended Tags
pci 0000:e0:08.1: PCI bridge to [bus e7]
pci_bus 0000:e0: on NUMA node 2
iommu: Default domain type: Translated
iommu: DMA domain TLB invalidation policy: lazy mode
SCSI subsystem initialized
libata version 3.00 loaded.
ACPI: bus type USB registered
usbcore: registered new interface driver usbfs
usbcore: registered new interface driver hub
usbcore: registered new device driver usb
pps_core: LinuxPPS API ver. 1 registered
pps_core: Software ver. 5.3.6 - Copyright 2005-2007 Rodolfo Giometti <giometti@linux.it>
PTP clock support registered
EDAC MC: Ver: 3.0.0
PCI: Using ACPI for IRQ routing
PCI: pci_cache_line_size set to 64 bytes
resource: Expanded resource Reserved due to conflict with PCI Bus 0000:00
e820: reserve RAM buffer [mem 0x0009d000-0x0009ffff]
e820: reserve RAM buffer [mem 0x5a13e000-0x5bffffff]
e820: reserve RAM buffer [mem 0x67acf000-0x67ffffff]
e820: reserve RAM buffer [mem 0x6f000000-0x6fffffff]
e820: reserve RAM buffer [mem 0x107fd00000-0x107fffffff]
e820: reserve RAM buffer [mem 0x207f200000-0x207fffffff]
e820: reserve RAM buffer [mem 0x307fe00000-0x307fffffff]
e820: reserve RAM buffer [mem 0x407fe00000-0x407fffffff]
pci 0000:62:00.0: vgaarb: setting as boot VGA device
pci 0000:62:00.0: vgaarb: bridge control possible
pci 0000:62:00.0: vgaarb: VGA device added: decodes=io+mem,owns=io+mem,locks=none
vgaarb: loaded
hpet0: at MMIO 0xfed00000, IRQs 2, 8, 0
hpet0: 3 comparators, 32-bit 14.318180 MHz counter
clocksource: Switched to clocksource tsc-early
VFS: Disk quotas dquot_6.6.0
VFS: Dquot-cache hash table entries: 512 (order 0, 4096 bytes)
pnp: PnP ACPI init
system 00:00: [mem 0x80000000-0x8fffffff] has been reserved
system 00:01: [mem 0xff000000-0xffffffff] has been reserved
pnp: PnP ACPI: found 5 devices
clocksource: acpi_pm: mask: 0xffffff max_cycles: 0xffffff, max_idle_ns: 2085701024 ns
NET: Registered PF_INET protocol family
IP idents hash table entries: 262144 (order: 9, 2097152 bytes, vmalloc hugepage)
tcp_listen_portaddr_hash hash table entries: 65536 (order: 8, 1048576 bytes, vmalloc)
Table-perturb hash table entries: 65536 (order: 6, 262144 bytes, vmalloc)
TCP established hash table entries: 524288 (order: 10, 4194304 bytes, vmalloc hugepage)
TCP bind hash table entries: 65536 (order: 9, 2097152 bytes, vmalloc hugepage)
TCP: Hash tables configured (established 524288 bind 65536)
UDP hash table entries: 65536 (order: 10, 4194304 bytes, vmalloc hugepage)
UDP-Lite hash table entries: 65536 (order: 10, 4194304 bytes, vmalloc hugepage)
NET: Registered PF_UNIX/PF_LOCAL protocol family
pci 0000:01:00.0: ROM [mem 0xffff0000-0xffffffff pref]: can't claim; no compatible bridge window
pci 0000:63:00.0: ROM [mem 0xfffc0000-0xffffffff pref]: can't claim; no compatible bridge window
pci 0000:63:00.1: ROM [mem 0xfffc0000-0xffffffff pref]: can't claim; no compatible bridge window
pci 0000:63:00.2: ROM [mem 0xfffc0000-0xffffffff pref]: can't claim; no compatible bridge window
pci 0000:63:00.3: ROM [mem 0xfffc0000-0xffffffff pref]: can't claim; no compatible bridge window
pci 0000:81:00.0: ROM [mem 0xfff00000-0xffffffff pref]: can't claim; no compatible bridge window
pci 0000:e1:00.0: ROM [mem 0xfffc0000-0xffffffff pref]: can't claim; no compatible bridge window
pci 0000:e1:00.1: ROM [mem 0xfffc0000-0xffffffff pref]: can't claim; no compatible bridge window
pci 0000:00:01.1: bridge window [io  0x1000-0x0fff] to [bus 01] add_size 1000
pci 0000:00:01.1: bridge window [mem 0x00100000-0x000fffff 64bit pref] to [bus 01] add_size 200000 add_align 100000
pci 0000:00:01.2: bridge window [io  0x1000-0x0fff] to [bus 02] add_size 1000
pci 0000:00:01.2: bridge window [mem 0x00100000-0x000fffff 64bit pref] to [bus 02] add_size 200000 add_align 100000
pci 0000:00:01.3: bridge window [io  0x1000-0x0fff] to [bus 03] add_size 1000
pci 0000:00:01.3: bridge window [mem 0x00100000-0x000fffff 64bit pref] to [bus 03] add_size 200000 add_align 100000
pci 0000:00:01.4: bridge window [io  0x1000-0x0fff] to [bus 04] add_size 1000
pci 0000:00:01.4: bridge window [mem 0x00100000-0x000fffff 64bit pref] to [bus 04] add_size 200000 add_align 100000
pci 0000:00:01.1: bridge window [mem 0x39ee0000000-0x39ee01fffff 64bit pref]: assigned
pci 0000:00:01.2: bridge window [mem 0x39ee0200000-0x39ee03fffff 64bit pref]: assigned
pci 0000:00:01.3: bridge window [mem 0x39ee0400000-0x39ee05fffff 64bit pref]: assigned
pci 0000:00:01.4: bridge window [mem 0x39ee0600000-0x39ee07fffff 64bit pref]: assigned
pci 0000:00:01.1: bridge window [io  0x1000-0x1fff]: assigned
pci 0000:00:01.2: bridge window [io  size 0x1000]: can't assign; no space
pci 0000:00:01.2: bridge window [io  size 0x1000]: failed to assign
pci 0000:00:01.3: bridge window [io  size 0x1000]: can't assign; no space
pci 0000:00:01.3: bridge window [io  size 0x1000]: failed to assign
pci 0000:00:01.4: bridge window [io  size 0x1000]: can't assign; no space
pci 0000:00:01.4: bridge window [io  size 0x1000]: failed to assign
pci 0000:00:01.4: bridge window [io  0x1000-0x1fff]: assigned
pci 0000:00:01.3: bridge window [io  size 0x1000]: can't assign; no space
pci 0000:00:01.3: bridge window [io  size 0x1000]: failed to assign
pci 0000:00:01.2: bridge window [io  size 0x1000]: can't assign; no space
pci 0000:00:01.2: bridge window [io  size 0x1000]: failed to assign
pci 0000:00:01.1: bridge window [io  size 0x1000]: can't assign; no space
pci 0000:00:01.1: bridge window [io  size 0x1000]: failed to assign
pci 0000:01:00.0: ROM [mem 0xf9f10000-0xf9f1ffff pref]: assigned
pci 0000:00:01.1: PCI bridge to [bus 01]
pci 0000:00:01.1:   bridge window [mem 0xf9f00000-0xf9ffffff]
pci 0000:00:01.1:   bridge window [mem 0x39ee0000000-0x39ee01fffff 64bit pref]
pci 0000:00:01.2: PCI bridge to [bus 02]
pci 0000:00:01.2:   bridge window [mem 0xf9800000-0xf9bfffff]
pci 0000:00:01.2:   bridge window [mem 0x39ee0200000-0x39ee03fffff 64bit pref]
pci 0000:00:01.3: PCI bridge to [bus 03]
pci 0000:00:01.3:   bridge window [mem 0xf9400000-0xf97fffff]
pci 0000:00:01.3:   bridge window [mem 0x39ee0400000-0x39ee05fffff 64bit pref]
pci 0000:00:01.4: PCI bridge to [bus 04]
pci 0000:00:01.4:   bridge window [io  0x1000-0x1fff]
pci 0000:00:01.4:   bridge window [mem 0xf9000000-0xf93fffff]
pci 0000:00:01.4:   bridge window [mem 0x39ee0600000-0x39ee07fffff 64bit pref]
pci 0000:00:07.1: PCI bridge to [bus 05]
pci 0000:00:07.1:   bridge window [mem 0xf9e00000-0xf9efffff]
pci 0000:00:08.1: PCI bridge to [bus 06]
pci 0000:00:08.1:   bridge window [mem 0xf9c00000-0xf9dfffff]
pci_bus 0000:00: resource 4 [io  0x0000-0x03af window]
pci_bus 0000:00: resource 5 [io  0x03e0-0x0cf7 window]
pci_bus 0000:00: resource 6 [mem 0x000c0000-0x000fffff window]
pci_bus 0000:00: resource 7 [io  0x0d00-0x1fff window]
pci_bus 0000:00: resource 8 [mem 0xeb000000-0xfebfffff window]
pci_bus 0000:00: resource 9 [mem 0x39ee0000000-0x47e7fffffff window]
pci_bus 0000:01: resource 1 [mem 0xf9f00000-0xf9ffffff]
pci_bus 0000:01: resource 2 [mem 0x39ee0000000-0x39ee01fffff 64bit pref]
pci_bus 0000:02: resource 1 [mem 0xf9800000-0xf9bfffff]
pci_bus 0000:02: resource 2 [mem 0x39ee0200000-0x39ee03fffff 64bit pref]
pci_bus 0000:03: resource 1 [mem 0xf9400000-0xf97fffff]
pci_bus 0000:03: resource 2 [mem 0x39ee0400000-0x39ee05fffff 64bit pref]
pci_bus 0000:04: resource 0 [io  0x1000-0x1fff]
pci_bus 0000:04: resource 1 [mem 0xf9000000-0xf93fffff]
pci_bus 0000:04: resource 2 [mem 0x39ee0600000-0x39ee07fffff 64bit pref]
pci_bus 0000:05: resource 1 [mem 0xf9e00000-0xf9efffff]
pci_bus 0000:06: resource 1 [mem 0xf9c00000-0xf9dfffff]
pci 0000:20:01.1: bridge window [io  0x1000-0x0fff] to [bus 21] add_size 1000
pci 0000:20:01.1: bridge window [mem 0x00100000-0x000fffff 64bit pref] to [bus 21] add_size 200000 add_align 100000
pci 0000:20:01.2: bridge window [io  0x1000-0x0fff] to [bus 22] add_size 1000
pci 0000:20:01.2: bridge window [mem 0x00100000-0x000fffff 64bit pref] to [bus 22] add_size 200000 add_align 100000
pci 0000:20:01.3: bridge window [io  0x1000-0x0fff] to [bus 23] add_size 1000
pci 0000:20:01.3: bridge window [mem 0x00100000-0x000fffff 64bit pref] to [bus 23] add_size 200000 add_align 100000
pci 0000:20:01.4: bridge window [io  0x1000-0x0fff] to [bus 24] add_size 1000
pci 0000:20:01.4: bridge window [mem 0x00100000-0x000fffff 64bit pref] to [bus 24] add_size 200000 add_align 100000
pci 0000:20:03.1: bridge window [io  0x1000-0x0fff] to [bus 25] add_size 1000
pci 0000:20:03.1: bridge window [mem 0x00100000-0x000fffff 64bit pref] to [bus 25] add_size 200000 add_align 100000
pci 0000:20:03.2: bridge window [io  0x1000-0x0fff] to [bus 26] add_size 1000
pci 0000:20:03.2: bridge window [mem 0x00100000-0x000fffff 64bit pref] to [bus 26] add_size 200000 add_align 100000
pci 0000:20:03.3: bridge window [io  0x1000-0x0fff] to [bus 27] add_size 1000
pci 0000:20:03.3: bridge window [mem 0x00100000-0x000fffff 64bit pref] to [bus 27] add_size 200000 add_align 100000
pci 0000:20:03.4: bridge window [io  0x1000-0x0fff] to [bus 28] add_size 1000
pci 0000:20:03.4: bridge window [mem 0x00100000-0x000fffff 64bit pref] to [bus 28] add_size 200000 add_align 100000
pci 0000:20:01.1: bridge window [mem 0x2bf40000000-0x2bf401fffff 64bit pref]: assigned
pci 0000:20:01.2: bridge window [mem 0x2bf40200000-0x2bf403fffff 64bit pref]: assigned
pci 0000:20:01.3: bridge window [mem 0x2bf40400000-0x2bf405fffff 64bit pref]: assigned
pci 0000:20:01.4: bridge window [mem 0x2bf40600000-0x2bf407fffff 64bit pref]: assigned
pci 0000:20:03.1: bridge window [mem 0x2bf40800000-0x2bf409fffff 64bit pref]: assigned
pci 0000:20:03.2: bridge window [mem 0x2bf40a00000-0x2bf40bfffff 64bit pref]: assigned
pci 0000:20:03.3: bridge window [mem 0x2bf40c00000-0x2bf40dfffff 64bit pref]: assigned
pci 0000:20:03.4: bridge window [mem 0x2bf40e00000-0x2bf40ffffff 64bit pref]: assigned
pci 0000:20:01.1: bridge window [io  0x2000-0x2fff]: assigned
pci 0000:20:01.2: bridge window [io  size 0x1000]: can't assign; no space
pci 0000:20:01.2: bridge window [io  size 0x1000]: failed to assign
pci 0000:20:01.3: bridge window [io  size 0x1000]: can't assign; no space
pci 0000:20:01.3: bridge window [io  size 0x1000]: failed to assign
pci 0000:20:01.4: bridge window [io  size 0x1000]: can't assign; no space
pci 0000:20:01.4: bridge window [io  size 0x1000]: failed to assign
pci 0000:20:03.1: bridge window [io  size 0x1000]: can't assign; no space
pci 0000:20:03.1: bridge window [io  size 0x1000]: failed to assign
pci 0000:20:03.2: bridge window [io  size 0x1000]: can't assign; no space
pci 0000:20:03.2: bridge window [io  size 0x1000]: failed to assign
pci 0000:20:03.3: bridge window [io  size 0x1000]: can't assign; no space
pci 0000:20:03.3: bridge window [io  size 0x1000]: failed to assign
pci 0000:20:03.4: bridge window [io  size 0x1000]: can't assign; no space
pci 0000:20:03.4: bridge window [io  size 0x1000]: failed to assign
pci 0000:20:03.4: bridge window [io  0x2000-0x2fff]: assigned
pci 0000:20:03.3: bridge window [io  size 0x1000]: can't assign; no space
pci 0000:20:03.3: bridge window [io  size 0x1000]: failed to assign
pci 0000:20:03.2: bridge window [io  size 0x1000]: can't assign; no space
pci 0000:20:03.2: bridge window [io  size 0x1000]: failed to assign
pci 0000:20:03.1: bridge window [io  size 0x1000]: can't assign; no space
pci 0000:20:03.1: bridge window [io  size 0x1000]: failed to assign
pci 0000:20:01.4: bridge window [io  size 0x1000]: can't assign; no space
pci 0000:20:01.4: bridge window [io  size 0x1000]: failed to assign
pci 0000:20:01.3: bridge window [io  size 0x1000]: can't assign; no space
pci 0000:20:01.3: bridge window [io  size 0x1000]: failed to assign
pci 0000:20:01.2: bridge window [io  size 0x1000]: can't assign; no space
pci 0000:20:01.2: bridge window [io  size 0x1000]: failed to assign
pci 0000:20:01.1: bridge window [io  size 0x1000]: can't assign; no space
pci 0000:20:01.1: bridge window [io  size 0x1000]: failed to assign
pci 0000:20:01.1: PCI bridge to [bus 21]
pci 0000:20:01.1:   bridge window [mem 0xcec00000-0xceffffff]
pci 0000:20:01.1:   bridge window [mem 0x2bf40000000-0x2bf401fffff 64bit pref]
pci 0000:20:01.2: PCI bridge to [bus 22]
pci 0000:20:01.2:   bridge window [mem 0xce800000-0xcebfffff]
pci 0000:20:01.2:   bridge window [mem 0x2bf40200000-0x2bf403fffff 64bit pref]
pci 0000:20:01.3: PCI bridge to [bus 23]
pci 0000:20:01.3:   bridge window [mem 0xce400000-0xce7fffff]
pci 0000:20:01.3:   bridge window [mem 0x2bf40400000-0x2bf405fffff 64bit pref]
pci 0000:20:01.4: PCI bridge to [bus 24]
pci 0000:20:01.4:   bridge window [mem 0xce000000-0xce3fffff]
pci 0000:20:01.4:   bridge window [mem 0x2bf40600000-0x2bf407fffff 64bit pref]
pci 0000:20:03.1: PCI bridge to [bus 25]
pci 0000:20:03.1:   bridge window [mem 0xcdc00000-0xcdffffff]
pci 0000:20:03.1:   bridge window [mem 0x2bf40800000-0x2bf409fffff 64bit pref]
pci 0000:20:03.2: PCI bridge to [bus 26]
pci 0000:20:03.2:   bridge window [mem 0xcd800000-0xcdbfffff]
pci 0000:20:03.2:   bridge window [mem 0x2bf40a00000-0x2bf40bfffff 64bit pref]
pci 0000:20:03.3: PCI bridge to [bus 27]
pci 0000:20:03.3:   bridge window [mem 0xcd400000-0xcd7fffff]
pci 0000:20:03.3:   bridge window [mem 0x2bf40c00000-0x2bf40dfffff 64bit pref]
pci 0000:20:03.4: PCI bridge to [bus 28]
pci 0000:20:03.4:   bridge window [io  0x2000-0x2fff]
pci 0000:20:03.4:   bridge window [mem 0xcd000000-0xcd3fffff]
pci 0000:20:03.4:   bridge window [mem 0x2bf40e00000-0x2bf40ffffff 64bit pref]
pci 0000:20:07.1: PCI bridge to [bus 29]
pci 0000:20:07.1:   bridge window [mem 0xcf300000-0xcf3fffff]
pci 0000:20:08.1: PCI bridge to [bus 2a]
pci 0000:20:08.1:   bridge window [mem 0xcf000000-0xcf2fffff]
pci_bus 0000:20: resource 4 [io  0x2000-0x2fff window]
pci_bus 0000:20: resource 5 [mem 0xc4000000-0xd0ffffff window]
pci_bus 0000:20: resource 6 [mem 0x2bf40000000-0x39edfffffff window]
pci_bus 0000:21: resource 1 [mem 0xcec00000-0xceffffff]
pci_bus 0000:21: resource 2 [mem 0x2bf40000000-0x2bf401fffff 64bit pref]
pci_bus 0000:22: resource 1 [mem 0xce800000-0xcebfffff]
pci_bus 0000:22: resource 2 [mem 0x2bf40200000-0x2bf403fffff 64bit pref]
pci_bus 0000:23: resource 1 [mem 0xce400000-0xce7fffff]
pci_bus 0000:23: resource 2 [mem 0x2bf40400000-0x2bf405fffff 64bit pref]
pci_bus 0000:24: resource 1 [mem 0xce000000-0xce3fffff]
pci_bus 0000:24: resource 2 [mem 0x2bf40600000-0x2bf407fffff 64bit pref]
pci_bus 0000:25: resource 1 [mem 0xcdc00000-0xcdffffff]
pci_bus 0000:25: resource 2 [mem 0x2bf40800000-0x2bf409fffff 64bit pref]
pci_bus 0000:26: resource 1 [mem 0xcd800000-0xcdbfffff]
pci_bus 0000:26: resource 2 [mem 0x2bf40a00000-0x2bf40bfffff 64bit pref]
pci_bus 0000:27: resource 1 [mem 0xcd400000-0xcd7fffff]
pci_bus 0000:27: resource 2 [mem 0x2bf40c00000-0x2bf40dfffff 64bit pref]
pci_bus 0000:28: resource 0 [io  0x2000-0x2fff]
pci_bus 0000:28: resource 1 [mem 0xcd000000-0xcd3fffff]
pci_bus 0000:28: resource 2 [mem 0x2bf40e00000-0x2bf40ffffff 64bit pref]
pci_bus 0000:29: resource 1 [mem 0xcf300000-0xcf3fffff]
pci_bus 0000:2a: resource 1 [mem 0xcf000000-0xcf2fffff]
pci 0000:40:07.1: PCI bridge to [bus 41]
pci 0000:40:07.1:   bridge window [mem 0xda100000-0xda1fffff]
pci 0000:40:08.1: PCI bridge to [bus 42]
pci 0000:40:08.1:   bridge window [mem 0xda000000-0xda0fffff]
pci_bus 0000:40: resource 4 [io  0x3000-0x3fff window]
pci_bus 0000:40: resource 5 [mem 0xd1000000-0xddffffff window]
pci_bus 0000:40: resource 6 [mem 0x1dfa0000000-0x2bf3fffffff window]
pci_bus 0000:41: resource 1 [mem 0xda100000-0xda1fffff]
pci_bus 0000:42: resource 1 [mem 0xda000000-0xda0fffff]
pci 0000:60:03.1: bridge window [mem 0xdf500000-0xdf5fffff]: assigned
pci 0000:63:00.0: ROM [mem 0xdf500000-0xdf53ffff pref]: assigned
pci 0000:63:00.1: ROM [mem 0xdf540000-0xdf57ffff pref]: assigned
pci 0000:63:00.2: ROM [mem 0xdf580000-0xdf5bffff pref]: assigned
pci 0000:63:00.3: ROM [mem 0xdf5c0000-0xdf5fffff pref]: assigned
pci 0000:60:03.1: PCI bridge to [bus 63]
pci 0000:60:03.1:   bridge window [mem 0xdf500000-0xdf5fffff]
pci 0000:60:03.1:   bridge window [mem 0xdf000000-0xdf4fffff 64bit pref]
pci 0000:61:00.0: PCI bridge to [bus 62]
pci 0000:61:00.0:   bridge window [mem 0xe7000000-0xe78fffff]
pci 0000:61:00.0:   bridge window [mem 0xde000000-0xdeffffff 64bit pref]
pci 0000:60:05.2: PCI bridge to [bus 61-62]
pci 0000:60:05.2:   bridge window [mem 0xe7000000-0xe78fffff]
pci 0000:60:05.2:   bridge window [mem 0xde000000-0xdeffffff 64bit pref]
pci 0000:60:07.1: PCI bridge to [bus 64]
pci 0000:60:07.1:   bridge window [mem 0xe7a00000-0xe7afffff]
pci 0000:60:08.1: PCI bridge to [bus 65]
pci 0000:60:08.1:   bridge window [mem 0xe7900000-0xe79fffff]
pci_bus 0000:60: resource 4 [io  0x4000-0x4fff window]
pci_bus 0000:60: resource 5 [mem 0xde000000-0xeaffffff window]
pci_bus 0000:60: resource 6 [mem 0x10000000000-0x1df9fffffff window]
pci_bus 0000:60: resource 7 [io  0x03b0-0x03df window]
pci_bus 0000:60: resource 8 [mem 0x000a0000-0x000bffff window]
pci_bus 0000:63: resource 1 [mem 0xdf500000-0xdf5fffff]
pci_bus 0000:63: resource 2 [mem 0xdf000000-0xdf4fffff 64bit pref]
pci_bus 0000:61: resource 1 [mem 0xe7000000-0xe78fffff]
pci_bus 0000:61: resource 2 [mem 0xde000000-0xdeffffff 64bit pref]
pci_bus 0000:62: resource 1 [mem 0xe7000000-0xe78fffff]
pci_bus 0000:62: resource 2 [mem 0xde000000-0xdeffffff 64bit pref]
pci_bus 0000:64: resource 1 [mem 0xe7a00000-0xe7afffff]
pci_bus 0000:65: resource 1 [mem 0xe7900000-0xe79fffff]
pci 0000:81:00.0: ROM [mem size 0x00100000 pref]: can't assign; no space
pci 0000:81:00.0: ROM [mem size 0x00100000 pref]: failed to assign
pci 0000:80:01.1: PCI bridge to [bus 81]
pci 0000:80:01.1:   bridge window [mem 0x99200000-0x993fffff]
pci 0000:80:07.1: PCI bridge to [bus 82]
pci 0000:80:07.1:   bridge window [mem 0x99100000-0x991fffff]
pci 0000:80:08.1: PCI bridge to [bus 83]
pci 0000:80:08.1:   bridge window [mem 0x99000000-0x990fffff]
pci_bus 0000:80: resource 4 [io  0x5000-0x5fff window]
pci_bus 0000:80: resource 5 [mem 0x90000000-0x9cffffff window]
pci_bus 0000:80: resource 6 [mem 0x71d60000000-0x7fcffffffff window]
pci_bus 0000:81: resource 1 [mem 0x99200000-0x993fffff]
pci_bus 0000:82: resource 1 [mem 0x99100000-0x991fffff]
pci_bus 0000:83: resource 1 [mem 0x99000000-0x990fffff]
pci 0000:a0:07.1: PCI bridge to [bus a1]
pci 0000:a0:07.1:   bridge window [mem 0xa6200000-0xa62fffff]
pci 0000:a0:08.1: PCI bridge to [bus a2]
pci 0000:a0:08.1:   bridge window [mem 0xa6000000-0xa61fffff]
pci_bus 0000:a0: resource 4 [io  0x6000-0x6fff window]
pci_bus 0000:a0: resource 5 [mem 0x9d000000-0xa9ffffff window]
pci_bus 0000:a0: resource 6 [mem 0x63dc0000000-0x71d5fffffff window]
pci_bus 0000:a1: resource 1 [mem 0xa6200000-0xa62fffff]
pci_bus 0000:a2: resource 1 [mem 0xa6000000-0xa61fffff]
pci 0000:c0:01.1: bridge window [io  0x1000-0x0fff] to [bus c1] add_size 1000
pci 0000:c0:01.1: bridge window [mem 0x00100000-0x000fffff 64bit pref] to [bus c1] add_size 200000 add_align 100000
pci 0000:c0:01.2: bridge window [io  0x1000-0x0fff] to [bus c2] add_size 1000
pci 0000:c0:01.2: bridge window [mem 0x00100000-0x000fffff 64bit pref] to [bus c2] add_size 200000 add_align 100000
pci 0000:c0:01.3: bridge window [io  0x1000-0x0fff] to [bus c3] add_size 1000
pci 0000:c0:01.3: bridge window [mem 0x00100000-0x000fffff 64bit pref] to [bus c3] add_size 200000 add_align 100000
pci 0000:c0:01.4: bridge window [io  0x1000-0x0fff] to [bus c4] add_size 1000
pci 0000:c0:01.4: bridge window [mem 0x00100000-0x000fffff 64bit pref] to [bus c4] add_size 200000 add_align 100000
pci 0000:c0:03.1: bridge window [io  0x1000-0x0fff] to [bus c5] add_size 1000
pci 0000:c0:03.1: bridge window [mem 0x00100000-0x000fffff 64bit pref] to [bus c5] add_size 200000 add_align 100000
pci 0000:c0:03.2: bridge window [io  0x1000-0x0fff] to [bus c6] add_size 1000
pci 0000:c0:03.2: bridge window [mem 0x00100000-0x000fffff 64bit pref] to [bus c6] add_size 200000 add_align 100000
pci 0000:c0:03.3: bridge window [io  0x1000-0x0fff] to [bus c7] add_size 1000
pci 0000:c0:03.3: bridge window [mem 0x00100000-0x000fffff 64bit pref] to [bus c7] add_size 200000 add_align 100000
pci 0000:c0:03.4: bridge window [io  0x1000-0x0fff] to [bus c8] add_size 1000
pci 0000:c0:03.4: bridge window [mem 0x00100000-0x000fffff 64bit pref] to [bus c8] add_size 200000 add_align 100000
pci 0000:c0:01.1: bridge window [mem 0x55e20000000-0x55e201fffff 64bit pref]: assigned
pci 0000:c0:01.2: bridge window [mem 0x55e20200000-0x55e203fffff 64bit pref]: assigned
pci 0000:c0:01.3: bridge window [mem 0x55e20400000-0x55e205fffff 64bit pref]: assigned
pci 0000:c0:01.4: bridge window [mem 0x55e20600000-0x55e207fffff 64bit pref]: assigned
pci 0000:c0:03.1: bridge window [mem 0x55e20800000-0x55e209fffff 64bit pref]: assigned
pci 0000:c0:03.2: bridge window [mem 0x55e20a00000-0x55e20bfffff 64bit pref]: assigned
pci 0000:c0:03.3: bridge window [mem 0x55e20c00000-0x55e20dfffff 64bit pref]: assigned
pci 0000:c0:03.4: bridge window [mem 0x55e20e00000-0x55e20ffffff 64bit pref]: assigned
pci 0000:c0:01.1: bridge window [io  0x7000-0x7fff]: assigned
pci 0000:c0:01.2: bridge window [io  size 0x1000]: can't assign; no space
pci 0000:c0:01.2: bridge window [io  size 0x1000]: failed to assign
pci 0000:c0:01.3: bridge window [io  size 0x1000]: can't assign; no space
pci 0000:c0:01.3: bridge window [io  size 0x1000]: failed to assign
pci 0000:c0:01.4: bridge window [io  size 0x1000]: can't assign; no space
pci 0000:c0:01.4: bridge window [io  size 0x1000]: failed to assign
pci 0000:c0:03.1: bridge window [io  size 0x1000]: can't assign; no space
pci 0000:c0:03.1: bridge window [io  size 0x1000]: failed to assign
pci 0000:c0:03.2: bridge window [io  size 0x1000]: can't assign; no space
pci 0000:c0:03.2: bridge window [io  size 0x1000]: failed to assign
pci 0000:c0:03.3: bridge window [io  size 0x1000]: can't assign; no space
pci 0000:c0:03.3: bridge window [io  size 0x1000]: failed to assign
pci 0000:c0:03.4: bridge window [io  size 0x1000]: can't assign; no space
pci 0000:c0:03.4: bridge window [io  size 0x1000]: failed to assign
pci 0000:c0:03.4: bridge window [io  0x7000-0x7fff]: assigned
pci 0000:c0:03.3: bridge window [io  size 0x1000]: can't assign; no space
pci 0000:c0:03.3: bridge window [io  size 0x1000]: failed to assign
pci 0000:c0:03.2: bridge window [io  size 0x1000]: can't assign; no space
pci 0000:c0:03.2: bridge window [io  size 0x1000]: failed to assign
pci 0000:c0:03.1: bridge window [io  size 0x1000]: can't assign; no space
pci 0000:c0:03.1: bridge window [io  size 0x1000]: failed to assign
pci 0000:c0:01.4: bridge window [io  size 0x1000]: can't assign; no space
pci 0000:c0:01.4: bridge window [io  size 0x1000]: failed to assign
pci 0000:c0:01.3: bridge window [io  size 0x1000]: can't assign; no space
pci 0000:c0:01.3: bridge window [io  size 0x1000]: failed to assign
pci 0000:c0:01.2: bridge window [io  size 0x1000]: can't assign; no space
pci 0000:c0:01.2: bridge window [io  size 0x1000]: failed to assign
pci 0000:c0:01.1: bridge window [io  size 0x1000]: can't assign; no space
pci 0000:c0:01.1: bridge window [io  size 0x1000]: failed to assign
pci 0000:c0:01.1: PCI bridge to [bus c1]
pci 0000:c0:01.1:   bridge window [mem 0xb4c00000-0xb4ffffff]
pci 0000:c0:01.1:   bridge window [mem 0x55e20000000-0x55e201fffff 64bit pref]
pci 0000:c0:01.2: PCI bridge to [bus c2]
pci 0000:c0:01.2:   bridge window [mem 0xb4800000-0xb4bfffff]
pci 0000:c0:01.2:   bridge window [mem 0x55e20200000-0x55e203fffff 64bit pref]
pci 0000:c0:01.3: PCI bridge to [bus c3]
pci 0000:c0:01.3:   bridge window [mem 0xb4400000-0xb47fffff]
pci 0000:c0:01.3:   bridge window [mem 0x55e20400000-0x55e205fffff 64bit pref]
pci 0000:c0:01.4: PCI bridge to [bus c4]
pci 0000:c0:01.4:   bridge window [mem 0xb4000000-0xb43fffff]
pci 0000:c0:01.4:   bridge window [mem 0x55e20600000-0x55e207fffff 64bit pref]
pci 0000:c0:03.1: PCI bridge to [bus c5]
pci 0000:c0:03.1:   bridge window [mem 0xb3c00000-0xb3ffffff]
pci 0000:c0:03.1:   bridge window [mem 0x55e20800000-0x55e209fffff 64bit pref]
pci 0000:c0:03.2: PCI bridge to [bus c6]
pci 0000:c0:03.2:   bridge window [mem 0xb3800000-0xb3bfffff]
pci 0000:c0:03.2:   bridge window [mem 0x55e20a00000-0x55e20bfffff 64bit pref]
pci 0000:c0:03.3: PCI bridge to [bus c7]
pci 0000:c0:03.3:   bridge window [mem 0xb3400000-0xb37fffff]
pci 0000:c0:03.3:   bridge window [mem 0x55e20c00000-0x55e20dfffff 64bit pref]
pci 0000:c0:03.4: PCI bridge to [bus c8]
pci 0000:c0:03.4:   bridge window [io  0x7000-0x7fff]
pci 0000:c0:03.4:   bridge window [mem 0xb3000000-0xb33fffff]
pci 0000:c0:03.4:   bridge window [mem 0x55e20e00000-0x55e20ffffff 64bit pref]
pci 0000:c0:07.1: PCI bridge to [bus c9]
pci 0000:c0:07.1:   bridge window [mem 0xb5200000-0xb52fffff]
pci 0000:c0:08.1: PCI bridge to [bus ca]
pci 0000:c0:08.1:   bridge window [mem 0xb5100000-0xb51fffff]
pci 0000:c0:08.3: PCI bridge to [bus cb]
pci 0000:c0:08.3:   bridge window [mem 0xb5000000-0xb50fffff]
pci_bus 0000:c0: resource 4 [io  0x7000-0x7fff window]
pci_bus 0000:c0: resource 5 [mem 0xaa000000-0xb6ffffff window]
pci_bus 0000:c0: resource 6 [mem 0x55e20000000-0x63dbfffffff window]
pci_bus 0000:c1: resource 1 [mem 0xb4c00000-0xb4ffffff]
pci_bus 0000:c1: resource 2 [mem 0x55e20000000-0x55e201fffff 64bit pref]
pci_bus 0000:c2: resource 1 [mem 0xb4800000-0xb4bfffff]
pci_bus 0000:c2: resource 2 [mem 0x55e20200000-0x55e203fffff 64bit pref]
pci_bus 0000:c3: resource 1 [mem 0xb4400000-0xb47fffff]
pci_bus 0000:c3: resource 2 [mem 0x55e20400000-0x55e205fffff 64bit pref]
pci_bus 0000:c4: resource 1 [mem 0xb4000000-0xb43fffff]
pci_bus 0000:c4: resource 2 [mem 0x55e20600000-0x55e207fffff 64bit pref]
pci_bus 0000:c5: resource 1 [mem 0xb3c00000-0xb3ffffff]
pci_bus 0000:c5: resource 2 [mem 0x55e20800000-0x55e209fffff 64bit pref]
pci_bus 0000:c6: resource 1 [mem 0xb3800000-0xb3bfffff]
pci_bus 0000:c6: resource 2 [mem 0x55e20a00000-0x55e20bfffff 64bit pref]
pci_bus 0000:c7: resource 1 [mem 0xb3400000-0xb37fffff]
pci_bus 0000:c7: resource 2 [mem 0x55e20c00000-0x55e20dfffff 64bit pref]
pci_bus 0000:c8: resource 0 [io  0x7000-0x7fff]
pci_bus 0000:c8: resource 1 [mem 0xb3000000-0xb33fffff]
pci_bus 0000:c8: resource 2 [mem 0x55e20e00000-0x55e20ffffff 64bit pref]
pci_bus 0000:c9: resource 1 [mem 0xb5200000-0xb52fffff]
pci_bus 0000:ca: resource 1 [mem 0xb5100000-0xb51fffff]
pci_bus 0000:cb: resource 1 [mem 0xb5000000-0xb50fffff]
pci 0000:e0:03.1: bridge window [io  0x1000-0x0fff] to [bus e2] add_size 1000
pci 0000:e0:03.1: bridge window [mem 0x00100000-0x000fffff 64bit pref] to [bus e2] add_size 200000 add_align 100000
pci 0000:e0:03.2: bridge window [io  0x1000-0x0fff] to [bus e3] add_size 1000
pci 0000:e0:03.2: bridge window [mem 0x00100000-0x000fffff 64bit pref] to [bus e3] add_size 200000 add_align 100000
pci 0000:e0:03.3: bridge window [io  0x1000-0x0fff] to [bus e4] add_size 1000
pci 0000:e0:03.3: bridge window [mem 0x00100000-0x000fffff 64bit pref] to [bus e4] add_size 200000 add_align 100000
pci 0000:e0:03.4: bridge window [io  0x1000-0x0fff] to [bus e5] add_size 1000
pci 0000:e0:03.4: bridge window [mem 0x00100000-0x000fffff 64bit pref] to [bus e5] add_size 200000 add_align 100000
pci 0000:e0:03.1: bridge window [mem 0x47e80000000-0x47e801fffff 64bit pref]: assigned
pci 0000:e0:03.2: bridge window [mem 0x47e80200000-0x47e803fffff 64bit pref]: assigned
pci 0000:e0:03.3: bridge window [mem 0x47e80400000-0x47e805fffff 64bit pref]: assigned
pci 0000:e0:03.4: bridge window [mem 0x47e80600000-0x47e807fffff 64bit pref]: assigned
pci 0000:e0:05.1: bridge window [mem 0xb7100000-0xb71fffff]: assigned
pci 0000:e0:03.1: bridge window [io  0x8000-0x8fff]: assigned
pci 0000:e0:03.2: bridge window [io  0x9000-0x9fff]: assigned
pci 0000:e0:03.3: bridge window [io  0xa000-0xafff]: assigned
pci 0000:e0:03.4: bridge window [io  0xb000-0xbfff]: assigned
pci 0000:e0:03.1: PCI bridge to [bus e2]
pci 0000:e0:03.1:   bridge window [io  0x8000-0x8fff]
pci 0000:e0:03.1:   bridge window [mem 0xc0c00000-0xc0ffffff]
pci 0000:e0:03.1:   bridge window [mem 0x47e80000000-0x47e801fffff 64bit pref]
pci 0000:e0:03.2: PCI bridge to [bus e3]
pci 0000:e0:03.2:   bridge window [io  0x9000-0x9fff]
pci 0000:e0:03.2:   bridge window [mem 0xc0800000-0xc0bfffff]
pci 0000:e0:03.2:   bridge window [mem 0x47e80200000-0x47e803fffff 64bit pref]
pci 0000:e0:03.3: PCI bridge to [bus e4]
pci 0000:e0:03.3:   bridge window [io  0xa000-0xafff]
pci 0000:e0:03.3:   bridge window [mem 0xc0400000-0xc07fffff]
pci 0000:e0:03.3:   bridge window [mem 0x47e80400000-0x47e805fffff 64bit pref]
pci 0000:e0:03.4: PCI bridge to [bus e5]
pci 0000:e0:03.4:   bridge window [io  0xb000-0xbfff]
pci 0000:e0:03.4:   bridge window [mem 0xc0000000-0xc03fffff]
pci 0000:e0:03.4:   bridge window [mem 0x47e80600000-0x47e807fffff 64bit pref]
pci 0000:e1:00.0: ROM [mem 0xb7100000-0xb713ffff pref]: assigned
pci 0000:e1:00.1: ROM [mem 0xb7140000-0xb717ffff pref]: assigned
pci 0000:e0:05.1: PCI bridge to [bus e1]
pci 0000:e0:05.1:   bridge window [mem 0xb7100000-0xb71fffff]
pci 0000:e0:05.1:   bridge window [mem 0xb7000000-0xb70fffff 64bit pref]
pci 0000:e0:07.1: PCI bridge to [bus e6]
pci 0000:e0:07.1:   bridge window [mem 0xc1100000-0xc11fffff]
pci 0000:e0:08.1: PCI bridge to [bus e7]
pci 0000:e0:08.1:   bridge window [mem 0xc1000000-0xc10fffff]
pci_bus 0000:e0: resource 4 [io  0x8000-0xffff window]
pci_bus 0000:e0: resource 5 [mem 0xb7000000-0xc3ffffff window]
pci_bus 0000:e0: resource 6 [mem 0x47e80000000-0x55e1fffffff window]
pci_bus 0000:e2: resource 0 [io  0x8000-0x8fff]
pci_bus 0000:e2: resource 1 [mem 0xc0c00000-0xc0ffffff]
pci_bus 0000:e2: resource 2 [mem 0x47e80000000-0x47e801fffff 64bit pref]
pci_bus 0000:e3: resource 0 [io  0x9000-0x9fff]
pci_bus 0000:e3: resource 1 [mem 0xc0800000-0xc0bfffff]
pci_bus 0000:e3: resource 2 [mem 0x47e80200000-0x47e803fffff 64bit pref]
pci_bus 0000:e4: resource 0 [io  0xa000-0xafff]
pci_bus 0000:e4: resource 1 [mem 0xc0400000-0xc07fffff]
pci_bus 0000:e4: resource 2 [mem 0x47e80400000-0x47e805fffff 64bit pref]
pci_bus 0000:e5: resource 0 [io  0xb000-0xbfff]
pci_bus 0000:e5: resource 1 [mem 0xc0000000-0xc03fffff]
pci_bus 0000:e5: resource 2 [mem 0x47e80600000-0x47e807fffff 64bit pref]
pci_bus 0000:e1: resource 1 [mem 0xb7100000-0xb71fffff]
pci_bus 0000:e1: resource 2 [mem 0xb7000000-0xb70fffff 64bit pref]
pci_bus 0000:e6: resource 1 [mem 0xc1100000-0xc11fffff]
pci_bus 0000:e7: resource 1 [mem 0xc1000000-0xc10fffff]
pci 0000:06:00.3: quirk_usb_early_handoff+0x0/0x740 took 121655 usecs
pci 0000:cb:00.0: CLS mismatch (128 != 64), using 64 bytes
pci 0000:60:00.2: AMD-Vi: IOMMU performance counters supported
Trying to unpack rootfs image as initramfs...
pci 0000:60:01.0: Adding to iommu group 0
pci 0000:60:02.0: Adding to iommu group 1
pci 0000:60:03.0: Adding to iommu group 2
pci 0000:60:03.1: Adding to iommu group 3
pci 0000:60:04.0: Adding to iommu group 4
pci 0000:60:05.0: Adding to iommu group 5
pci 0000:60:05.2: Adding to iommu group 5
pci 0000:60:07.0: Adding to iommu group 6
pci 0000:60:07.1: Adding to iommu group 7
pci 0000:60:08.0: Adding to iommu group 8
pci 0000:60:08.1: Adding to iommu group 9
pci 0000:61:00.0: Adding to iommu group 5
pci 0000:62:00.0: Adding to iommu group 5
pci 0000:63:00.0: Adding to iommu group 10
pci 0000:63:00.1: Adding to iommu group 11
pci 0000:63:00.2: Adding to iommu group 12
pci 0000:63:00.3: Adding to iommu group 13
pci 0000:64:00.0: Adding to iommu group 14
pci 0000:64:00.2: Adding to iommu group 15
pci 0000:65:00.0: Adding to iommu group 16
pci 0000:65:00.2: Adding to iommu group 17
pci 0000:40:00.2: AMD-Vi: IOMMU performance counters supported
pci 0000:40:01.0: Adding to iommu group 18
pci 0000:40:02.0: Adding to iommu group 19
pci 0000:40:03.0: Adding to iommu group 20
pci 0000:40:04.0: Adding to iommu group 21
pci 0000:40:05.0: Adding to iommu group 22
pci 0000:40:07.0: Adding to iommu group 23
pci 0000:40:07.1: Adding to iommu group 24
pci 0000:40:08.0: Adding to iommu group 25
pci 0000:40:08.1: Adding to iommu group 26
pci 0000:41:00.0: Adding to iommu group 27
pci 0000:41:00.2: Adding to iommu group 28
pci 0000:42:00.0: Adding to iommu group 29
pci 0000:42:00.2: Adding to iommu group 30
pci 0000:20:00.2: AMD-Vi: IOMMU performance counters supported
pci 0000:20:01.0: Adding to iommu group 31
pci 0000:20:01.1: Adding to iommu group 31
pci 0000:20:01.2: Adding to iommu group 31
pci 0000:20:01.3: Adding to iommu group 31
pci 0000:20:01.4: Adding to iommu group 31
pci 0000:20:02.0: Adding to iommu group 32
pci 0000:20:03.0: Adding to iommu group 33
pci 0000:20:03.1: Adding to iommu group 33
pci 0000:20:03.2: Adding to iommu group 33
pci 0000:20:03.3: Adding to iommu group 33
pci 0000:20:03.4: Adding to iommu group 33
pci 0000:20:04.0: Adding to iommu group 34
pci 0000:20:05.0: Adding to iommu group 35
pci 0000:20:07.0: Adding to iommu group 36
pci 0000:20:07.1: Adding to iommu group 37
pci 0000:20:08.0: Adding to iommu group 38
pci 0000:20:08.1: Adding to iommu group 39
pci 0000:29:00.0: Adding to iommu group 40
pci 0000:29:00.2: Adding to iommu group 41
pci 0000:2a:00.0: Adding to iommu group 42
pci 0000:2a:00.1: Adding to iommu group 43
pci 0000:2a:00.2: Adding to iommu group 44
pci 0000:2a:00.3: Adding to iommu group 45
pci 0000:00:00.2: AMD-Vi: IOMMU performance counters supported
pci 0000:00:01.0: Adding to iommu group 46
pci 0000:00:01.1: Adding to iommu group 47
pci 0000:00:01.2: Adding to iommu group 46
pci 0000:00:01.3: Adding to iommu group 46
pci 0000:00:01.4: Adding to iommu group 46
pci 0000:00:02.0: Adding to iommu group 48
pci 0000:00:03.0: Adding to iommu group 49
pci 0000:00:04.0: Adding to iommu group 50
pci 0000:00:05.0: Adding to iommu group 51
pci 0000:00:07.0: Adding to iommu group 52
pci 0000:00:07.1: Adding to iommu group 53
pci 0000:00:08.0: Adding to iommu group 54
pci 0000:00:08.1: Adding to iommu group 55
pci 0000:00:14.0: Adding to iommu group 56
pci 0000:00:14.3: Adding to iommu group 56
pci 0000:00:18.0: Adding to iommu group 57
pci 0000:00:18.1: Adding to iommu group 57
pci 0000:00:18.2: Adding to iommu group 57
pci 0000:00:18.3: Adding to iommu group 57
pci 0000:00:18.4: Adding to iommu group 57
pci 0000:00:18.5: Adding to iommu group 57
pci 0000:00:18.6: Adding to iommu group 57
pci 0000:00:18.7: Adding to iommu group 57
pci 0000:00:19.0: Adding to iommu group 58
pci 0000:00:19.1: Adding to iommu group 58
pci 0000:00:19.2: Adding to iommu group 58
pci 0000:00:19.3: Adding to iommu group 58
pci 0000:00:19.4: Adding to iommu group 58
pci 0000:00:19.5: Adding to iommu group 58
pci 0000:00:19.6: Adding to iommu group 58
pci 0000:00:19.7: Adding to iommu group 58
pci 0000:01:00.0: Adding to iommu group 59
pci 0000:05:00.0: Adding to iommu group 60
pci 0000:05:00.2: Adding to iommu group 61
pci 0000:06:00.0: Adding to iommu group 62
pci 0000:06:00.2: Adding to iommu group 63
pci 0000:06:00.3: Adding to iommu group 64
pci 0000:e0:00.2: AMD-Vi: IOMMU performance counters supported
pci 0000:e0:01.0: Adding to iommu group 65
pci 0000:e0:02.0: Adding to iommu group 66
pci 0000:e0:03.0: Adding to iommu group 67
pci 0000:e0:03.1: Adding to iommu group 67
pci 0000:e0:03.2: Adding to iommu group 67
Freeing initrd memory: 73132K
pci 0000:e0:03.3: Adding to iommu group 67
pci 0000:e0:03.4: Adding to iommu group 67
pci 0000:e0:04.0: Adding to iommu group 68
pci 0000:e0:05.0: Adding to iommu group 69
pci 0000:e0:05.1: Adding to iommu group 70
pci 0000:e0:07.0: Adding to iommu group 71
pci 0000:e0:07.1: Adding to iommu group 72
pci 0000:e0:08.0: Adding to iommu group 73
pci 0000:e0:08.1: Adding to iommu group 74
pci 0000:e1:00.0: Adding to iommu group 75
pci 0000:e1:00.1: Adding to iommu group 75
pci 0000:e6:00.0: Adding to iommu group 76
pci 0000:e6:00.2: Adding to iommu group 77
pci 0000:e7:00.0: Adding to iommu group 78
pci 0000:e7:00.2: Adding to iommu group 79
pci 0000:c0:00.2: AMD-Vi: IOMMU performance counters supported
pci 0000:c0:01.0: Adding to iommu group 80
pci 0000:c0:01.1: Adding to iommu group 80
pci 0000:c0:01.2: Adding to iommu group 80
pci 0000:c0:01.3: Adding to iommu group 80
pci 0000:c0:01.4: Adding to iommu group 80
pci 0000:c0:02.0: Adding to iommu group 81
pci 0000:c0:03.0: Adding to iommu group 82
pci 0000:c0:03.1: Adding to iommu group 82
pci 0000:c0:03.2: Adding to iommu group 82
pci 0000:c0:03.3: Adding to iommu group 82
pci 0000:c0:03.4: Adding to iommu group 82
pci 0000:c0:04.0: Adding to iommu group 83
pci 0000:c0:05.0: Adding to iommu group 84
pci 0000:c0:07.0: Adding to iommu group 85
pci 0000:c0:07.1: Adding to iommu group 86
pci 0000:c0:08.0: Adding to iommu group 87
pci 0000:c0:08.1: Adding to iommu group 88
pci 0000:c0:08.3: Adding to iommu group 89
pci 0000:c9:00.0: Adding to iommu group 90
pci 0000:c9:00.2: Adding to iommu group 91
pci 0000:ca:00.0: Adding to iommu group 92
pci 0000:ca:00.2: Adding to iommu group 93
pci 0000:cb:00.0: Adding to iommu group 94
pci 0000:a0:00.2: AMD-Vi: IOMMU performance counters supported
pci 0000:a0:01.0: Adding to iommu group 95
pci 0000:a0:02.0: Adding to iommu group 96
pci 0000:a0:03.0: Adding to iommu group 97
pci 0000:a0:04.0: Adding to iommu group 98
pci 0000:a0:05.0: Adding to iommu group 99
pci 0000:a0:07.0: Adding to iommu group 100
pci 0000:a0:07.1: Adding to iommu group 101
pci 0000:a0:08.0: Adding to iommu group 102
pci 0000:a0:08.1: Adding to iommu group 103
pci 0000:a1:00.0: Adding to iommu group 104
pci 0000:a1:00.2: Adding to iommu group 105
pci 0000:a2:00.0: Adding to iommu group 106
pci 0000:a2:00.1: Adding to iommu group 107
pci 0000:a2:00.2: Adding to iommu group 108
pci 0000:80:00.2: AMD-Vi: IOMMU performance counters supported
pci 0000:80:01.0: Adding to iommu group 109
pci 0000:80:01.1: Adding to iommu group 110
pci 0000:80:02.0: Adding to iommu group 111
pci 0000:80:03.0: Adding to iommu group 112
pci 0000:80:04.0: Adding to iommu group 113
pci 0000:80:05.0: Adding to iommu group 114
pci 0000:80:07.0: Adding to iommu group 115
pci 0000:80:07.1: Adding to iommu group 116
pci 0000:80:08.0: Adding to iommu group 117
pci 0000:80:08.1: Adding to iommu group 118
pci 0000:81:00.0: Adding to iommu group 119
pci 0000:82:00.0: Adding to iommu group 120
pci 0000:82:00.2: Adding to iommu group 121
pci 0000:83:00.0: Adding to iommu group 122
pci 0000:83:00.2: Adding to iommu group 123
AMD-Vi: Extended features (0x59f77efa2094ade, 0x0): PPR X2APIC NX GT IA GA PC
AMD-Vi: Interrupt remapping enabled
AMD-Vi: X2APIC enabled
PCI-DMA: Using software bounce buffering for IO (SWIOTLB)
software IO TLB: mapped [mem 0x000000005f364000-0x0000000063364000] (64MB)
RAPL PMU: API unit is 2^-32 Joules, 1 fixed counters, 163840 ms ovfl timer
RAPL PMU: hw unit of domain package 2^-16 Joules
LVT offset 0 assigned for vector 0x400
perf: AMD IBS detected (0x000003ff)
amd_uncore: 4 amd_df counters detected
amd_uncore: 6 amd_l3 counters detected
perf/amd_iommu: Detected AMD IOMMU #0 (2 banks, 4 counters/bank).
perf/amd_iommu: Detected AMD IOMMU #1 (2 banks, 4 counters/bank).
perf/amd_iommu: Detected AMD IOMMU #2 (2 banks, 4 counters/bank).
perf/amd_iommu: Detected AMD IOMMU #3 (2 banks, 4 counters/bank).
perf/amd_iommu: Detected AMD IOMMU #4 (2 banks, 4 counters/bank).
perf/amd_iommu: Detected AMD IOMMU #5 (2 banks, 4 counters/bank).
perf/amd_iommu: Detected AMD IOMMU #6 (2 banks, 4 counters/bank).
perf/amd_iommu: Detected AMD IOMMU #7 (2 banks, 4 counters/bank).
AES CTR mode by8 optimization enabled
Initialise system trusted keyrings
workingset: timestamp_bits=36 max_order=26 bucket_order=0
NET: Registered PF_ALG protocol family
Key type asymmetric registered
Asymmetric key parser 'x509' registered
Block layer SCSI generic (bsg) driver version 0.4 loaded (major 248)
io scheduler mq-deadline registered
io scheduler kyber registered
atomic64_test: passed for x86-64 platform with CX8 and with SSE
pcieport 0000:00:01.1: PME: Signaling with IRQ 50
pcieport 0000:00:01.1: pciehp: Slot #215 AttnBtn- PwrCtrl- MRL- AttnInd- PwrInd- HotPlug+ Surprise+ Interlock- NoCompl+ IbPresDis- LLActRep+
pcieport 0000:00:01.2: PME: Signaling with IRQ 51
pcieport 0000:00:01.2: pciehp: Slot #214 AttnBtn- PwrCtrl- MRL- AttnInd- PwrInd- HotPlug+ Surprise+ Interlock- NoCompl+ IbPresDis- LLActRep+
pcieport 0000:00:01.3: PME: Signaling with IRQ 52
pcieport 0000:00:01.3: pciehp: Slot #213 AttnBtn- PwrCtrl- MRL- AttnInd- PwrInd- HotPlug+ Surprise+ Interlock- NoCompl+ IbPresDis- LLActRep+
pcieport 0000:00:01.4: PME: Signaling with IRQ 53
pcieport 0000:00:01.4: pciehp: Slot #212 AttnBtn- PwrCtrl- MRL- AttnInd- PwrInd- HotPlug+ Surprise+ Interlock- NoCompl+ IbPresDis- LLActRep+
pcieport 0000:00:07.1: PME: Signaling with IRQ 55
pcieport 0000:00:08.1: PME: Signaling with IRQ 56
pcieport 0000:20:01.1: PME: Signaling with IRQ 57
pcieport 0000:20:01.1: pciehp: Slot #206 AttnBtn- PwrCtrl- MRL- AttnInd- PwrInd- HotPlug+ Surprise+ Interlock- NoCompl+ IbPresDis- LLActRep+
pcieport 0000:20:01.2: PME: Signaling with IRQ 58
pcieport 0000:20:01.2: pciehp: Slot #207 AttnBtn- PwrCtrl- MRL- AttnInd- PwrInd- HotPlug+ Surprise+ Interlock- NoCompl+ IbPresDis- LLActRep+
pcieport 0000:20:01.3: PME: Signaling with IRQ 59
pcieport 0000:20:01.3: pciehp: Slot #204 AttnBtn- PwrCtrl- MRL- AttnInd- PwrInd- HotPlug+ Surprise+ Interlock- NoCompl+ IbPresDis- LLActRep+
pcieport 0000:20:01.4: PME: Signaling with IRQ 60
pcieport 0000:20:01.4: pciehp: Slot #205 AttnBtn- PwrCtrl- MRL- AttnInd- PwrInd- HotPlug+ Surprise+ Interlock- NoCompl+ IbPresDis- LLActRep+
pcieport 0000:20:03.1: PME: Signaling with IRQ 61
pcieport 0000:20:03.1: pciehp: Slot #211 AttnBtn- PwrCtrl- MRL- AttnInd- PwrInd- HotPlug+ Surprise+ Interlock- NoCompl+ IbPresDis- LLActRep+
pcieport 0000:20:03.2: PME: Signaling with IRQ 62
pcieport 0000:20:03.2: pciehp: Slot #210 AttnBtn- PwrCtrl- MRL- AttnInd- PwrInd- HotPlug+ Surprise+ Interlock- NoCompl+ IbPresDis- LLActRep+
pcieport 0000:20:03.3: PME: Signaling with IRQ 63
pcieport 0000:20:03.3: pciehp: Slot #209 AttnBtn- PwrCtrl- MRL- AttnInd- PwrInd- HotPlug+ Surprise+ Interlock- NoCompl+ IbPresDis- LLActRep+
pcieport 0000:20:03.4: PME: Signaling with IRQ 64
pcieport 0000:20:03.4: pciehp: Slot #208 AttnBtn- PwrCtrl- MRL- AttnInd- PwrInd- HotPlug+ Surprise+ Interlock- NoCompl+ IbPresDis- LLActRep+
pcieport 0000:20:07.1: PME: Signaling with IRQ 66
pcieport 0000:20:08.1: PME: Signaling with IRQ 67
pcieport 0000:40:07.1: PME: Signaling with IRQ 69
pcieport 0000:40:08.1: PME: Signaling with IRQ 71
pcieport 0000:60:03.1: PME: Signaling with IRQ 72
pcieport 0000:60:05.2: PME: Signaling with IRQ 73
pcieport 0000:60:07.1: PME: Signaling with IRQ 75
pcieport 0000:60:08.1: PME: Signaling with IRQ 77
pcieport 0000:80:01.1: PME: Signaling with IRQ 78
pcieport 0000:80:07.1: PME: Signaling with IRQ 80
