Linux version 6.11.4-301.fc41.x86_64 (mockbuild@9b6b61418589428cb880a7020233b56f) (gcc (GCC) 14.2.1 20240912 (Red Hat 14.2.1-3), GNU ld version 2.43.1-2.fc41) #1 SMP PREEMPT_DYNAMIC Sun Oct 20 15:02:33 UTC 2024
Command line: BOOT_IMAGE=http://powerlab/pxelinux/node/adl0/fedora41/kernel initrd=http://powerlab/pxelinux/node/adl0/fedora41/initramfs.img root=UUID=f702f4c0-a1aa-49cf-9f6d-b7a88d579208 ro console=ttyUSB0,115200 msr.allow_writes=on
x86/split lock detection: #AC: crashing the kernel on kernel split_locks and warning on user-space split_locks
BIOS-provided physical RAM map:
BIOS-e820: [mem 0x0000000000000000-0x000000000009dfff] usable
BIOS-e820: [mem 0x000000000009e000-0x000000000009efff] reserved
BIOS-e820: [mem 0x000000000009f000-0x000000000009ffff] usable
BIOS-e820: [mem 0x00000000000a0000-0x00000000000fffff] reserved
BIOS-e820: [mem 0x0000000000100000-0x0000000063f5efff] usable
BIOS-e820: [mem 0x0000000063f5f000-0x000000006705efff] reserved
BIOS-e820: [mem 0x000000006705f000-0x0000000067135fff] ACPI data
BIOS-e820: [mem 0x0000000067136000-0x000000006723cfff] ACPI NVS
BIOS-e820: [mem 0x000000006723d000-0x0000000067efefff] reserved
BIOS-e820: [mem 0x0000000067eff000-0x0000000067efffff] usable
BIOS-e820: [mem 0x0000000067f00000-0x000000006dffffff] reserved
BIOS-e820: [mem 0x000000006e400000-0x000000006e5fffff] reserved
BIOS-e820: [mem 0x000000006f000000-0x00000000747fffff] reserved
BIOS-e820: [mem 0x00000000c0000000-0x00000000cfffffff] reserved
BIOS-e820: [mem 0x00000000fe000000-0x00000000fe010fff] reserved
BIOS-e820: [mem 0x00000000fec00000-0x00000000fec00fff] reserved
BIOS-e820: [mem 0x00000000fed00000-0x00000000fed00fff] reserved
BIOS-e820: [mem 0x00000000fed20000-0x00000000fed7ffff] reserved
BIOS-e820: [mem 0x00000000fee00000-0x00000000fee00fff] reserved
BIOS-e820: [mem 0x00000000ff000000-0x00000000ffffffff] reserved
BIOS-e820: [mem 0x0000000100000000-0x000000088b7fffff] usable
NX (Execute Disable) protection: active
APIC: Static calls initialized
e820: update [mem 0x59208018-0x5923d057] usable ==> usable
extended physical RAM map:
reserve setup_data: [mem 0x0000000000000000-0x000000000009dfff] usable
reserve setup_data: [mem 0x000000000009e000-0x000000000009efff] reserved
reserve setup_data: [mem 0x000000000009f000-0x000000000009ffff] usable
reserve setup_data: [mem 0x00000000000a0000-0x00000000000fffff] reserved
reserve setup_data: [mem 0x0000000000100000-0x0000000059208017] usable
reserve setup_data: [mem 0x0000000059208018-0x000000005923d057] usable
reserve setup_data: [mem 0x000000005923d058-0x0000000063f5efff] usable
reserve setup_data: [mem 0x0000000063f5f000-0x000000006705efff] reserved
reserve setup_data: [mem 0x000000006705f000-0x0000000067135fff] ACPI data
reserve setup_data: [mem 0x0000000067136000-0x000000006723cfff] ACPI NVS
reserve setup_data: [mem 0x000000006723d000-0x0000000067efefff] reserved
reserve setup_data: [mem 0x0000000067eff000-0x0000000067efffff] usable
reserve setup_data: [mem 0x0000000067f00000-0x000000006dffffff] reserved
reserve setup_data: [mem 0x000000006e400000-0x000000006e5fffff] reserved
reserve setup_data: [mem 0x000000006f000000-0x00000000747fffff] reserved
reserve setup_data: [mem 0x00000000c0000000-0x00000000cfffffff] reserved
reserve setup_data: [mem 0x00000000fe000000-0x00000000fe010fff] reserved
reserve setup_data: [mem 0x00000000fec00000-0x00000000fec00fff] reserved
reserve setup_data: [mem 0x00000000fed00000-0x00000000fed00fff] reserved
reserve setup_data: [mem 0x00000000fed20000-0x00000000fed7ffff] reserved
reserve setup_data: [mem 0x00000000fee00000-0x00000000fee00fff] reserved
reserve setup_data: [mem 0x00000000ff000000-0x00000000ffffffff] reserved
reserve setup_data: [mem 0x0000000100000000-0x000000088b7fffff] usable
efi: EFI v2.8 by American Megatrends
efi: ACPI=0x671b8000 ACPI 2.0=0x671b8014 TPMFinalLog=0x67187000 SMBIOS=0x67ba1000 SMBIOS 3.0=0x67ba0000 MEMATTR=0x5cff5298 ESRT=0x5f101818 RNG=0x6708a018 TPMEventLog=0x67089018 
random: crng init done
efi: Remove mem107: MMIO range=[0xc0000000-0xcfffffff] (256MB) from e820 map
e820: remove [mem 0xc0000000-0xcfffffff] reserved
efi: Not removing mem108: MMIO range=[0xfe000000-0xfe010fff] (68KB) from e820 map
efi: Not removing mem109: MMIO range=[0xfec00000-0xfec00fff] (4KB) from e820 map
efi: Not removing mem110: MMIO range=[0xfed00000-0xfed00fff] (4KB) from e820 map
efi: Not removing mem112: MMIO range=[0xfee00000-0xfee00fff] (4KB) from e820 map
efi: Remove mem113: MMIO range=[0xff000000-0xffffffff] (16MB) from e820 map
e820: remove [mem 0xff000000-0xffffffff] reserved
secureboot: Secure boot could not be determined (mode 255)
SMBIOS 3.5.0 present.
DMI: GIGABYTE GB-BEI7(HS)-1260/GB-BEI7(HS)-1260, BIOS F08 07/02/2023
DMI: Memory slots populated: 2/2
tsc: Detected 2500.000 MHz processor
tsc: Detected 2496.000 MHz TSC
e820: update [mem 0x00000000-0x00000fff] usable ==> reserved
e820: remove [mem 0x000a0000-0x000fffff] usable
last_pfn = 0x88b800 max_arch_pfn = 0x400000000
MTRR map: 5 entries (3 fixed + 2 variable; max 23), built from 10 variable MTRRs
x86/PAT: Configuration [0-7]: WB  WC  UC- UC  WB  WP  UC- WT  
last_pfn = 0x67f00 max_arch_pfn = 0x400000000
esrt: Reserving ESRT space from 0x000000005f101818 to 0x000000005f1018f0.
e820: update [mem 0x5f101000-0x5f101fff] usable ==> reserved
Using GB pages for direct mapping
Incomplete global flushes, disabling PCID
secureboot: Secure boot could not be determined (mode 255)
RAMDISK: [mem 0x4ecd8000-0x50f4ffff]
ACPI: Early table checksum verification disabled
ACPI: RSDP 0x00000000671B8014 000024 (v02 GBT   )
ACPI: XSDT 0x00000000671B7728 00010C (v01 GBT    GBTUACPI 01072009 AMI  01000013)
ACPI: FACP 0x0000000067131000 000114 (v06 GBT    GBTUACPI 01072009 AMI  01000013)
ACPI: DSDT 0x00000000670C6000 06AE63 (v02 GBT    GBTUACPI 01072009 INTL 20200717)
ACPI: FACS 0x000000006723B000 000040
ACPI: SSDT 0x0000000067132000 001459 (v02 DptfTb DptfTabl 00001000 INTL 20200717)
ACPI: FIDT 0x00000000670C5000 00009C (v01 GBT    GBTUACPI 01072009 AMI  00010013)
ACPI: SSDT 0x0000000067135000 00038C (v02 PmaxDv Pmax_Dev 00000001 INTL 20200717)
ACPI: SSDT 0x00000000670BF000 005D2C (v02 CpuRef CpuSsdt  00003000 INTL 20200717)
ACPI: SSDT 0x00000000670BC000 002AA1 (v02 SaSsdt SaSsdt   00003000 INTL 20200717)
ACPI: SSDT 0x00000000670B8000 0033D3 (v02 INTEL  IgfxSsdt 00003000 INTL 20200717)
ACPI: SSDT 0x00000000670AA000 00D487 (v02 INTEL  TcssSsdt 00001000 INTL 20200717)
ACPI: HPET 0x0000000067134000 000038 (v01 GBT    GBTUACPI 01072009 AMI  01000013)
ACPI: APIC 0x00000000670A9000 0001DC (v05 GBT    GBTUACPI 01072009 AMI  01000013)
ACPI: MCFG 0x00000000670A8000 00003C (v01 GBT    GBTUACPI 01072009 AMI  01000013)
ACPI: SSDT 0x00000000670A6000 001F1A (v02 GBT    Ther_Rvp 00001000 INTL 20200717)
ACPI: UEFI 0x000000006716D000 000048 (v01 GBT    GBTUACPI 01072009 AMI  01000013)
ACPI: NHLT 0x00000000670A5000 00002D (v00 GBT    GBTUACPI 01072009 AMI  01000013)
ACPI: LPIT 0x00000000670A4000 0000CC (v01 GBT    GBTUACPI 01072009 AMI  01000013)
ACPI: SSDT 0x00000000670A0000 002A83 (v02 GBT    PtidDevc 00001000 INTL 20200717)
ACPI: SSDT 0x000000006709D000 002357 (v02 GBT    TbtTypeC 00000000 INTL 20200717)
ACPI: DBGP 0x000000006709C000 000034 (v01 GBT    GBTUACPI 01072009 AMI  01000013)
ACPI: DBG2 0x000000006709B000 000054 (v00 GBT    GBTUACPI 01072009 AMI  01000013)
ACPI: SSDT 0x0000000067099000 001919 (v02 GBT    UsbCTabl 00001000 INTL 20200717)
ACPI: DMAR 0x0000000067098000 000088 (v02 INTEL  EDK2     00000002      01000013)
ACPI: FPDT 0x0000000067097000 000044 (v01 GBT    A M I    01072009 AMI  01000013)
ACPI: SSDT 0x0000000067096000 00086C (v02 INTEL  xh_adlLP 00000000 INTL 20200717)
ACPI: SSDT 0x0000000067092000 003AEA (v02 SocGpe SocGpe   00003000 INTL 20200717)
ACPI: SSDT 0x000000006708E000 0035A2 (v02 SocCmn SocCmn   00003000 INTL 20200717)
ACPI: SSDT 0x000000006708D000 000144 (v02 Intel  ADebTabl 00001000 INTL 20200717)
ACPI: TPM2 0x000000006708C000 00004C (v04 GBT    GBTUACPI 00000001 AMI  00000000)
ACPI: PHAT 0x000000006708B000 000591 (v01 GBT    GBTUACPI 00000005 MSFT 0100000D)
ACPI: WSMT 0x00000000670A3000 000028 (v01 GBT    GBTUACPI 01072009 AMI  00010013)
ACPI: Reserving FACP table memory at [mem 0x67131000-0x67131113]
ACPI: Reserving DSDT table memory at [mem 0x670c6000-0x67130e62]
ACPI: Reserving FACS table memory at [mem 0x6723b000-0x6723b03f]
ACPI: Reserving SSDT table memory at [mem 0x67132000-0x67133458]
ACPI: Reserving FIDT table memory at [mem 0x670c5000-0x670c509b]
ACPI: Reserving SSDT table memory at [mem 0x67135000-0x6713538b]
ACPI: Reserving SSDT table memory at [mem 0x670bf000-0x670c4d2b]
ACPI: Reserving SSDT table memory at [mem 0x670bc000-0x670beaa0]
ACPI: Reserving SSDT table memory at [mem 0x670b8000-0x670bb3d2]
ACPI: Reserving SSDT table memory at [mem 0x670aa000-0x670b7486]
ACPI: Reserving HPET table memory at [mem 0x67134000-0x67134037]
ACPI: Reserving APIC table memory at [mem 0x670a9000-0x670a91db]
ACPI: Reserving MCFG table memory at [mem 0x670a8000-0x670a803b]
ACPI: Reserving SSDT table memory at [mem 0x670a6000-0x670a7f19]
ACPI: Reserving UEFI table memory at [mem 0x6716d000-0x6716d047]
ACPI: Reserving NHLT table memory at [mem 0x670a5000-0x670a502c]
ACPI: Reserving LPIT table memory at [mem 0x670a4000-0x670a40cb]
ACPI: Reserving SSDT table memory at [mem 0x670a0000-0x670a2a82]
ACPI: Reserving SSDT table memory at [mem 0x6709d000-0x6709f356]
ACPI: Reserving DBGP table memory at [mem 0x6709c000-0x6709c033]
ACPI: Reserving DBG2 table memory at [mem 0x6709b000-0x6709b053]
ACPI: Reserving SSDT table memory at [mem 0x67099000-0x6709a918]
ACPI: Reserving DMAR table memory at [mem 0x67098000-0x67098087]
ACPI: Reserving FPDT table memory at [mem 0x67097000-0x67097043]
ACPI: Reserving SSDT table memory at [mem 0x67096000-0x6709686b]
ACPI: Reserving SSDT table memory at [mem 0x67092000-0x67095ae9]
ACPI: Reserving SSDT table memory at [mem 0x6708e000-0x670915a1]
ACPI: Reserving SSDT table memory at [mem 0x6708d000-0x6708d143]
ACPI: Reserving TPM2 table memory at [mem 0x6708c000-0x6708c04b]
ACPI: Reserving PHAT table memory at [mem 0x6708b000-0x6708b590]
ACPI: Reserving WSMT table memory at [mem 0x670a3000-0x670a3027]
No NUMA configuration found
Faking a node at [mem 0x0000000000000000-0x000000088b7fffff]
NODE_DATA(0) allocated [mem 0x88b7d5000-0x88b7fffff]
Zone ranges:
  DMA      [mem 0x0000000000001000-0x0000000000ffffff]
  DMA32    [mem 0x0000000001000000-0x00000000ffffffff]
  Normal   [mem 0x0000000100000000-0x000000088b7fffff]
  Device   empty
Movable zone start for each node
Early memory node ranges
  node   0: [mem 0x0000000000001000-0x000000000009dfff]
  node   0: [mem 0x000000000009f000-0x000000000009ffff]
  node   0: [mem 0x0000000000100000-0x0000000063f5efff]
  node   0: [mem 0x0000000067eff000-0x0000000067efffff]
  node   0: [mem 0x0000000100000000-0x000000088b7fffff]
Initmem setup node 0 [mem 0x0000000000001000-0x000000088b7fffff]
On node 0, zone DMA: 1 pages in unavailable ranges
On node 0, zone DMA: 1 pages in unavailable ranges
On node 0, zone DMA: 96 pages in unavailable ranges
On node 0, zone DMA32: 16288 pages in unavailable ranges
On node 0, zone Normal: 256 pages in unavailable ranges
On node 0, zone Normal: 18432 pages in unavailable ranges
tboot: non-0 tboot_addr but it is not of type E820_TYPE_RESERVED
Reserving Intel graphics memory at [mem 0x70800000-0x747fffff]
ACPI: PM-Timer IO Port: 0x1808
ACPI: LAPIC_NMI (acpi_id[0x01] high edge lint[0x1])
ACPI: LAPIC_NMI (acpi_id[0x02] high edge lint[0x1])
ACPI: LAPIC_NMI (acpi_id[0x03] high edge lint[0x1])
ACPI: LAPIC_NMI (acpi_id[0x04] high edge lint[0x1])
ACPI: LAPIC_NMI (acpi_id[0x05] high edge lint[0x1])
ACPI: LAPIC_NMI (acpi_id[0x06] high edge lint[0x1])
ACPI: LAPIC_NMI (acpi_id[0x07] high edge lint[0x1])
ACPI: LAPIC_NMI (acpi_id[0x08] high edge lint[0x1])
ACPI: LAPIC_NMI (acpi_id[0x09] high edge lint[0x1])
ACPI: LAPIC_NMI (acpi_id[0x0a] high edge lint[0x1])
ACPI: LAPIC_NMI (acpi_id[0x0b] high edge lint[0x1])
ACPI: LAPIC_NMI (acpi_id[0x0c] high edge lint[0x1])
ACPI: LAPIC_NMI (acpi_id[0x0d] high edge lint[0x1])
ACPI: LAPIC_NMI (acpi_id[0x0e] high edge lint[0x1])
ACPI: LAPIC_NMI (acpi_id[0x0f] high edge lint[0x1])
ACPI: LAPIC_NMI (acpi_id[0x10] high edge lint[0x1])
ACPI: LAPIC_NMI (acpi_id[0x11] high edge lint[0x1])
ACPI: LAPIC_NMI (acpi_id[0x12] high edge lint[0x1])
ACPI: LAPIC_NMI (acpi_id[0x13] high edge lint[0x1])
ACPI: LAPIC_NMI (acpi_id[0x14] high edge lint[0x1])
ACPI: LAPIC_NMI (acpi_id[0x15] high edge lint[0x1])
ACPI: LAPIC_NMI (acpi_id[0x16] high edge lint[0x1])
ACPI: LAPIC_NMI (acpi_id[0x17] high edge lint[0x1])
ACPI: LAPIC_NMI (acpi_id[0x00] high edge lint[0x1])
IOAPIC[0]: apic_id 2, version 32, address 0xfec00000, GSI 0-119
ACPI: INT_SRC_OVR (bus 0 bus_irq 0 global_irq 2 dfl dfl)
ACPI: INT_SRC_OVR (bus 0 bus_irq 9 global_irq 9 high level)
ACPI: Using ACPI (MADT) for SMP configuration information
ACPI: HPET id: 0x8086a201 base: 0xfed00000
TSC deadline timer available
CPU topo: Max. logical packages:   1
CPU topo: Max. logical dies:       1
CPU topo: Max. dies per package:   1
CPU topo: Max. threads per core:   2
CPU topo: Num. cores per package:    12
CPU topo: Num. threads per package:  16
CPU topo: Allowing 16 present CPUs plus 0 hotplug CPUs
PM: hibernation: Registered nosave memory: [mem 0x00000000-0x00000fff]
PM: hibernation: Registered nosave memory: [mem 0x0009e000-0x0009efff]
PM: hibernation: Registered nosave memory: [mem 0x000a0000-0x000fffff]
PM: hibernation: Registered nosave memory: [mem 0x59208000-0x59208fff]
PM: hibernation: Registered nosave memory: [mem 0x5923d000-0x5923dfff]
PM: hibernation: Registered nosave memory: [mem 0x5f101000-0x5f101fff]
PM: hibernation: Registered nosave memory: [mem 0x63f5f000-0x6705efff]
PM: hibernation: Registered nosave memory: [mem 0x6705f000-0x67135fff]
PM: hibernation: Registered nosave memory: [mem 0x67136000-0x6723cfff]
PM: hibernation: Registered nosave memory: [mem 0x6723d000-0x67efefff]
PM: hibernation: Registered nosave memory: [mem 0x67f00000-0x6dffffff]
PM: hibernation: Registered nosave memory: [mem 0x6e000000-0x6e3fffff]
PM: hibernation: Registered nosave memory: [mem 0x6e400000-0x6e5fffff]
PM: hibernation: Registered nosave memory: [mem 0x6e600000-0x6effffff]
PM: hibernation: Registered nosave memory: [mem 0x6f000000-0x747fffff]
PM: hibernation: Registered nosave memory: [mem 0x74800000-0xfdffffff]
PM: hibernation: Registered nosave memory: [mem 0xfe000000-0xfe010fff]
PM: hibernation: Registered nosave memory: [mem 0xfe011000-0xfebfffff]
PM: hibernation: Registered nosave memory: [mem 0xfec00000-0xfec00fff]
PM: hibernation: Registered nosave memory: [mem 0xfec01000-0xfecfffff]
PM: hibernation: Registered nosave memory: [mem 0xfed00000-0xfed00fff]
PM: hibernation: Registered nosave memory: [mem 0xfed01000-0xfed1ffff]
PM: hibernation: Registered nosave memory: [mem 0xfed20000-0xfed7ffff]
PM: hibernation: Registered nosave memory: [mem 0xfed80000-0xfedfffff]
PM: hibernation: Registered nosave memory: [mem 0xfee00000-0xfee00fff]
PM: hibernation: Registered nosave memory: [mem 0xfee01000-0xffffffff]
[mem 0x74800000-0xfdffffff] available for PCI devices
Booting paravirtualized kernel on bare hardware
clocksource: refined-jiffies: mask: 0xffffffff max_cycles: 0xffffffff, max_idle_ns: 1910969940391419 ns
setup_percpu: NR_CPUS:8192 nr_cpumask_bits:16 nr_cpu_ids:16 nr_node_ids:1
percpu: Embedded 87 pages/cpu s233472 r8192 d114688 u524288
pcpu-alloc: s233472 r8192 d114688 u524288 alloc=1*2097152
pcpu-alloc: [0] 00 01 02 03 [0] 04 05 06 07 
pcpu-alloc: [0] 08 09 10 11 [0] 12 13 14 15 
Kernel command line: BOOT_IMAGE=http://powerlab/pxelinux/node/adl0/fedora41/kernel initrd=http://powerlab/pxelinux/node/adl0/fedora41/initramfs.img root=UUID=f702f4c0-a1aa-49cf-9f6d-b7a88d579208 ro console=ttyUSB0,115200 msr.allow_writes=on
Unknown kernel command line parameters "BOOT_IMAGE=http://powerlab/pxelinux/node/adl0/fedora41/kernel", will be passed to user space.
Dentry cache hash table entries: 4194304 (order: 13, 33554432 bytes, linear)
Inode-cache hash table entries: 2097152 (order: 12, 16777216 bytes, linear)
Fallback order for Node 0: 0 
Built 1 zonelists, mobility grouping on.  Total pages: 8320766
Policy zone: Normal
mem auto-init: stack:all(zero), heap alloc:on, heap free:off
software IO TLB: area num 16.
SLUB: HWalign=64, Order=0-3, MinObjects=0, CPUs=16, Nodes=1
ftrace: allocating 56372 entries in 221 pages
ftrace: allocated 221 pages with 6 groups
Dynamic Preempt: voluntary
rcu: Preemptible hierarchical RCU implementation.
rcu: 	RCU restricting CPUs from NR_CPUS=8192 to nr_cpu_ids=16.
	Trampoline variant of Tasks RCU enabled.
	Rude variant of Tasks RCU enabled.
	Tracing variant of Tasks RCU enabled.
rcu: RCU calculated value of scheduler-enlistment delay is 100 jiffies.
rcu: Adjusting geometry for rcu_fanout_leaf=16, nr_cpu_ids=16
RCU Tasks: Setting shift to 4 and lim to 1 rcu_task_cb_adjust=1 rcu_task_cpu_ids=16.
RCU Tasks Rude: Setting shift to 4 and lim to 1 rcu_task_cb_adjust=1 rcu_task_cpu_ids=16.
RCU Tasks Trace: Setting shift to 4 and lim to 1 rcu_task_cb_adjust=1 rcu_task_cpu_ids=16.
NR_IRQS: 524544, nr_irqs: 2184, preallocated irqs: 16
rcu: srcu_init: Setting srcu_struct sizes based on contention.
kfence: initialized - using 2097152 bytes for 255 objects at 0x(____ptrval____)-0x(____ptrval____)
Console: colour dummy device 80x25
ACPI: Core revision 20240322
hpet: HPET dysfunctional in PC10. Force disabled.
APIC: Switch to symmetric I/O mode setup
DMAR: Host address width 39
DMAR: DRHD base: 0x000000fed90000 flags: 0x0
DMAR: dmar0: reg_base_addr fed90000 ver 4:0 cap 1c0000c40660462 ecap 29a00f0505e
DMAR: DRHD base: 0x000000fed91000 flags: 0x1
DMAR: dmar1: reg_base_addr fed91000 ver 5:0 cap d2008c40660462 ecap f050da
DMAR: RMRR base: 0x00000070000000 end: 0x000000747fffff
DMAR-IR: IOAPIC id 2 under DRHD base  0xfed91000 IOMMU 1
DMAR-IR: HPET id 0 under DRHD base 0xfed91000
DMAR-IR: Queued invalidation will be enabled to support x2apic and Intr-remapping.
DMAR-IR: Enabled IRQ remapping in x2apic mode
x2apic enabled
APIC: Switched APIC routing to: cluster x2apic
clocksource: tsc-early: mask: 0xffffffffffffffff max_cycles: 0x23fa772cf26, max_idle_ns: 440795269835 ns
Calibrating delay loop (skipped), value calculated using timer frequency.. 4992.00 BogoMIPS (lpj=2496000)
CPU0: Thermal monitoring enabled (TM1)
x86/cpu: User Mode Instruction Prevention (UMIP) activated
CET detected: Indirect Branch Tracking enabled
Last level iTLB entries: 4KB 0, 2MB 0, 4MB 0
Last level dTLB entries: 4KB 0, 2MB 0, 4MB 0, 1GB 0
process: using mwait in idle threads
Spectre V1 : Mitigation: usercopy/swapgs barriers and __user pointer sanitization
Spectre V2 : Mitigation: Enhanced / Automatic IBRS
Spectre V2 : Spectre v2 / SpectreRSB mitigation: Filling RSB on context switch
Spectre V2 : Spectre v2 / PBRSB-eIBRS: Retire a single CALL on VMEXIT
Spectre V2 : mitigation: Enabling conditional Indirect Branch Prediction Barrier
Speculative Store Bypass: Mitigation: Speculative Store Bypass disabled via prctl
Register File Data Sampling: Vulnerable: No microcode
x86/fpu: Supporting XSAVE feature 0x001: 'x87 floating point registers'
x86/fpu: Supporting XSAVE feature 0x002: 'SSE registers'
x86/fpu: Supporting XSAVE feature 0x004: 'AVX registers'
x86/fpu: Supporting XSAVE feature 0x200: 'Protection Keys User registers'
x86/fpu: Supporting XSAVE feature 0x800: 'Control-flow User registers'
x86/fpu: xstate_offset[2]:  576, xstate_sizes[2]:  256
x86/fpu: xstate_offset[9]:  832, xstate_sizes[9]:    8
x86/fpu: xstate_offset[11]:  840, xstate_sizes[11]:   16
x86/fpu: Enabled xstate features 0xa07, context size is 856 bytes, using 'compacted' format.
Freeing SMP alternatives memory: 48K
pid_max: default: 32768 minimum: 301
LSM: initializing lsm=lockdown,capability,yama,selinux,bpf,landlock,ima,evm
Yama: becoming mindful.
SELinux:  Initializing.
LSM support for eBPF active
landlock: Up and running.
Mount-cache hash table entries: 65536 (order: 7, 524288 bytes, linear)
Mountpoint-cache hash table entries: 65536 (order: 7, 524288 bytes, linear)
smpboot: CPU0: 12th Gen Intel(R) Core(TM) i7-1260P (family: 0x6, model: 0x9a, stepping: 0x3)
Performance Events: XSAVE Architectural LBR, PEBS fmt4+-baseline,  AnyThread deprecated, Alderlake Hybrid events, 32-deep LBR, full-width counters, Intel PMU driver.
core: cpu_core PMU driver: 
... version:                5
... bit width:              48
... generic registers:      8
... value mask:             0000ffffffffffff
... max period:             00007fffffffffff
... fixed-purpose events:   4
... event mask:             0001000f000000ff
signal: max sigframe size: 3632
Estimated ratio of average max frequency by base frequency (times 1024): 1556
rcu: Hierarchical SRCU implementation.
rcu: 	Max phase no-delay instances is 400.
Timer migration: 2 hierarchy levels; 8 children per group; 2 crossnode level
NMI watchdog: Enabled. Permanently consumes one hw-PMU counter.
smp: Bringing up secondary CPUs ...
smpboot: x86: Booting SMP configuration:
.... node  #0, CPUs:        #2  #4  #6  #8  #9 #10 #11 #12 #13 #14 #15
core: cpu_atom PMU driver: PEBS-via-PT 
... version:                5
... bit width:              48
... generic registers:      6
... value mask:             0000ffffffffffff
... max period:             00007fffffffffff
... fixed-purpose events:   3
... event mask:             000000070000003f
  #1  #3  #5  #7
smp: Brought up 1 node, 16 CPUs
smpboot: Total of 16 processors activated (79872.00 BogoMIPS)
Memory: 32515032K/33283064K available (20480K kernel code, 4340K rwdata, 16032K rodata, 4776K init, 5104K bss, 739516K reserved, 0K cma-reserved)
devtmpfs: initialized
x86/mm: Memory block size: 128MB
ACPI: PM: Registering ACPI NVS region [mem 0x67136000-0x6723cfff] (1077248 bytes)
clocksource: jiffies: mask: 0xffffffff max_cycles: 0xffffffff, max_idle_ns: 1911260446275000 ns
futex hash table entries: 4096 (order: 6, 262144 bytes, linear)
pinctrl core: initialized pinctrl subsystem
PM: RTC time: 12:13:23, date: 2025-01-21
NET: Registered PF_NETLINK/PF_ROUTE protocol family
DMA: preallocated 4096 KiB GFP_KERNEL pool for atomic allocations
DMA: preallocated 4096 KiB GFP_KERNEL|GFP_DMA pool for atomic allocations
DMA: preallocated 4096 KiB GFP_KERNEL|GFP_DMA32 pool for atomic allocations
audit: initializing netlink subsys (disabled)
audit: type=2000 audit(1737461603.013:1): state=initialized audit_enabled=0 res=1
thermal_sys: Registered thermal governor 'fair_share'
thermal_sys: Registered thermal governor 'bang_bang'
thermal_sys: Registered thermal governor 'step_wise'
thermal_sys: Registered thermal governor 'user_space'
cpuidle: using governor menu
ACPI FADT declares the system doesn't support PCIe ASPM, so disable it
acpiphp: ACPI Hot Plug PCI Controller Driver version: 0.5
PCI: ECAM [mem 0xc0000000-0xcfffffff] (base 0xc0000000) for domain 0000 [bus 00-ff]
PCI: Using configuration type 1 for base access
kprobes: kprobe jump-optimization is enabled. All kprobes are optimized if possible.
HugeTLB: registered 1.00 GiB page size, pre-allocated 0 pages
HugeTLB: 16380 KiB vmemmap can be freed for a 1.00 GiB page
HugeTLB: registered 2.00 MiB page size, pre-allocated 0 pages
HugeTLB: 28 KiB vmemmap can be freed for a 2.00 MiB page
cryptd: max_cpu_qlen set to 1000
raid6: skipped pq benchmark and selected avx2x4
raid6: using avx2x2 recovery algorithm
ACPI: Added _OSI(Module Device)
ACPI: Added _OSI(Processor Device)
ACPI: Added _OSI(3.0 _SCP Extensions)
ACPI: Added _OSI(Processor Aggregator Device)
ACPI BIOS Error (bug): Failure creating named object [\_SB.PC00.TXHC.RHUB.HS01._UPC], AE_ALREADY_EXISTS (20240322/dswload2-326)
ACPI Error: AE_ALREADY_EXISTS, During name lookup/catalog (20240322/psobject-220)
ACPI: Skipping parse of AML opcode: OpcodeName unavailable (0x0014)
ACPI BIOS Error (bug): Failure creating named object [\_SB.PC00.TXHC.RHUB.HS01._PLD], AE_ALREADY_EXISTS (20240322/dswload2-326)
ACPI Error: AE_ALREADY_EXISTS, During name lookup/catalog (20240322/psobject-220)
ACPI: Skipping parse of AML opcode: OpcodeName unavailable (0x0014)
ACPI: 15 ACPI AML tables successfully acquired and loaded
ACPI: USB4 _OSC: OS supports USB3+ DisplayPort+ PCIe+ XDomain+
ACPI: USB4 _OSC: OS controls USB3+ DisplayPort+ PCIe+ XDomain+
ACPI: Dynamic OEM Table Load:
ACPI: SSDT 0xFFFF8EE7025E3C00 000394 (v02 PmRef  Cpu0Cst  00003001 INTL 20200717)
ACPI: Dynamic OEM Table Load:
ACPI: SSDT 0xFFFF8EE7025F8000 0005E4 (v02 PmRef  Cpu0Ist  00003000 INTL 20200717)
ACPI: Dynamic OEM Table Load:
ACPI: SSDT 0xFFFF8EE702583200 0001AB (v02 PmRef  Cpu0Psd  00003000 INTL 20200717)
ACPI: Dynamic OEM Table Load:
ACPI: SSDT 0xFFFF8EE7025FA000 0004BA (v02 PmRef  Cpu0Hwp  00003000 INTL 20200717)
ACPI: Dynamic OEM Table Load:
ACPI: SSDT 0xFFFF8EE7016C8000 001BAF (v02 PmRef  ApIst    00003000 INTL 20200717)
ACPI: Dynamic OEM Table Load:
ACPI: SSDT 0xFFFF8EE7016CA000 001038 (v02 PmRef  ApHwp    00003000 INTL 20200717)
ACPI: Dynamic OEM Table Load:
ACPI: SSDT 0xFFFF8EE7016CE000 001349 (v02 PmRef  ApPsd    00003000 INTL 20200717)
ACPI: Dynamic OEM Table Load:
ACPI: SSDT 0xFFFF8EE7018E1000 000FBB (v02 PmRef  ApCst    00003000 INTL 20200717)
ACPI: Interpreter enabled
ACPI: PM: (supports S0 S3 S4 S5)
ACPI: Using IOAPIC for interrupt routing
PCI: Using host bridge windows from ACPI; if necessary, use "pci=nocrs" and report a bug
PCI: Ignoring E820 reservations for host bridge windows
ACPI: Enabled 8 GPEs in block 00 to 7F
ACPI: \_SB_.PC00.RP05.PXSX.WRST: New power resource
ACPI: \_SB_.PC00.RP05.PXSX.DRST: New power resource
ACPI: \_SB_.PC00.CNVW.WRST: New power resource
ACPI: \_SB_.PC00.TBT0: New power resource
ACPI: \_SB_.PC00.TBT1: New power resource
ACPI: \_SB_.PC00.D3C_: New power resource
ACPI: \_TZ_.FN00: New power resource
ACPI: \_TZ_.FN01: New power resource
ACPI: \_TZ_.FN02: New power resource
ACPI: \_TZ_.FN03: New power resource
ACPI: \_TZ_.FN04: New power resource
ACPI: \PIN_: New power resource
ACPI: PCI Root Bridge [PC00] (domain 0000 [bus 00-fe])
acpi PNP0A08:00: _OSC: OS supports [ExtendedConfig ASPM ClockPM Segments MSI EDR HPX-Type3]
acpi PNP0A08:00: _OSC: platform does not support [AER]
acpi PNP0A08:00: _OSC: OS now controls [PCIeHotplug SHPCHotplug PME PCIeCapability LTR DPC]
acpi PNP0A08:00: FADT indicates ASPM is unsupported, using BIOS configuration
PCI host bridge to bus 0000:00
pci_bus 0000:00: root bus resource [io  0x0000-0x0cf7 window]
pci_bus 0000:00: root bus resource [io  0x0d00-0xffff window]
pci_bus 0000:00: root bus resource [mem 0x000a0000-0x000bffff window]
pci_bus 0000:00: root bus resource [mem 0x000e0000-0x000fffff window]
pci_bus 0000:00: root bus resource [mem 0x74800000-0xbfffffff window]
pci_bus 0000:00: root bus resource [mem 0x4000000000-0x7fffffffff window]
pci_bus 0000:00: root bus resource [bus 00-fe]
pci 0000:00:00.0: [8086:4621] type 00 class 0x060000 conventional PCI endpoint
pci 0000:00:02.0: [8086:46a6] type 00 class 0x030000 PCIe Root Complex Integrated Endpoint
pci 0000:00:02.0: BAR 0 [mem 0x601c000000-0x601cffffff 64bit]
pci 0000:00:02.0: BAR 2 [mem 0x4000000000-0x400fffffff 64bit pref]
pci 0000:00:02.0: BAR 4 [io  0x3000-0x303f]
pci 0000:00:02.0: DMAR: Skip IOMMU disabling for graphics
pci 0000:00:02.0: Video device with shadowed ROM at [mem 0x000c0000-0x000dffff]
pci 0000:00:02.0: VF BAR 0 [mem 0x00000000-0x00ffffff 64bit]
pci 0000:00:02.0: VF BAR 0 [mem 0x00000000-0x06ffffff 64bit]: contains BAR 0 for 7 VFs
pci 0000:00:02.0: VF BAR 2 [mem 0x00000000-0x1fffffff 64bit pref]
pci 0000:00:02.0: VF BAR 2 [mem 0x00000000-0xdfffffff 64bit pref]: contains BAR 2 for 7 VFs
pci 0000:00:04.0: [8086:461d] type 00 class 0x118000 conventional PCI endpoint
pci 0000:00:04.0: BAR 0 [mem 0x601d140000-0x601d15ffff 64bit]
pci 0000:00:06.0: [8086:464d] type 01 class 0x060400 PCIe Root Port
pci 0000:00:06.0: PCI bridge to [bus 01]
pci 0000:00:06.0:   bridge window [mem 0x82600000-0x826fffff]
pci 0000:00:06.0: PME# supported from D0 D3hot D3cold
pci 0000:00:06.0: PTM enabled (root), 4ns granularity
pci 0000:00:07.0: [8086:466e] type 01 class 0x060400 PCIe Root Port
pci 0000:00:07.0: PCI bridge to [bus 02-2b]
pci 0000:00:07.0:   bridge window [mem 0x76000000-0x821fffff]
pci 0000:00:07.0:   bridge window [mem 0x6000000000-0x601bffffff 64bit pref]
pci 0000:00:07.0: Overriding RP PIO Log Size to 4
pci 0000:00:07.0: PME# supported from D0 D3hot D3cold
pci 0000:00:07.0: PTM enabled (root), 4ns granularity
pci 0000:00:0d.0: [8086:461e] type 00 class 0x0c0330 conventional PCI endpoint
pci 0000:00:0d.0: BAR 0 [mem 0x601d170000-0x601d17ffff 64bit]
pci 0000:00:0d.0: PME# supported from D3hot D3cold
pci 0000:00:0d.2: [8086:463e] type 00 class 0x0c0340 conventional PCI endpoint
pci 0000:00:0d.2: BAR 0 [mem 0x601d100000-0x601d13ffff 64bit]
pci 0000:00:0d.2: BAR 2 [mem 0x601d18b000-0x601d18bfff 64bit]
pci 0000:00:0d.2: supports D1 D2
pci 0000:00:0d.2: PME# supported from D0 D1 D2 D3hot D3cold
pci 0000:00:14.0: [8086:51ed] type 00 class 0x0c0330 conventional PCI endpoint
pci 0000:00:14.0: BAR 0 [mem 0x601d160000-0x601d16ffff 64bit]
pci 0000:00:14.0: PME# supported from D3hot D3cold
pci 0000:00:14.2: [8086:51ef] type 00 class 0x050000 conventional PCI endpoint
pci 0000:00:14.2: BAR 0 [mem 0x601d184000-0x601d187fff 64bit]
pci 0000:00:14.2: BAR 2 [mem 0x601d18a000-0x601d18afff 64bit]
pci 0000:00:16.0: [8086:51e0] type 00 class 0x078000 conventional PCI endpoint
pci 0000:00:16.0: BAR 0 [mem 0x601d189000-0x601d189fff 64bit]
pci 0000:00:16.0: PME# supported from D3hot
pci 0000:00:17.0: [8086:51d3] type 00 class 0x010601 conventional PCI endpoint
pci 0000:00:17.0: BAR 0 [mem 0x82700000-0x82701fff]
pci 0000:00:17.0: BAR 1 [mem 0x82703000-0x827030ff]
pci 0000:00:17.0: BAR 2 [io  0x3090-0x3097]
pci 0000:00:17.0: BAR 3 [io  0x3080-0x3083]
pci 0000:00:17.0: BAR 4 [io  0x3060-0x307f]
pci 0000:00:17.0: BAR 5 [mem 0x82702000-0x827027ff]
pci 0000:00:17.0: PME# supported from D3hot
pci 0000:00:1c.0: [8086:51bc] type 01 class 0x060400 PCIe Root Port
pci 0000:00:1c.0: PCI bridge to [bus 2c]
pci 0000:00:1c.0:   bridge window [mem 0x82500000-0x825fffff]
pci 0000:00:1c.0: PME# supported from D0 D3hot D3cold
pci 0000:00:1c.0: PTM enabled (root), 4ns granularity
pci 0000:00:1c.7: [8086:51bf] type 01 class 0x060400 PCIe Root Port
pci 0000:00:1c.7: PCI bridge to [bus 2d]
pci 0000:00:1c.7:   bridge window [mem 0x82200000-0x824fffff]
pci 0000:00:1c.7: PME# supported from D0 D3hot D3cold
pci 0000:00:1c.7: PTM enabled (root), 4ns granularity
pci 0000:00:1f.0: [8086:5182] type 00 class 0x060100 conventional PCI endpoint
pci 0000:00:1f.3: [8086:51c8] type 00 class 0x040300 conventional PCI endpoint
pci 0000:00:1f.3: BAR 0 [mem 0x601d180000-0x601d183fff 64bit]
pci 0000:00:1f.3: BAR 4 [mem 0x601d000000-0x601d0fffff 64bit]
pci 0000:00:1f.3: PME# supported from D3hot D3cold
pci 0000:00:1f.4: [8086:51a3] type 00 class 0x0c0500 conventional PCI endpoint
pci 0000:00:1f.4: BAR 0 [mem 0x601d188000-0x601d1880ff 64bit]
pci 0000:00:1f.4: BAR 4 [io  0xefa0-0xefbf]
pci 0000:00:1f.5: [8086:51a4] type 00 class 0x0c8000 conventional PCI endpoint
pci 0000:00:1f.5: BAR 0 [mem 0xfe010000-0xfe010fff]
pci 0000:01:00.0: [2646:5019] type 00 class 0x010802 PCIe Endpoint
pci 0000:01:00.0: BAR 0 [mem 0x82600000-0x82603fff 64bit]
pci 0000:00:06.0: PCI bridge to [bus 01]
pci 0000:00:07.0: PCI bridge to [bus 02-2b]
pci 0000:2c:00.0: [8086:2725] type 00 class 0x028000 PCIe Endpoint
pci 0000:2c:00.0: BAR 0 [mem 0x82500000-0x82503fff 64bit]
pci 0000:2c:00.0: PME# supported from D0 D3hot D3cold
pci 0000:00:1c.0: PCI bridge to [bus 2c]
pci 0000:2d:00.0: [8086:15f3] type 00 class 0x020000 PCIe Endpoint
pci 0000:2d:00.0: BAR 0 [mem 0x82300000-0x823fffff]
pci 0000:2d:00.0: BAR 3 [mem 0x82400000-0x82403fff]
pci 0000:2d:00.0: ROM [mem 0x82200000-0x822fffff pref]
pci 0000:2d:00.0: PME# supported from D0 D3hot D3cold
pci 0000:00:1c.7: PCI bridge to [bus 2d]
ACPI: PCI: Interrupt link LNKA configured for IRQ 0
ACPI: PCI: Interrupt link LNKB configured for IRQ 1
ACPI: PCI: Interrupt link LNKC configured for IRQ 0
ACPI: PCI: Interrupt link LNKD configured for IRQ 0
ACPI: PCI: Interrupt link LNKE configured for IRQ 0
ACPI: PCI: Interrupt link LNKF configured for IRQ 0
ACPI: PCI: Interrupt link LNKG configured for IRQ 0
ACPI: PCI: Interrupt link LNKH configured for IRQ 0
iommu: Default domain type: Translated
iommu: DMA domain TLB invalidation policy: lazy mode
SCSI subsystem initialized
libata version 3.00 loaded.
ACPI: bus type USB registered
usbcore: registered new interface driver usbfs
usbcore: registered new interface driver hub
usbcore: registered new device driver usb
pps_core: LinuxPPS API ver. 1 registered
pps_core: Software ver. 5.3.6 - Copyright 2005-2007 Rodolfo Giometti <giometti@linux.it>
PTP clock support registered
EDAC MC: Ver: 3.0.0
efivars: Registered efivars operations
NetLabel: Initializing
NetLabel:  domain hash size = 128
NetLabel:  protocols = UNLABELED CIPSOv4 CALIPSO
NetLabel:  unlabeled traffic allowed by default
mctp: management component transport protocol core
NET: Registered PF_MCTP protocol family
PCI: Using ACPI for IRQ routing
PCI: pci_cache_line_size set to 64 bytes
pci 0000:00:1f.5: BAR 0 [mem 0xfe010000-0xfe010fff]: can't claim; no compatible bridge window
e820: reserve RAM buffer [mem 0x0009e000-0x0009ffff]
e820: reserve RAM buffer [mem 0x59208018-0x5bffffff]
e820: reserve RAM buffer [mem 0x5f101000-0x5fffffff]
e820: reserve RAM buffer [mem 0x63f5f000-0x63ffffff]
e820: reserve RAM buffer [mem 0x67f00000-0x67ffffff]
e820: reserve RAM buffer [mem 0x88b800000-0x88bffffff]
pci 0000:00:02.0: vgaarb: setting as boot VGA device
pci 0000:00:02.0: vgaarb: bridge control possible
pci 0000:00:02.0: vgaarb: VGA device added: decodes=io+mem,owns=io+mem,locks=none
vgaarb: loaded
clocksource: Switched to clocksource tsc-early
VFS: Disk quotas dquot_6.6.0
VFS: Dquot-cache hash table entries: 512 (order 0, 4096 bytes)
pnp: PnP ACPI init
system 00:00: [io  0x0a00-0x0a0f] has been reserved
system 00:00: [io  0x0a10-0x0a2f] has been reserved
system 00:00: [io  0x0a30-0x0a4f] has been reserved
system 00:00: [io  0x0a50-0x0a6f] has been reserved
system 00:00: [io  0x0a70-0x0a7f] has been reserved
system 00:00: [io  0x0a80-0x0a8f] has been reserved
system 00:01: [io  0x0680-0x069f] has been reserved
system 00:01: [io  0x164e-0x164f] has been reserved
system 00:02: [io  0x1854-0x1857] has been reserved
pnp 00:03: disabling [mem 0xc0000000-0xcfffffff] because it overlaps 0000:00:02.0 BAR 9 [mem 0x00000000-0xdfffffff 64bit pref]
system 00:03: [mem 0xfedc0000-0xfedc7fff] has been reserved
system 00:03: [mem 0xfeda0000-0xfeda0fff] has been reserved
system 00:03: [mem 0xfeda1000-0xfeda1fff] has been reserved
system 00:03: [mem 0xfed20000-0xfed7ffff] could not be reserved
system 00:03: [mem 0xfed90000-0xfed93fff] could not be reserved
system 00:03: [mem 0xfed45000-0xfed8ffff] could not be reserved
system 00:03: [mem 0xfee00000-0xfeefffff] could not be reserved
system 00:04: [io  0x2000-0x20fe] has been reserved
pnp: PnP ACPI: found 6 devices
clocksource: acpi_pm: mask: 0xffffff max_cycles: 0xffffff, max_idle_ns: 2085701024 ns
NET: Registered PF_INET protocol family
IP idents hash table entries: 262144 (order: 9, 2097152 bytes, linear)
tcp_listen_portaddr_hash hash table entries: 16384 (order: 6, 262144 bytes, linear)
Table-perturb hash table entries: 65536 (order: 6, 262144 bytes, linear)
TCP established hash table entries: 262144 (order: 9, 2097152 bytes, linear)
TCP bind hash table entries: 65536 (order: 9, 2097152 bytes, linear)
TCP: Hash tables configured (established 262144 bind 65536)
MPTCP token hash table entries: 32768 (order: 7, 786432 bytes, linear)
UDP hash table entries: 16384 (order: 7, 524288 bytes, linear)
UDP-Lite hash table entries: 16384 (order: 7, 524288 bytes, linear)
NET: Registered PF_UNIX/PF_LOCAL protocol family
NET: Registered PF_XDP protocol family
pci 0000:00:07.0: bridge window [io  0x1000-0x0fff] to [bus 02-2b] add_size 1000
pci 0000:00:02.0: VF BAR 2 [mem 0x4020000000-0x40ffffffff 64bit pref]: assigned
pci 0000:00:02.0: VF BAR 0 [mem 0x4010000000-0x4016ffffff 64bit]: assigned
pci 0000:00:07.0: bridge window [io  0x4000-0x4fff]: assigned
pci 0000:00:1f.5: BAR 0 [mem 0x74800000-0x74800fff]: assigned
pci 0000:00:06.0: PCI bridge to [bus 01]
pci 0000:00:06.0:   bridge window [mem 0x82600000-0x826fffff]
pci 0000:00:07.0: PCI bridge to [bus 02-2b]
pci 0000:00:07.0:   bridge window [io  0x4000-0x4fff]
pci 0000:00:07.0:   bridge window [mem 0x76000000-0x821fffff]
pci 0000:00:07.0:   bridge window [mem 0x6000000000-0x601bffffff 64bit pref]
pci 0000:00:1c.0: PCI bridge to [bus 2c]
pci 0000:00:1c.0:   bridge window [mem 0x82500000-0x825fffff]
pci 0000:00:1c.7: PCI bridge to [bus 2d]
pci 0000:00:1c.7:   bridge window [mem 0x82200000-0x824fffff]
pci_bus 0000:00: resource 4 [io  0x0000-0x0cf7 window]
pci_bus 0000:00: resource 5 [io  0x0d00-0xffff window]
pci_bus 0000:00: resource 6 [mem 0x000a0000-0x000bffff window]
pci_bus 0000:00: resource 7 [mem 0x000e0000-0x000fffff window]
pci_bus 0000:00: resource 8 [mem 0x74800000-0xbfffffff window]
pci_bus 0000:00: resource 9 [mem 0x4000000000-0x7fffffffff window]
pci_bus 0000:01: resource 1 [mem 0x82600000-0x826fffff]
pci_bus 0000:02: resource 0 [io  0x4000-0x4fff]
pci_bus 0000:02: resource 1 [mem 0x76000000-0x821fffff]
pci_bus 0000:02: resource 2 [mem 0x6000000000-0x601bffffff 64bit pref]
pci_bus 0000:2c: resource 1 [mem 0x82500000-0x825fffff]
pci_bus 0000:2d: resource 1 [mem 0x82200000-0x824fffff]
PCI: CLS 64 bytes, default 64
DMAR: Intel-IOMMU force enabled due to platform opt in
DMAR: No ATSR found
DMAR: No SATC found
DMAR: IOMMU feature fl1gp_support inconsistent
DMAR: IOMMU feature pgsel_inv inconsistent
DMAR: IOMMU feature nwfs inconsistent
DMAR: IOMMU feature dit inconsistent
DMAR: IOMMU feature sc_support inconsistent
DMAR: IOMMU feature dev_iotlb_support inconsistent
DMAR: dmar0: Using Queued invalidation
DMAR: dmar1: Using Queued invalidation
Trying to unpack rootfs image as initramfs...
pci 0000:00:02.0: Adding to iommu group 0
pci 0000:00:00.0: Adding to iommu group 1
pci 0000:00:04.0: Adding to iommu group 2
pci 0000:00:06.0: Adding to iommu group 3
pci 0000:00:07.0: Adding to iommu group 4
pci 0000:00:0d.0: Adding to iommu group 5
pci 0000:00:0d.2: Adding to iommu group 5
pci 0000:00:14.0: Adding to iommu group 6
pci 0000:00:14.2: Adding to iommu group 6
pci 0000:00:16.0: Adding to iommu group 7
pci 0000:00:17.0: Adding to iommu group 8
pci 0000:00:1c.0: Adding to iommu group 9
pci 0000:00:1c.7: Adding to iommu group 10
pci 0000:00:1f.0: Adding to iommu group 11
pci 0000:00:1f.3: Adding to iommu group 11
pci 0000:00:1f.4: Adding to iommu group 11
pci 0000:00:1f.5: Adding to iommu group 11
pci 0000:01:00.0: Adding to iommu group 12
pci 0000:2c:00.0: Adding to iommu group 13
pci 0000:2d:00.0: Adding to iommu group 14
DMAR: Intel(R) Virtualization Technology for Directed I/O
PCI-DMA: Using software bounce buffering for IO (SWIOTLB)
software IO TLB: mapped [mem 0x000000004acd8000-0x000000004ecd8000] (64MB)
clocksource: tsc: mask: 0xffffffffffffffff max_cycles: 0x23fa772cf26, max_idle_ns: 440795269835 ns
clocksource: Switched to clocksource tsc
platform rtc_cmos: registered platform RTC device (no PNP device found)
Initialise system trusted keyrings
Key type blacklist registered
workingset: timestamp_bits=36 max_order=23 bucket_order=0
zbud: loaded
integrity: Platform Keyring initialized
integrity: Machine keyring initialized
NET: Registered PF_ALG protocol family
xor: automatically using best checksumming function   avx       
Key type asymmetric registered
Asymmetric key parser 'x509' registered
Freeing initrd memory: 35296K
Block layer SCSI generic (bsg) driver version 0.4 loaded (major 245)
io scheduler mq-deadline registered
io scheduler kyber registered
io scheduler bfq registered
atomic64_test: passed for x86-64 platform with CX8 and with SSE
pcieport 0000:00:06.0: PME: Signaling with IRQ 122
pcieport 0000:00:07.0: PME: Signaling with IRQ 123
pcieport 0000:00:07.0: pciehp: Slot #3 AttnBtn- PwrCtrl- MRL- AttnInd- PwrInd- HotPlug+ Surprise+ Interlock- NoCompl+ IbPresDis- LLActRep+
pcieport 0000:00:1c.0: PME: Signaling with IRQ 124
pcieport 0000:00:1c.7: PME: Signaling with IRQ 125
shpchp: Standard Hot Plug PCI Controller Driver version: 0.4
input: Sleep Button as /devices/LNXSYSTM:00/LNXSYBUS:00/PNP0C0E:00/input/input0
ACPI: button: Sleep Button [SLPB]
input: Power Button as /devices/LNXSYSTM:00/LNXSYBUS:00/PNP0C0C:00/input/input1
ACPI: button: Power Button [PWRB]
input: Power Button as /devices/LNXSYSTM:00/LNXPWRBN:00/input/input2
ACPI: button: Power Button [PWRF]
thermal LNXTHERM:00: registered as thermal_zone0
ACPI: thermal: Thermal Zone [TZ00] (28 C)
Serial: 8250/16550 driver, 32 ports, IRQ sharing enabled
serial8250: ttyS0 at I/O 0x3f8 (irq = 4, base_baud = 115200) is a 16550A
hpet_acpi_add: no address or irqs in _CRS
Non-volatile memory driver v1.3
Linux agpgart interface v0.103
ACPI: bus type drm_connector registered
ahci 0000:00:17.0: version 3.0
ahci 0000:00:17.0: AHCI vers 0001.0301, 32 command slots, 6 Gbps, SATA mode
ahci 0000:00:17.0: 2/2 ports implemented (port mask 0x3)
ahci 0000:00:17.0: flags: 64bit ncq sntf clo only pio slum part deso sadm sds 
scsi host0: ahci
scsi host1: ahci
ata1: SATA max UDMA/133 abar m2048@0x82702000 port 0x82702100 irq 126 lpm-pol 3
ata2: SATA max UDMA/133 abar m2048@0x82702000 port 0x82702180 irq 126 lpm-pol 3
xhci_hcd 0000:00:0d.0: xHCI Host Controller
xhci_hcd 0000:00:0d.0: new USB bus registered, assigned bus number 1
xhci_hcd 0000:00:0d.0: hcc params 0x20007fc1 hci version 0x120 quirks 0x0000000200009810
xhci_hcd 0000:00:0d.0: xHCI Host Controller
xhci_hcd 0000:00:0d.0: new USB bus registered, assigned bus number 2
xhci_hcd 0000:00:0d.0: Host supports USB 3.2 Enhanced SuperSpeed
usb usb1: New USB device found, idVendor=1d6b, idProduct=0002, bcdDevice= 6.11
usb usb1: New USB device strings: Mfr=3, Product=2, SerialNumber=1
usb usb1: Product: xHCI Host Controller
usb usb1: Manufacturer: Linux 6.11.4-301.fc41.x86_64 xhci-hcd
usb usb1: SerialNumber: 0000:00:0d.0
hub 1-0:1.0: USB hub found
hub 1-0:1.0: 1 port detected
usb usb2: New USB device found, idVendor=1d6b, idProduct=0003, bcdDevice= 6.11
usb usb2: New USB device strings: Mfr=3, Product=2, SerialNumber=1
usb usb2: Product: xHCI Host Controller
usb usb2: Manufacturer: Linux 6.11.4-301.fc41.x86_64 xhci-hcd
usb usb2: SerialNumber: 0000:00:0d.0
hub 2-0:1.0: USB hub found
hub 2-0:1.0: 1 port detected
xhci_hcd 0000:00:14.0: xHCI Host Controller
xhci_hcd 0000:00:14.0: new USB bus registered, assigned bus number 3
xhci_hcd 0000:00:14.0: hcc params 0x20007fc1 hci version 0x120 quirks 0x0000100200009810
xhci_hcd 0000:00:14.0: xHCI Host Controller
xhci_hcd 0000:00:14.0: new USB bus registered, assigned bus number 4
xhci_hcd 0000:00:14.0: Host supports USB 3.1 Enhanced SuperSpeed
usb usb3: New USB device found, idVendor=1d6b, idProduct=0002, bcdDevice= 6.11
usb usb3: New USB device strings: Mfr=3, Product=2, SerialNumber=1
usb usb3: Product: xHCI Host Controller
usb usb3: Manufacturer: Linux 6.11.4-301.fc41.x86_64 xhci-hcd
usb usb3: SerialNumber: 0000:00:14.0
hub 3-0:1.0: USB hub found
hub 3-0:1.0: 12 ports detected
usb usb4: New USB device found, idVendor=1d6b, idProduct=0003, bcdDevice= 6.11
usb usb4: New USB device strings: Mfr=3, Product=2, SerialNumber=1
usb usb4: Product: xHCI Host Controller
usb usb4: Manufacturer: Linux 6.11.4-301.fc41.x86_64 xhci-hcd
usb usb4: SerialNumber: 0000:00:14.0
hub 4-0:1.0: USB hub found
hub 4-0:1.0: 4 ports detected
usbcore: registered new interface driver usbserial_generic
usbserial: USB Serial support registered for generic
i8042: PNP: No PS/2 controller found.
mousedev: PS/2 mouse device common for all mice
rtc_cmos rtc_cmos: RTC can wake from S4
rtc_cmos rtc_cmos: registered as rtc0
rtc_cmos rtc_cmos: setting system clock to 2025-01-21T12:13:24 UTC (1737461604)
rtc_cmos rtc_cmos: alarms up to one month, y3k, 114 bytes nvram
device-mapper: core: CONFIG_IMA_DISABLE_HTABLE is disabled. Duplicate IMA measurements will not be recorded in the IMA log.
device-mapper: uevent: version 1.0.3
device-mapper: ioctl: 4.48.0-ioctl (2023-03-01) initialised: dm-devel@lists.linux.dev
intel_pstate: Intel P-state driver initializing
intel_pstate: HWP enabled
hid: raw HID events driver (C) Jiri Kosina
usbcore: registered new interface driver usbhid
usbhid: USB HID core driver
drop_monitor: Initializing network drop monitor service
Initializing XFRM netlink socket
NET: Registered PF_INET6 protocol family
Segment Routing with IPv6
RPL Segment Routing with IPv6
In-situ OAM (IOAM) with IPv6
mip6: Mobile IPv6
NET: Registered PF_PACKET protocol family
ENERGY_PERF_BIAS: Set to 'normal', was 'performance'
microcode: Current revision: 0x00000423
IPI shorthand broadcast: enabled
AES CTR mode by8 optimization enabled
sched_clock: Marking stable (859001011, 6418069)->(888122111, -22703031)
registered taskstats version 1
Loading compiled-in X.509 certificates
Loaded X.509 cert 'Fedora kernel signing key: e799dbf590b7c1bd2971a3affe1a4f27baa5c739'
Loaded X.509 cert 'Fedora IMA CA: a8a00c31663f853f9c6ff2564872e378af026b28'
Demotion targets for Node 0: null
page_owner is disabled
Key type .fscrypt registered
Key type fscrypt-provisioning registered
Btrfs loaded, zoned=yes, fsverity=yes
Key type big_key registered
Key type trusted registered
Key type encrypted registered
Loading compiled-in module X.509 certificates
Loaded X.509 cert 'Fedora kernel signing key: e799dbf590b7c1bd2971a3affe1a4f27baa5c739'
ima: Allocated hash algorithm: sha256
ima: No architecture policies found
evm: Initialising EVM extended attributes:
evm: security.selinux
evm: security.SMACK64 (disabled)
evm: security.SMACK64EXEC (disabled)
evm: security.SMACK64TRANSMUTE (disabled)
evm: security.SMACK64MMAP (disabled)
evm: security.apparmor (disabled)
evm: security.ima
evm: security.capability
evm: HMAC attrs: 0x1
alg: No test for 842 (842-scomp)
alg: No test for 842 (842-generic)
usb 3-4: new full-speed USB device number 2 using xhci_hcd
PM:   Magic number: 9:985:228
vc vcsu: hash matches
acpi device:75: hash matches
RAS: Correctable Errors collector initialized.
clk: Disabling unused clocks
PM: genpd: Disabling unused power domains
Warning: unable to open an initial console.
ata2: SATA link down (SStatus 4 SControl 300)
ata1: SATA link down (SStatus 4 SControl 300)
Freeing unused decrypted memory: 2028K
Freeing unused kernel image (initmem) memory: 4776K
Write protecting the kernel read-only data: 36864k
Freeing unused kernel image (rodata/data gap) memory: 352K
x86/mm: Checked W+X mappings: passed, no W+X pages found.
Run /init as init process
  with arguments:
    /init
  with environment:
    HOME=/
    TERM=linux
    BOOT_IMAGE=http://powerlab/pxelinux/node/adl0/fedora41/kernel
systemd[1]: Successfully made /usr/ read-only.
systemd[1]: systemd 256.7-1.fc41 running in system mode (+PAM +AUDIT +SELINUX -APPARMOR +IMA +SMACK +SECCOMP -GCRYPT +GNUTLS +OPENSSL +ACL +BLKID +CURL +ELFUTILS +FIDO2 +IDN2 -IDN -IPTC +KMOD +LIBCRYPTSETUP +LIBCRYPTSETUP_PLUGINS +LIBFDISK +PCRE2 +PWQUALITY +P11KIT +QRENCODE +TPM2 +BZIP2 +LZ4 +XZ +ZLIB +ZSTD +BPF_FRAMEWORK +XKBCOMMON +UTMP +SYSVINIT +LIBARCHIVE)
systemd[1]: Detected architecture x86-64.
systemd[1]: Running in initrd.
systemd[1]: No hostname configured, using default hostname.
systemd[1]: Hostname set to <fedora>.
usb 3-4: New USB device found, idVendor=0403, idProduct=6001, bcdDevice= 6.00
usb 3-4: New USB device strings: Mfr=1, Product=2, SerialNumber=3
usb 3-4: Product: FT232R USB UART
usb 3-4: Manufacturer: FTDI
usb 3-4: SerialNumber: AB0LUGYI
systemd[1]: Queued start job for default target initrd.target.
systemd[1]: Expecting device dev-disk-by\x2duuid-f702f4c0\x2da1aa\x2d49cf\x2d9f6d\x2db7a88d579208.device - /dev/disk/by-uuid/f702f4c0-a1aa-49cf-9f6d-b7a88d579208...
systemd[1]: Reached target initrd-usr-fs.target - Initrd /usr File System.
systemd[1]: Reached target slices.target - Slice Units.
systemd[1]: Reached target swap.target - Swaps.
systemd[1]: Reached target timers.target - Timer Units.
systemd[1]: Listening on systemd-journald-dev-log.socket - Journal Socket (/dev/log).
systemd[1]: Listening on systemd-journald.socket - Journal Sockets.
systemd[1]: Listening on systemd-udevd-control.socket - udev Control Socket.
systemd[1]: Listening on systemd-udevd-kernel.socket - udev Kernel Socket.
systemd[1]: Reached target sockets.target - Socket Units.
systemd[1]: Starting kmod-static-nodes.service - Create List of Static Device Nodes...
systemd[1]: memstrack.service - Memstrack Anylazing Service was skipped because no trigger condition checks were met.
systemd[1]: Starting systemd-journald.service - Journal Service...
systemd[1]: Starting systemd-modules-load.service - Load Kernel Modules...
systemd[1]: systemd-pcrphase-initrd.service - TPM PCR Barrier (initrd) was skipped because of an unmet condition check (ConditionSecurity=measured-uki).
systemd[1]: Starting systemd-vconsole-setup.service - Virtual Console Setup...
systemd[1]: Finished kmod-static-nodes.service - Create List of Static Device Nodes.
systemd[1]: Starting systemd-tmpfiles-setup-dev-early.service - Create Static Device Nodes in /dev gracefully...
systemd[1]: Finished systemd-modules-load.service - Load Kernel Modules.
systemd[1]: Starting systemd-sysctl.service - Apply Kernel Variables...
systemd-journald[360]: Collecting audit messages is disabled.
systemd[1]: Finished systemd-sysctl.service - Apply Kernel Variables.
systemd[1]: Finished systemd-tmpfiles-setup-dev-early.service - Create Static Device Nodes in /dev gracefully.
systemd[1]: Starting systemd-sysusers.service - Create System Users...
systemd[1]: Finished systemd-sysusers.service - Create System Users.
systemd[1]: Starting systemd-tmpfiles-setup-dev.service - Create Static Device Nodes in /dev...
systemd[1]: Started systemd-journald.service - Journal Service.
usb 3-10: new full-speed USB device number 3 using xhci_hcd
usb 3-10: New USB device found, idVendor=8087, idProduct=0032, bcdDevice= 0.00
usb 3-10: New USB device strings: Mfr=0, Product=0, SerialNumber=0
nvme 0000:01:00.0: platform quirk: setting simple suspend
nvme nvme0: pci function 0000:01:00.0
fbcon: Taking over console
nvme nvme0: allocated 64 MiB host memory buffer.
nvme nvme0: 16/0/0 default/read/poll queues
 nvme0n1: p1 p2 p3
i915 0000:00:02.0: [drm] Found ALDERLAKE_P (device ID 46a6) display version 13.00
i915 0000:00:02.0: [drm] VT-d active for gfx access
i915 0000:00:02.0: vgaarb: deactivate vga console
i915 0000:00:02.0: [drm] Using Transparent Hugepages
i915 0000:00:02.0: vgaarb: VGA decodes changed: olddecodes=io+mem,decodes=io+mem:owns=io+mem
i915 0000:00:02.0: [drm] Finished loading DMC firmware i915/adlp_dmc.bin (v2.20)
i915 0000:00:02.0: [drm] GT0: GuC firmware i915/adlp_guc_70.bin version 70.29.2
i915 0000:00:02.0: [drm] GT0: HuC firmware i915/tgl_huc.bin version 7.9.3
i915 0000:00:02.0: [drm] GT0: HuC: authenticated for all workloads
i915 0000:00:02.0: [drm] GT0: GUC: submission enabled
i915 0000:00:02.0: [drm] GT0: GUC: SLPC enabled
i915 0000:00:02.0: [drm] GT0: GUC: RC enabled
i915 0000:00:02.0: [drm] Protected Xe Path (PXP) protected content support initialized
[drm] Initialized i915 1.6.0 for 0000:00:02.0 on minor 0
ACPI: video: Video Device [GFX0] (multi-head: yes  rom: no  post: no)
input: Video Bus as /devices/LNXSYSTM:00/LNXSYBUS:00/PNP0A08:00/LNXVIDEO:00/input/input3
i915 0000:00:02.0: [drm] Cannot find any crtc or sizes
EXT4-fs (nvme0n1p3): orphan cleanup on readonly fs
EXT4-fs (nvme0n1p3): mounted filesystem f702f4c0-a1aa-49cf-9f6d-b7a88d579208 ro with ordered data mode. Quota mode: none.
i915 0000:00:02.0: [drm] Cannot find any crtc or sizes
i915 0000:00:02.0: [drm] Cannot find any crtc or sizes
systemd-journald[360]: Received SIGTERM from PID 1 (systemd).
SELinux: https://github.com/SELinuxProject/selinux-kernel/wiki/DEPRECATE-runtime-disable
SELinux: Runtime disable is not supported, use selinux=0 on the kernel cmdline.
systemd[1]: systemd 256.11-1.fc41 running in system mode (+PAM +AUDIT +SELINUX -APPARMOR +IMA +SMACK +SECCOMP -GCRYPT +GNUTLS +OPENSSL +ACL +BLKID +CURL +ELFUTILS +FIDO2 +IDN2 -IDN -IPTC +KMOD +LIBCRYPTSETUP +LIBCRYPTSETUP_PLUGINS +LIBFDISK +PCRE2 +PWQUALITY +P11KIT +QRENCODE +TPM2 +BZIP2 +LZ4 +XZ +ZLIB +ZSTD +BPF_FRAMEWORK +XKBCOMMON +UTMP +SYSVINIT +LIBARCHIVE)
systemd[1]: Detected architecture x86-64.
systemd[1]: bpf-restrict-fs: LSM BPF program attached
zram: Added device: zram0
systemd[1]: run-credentials-systemd\x2djournald.service.mount: Deactivated successfully.
systemd[1]: initrd-switch-root.service: Deactivated successfully.
systemd[1]: Stopped initrd-switch-root.service - Switch Root.
systemd[1]: systemd-journald.service: Scheduled restart job, restart counter is at 1.
systemd[1]: Created slice system-getty.slice - Slice /system/getty.
systemd[1]: Created slice system-sshd\x2dkeygen.slice - Slice /system/sshd-keygen.
systemd[1]: Created slice system-systemd\x2dfsck.slice - Slice /system/systemd-fsck.
systemd[1]: Created slice system-systemd\x2dzram\x2dsetup.slice - Slice /system/systemd-zram-setup.
systemd[1]: Created slice user.slice - User and Session Slice.
systemd[1]: systemd-ask-password-console.path - Dispatch Password Requests to Console Directory Watch was skipped because of an unmet condition check (ConditionPathExists=!/run/plymouth/pid).
systemd[1]: Started systemd-ask-password-wall.path - Forward Password Requests to Wall Directory Watch.
systemd[1]: Set up automount proc-sys-fs-binfmt_misc.automount - Arbitrary Executable File Formats File System Automount Point.
systemd[1]: Expecting device dev-disk-by\x2duuid-1f7825b8\x2d36e3\x2d4e8e\x2dbebe\x2db60da6fe9392.device - /dev/disk/by-uuid/1f7825b8-36e3-4e8e-bebe-b60da6fe9392...
systemd[1]: Expecting device dev-disk-by\x2duuid-37FB\x2dC3A2.device - /dev/disk/by-uuid/37FB-C3A2...
systemd[1]: Expecting device dev-zram0.device - /dev/zram0...
systemd[1]: Reached target cryptsetup.target - Local Encrypted Volumes.
systemd[1]: Stopped target initrd-switch-root.target - Switch Root.
systemd[1]: Stopped target initrd-fs.target - Initrd File Systems.
systemd[1]: Stopped target initrd-root-fs.target - Initrd Root File System.
systemd[1]: Reached target integritysetup.target - Local Integrity Protected Volumes.
systemd[1]: Reached target paths.target - Path Units.
systemd[1]: Reached target slices.target - Slice Units.
systemd[1]: Reached target veritysetup.target - Local Verity Protected Volumes.
systemd[1]: Listening on systemd-coredump.socket - Process Core Dump Socket.
systemd[1]: Listening on systemd-creds.socket - Credential Encryption/Decryption.
systemd[1]: Listening on systemd-initctl.socket - initctl Compatibility Named Pipe.
systemd[1]: Listening on systemd-journald-audit.socket - Journal Audit Socket.
systemd[1]: Listening on systemd-mountfsd.socket - DDI File System Mounter Socket.
systemd[1]: Listening on systemd-nsresourced.socket - Namespace Resource Manager Socket.
systemd[1]: Listening on systemd-oomd.socket - Userspace Out-Of-Memory (OOM) Killer Socket.
systemd[1]: systemd-pcrextend.socket - TPM PCR Measurements was skipped because of an unmet condition check (ConditionSecurity=measured-uki).
systemd[1]: systemd-pcrlock.socket - Make TPM PCR Policy was skipped because of an unmet condition check (ConditionSecurity=measured-uki).
systemd[1]: Listening on systemd-udevd-control.socket - udev Control Socket.
systemd[1]: Listening on systemd-udevd-kernel.socket - udev Kernel Socket.
systemd[1]: Listening on systemd-userdbd.socket - User Database Manager Socket.
systemd[1]: Mounting dev-hugepages.mount - Huge Pages File System...
systemd[1]: Mounting dev-mqueue.mount - POSIX Message Queue File System...
systemd[1]: Mounting sys-kernel-debug.mount - Kernel Debug File System...
systemd[1]: Mounting sys-kernel-tracing.mount - Kernel Trace File System...
systemd[1]: auth-rpcgss-module.service - Kernel Module supporting RPCSEC_GSS was skipped because of an unmet condition check (ConditionPathExists=/etc/krb5.keytab).
systemd[1]: Starting kmod-static-nodes.service - Create List of Static Device Nodes...
systemd[1]: Starting modprobe@configfs.service - Load Kernel Module configfs...
systemd[1]: Starting modprobe@dm_mod.service - Load Kernel Module dm_mod...
systemd[1]: Starting modprobe@drm.service - Load Kernel Module drm...
systemd[1]: Starting modprobe@efi_pstore.service - Load Kernel Module efi_pstore...
systemd[1]: Starting modprobe@fuse.service - Load Kernel Module fuse...
systemd[1]: Starting modprobe@loop.service - Load Kernel Module loop...
systemd[1]: plymouth-switch-root.service: Deactivated successfully.
systemd[1]: Stopped plymouth-switch-root.service - Plymouth switch root service.
systemd[1]: systemd-hibernate-clear.service - Clear Stale Hibernate Storage Info was skipped because of an unmet condition check (ConditionPathExists=/sys/firmware/efi/efivars/HibernateLocation-8cf2644b-4b0b-428f-9387-6d876050dc67).
systemd[1]: Starting systemd-journald.service - Journal Service...
systemd[1]: Starting systemd-modules-load.service - Load Kernel Modules...
systemd[1]: Starting systemd-network-generator.service - Generate network units from Kernel command line...
systemd[1]: systemd-pcrmachine.service - TPM PCR Machine ID Measurement was skipped because of an unmet condition check (ConditionSecurity=measured-uki).
systemd[1]: Starting systemd-remount-fs.service - Remount Root and Kernel File Systems...
systemd[1]: systemd-tpm2-setup-early.service - Early TPM SRK Setup was skipped because of an unmet condition check (ConditionSecurity=measured-uki).
loop: module loaded
systemd[1]: Starting systemd-udev-load-credentials.service - Load udev Rules from Credentials...
systemd[1]: Starting systemd-udev-trigger.service - Coldplug All udev Devices...
systemd[1]: Mounted dev-hugepages.mount - Huge Pages File System.
systemd[1]: Mounted dev-mqueue.mount - POSIX Message Queue File System.
systemd[1]: Mounted sys-kernel-debug.mount - Kernel Debug File System.
systemd[1]: Mounted sys-kernel-tracing.mount - Kernel Trace File System.
systemd[1]: Finished kmod-static-nodes.service - Create List of Static Device Nodes.
systemd[1]: modprobe@configfs.service: Deactivated successfully.
systemd[1]: Finished modprobe@configfs.service - Load Kernel Module configfs.
systemd[1]: modprobe@dm_mod.service: Deactivated successfully.
systemd[1]: Finished modprobe@dm_mod.service - Load Kernel Module dm_mod.
systemd[1]: modprobe@drm.service: Deactivated successfully.
systemd[1]: Finished modprobe@drm.service - Load Kernel Module drm.
systemd[1]: modprobe@efi_pstore.service: Deactivated successfully.
systemd[1]: Finished modprobe@efi_pstore.service - Load Kernel Module efi_pstore.
systemd[1]: modprobe@loop.service: Deactivated successfully.
systemd[1]: Finished modprobe@loop.service - Load Kernel Module loop.
systemd[1]: Finished systemd-modules-load.service - Load Kernel Modules.
systemd[1]: systemd-repart.service - Repartition Root Disk was skipped because no trigger condition checks were met.
systemd[1]: Starting systemd-sysctl.service - Apply Kernel Variables...
systemd[1]: Starting systemd-tmpfiles-setup-dev-early.service - Create Static Device Nodes in /dev gracefully...
systemd[1]: Finished systemd-network-generator.service - Generate network units from Kernel command line.
systemd[1]: Reached target network-pre.target - Preparation for Network.
fuse: init (API version 7.40)
systemd[1]: modprobe@fuse.service: Deactivated successfully.
systemd[1]: Finished modprobe@fuse.service - Load Kernel Module fuse.
systemd[1]: Mounting sys-fs-fuse-connections.mount - FUSE Control File System...
systemd-journald[643]: Collecting audit messages is enabled.
systemd[1]: Finished systemd-udev-load-credentials.service - Load udev Rules from Credentials.
audit: type=1130 audit(1737461606.480:2): pid=1 uid=0 auid=4294967295 ses=4294967295 subj=kernel msg='unit=systemd-udev-load-credentials comm="systemd" exe="/usr/lib/systemd/systemd" hostname=? addr=? terminal=? res=success'
systemd[1]: Started systemd-journald.service - Journal Service.
audit: type=1130 audit(1737461606.482:3): pid=1 uid=0 auid=4294967295 ses=4294967295 subj=kernel msg='unit=systemd-journald comm="systemd" exe="/usr/lib/systemd/systemd" hostname=? addr=? terminal=? res=success'
audit: type=1130 audit(1737461606.482:4): pid=1 uid=0 auid=4294967295 ses=4294967295 subj=kernel msg='unit=systemd-sysctl comm="systemd" exe="/usr/lib/systemd/systemd" hostname=? addr=? terminal=? res=success'
audit: type=1334 audit(1737461606.487:5): prog-id=32 op=LOAD
audit: type=1334 audit(1737461606.487:6): prog-id=33 op=LOAD
audit: type=1334 audit(1737461606.487:7): prog-id=34 op=LOAD
audit: type=1334 audit(1737461606.488:8): prog-id=35 op=LOAD
audit: type=1334 audit(1737461606.488:9): prog-id=36 op=LOAD
audit: type=1334 audit(1737461606.488:10): prog-id=37 op=LOAD
EXT4-fs (nvme0n1p3): re-mounted f702f4c0-a1aa-49cf-9f6d-b7a88d579208 r/w. Quota mode: none.
systemd-journald[643]: Received client request to flush runtime journal.
Consider using thermal netlink events interface
intel_pmc_core INT33A1:00:  initialized
resource: resource sanity check: requesting [mem 0x00000000fedc0000-0x00000000fedcffff], which spans more than pnp 00:03 [mem 0xfedc0000-0xfedc7fff]
caller igen6_probe+0x2f6/0x800 [igen6_edac] mapping multiple BARs
EDAC MC0: Giving out device to module igen6_edac controller Intel_client_SoC MC#0: DEV 0000:00:00.0 (INTERRUPT)
EDAC MC1: Giving out device to module igen6_edac controller Intel_client_SoC MC#1: DEV 0000:00:00.0 (INTERRUPT)
EDAC igen6 MC1: HANDLING IBECC MEMORY ERROR
EDAC igen6 MC1: ADDR 0x7fffffffe0 
EDAC igen6 MC0: HANDLING IBECC MEMORY ERROR
EDAC igen6 MC0: ADDR 0x7fffffffe0 
EDAC igen6: v2.5.1
i801_smbus 0000:00:1f.4: enabling device (0000 -> 0003)
i801_smbus 0000:00:1f.4: SPD Write Disable is set
i801_smbus 0000:00:1f.4: SMBus using PCI interrupt
usbcore: registered new interface driver ftdi_sio
input: PC Speaker as /devices/platform/pcspkr/input/input4
usbserial: USB Serial support registered for FTDI USB Serial Device
ftdi_sio 3-4:1.0: FTDI USB Serial Device converter detected
usb 3-4: Detected FT232R
usb 3-4: FTDI USB Serial Device converter now attached to ttyUSB0
printk: legacy console [ttyUSB0] enabled
i2c i2c-13: Successfully instantiated SPD at 0x50
Intel(R) 2.5G Ethernet Linux Driver
Copyright(c) 2018 Intel Corporation.
igc 0000:2d:00.0: PTM enabled, 4ns granularity
ACPI: bus type thunderbolt registered
mei_me 0000:00:16.0: enabling device (0000 -> 0002)
pps pps0: new PPS source ptp0
igc 0000:2d:00.0 (unnamed net_device) (uninitialized): PHC added
Bluetooth: Core ver 2.22
NET: Registered PF_BLUETOOTH protocol family
Bluetooth: HCI device and connection manager initialized
Bluetooth: HCI socket layer initialized
Bluetooth: L2CAP socket layer initialized
Bluetooth: SCO socket layer initialized
igc 0000:2d:00.0: 4.000 Gb/s available PCIe bandwidth (5.0 GT/s PCIe x1 link)
igc 0000:2d:00.0 eth0: MAC: d8:5e:d3:e6:4c:91
intel_rapl_msr: PL4 support detected.
iTCO_vendor_support: vendor-support=0
intel_rapl_common: Found RAPL domain package
intel_rapl_common: Found RAPL domain core
intel_rapl_common: Found RAPL domain uncore
proc_thermal_pci 0000:00:04.0: enabling device (0000 -> 0002)
cfg80211: Loading compiled-in X.509 certificates for regulatory database
Loaded X.509 cert 'sforshee: 00b28ddf47aef9cea7'
Loaded X.509 cert 'wens: 61c038651aabdcf94bd0ac7ff06c7248db18c600'
iTCO_wdt iTCO_wdt: Found a Intel PCH TCO device (Version=6, TCOBASE=0x0400)
iTCO_wdt iTCO_wdt: initialized. heartbeat=30 sec (nowayout=0)
platform regulatory.0: Direct firmware load for regulatory.db failed with error -2
cfg80211: failed to load regulatory.db
ee1004 13-0050: 512 byte EE1004-compliant SPD EEPROM, read-only
intel_rapl_common: Found RAPL domain package
RAPL PMU: API unit is 2^-32 Joules, 3 fixed counters, 655360 ms ovfl timer
RAPL PMU: hw unit of domain pp0-core 2^-14 Joules
RAPL PMU: hw unit of domain package 2^-14 Joules
RAPL PMU: hw unit of domain pp1-gpu 2^-14 Joules
Creating 1 MTD partitions on "0000:00:1f.5":
0x000000000000-0x000002000000 : "BIOS"
usbcore: registered new interface driver btusb
proc_thermal_pci 0000:00:04.0: error: proc_thermal_add, will continue
Bluetooth: hci0: Device revision is 0
Bluetooth: hci0: Secure boot is enabled
Bluetooth: hci0: OTP lock is enabled
Bluetooth: hci0: API lock is enabled
Bluetooth: hci0: Debug lock is disabled
Bluetooth: hci0: Minimum firmware build 1 week 10 2014
Bluetooth: hci0: Bootloader timestamp 2019.40 buildtype 1 build 38
Bluetooth: hci0: No support for _PRR ACPI method
Intel(R) Wireless WiFi driver for Linux
iwlwifi 0000:2c:00.0: enabling device (0000 -> 0002)
mei_hdcp 0000:00:16.0-b638ab7e-94e2-4ea2-a552-d1c54b627f04: bound 0000:00:02.0 (ops i915_hdcp_ops [i915])
mei_pxp 0000:00:16.0-fbf6fcf1-96cf-4e2e-a6a6-1bab8cbe36b1: bound 0000:00:02.0 (ops i915_pxp_tee_component_ops [i915])
igc 0000:2d:00.0 adl0net: renamed from eth0
iwlwifi 0000:2c:00.0: Detected crf-id 0x400410, cnv-id 0x400410 wfpm id 0x80000000
iwlwifi 0000:2c:00.0: PCI dev 2725/1674, rev=0x420, rfid=0x10d000
iwlwifi 0000:2c:00.0: Detected Killer(R) Wi-Fi 6E AX1675x 160MHz Wireless Network Adapter (210NGW)
iwlwifi 0000:2c:00.0: Direct firmware load for iwlwifi-ty-a0-gf-a0-89.ucode failed with error -2
iwlwifi 0000:2c:00.0: Direct firmware load for iwlwifi-ty-a0-gf-a0-88.ucode failed with error -2
iwlwifi 0000:2c:00.0: Direct firmware load for iwlwifi-ty-a0-gf-a0-87.ucode failed with error -2
iwlwifi 0000:2c:00.0: Direct firmware load for iwlwifi-ty-a0-gf-a0-86.ucode failed with error -2
iwlwifi 0000:2c:00.0: Direct firmware load for iwlwifi-ty-a0-gf-a0-85.ucode failed with error -2
iwlwifi 0000:2c:00.0: Direct firmware load for iwlwifi-ty-a0-gf-a0-84.ucode failed with error -2
iwlwifi 0000:2c:00.0: Direct firmware load for iwlwifi-ty-a0-gf-a0-83.ucode failed with error -2
iwlwifi 0000:2c:00.0: Direct firmware load for iwlwifi-ty-a0-gf-a0-82.ucode failed with error -2
iwlwifi 0000:2c:00.0: Direct firmware load for iwlwifi-ty-a0-gf-a0-81.ucode failed with error -2
iwlwifi 0000:2c:00.0: Direct firmware load for iwlwifi-ty-a0-gf-a0-80.ucode failed with error -2
iwlwifi 0000:2c:00.0: Direct firmware load for iwlwifi-ty-a0-gf-a0-79.ucode failed with error -2
iwlwifi 0000:2c:00.0: Direct firmware load for iwlwifi-ty-a0-gf-a0-78.ucode failed with error -2
iwlwifi 0000:2c:00.0: Direct firmware load for iwlwifi-ty-a0-gf-a0-77.ucode failed with error -2
iwlwifi 0000:2c:00.0: no suitable firmware found!
iwlwifi 0000:2c:00.0: minimum version required: iwlwifi-ty-a0-gf-a0-77
iwlwifi 0000:2c:00.0: maximum version supported: iwlwifi-ty-a0-gf-a0-89
iwlwifi 0000:2c:00.0: check git://git.kernel.org/pub/scm/linux/kernel/git/firmware/linux-firmware.git
Bluetooth: hci0: Found device firmware: intel/ibt-0041-0041.sfi
Bluetooth: hci0: Boot Address: 0x100800
Bluetooth: hci0: Firmware Version: 91-33.24
snd_hda_intel 0000:00:1f.3: enabling device (0000 -> 0002)
snd_hda_intel 0000:00:1f.3: bound 0000:00:02.0 (ops i915_audio_component_bind_ops [i915])
intel_tcc_cooling: TCC Offset locked
snd_hda_codec_realtek hdaudioC0D0: autoconfig for ALC897: line_outs=1 (0x1b/0x0/0x0/0x0/0x0) type:hp
snd_hda_codec_realtek hdaudioC0D0:    speaker_outs=0 (0x0/0x0/0x0/0x0/0x0)
snd_hda_codec_realtek hdaudioC0D0:    hp_outs=0 (0x0/0x0/0x0/0x0/0x0)
snd_hda_codec_realtek hdaudioC0D0:    mono: mono_out=0x0
snd_hda_codec_realtek hdaudioC0D0:    inputs:
input: HDA Intel PCH Headphone Mic as /devices/pci0000:00/0000:00:1f.3/sound/card0/input5
input: HDA Intel PCH HDMI/DP,pcm=3 as /devices/pci0000:00/0000:00:1f.3/sound/card0/input6
input: HDA Intel PCH HDMI/DP,pcm=7 as /devices/pci0000:00/0000:00:1f.3/sound/card0/input7
input: HDA Intel PCH HDMI/DP,pcm=8 as /devices/pci0000:00/0000:00:1f.3/sound/card0/input8
input: HDA Intel PCH HDMI/DP,pcm=9 as /devices/pci0000:00/0000:00:1f.3/sound/card0/input9
Adding 32767996k swap on /dev/nvme0n1p2.  Priority:-2 extents:1 across:32767996k SS
zram0: detected capacity change from 0 to 16777216
Adding 8388604k swap on /dev/zram0.  Priority:100 extents:1 across:8388604k SSDsc
RPC: Registered named UNIX socket transport module.
RPC: Registered udp transport module.
RPC: Registered tcp transport module.
RPC: Registered tcp-with-tls transport module.
RPC: Registered tcp NFSv4.1 backchannel transport module.
Bluetooth: BNEP (Ethernet Emulation) ver 1.3
Bluetooth: BNEP filters: protocol multicast
Bluetooth: BNEP socket layer initialized
Bluetooth: hci0: Waiting for firmware download to complete
Bluetooth: hci0: Firmware loaded in 1404384 usecs
Bluetooth: hci0: Waiting for device to boot
Bluetooth: hci0: Device booted in 25213 usecs
Bluetooth: hci0: Malformed MSFT vendor event: 0x02
Bluetooth: hci0: Found Intel DDC parameters: intel/ibt-0041-0041.ddc
Bluetooth: hci0: Applying Intel DDC parameters completed
Bluetooth: hci0: Firmware timestamp 2024.33 buildtype 1 build 81755
Bluetooth: hci0: Firmware SHA1: 0xd028ffe4
Bluetooth: hci0: Fseq status: Success (0x00)
Bluetooth: hci0: Fseq executed: 00.00.02.41
Bluetooth: hci0: Fseq BT Top: 00.00.02.41
Bluetooth: MGMT ver 1.23
igc 0000:2d:00.0 adl0net: NIC Link is Up 1000 Mbps Full Duplex, Flow Control: RX
IPMI message handler: version 39.2
ipmi device interface
ipmi_si: IPMI System Interface driver
ipmi_si: Unable to find any System Interface(s)
