Linux version 6.13.0-rc6-custom-00051-geea6e4b4dfb8 (jenkins@bld0) (gcc (GCC) 14.2.1 20240912 (Red Hat 14.2.1-3), GNU ld version 2.41-37.fc40) #1 SMP PREEMPT_DYNAMIC Sun Jan 12 18:44:06 EET 2025
Command line: BOOT_IMAGE=http://powerlab/pxelinux/node/snr0/custom-kernel/kernel initrd=http://powerlab/pxelinux/node/snr0/custom-kernel/initramfs.img root=UUID=023c6c96-4951-4b6e-99af-5f8c7b889956 ro console=ttyS0,115200 msr.allow_writes=on
x86/split lock detection: #AC: crashing the kernel on kernel split_locks and warning on user-space split_locks
BIOS-provided physical RAM map:
BIOS-e820: [mem 0x0000000000000000-0x000000000009dfff] usable
BIOS-e820: [mem 0x000000000009e000-0x000000000009efff] reserved
BIOS-e820: [mem 0x000000000009f000-0x000000000009ffff] usable
BIOS-e820: [mem 0x00000000000a0000-0x00000000000fffff] reserved
BIOS-e820: [mem 0x0000000000100000-0x000000006240afff] usable
BIOS-e820: [mem 0x000000006240b000-0x000000006241afff] reserved
BIOS-e820: [mem 0x000000006241b000-0x00000000672ddfff] usable
BIOS-e820: [mem 0x00000000672de000-0x0000000069072fff] reserved
BIOS-e820: [mem 0x0000000069073000-0x00000000691b7fff] ACPI data
BIOS-e820: [mem 0x00000000691b8000-0x000000006afe5fff] ACPI NVS
BIOS-e820: [mem 0x000000006afe6000-0x000000006cffefff] reserved
BIOS-e820: [mem 0x000000006cfff000-0x000000006f7fffff] usable
BIOS-e820: [mem 0x000000006f800000-0x000000008fffffff] reserved
BIOS-e820: [mem 0x00000000fed20000-0x00000000fed44fff] reserved
BIOS-e820: [mem 0x00000000ff000000-0x00000000ffffffff] reserved
BIOS-e820: [mem 0x0000000100000000-0x000000087fffffff] usable
NX (Execute Disable) protection: active
APIC: Static calls initialized
e820: update [mem 0x60be2018-0x60c2c457] usable ==> usable
e820: update [mem 0x60cbc018-0x60cdca57] usable ==> usable
e820: update [mem 0x5ef57018-0x5ef77a57] usable ==> usable
e820: update [mem 0x5ef36018-0x5ef56a57] usable ==> usable
e820: update [mem 0x5ef15018-0x5ef35a57] usable ==> usable
e820: update [mem 0x5eef4018-0x5ef14a57] usable ==> usable
e820: update [mem 0x5eed3018-0x5eef3a57] usable ==> usable
extended physical RAM map:
reserve setup_data: [mem 0x0000000000000000-0x000000000009dfff] usable
reserve setup_data: [mem 0x000000000009e000-0x000000000009efff] reserved
reserve setup_data: [mem 0x000000000009f000-0x000000000009ffff] usable
reserve setup_data: [mem 0x00000000000a0000-0x00000000000fffff] reserved
reserve setup_data: [mem 0x0000000000100000-0x000000005eed3017] usable
reserve setup_data: [mem 0x000000005eed3018-0x000000005eef3a57] usable
reserve setup_data: [mem 0x000000005eef3a58-0x000000005eef4017] usable
reserve setup_data: [mem 0x000000005eef4018-0x000000005ef14a57] usable
reserve setup_data: [mem 0x000000005ef14a58-0x000000005ef15017] usable
reserve setup_data: [mem 0x000000005ef15018-0x000000005ef35a57] usable
reserve setup_data: [mem 0x000000005ef35a58-0x000000005ef36017] usable
reserve setup_data: [mem 0x000000005ef36018-0x000000005ef56a57] usable
reserve setup_data: [mem 0x000000005ef56a58-0x000000005ef57017] usable
reserve setup_data: [mem 0x000000005ef57018-0x000000005ef77a57] usable
reserve setup_data: [mem 0x000000005ef77a58-0x0000000060be2017] usable
reserve setup_data: [mem 0x0000000060be2018-0x0000000060c2c457] usable
reserve setup_data: [mem 0x0000000060c2c458-0x0000000060cbc017] usable
reserve setup_data: [mem 0x0000000060cbc018-0x0000000060cdca57] usable
reserve setup_data: [mem 0x0000000060cdca58-0x000000006240afff] usable
reserve setup_data: [mem 0x000000006240b000-0x000000006241afff] reserved
reserve setup_data: [mem 0x000000006241b000-0x00000000672ddfff] usable
reserve setup_data: [mem 0x00000000672de000-0x0000000069072fff] reserved
reserve setup_data: [mem 0x0000000069073000-0x00000000691b7fff] ACPI data
reserve setup_data: [mem 0x00000000691b8000-0x000000006afe5fff] ACPI NVS
reserve setup_data: [mem 0x000000006afe6000-0x000000006cffefff] reserved
reserve setup_data: [mem 0x000000006cfff000-0x000000006f7fffff] usable
reserve setup_data: [mem 0x000000006f800000-0x000000008fffffff] reserved
reserve setup_data: [mem 0x00000000fed20000-0x00000000fed44fff] reserved
reserve setup_data: [mem 0x00000000ff000000-0x00000000ffffffff] reserved
reserve setup_data: [mem 0x0000000100000000-0x000000087fffffff] usable
efi: EFI v2.7 by American Megatrends
efi: ACPI=0x6afc5000 ACPI 2.0=0x6afc5014 SMBIOS=0x6cc5a000 SMBIOS 3.0=0x6cc59000 MEMATTR=0x62bc9018 ESRT=0x62bdd618 
efi: Remove mem71: MMIO range=[0x80000000-0x8fffffff] (256MB) from e820 map
e820: remove [mem 0x80000000-0x8fffffff] reserved
efi: Not removing mem72: MMIO range=[0xfed20000-0xfed44fff] (148KB) from e820 map
efi: Remove mem73: MMIO range=[0xff000000-0xffffffff] (16MB) from e820 map
e820: remove [mem 0xff000000-0xffffffff] reserved
SMBIOS 3.3.0 present.
DMI: Supermicro SYS-110A-24C-RN10SP/A3SSV-24C-SPLN10F, BIOS 1.0 09/08/2022
DMI: Memory slots populated: 1/4
tsc: Detected 2200.000 MHz processor
e820: update [mem 0x00000000-0x00000fff] usable ==> reserved
e820: remove [mem 0x000a0000-0x000fffff] usable
last_pfn = 0x880000 max_arch_pfn = 0x400000000
MTRR map: 5 entries (2 fixed + 3 variable; max 22), built from 10 variable MTRRs
x86/PAT: Configuration [0-7]: WB  WC  UC- UC  WB  WP  UC- WT  
e820: update [mem 0x7f000000-0xffffffff] usable ==> reserved
last_pfn = 0x6f800 max_arch_pfn = 0x400000000
esrt: Reserving ESRT space from 0x0000000062bdd618 to 0x0000000062bdd650.
e820: update [mem 0x62bdd000-0x62bddfff] usable ==> reserved
Using GB pages for direct mapping
Secure boot could not be determined
RAMDISK: [mem 0x516fa000-0x55e64fff]
ACPI: Early table checksum verification disabled
ACPI: RSDP 0x000000006AFC5014 000024 (v02 SUPERM)
ACPI: XSDT 0x000000006AFC4728 0000D4 (v01 SUPERM SMCI--MB 01072009 AMI  01000013)
ACPI: FACP 0x00000000691B5000 000114 (v06 SUPERM SMCI--MB 01072009 AMI  00010013)
ACPI: DSDT 0x000000006919B000 018BFC (v02 SUPERM SMCI--MB 01072009 INTL 20091013)
ACPI: FACS 0x000000006AFE4000 000040
ACPI: SPMI 0x00000000691B4000 000041 (v05 SUPERM SMCI--MB 00000000 AMI. 00000000)
ACPI: FIDT 0x000000006919A000 00009C (v01 SUPERM SMCI--MB 01072009 AMI  00010013)
ACPI: SSDT 0x00000000691B7000 000663 (v02 INTEL  ADDRXLAT 00000001 INTL 20190215)
ACPI: SSDT 0x00000000691B6000 00072C (v02 INTEL  RAS_ACPI 00000001 INTL 20190215)
ACPI: ERST 0x0000000069199000 000230 (v01 SUPERM SMCI--MB 00000001 INTL 00000001)
ACPI: BERT 0x0000000069198000 000030 (v01 SUPERM SMCI--MB 00000001 INTL 00000001)
ACPI: MCFG 0x0000000069197000 00003C (v01 SUPERM SMCI--MB 01072009 MSFT 00000097)
ACPI: BDAT 0x0000000069196000 000030 (v01 SUPERM SMCI--MB 00000000 INTL 20091013)
ACPI: HPET 0x0000000069195000 000038 (v01 SUPERM SMCI--MB 00000001 INTL 20091013)
ACPI: WDDT 0x0000000069194000 000040 (v01 SUPERM SMCI--MB 00000000 INTL 20091013)
ACPI: APIC 0x0000000069193000 00011E (v04 SUPERM SMCI--MB 00000000 INTL 20091013)
ACPI: SLIT 0x0000000069192000 00012C (v01 SUPERM SMCI--MB 00000001 AMI  01000013)
ACPI: SRAT 0x0000000069190000 001570 (v03 SUPERM SMCI--MB 00000002 AMI  01000013)
ACPI: OEM4 0x000000006912E000 061EE1 (v02 INTEL  CPU  CST 00003000 INTL 20190215)
ACPI: OEM1 0x00000000690E9000 044D89 (v02 INTEL  CPU EIST 00003000 INTL 20190215)
ACPI: SSDT 0x00000000690CB000 01D9A5 (v02 INTEL  SSDT  PM 00004000 INTL 20190215)
ACPI: SSDT 0x00000000690CA000 000942 (v02 SUPERM SMCI--MB 00000000 INTL 20091013)
ACPI: HEST 0x00000000690C9000 00013C (v01 SUPERM SMCI--MB 00000001 INTL 00000001)
ACPI: DMAR 0x00000000690C8000 0000F0 (v01 SUPERM SMCI--MB 00000001 INTL 20091013)
ACPI: SSDT 0x00000000690B6000 000BB4 (v01 SUPERM SMCCDN   00000000 INTL 20181221)
ACPI: WSMT 0x00000000690B5000 000028 (v01 SUPERM SMCI--MB 01072009 AMI  00010013)
ACPI: Reserving FACP table memory at [mem 0x691b5000-0x691b5113]
ACPI: Reserving DSDT table memory at [mem 0x6919b000-0x691b3bfb]
ACPI: Reserving FACS table memory at [mem 0x6afe4000-0x6afe403f]
ACPI: Reserving SPMI table memory at [mem 0x691b4000-0x691b4040]
ACPI: Reserving FIDT table memory at [mem 0x6919a000-0x6919a09b]
ACPI: Reserving SSDT table memory at [mem 0x691b7000-0x691b7662]
ACPI: Reserving SSDT table memory at [mem 0x691b6000-0x691b672b]
ACPI: Reserving ERST table memory at [mem 0x69199000-0x6919922f]
ACPI: Reserving BERT table memory at [mem 0x69198000-0x6919802f]
ACPI: Reserving MCFG table memory at [mem 0x69197000-0x6919703b]
ACPI: Reserving BDAT table memory at [mem 0x69196000-0x6919602f]
ACPI: Reserving HPET table memory at [mem 0x69195000-0x69195037]
ACPI: Reserving WDDT table memory at [mem 0x69194000-0x6919403f]
ACPI: Reserving APIC table memory at [mem 0x69193000-0x6919311d]
ACPI: Reserving SLIT table memory at [mem 0x69192000-0x6919212b]
ACPI: Reserving SRAT table memory at [mem 0x69190000-0x6919156f]
ACPI: Reserving OEM4 table memory at [mem 0x6912e000-0x6918fee0]
ACPI: Reserving OEM1 table memory at [mem 0x690e9000-0x6912dd88]
ACPI: Reserving SSDT table memory at [mem 0x690cb000-0x690e89a4]
ACPI: Reserving SSDT table memory at [mem 0x690ca000-0x690ca941]
ACPI: Reserving HEST table memory at [mem 0x690c9000-0x690c913b]
ACPI: Reserving DMAR table memory at [mem 0x690c8000-0x690c80ef]
ACPI: Reserving SSDT table memory at [mem 0x690b6000-0x690b6bb3]
ACPI: Reserving WSMT table memory at [mem 0x690b5000-0x690b5027]
ACPI: SRAT: Node 0 PXM 0 [mem 0x00000000-0x7fffffff]
ACPI: SRAT: Node 0 PXM 0 [mem 0x100000000-0x87fffffff]
NUMA: Initialized distance table, cnt=1
NUMA: Node 0 [mem 0x00001000-0x7fffffff] + [mem 0x100000000-0x87fffffff] -> [mem 0x00001000-0x87fffffff]
NODE_DATA(0) allocated [mem 0x87ffd4a00-0x87fffefff]
Zone ranges:
  DMA      [mem 0x0000000000001000-0x0000000000ffffff]
  DMA32    [mem 0x0000000001000000-0x00000000ffffffff]
  Normal   [mem 0x0000000100000000-0x000000087fffffff]
  Device   empty
Movable zone start for each node
Early memory node ranges
  node   0: [mem 0x0000000000001000-0x000000000009dfff]
  node   0: [mem 0x000000000009f000-0x000000000009ffff]
  node   0: [mem 0x0000000000100000-0x000000006240afff]
  node   0: [mem 0x000000006241b000-0x00000000672ddfff]
  node   0: [mem 0x000000006cfff000-0x000000006f7fffff]
  node   0: [mem 0x0000000100000000-0x000000087fffffff]
Initmem setup node 0 [mem 0x0000000000001000-0x000000087fffffff]
On node 0, zone DMA: 1 pages in unavailable ranges
On node 0, zone DMA: 1 pages in unavailable ranges
On node 0, zone DMA: 96 pages in unavailable ranges
On node 0, zone DMA32: 16 pages in unavailable ranges
On node 0, zone DMA32: 23841 pages in unavailable ranges
On node 0, zone Normal: 2048 pages in unavailable ranges
tboot: non-0 tboot_addr but it is not of type E820_TYPE_RESERVED
ACPI: PM-Timer IO Port: 0x508
ACPI: X2APIC_NMI (uid[0xffffffff] high edge lint[0x1])
ACPI: LAPIC_NMI (acpi_id[0xff] high edge lint[0x1])
IOAPIC[0]: apic_id 8, version 32, address 0xfec00000, GSI 0-23
ACPI: INT_SRC_OVR (bus 0 bus_irq 0 global_irq 2 dfl dfl)
ACPI: INT_SRC_OVR (bus 0 bus_irq 9 global_irq 9 high level)
ACPI: Using ACPI (MADT) for SMP configuration information
ACPI: HPET id: 0x8086a701 base: 0xfed00000
TSC deadline timer available
CPU topo: Max. logical packages:   1
CPU topo: Max. logical dies:       1
CPU topo: Max. dies per package:   1
CPU topo: Max. threads per core:   1
CPU topo: Num. cores per package:    24
CPU topo: Num. threads per package:  24
CPU topo: Allowing 24 present CPUs plus 0 hotplug CPUs
PM: hibernation: Registered nosave memory: [mem 0x00000000-0x00000fff]
PM: hibernation: Registered nosave memory: [mem 0x0009e000-0x0009efff]
PM: hibernation: Registered nosave memory: [mem 0x000a0000-0x000fffff]
PM: hibernation: Registered nosave memory: [mem 0x5eed3000-0x5eed3fff]
PM: hibernation: Registered nosave memory: [mem 0x5eef3000-0x5eef3fff]
PM: hibernation: Registered nosave memory: [mem 0x5eef4000-0x5eef4fff]
PM: hibernation: Registered nosave memory: [mem 0x5ef14000-0x5ef14fff]
PM: hibernation: Registered nosave memory: [mem 0x5ef15000-0x5ef15fff]
PM: hibernation: Registered nosave memory: [mem 0x5ef35000-0x5ef35fff]
PM: hibernation: Registered nosave memory: [mem 0x5ef36000-0x5ef36fff]
PM: hibernation: Registered nosave memory: [mem 0x5ef56000-0x5ef56fff]
PM: hibernation: Registered nosave memory: [mem 0x5ef57000-0x5ef57fff]
PM: hibernation: Registered nosave memory: [mem 0x5ef77000-0x5ef77fff]
PM: hibernation: Registered nosave memory: [mem 0x60be2000-0x60be2fff]
PM: hibernation: Registered nosave memory: [mem 0x60c2c000-0x60c2cfff]
PM: hibernation: Registered nosave memory: [mem 0x60cbc000-0x60cbcfff]
PM: hibernation: Registered nosave memory: [mem 0x60cdc000-0x60cdcfff]
PM: hibernation: Registered nosave memory: [mem 0x6240b000-0x6241afff]
PM: hibernation: Registered nosave memory: [mem 0x62bdd000-0x62bddfff]
PM: hibernation: Registered nosave memory: [mem 0x672de000-0x69072fff]
PM: hibernation: Registered nosave memory: [mem 0x69073000-0x691b7fff]
PM: hibernation: Registered nosave memory: [mem 0x691b8000-0x6afe5fff]
PM: hibernation: Registered nosave memory: [mem 0x6afe6000-0x6cffefff]
PM: hibernation: Registered nosave memory: [mem 0x6f800000-0x7fffffff]
PM: hibernation: Registered nosave memory: [mem 0x80000000-0xfed1ffff]
PM: hibernation: Registered nosave memory: [mem 0xfed20000-0xfed44fff]
PM: hibernation: Registered nosave memory: [mem 0xfed45000-0xffffffff]
[mem 0x80000000-0xfed1ffff] available for PCI devices
Booting paravirtualized kernel on bare hardware
clocksource: refined-jiffies: mask: 0xffffffff max_cycles: 0xffffffff, max_idle_ns: 1910969940391419 ns
setup_percpu: NR_CPUS:8192 nr_cpumask_bits:24 nr_cpu_ids:24 nr_node_ids:1
percpu: Embedded 59 pages/cpu s203928 r8192 d29544 u262144
pcpu-alloc: s203928 r8192 d29544 u262144 alloc=1*2097152
pcpu-alloc: [0] 00 01 02 03 04 05 06 07 [0] 08 09 10 11 12 13 14 15 
pcpu-alloc: [0] 16 17 18 19 20 21 22 23 
Kernel command line: BOOT_IMAGE=http://powerlab/pxelinux/node/snr0/custom-kernel/kernel initrd=http://powerlab/pxelinux/node/snr0/custom-kernel/initramfs.img root=UUID=023c6c96-4951-4b6e-99af-5f8c7b889956 ro console=ttyS0,115200 msr.allow_writes=on
Unknown kernel command line parameters "BOOT_IMAGE=http://powerlab/pxelinux/node/snr0/custom-kernel/kernel", will be passed to user space.
random: crng init done
printk: log buffer data + meta data: 262144 + 917504 = 1179648 bytes
Dentry cache hash table entries: 4194304 (order: 13, 33554432 bytes, linear)
Inode-cache hash table entries: 2097152 (order: 12, 16777216 bytes, linear)
Fallback order for Node 0: 0 
Built 1 zonelists, mobility grouping on.  Total pages: 8297069
Policy zone: Normal
mem auto-init: stack:all(zero), heap alloc:off, heap free:off
software IO TLB: area num 32.
SLUB: HWalign=64, Order=0-3, MinObjects=0, CPUs=24, Nodes=1
ftrace: allocating 44652 entries in 175 pages
ftrace: allocated 175 pages with 6 groups
Dynamic Preempt: voluntary
rcu: Preemptible hierarchical RCU implementation.
rcu: 	RCU event tracing is enabled.
rcu: 	RCU restricting CPUs from NR_CPUS=8192 to nr_cpu_ids=24.
	Trampoline variant of Tasks RCU enabled.
	Rude variant of Tasks RCU enabled.
	Tracing variant of Tasks RCU enabled.
rcu: RCU calculated value of scheduler-enlistment delay is 100 jiffies.
rcu: Adjusting geometry for rcu_fanout_leaf=16, nr_cpu_ids=24
RCU Tasks: Setting shift to 5 and lim to 1 rcu_task_cb_adjust=1 rcu_task_cpu_ids=24.
RCU Tasks Rude: Setting shift to 5 and lim to 1 rcu_task_cb_adjust=1 rcu_task_cpu_ids=24.
RCU Tasks Trace: Setting shift to 5 and lim to 1 rcu_task_cb_adjust=1 rcu_task_cpu_ids=24.
NR_IRQS: 524544, nr_irqs: 616, preallocated irqs: 16
rcu: srcu_init: Setting srcu_struct sizes based on contention.
Console: colour dummy device 80x25
printk: legacy console [ttyS0] enabled
ACPI: Core revision 20240827
clocksource: hpet: mask: 0xffffffff max_cycles: 0xffffffff, max_idle_ns: 79635855245 ns
APIC: Switch to symmetric I/O mode setup
DMAR: Host address width 42
DMAR: DRHD base: 0x000000bb7fc000 flags: 0x0
DMAR: dmar0: reg_base_addr bb7fc000 ver 4:0 cap 8e4008c406f0c66 ecap 60000f050df
DMAR: DRHD base: 0x000000d0ffc000 flags: 0x0
DMAR: dmar1: reg_base_addr d0ffc000 ver 4:0 cap 8e4008c406f0c66 ecap 60000f050df
DMAR: DRHD base: 0x000000e67fc000 flags: 0x0
DMAR: dmar2: reg_base_addr e67fc000 ver 4:0 cap 8e4008c406f0c66 ecap 60000f050df
DMAR: DRHD base: 0x000000fb7fc000 flags: 0x0
DMAR: dmar3: reg_base_addr fb7fc000 ver 4:0 cap 8e4008c406f0c66 ecap 60000f050df
DMAR: DRHD base: 0x000000a5ff6000 flags: 0x1
DMAR: dmar4: reg_base_addr a5ff6000 ver 4:0 cap 8e4008c406f0c66 ecap 60000f050df
DMAR: RMRR base: 0x00000068038000 end: 0x0000006803afff
DMAR: ATSR flags: 0x0
DMAR-IR: IOAPIC id 8 under DRHD base  0xa5ff6000 IOMMU 4
DMAR-IR: HPET id 0 under DRHD base 0xa5ff6000
DMAR-IR: Queued invalidation will be enabled to support x2apic and Intr-remapping.
DMAR-IR: Enabled IRQ remapping in x2apic mode
x2apic enabled
APIC: Switched APIC routing to: cluster x2apic
..TIMER: vector=0x30 apic1=0 pin1=2 apic2=-1 pin2=-1
clocksource: tsc-early: mask: 0xffffffffffffffff max_cycles: 0x1fb633008a4, max_idle_ns: 440795292230 ns
Calibrating delay loop (skipped), value calculated using timer frequency.. 4400.00 BogoMIPS (lpj=2200000)
CPU0: Thermal monitoring enabled (TM1)
x86/cpu: User Mode Instruction Prevention (UMIP) activated
Last level iTLB entries: 4KB 0, 2MB 0, 4MB 0
Last level dTLB entries: 4KB 0, 2MB 0, 4MB 0, 1GB 0
process: using mwait in idle threads
Spectre V1 : Mitigation: usercopy/swapgs barriers and __user pointer sanitization
Spectre V2 : Spectre BHI mitigation: SW BHB clearing on syscall and VM exit
Spectre V2 : Mitigation: Enhanced / Automatic IBRS
Spectre V2 : Spectre v2 / SpectreRSB mitigation: Filling RSB on context switch
Spectre V2 : mitigation: Enabling conditional Indirect Branch Prediction Barrier
Speculative Store Bypass: Mitigation: Speculative Store Bypass disabled via prctl
MMIO Stale Data: Mitigation: Clear CPU buffers
Register File Data Sampling: Vulnerable: No microcode
x86/fpu: Supporting XSAVE feature 0x001: 'x87 floating point registers'
x86/fpu: Supporting XSAVE feature 0x002: 'SSE registers'
x86/fpu: Enabled xstate features 0x3, context size is 576 bytes, using 'compacted' format.
Freeing SMP alternatives memory: 40K
pid_max: default: 32768 minimum: 301
LSM: initializing lsm=capability,selinux
SELinux:  Initializing.
Mount-cache hash table entries: 65536 (order: 7, 524288 bytes, linear)
Mountpoint-cache hash table entries: 65536 (order: 7, 524288 bytes, linear)
smpboot: CPU0: Intel Atom(R) P5362 processor (family: 0x6, model: 0x86, stepping: 0x7)
Performance Events: PEBS fmt4+-baseline, PEBS-via-PT,  AnyThread deprecated, Tremont events, 32-deep LBR, full-width counters, Intel PMU driver.
... version:                5
... bit width:              48
... generic registers:      4
... value mask:             0000ffffffffffff
... max period:             00007fffffffffff
... fixed-purpose events:   3
... event mask:             000000070000000f
signal: max sigframe size: 1520
Estimated ratio of average max frequency by base frequency (times 1024): 1024
rcu: Hierarchical SRCU implementation.
rcu: 	Max phase no-delay instances is 400.
Timer migration: 2 hierarchy levels; 8 children per group; 2 crossnode level
smp: Bringing up secondary CPUs ...
smpboot: x86: Booting SMP configuration:
.... node  #0, CPUs:        #1  #2  #3  #4  #5  #6  #7  #8  #9 #10 #11 #12 #13 #14 #15 #16 #17 #18 #19 #20 #21 #22 #23
smp: Brought up 1 node, 24 CPUs
smpboot: Total of 24 processors activated (105600.00 BogoMIPS)
Memory: 32396736K/33188276K available (16384K kernel code, 3105K rwdata, 11032K rodata, 3768K init, 2748K bss, 759644K reserved, 0K cma-reserved)
devtmpfs: initialized
x86/mm: Memory block size: 128MB
ACPI: PM: Registering ACPI NVS region [mem 0x691b8000-0x6afe5fff] (31645696 bytes)
clocksource: jiffies: mask: 0xffffffff max_cycles: 0xffffffff, max_idle_ns: 1911260446275000 ns
futex hash table entries: 8192 (order: 7, 524288 bytes, linear)
pinctrl core: initialized pinctrl subsystem
PM: RTC time: 12:16:52, date: 2025-01-21
NET: Registered PF_NETLINK/PF_ROUTE protocol family
audit: initializing netlink subsys (disabled)
audit: type=2000 audit(1737461810.152:1): state=initialized audit_enabled=0 res=1
thermal_sys: Registered thermal governor 'fair_share'
thermal_sys: Registered thermal governor 'bang_bang'
thermal_sys: Registered thermal governor 'step_wise'
thermal_sys: Registered thermal governor 'user_space'
cpuidle: using governor ladder
cpuidle: using governor menu
acpiphp: ACPI Hot Plug PCI Controller Driver version: 0.5
PCI: ECAM [mem 0x80000000-0x8fffffff] (base 0x80000000) for domain 0000 [bus 00-ff]
PCI: Using configuration type 1 for base access
kprobes: kprobe jump-optimization is enabled. All kprobes are optimized if possible.
HugeTLB: registered 1.00 GiB page size, pre-allocated 0 pages
HugeTLB: 16380 KiB vmemmap can be freed for a 1.00 GiB page
HugeTLB: registered 2.00 MiB page size, pre-allocated 0 pages
HugeTLB: 28 KiB vmemmap can be freed for a 2.00 MiB page
cryptd: max_cpu_qlen set to 1000
ACPI: Added _OSI(Module Device)
ACPI: Added _OSI(Processor Device)
ACPI: Added _OSI(3.0 _SCP Extensions)
ACPI: Added _OSI(Processor Aggregator Device)
ACPI: 6 ACPI AML tables successfully acquired and loaded
ACPI: Dynamic OEM Table Load:
ACPI: Dynamic OEM Table Load:
ACPI: Interpreter enabled
ACPI: PM: (supports S0 S5)
ACPI: Using IOAPIC for interrupt routing
HEST: Table parsing has been initialized.
GHES: APEI firmware first mode is enabled by APEI bit and WHEA _OSC.
PCI: Using host bridge windows from ACPI; if necessary, use "pci=nocrs" and report a bug
PCI: Using E820 reservations for host bridge windows
ACPI: Enabled 2 GPEs in block 00 to 7F
ACPI: PCI Root Bridge [PC00] (domain 0000 [bus 00-13])
acpi PNP0A08:00: _OSC: OS supports [ExtendedConfig ASPM ClockPM Segments MSI HPX-Type3]
acpi PNP0A08:00: _OSC: platform does not support [LTR]
acpi PNP0A08:00: _OSC: OS now controls [PCIeHotplug PME PCIeCapability]
PCI host bridge to bus 0000:00
pci_bus 0000:00: root bus resource [io  0x0000-0x0cf7 window]
pci_bus 0000:00: root bus resource [io  0x1000-0x3fff window]
pci_bus 0000:00: root bus resource [mem 0x000a0000-0x000bffff window]
pci_bus 0000:00: root bus resource [mem 0x000c8000-0x000cffff window]
pci_bus 0000:00: root bus resource [mem 0xfe010000-0xfe010fff window]
pci_bus 0000:00: root bus resource [mem 0x90000000-0xa5ffffff window]
pci_bus 0000:00: root bus resource [mem 0x20000000000-0x20fffffffff window]
pci_bus 0000:00: root bus resource [bus 00-13]
pci 0000:00:00.0: [8086:09a2] type 00 class 0x088000 PCIe Root Complex Integrated Endpoint
pci 0000:00:00.1: [8086:09a4] type 00 class 0x088000 PCIe Root Complex Integrated Endpoint
pci 0000:00:00.2: [8086:09a3] type 00 class 0x088000 PCIe Root Complex Integrated Endpoint
pci 0000:00:00.3: [8086:09a5] type 00 class 0x088000 PCIe Root Complex Integrated Endpoint
pci 0000:00:00.4: [8086:0998] type 00 class 0x060000 PCIe Root Complex Integrated Endpoint
pci 0000:00:01.0: [8086:0b00] type 00 class 0x088000 PCIe Root Complex Integrated Endpoint
pci 0000:00:01.0: BAR 0 [mem 0x20ffea70000-0x20ffea73fff 64bit]
pci 0000:00:01.1: [8086:0b00] type 00 class 0x088000 PCIe Root Complex Integrated Endpoint
pci 0000:00:01.1: BAR 0 [mem 0x20ffea6c000-0x20ffea6ffff 64bit]
pci 0000:00:01.2: [8086:0b00] type 00 class 0x088000 PCIe Root Complex Integrated Endpoint
pci 0000:00:01.2: BAR 0 [mem 0x20ffea68000-0x20ffea6bfff 64bit]
pci 0000:00:01.3: [8086:0b00] type 00 class 0x088000 PCIe Root Complex Integrated Endpoint
pci 0000:00:01.3: BAR 0 [mem 0x20ffea64000-0x20ffea67fff 64bit]
pci 0000:00:01.4: [8086:0b00] type 00 class 0x088000 PCIe Root Complex Integrated Endpoint
pci 0000:00:01.4: BAR 0 [mem 0x20ffea60000-0x20ffea63fff 64bit]
pci 0000:00:01.5: [8086:0b00] type 00 class 0x088000 PCIe Root Complex Integrated Endpoint
pci 0000:00:01.5: BAR 0 [mem 0x20ffea5c000-0x20ffea5ffff 64bit]
pci 0000:00:01.6: [8086:0b00] type 00 class 0x088000 PCIe Root Complex Integrated Endpoint
pci 0000:00:01.6: BAR 0 [mem 0x20ffea58000-0x20ffea5bfff 64bit]
pci 0000:00:01.7: [8086:0b00] type 00 class 0x088000 PCIe Root Complex Integrated Endpoint
pci 0000:00:01.7: BAR 0 [mem 0x20ffea54000-0x20ffea57fff 64bit]
pci 0000:00:02.0: [8086:09a6] type 00 class 0x088000 conventional PCI endpoint
pci 0000:00:02.0: BAR 0 [mem 0xa5284000-0xa5285fff]
pci 0000:00:02.1: [8086:09a7] type 00 class 0x088000 conventional PCI endpoint
pci 0000:00:02.1: BAR 0 [mem 0xa5200000-0xa527ffff]
pci 0000:00:02.1: BAR 1 [mem 0xa5180000-0xa51fffff]
pci 0000:00:02.2: [8086:09a8] type 00 class 0x088000 conventional PCI endpoint
pci 0000:00:02.2: BAR 0 [mem 0xa5100000-0xa517ffff]
pci 0000:00:02.4: [8086:3456] type 00 class 0x130000 conventional PCI endpoint
pci 0000:00:02.4: BAR 0 [mem 0x20ffe900000-0x20ffe9fffff 64bit]
pci 0000:00:02.4: BAR 2 [mem 0x20ffea50000-0x20ffea53fff 64bit]
pci 0000:00:02.4: BAR 4 [mem 0x20ffea20000-0x20ffea3ffff 64bit]
pci 0000:00:07.0: [8086:18b3] type 00 class 0x010601 conventional PCI endpoint
pci 0000:00:07.0: BAR 0 [mem 0xa5282000-0xa5283fff]
pci 0000:00:07.0: BAR 1 [mem 0xa5289000-0xa52890ff]
pci 0000:00:07.0: BAR 2 [io  0x3090-0x3097]
pci 0000:00:07.0: BAR 3 [io  0x3080-0x3083]
pci 0000:00:07.0: BAR 4 [io  0x3040-0x305f]
pci 0000:00:07.0: BAR 5 [mem 0xa5288000-0xa52887ff]
pci 0000:00:07.0: PME# supported from D3hot
pci 0000:00:0c.0: [8086:18a7] type 01 class 0x060400 PCIe Root Port
pci 0000:00:0c.0: BAR 0 [mem 0x20ffea00000-0x20ffea1ffff 64bit]
pci 0000:00:0c.0: PCI bridge to [bus 01-02]
pci 0000:00:0c.0:   bridge window [io  0x2000-0x2fff]
pci 0000:00:0c.0:   bridge window [mem 0xa4000000-0xa50fffff]
pci 0000:00:0c.0: enabling Extended Tags
pci 0000:00:0c.0: PME# supported from D0 D3hot D3cold
pci 0000:00:0e.0: [8086:18f3] type 00 class 0x010601 conventional PCI endpoint
pci 0000:00:0e.0: BAR 0 [mem 0xa5280000-0xa5281fff]
pci 0000:00:0e.0: BAR 1 [mem 0xa5287000-0xa52870ff]
pci 0000:00:0e.0: BAR 2 [io  0x3070-0x3077]
pci 0000:00:0e.0: BAR 3 [io  0x3060-0x3063]
pci 0000:00:0e.0: BAR 4 [io  0x3020-0x303f]
pci 0000:00:0e.0: BAR 5 [mem 0xa5286000-0xa52867ff]
pci 0000:00:0e.0: PME# supported from D3hot
pci 0000:00:0f.0: [8086:18ac] type 00 class 0x088000 PCIe Root Complex Integrated Endpoint
pci 0000:00:0f.0: BAR 0 [mem 0x20ffea79000-0x20ffea793ff 64bit]
pci 0000:00:18.0: [8086:18d3] type 00 class 0x078000 conventional PCI endpoint
pci 0000:00:18.0: BAR 0 [mem 0x20ffea78000-0x20ffea78fff 64bit]
pci 0000:00:18.0: PME# supported from D3hot
pci 0000:00:18.4: [8086:18d6] type 00 class 0x078000 conventional PCI endpoint
pci 0000:00:18.4: BAR 0 [mem 0x20ffea77000-0x20ffea77fff 64bit]
pci 0000:00:18.4: PME# supported from D3hot
pci 0000:00:1d.0: [8086:0998] type 00 class 0x060000 PCIe Root Complex Integrated Endpoint
pci 0000:00:1e.0: [8086:18d0] type 00 class 0x0c0330 conventional PCI endpoint
pci 0000:00:1e.0: BAR 0 [mem 0x20ffea40000-0x20ffea4ffff 64bit]
pci 0000:00:1e.0: PME# supported from D3hot D3cold
pci 0000:00:1f.0: [8086:18dc] type 00 class 0x060100 conventional PCI endpoint
pci 0000:00:1f.4: [8086:18df] type 00 class 0x0c0500 conventional PCI endpoint
pci 0000:00:1f.4: BAR 0 [mem 0x20ffea76000-0x20ffea760ff 64bit]
pci 0000:00:1f.4: BAR 4 [io  0x3000-0x301f]
pci 0000:00:1f.5: [8086:18e0] type 00 class 0x0c8000 conventional PCI endpoint
pci 0000:00:1f.5: BAR 0 [mem 0xfe010000-0xfe010fff]
pci 0000:00:1f.7: [8086:18e1] type 00 class 0x130000 conventional PCI endpoint
pci 0000:00:1f.7: BAR 0 [mem 0x20ffe800000-0x20ffe8fffff 64bit]
pci 0000:00:1f.7: BAR 2 [mem 0x20ffe000000-0x20ffe7fffff 64bit]
pci 0000:00:1f.7: BAR 4 [mem 0x20ffea74000-0x20ffea75fff 64bit]
pci 0000:01:00.0: [1a03:1150] type 01 class 0x060400 PCIe to PCI/PCI-X bridge
pci 0000:01:00.0: PCI bridge to [bus 02]
pci 0000:01:00.0:   bridge window [io  0x2000-0x2fff]
pci 0000:01:00.0:   bridge window [mem 0xa4000000-0xa50fffff]
pci 0000:01:00.0: enabling Extended Tags
pci 0000:01:00.0: supports D1 D2
pci 0000:01:00.0: PME# supported from D0 D1 D2 D3hot D3cold
pci 0000:00:0c.0: PCI bridge to [bus 01-02]
pci_bus 0000:02: extended config space not accessible
pci 0000:02:00.0: [1a03:2000] type 00 class 0x030000 conventional PCI endpoint
pci 0000:02:00.0: BAR 0 [mem 0xa4000000-0xa4ffffff]
pci 0000:02:00.0: BAR 1 [mem 0xa5000000-0xa501ffff]
pci 0000:02:00.0: BAR 2 [io  0x2000-0x207f]
pci 0000:02:00.0: Video device with shadowed ROM at [mem 0x000c0000-0x000dffff]
pci 0000:02:00.0: supports D1 D2
pci 0000:02:00.0: PME# supported from D0 D1 D2 D3hot D3cold
pci 0000:01:00.0: PCI bridge to [bus 02]
pci_bus 0000:00: on NUMA node 0
ACPI: PCI Root Bridge [PC01] (domain 0000 [bus 14-e2])
acpi PNP0A08:01: _OSC: OS supports [ExtendedConfig ASPM ClockPM Segments MSI HPX-Type3]
acpi PNP0A08:01: _OSC: OS now controls [PCIeHotplug PME PCIeCapability LTR]
PCI host bridge to bus 0000:14
pci_bus 0000:14: root bus resource [io  0x4000-0x6fff window]
pci_bus 0000:14: root bus resource [mem 0xa6000000-0xbb7fffff window]
pci_bus 0000:14: root bus resource [mem 0x21000000000-0x21fffffffff window]
pci_bus 0000:14: root bus resource [bus 14-e2]
pci 0000:14:00.0: [8086:09a2] type 00 class 0x088000 PCIe Root Complex Integrated Endpoint
pci 0000:14:00.1: [8086:09a4] type 00 class 0x088000 PCIe Root Complex Integrated Endpoint
pci 0000:14:00.2: [8086:09a3] type 00 class 0x088000 PCIe Root Complex Integrated Endpoint
pci 0000:14:00.3: [8086:09a5] type 00 class 0x088000 PCIe Root Complex Integrated Endpoint
pci 0000:14:00.4: [8086:0998] type 00 class 0x060000 PCIe Root Complex Integrated Endpoint
pci 0000:14:04.0: [8086:334a] type 01 class 0x060400 PCIe Root Port
pci 0000:14:04.0: PCI bridge to [bus 15]
pci 0000:14:04.0:   bridge window [io  0x6000-0x6fff]
pci 0000:14:04.0:   bridge window [mem 0xbb600000-0xbb6fffff]
pci 0000:14:04.0:   bridge window [mem 0x21ffff00000-0x21fffffffff 64bit pref]
pci 0000:14:04.0: enabling Extended Tags
pci 0000:14:04.0: PME# supported from D0 D3hot D3cold
pci 0000:14:06.0: [8086:334c] type 01 class 0x060400 PCIe Root Port
pci 0000:14:06.0: PCI bridge to [bus 16]
pci 0000:14:06.0:   bridge window [mem 0xbb300000-0xbb5fffff]
pci 0000:14:06.0: enabling Extended Tags
pci 0000:14:06.0: PME# supported from D0 D3hot D3cold
pci 0000:15:00.0: [8086:1521] type 00 class 0x020000 PCIe Endpoint
pci 0000:15:00.0: BAR 0 [mem 0xbb660000-0xbb67ffff]
pci 0000:15:00.0: BAR 2 [io  0x6060-0x607f]
pci 0000:15:00.0: BAR 3 [mem 0xbb68c000-0xbb68ffff]
pci 0000:15:00.0: PME# supported from D0 D3hot D3cold
pci 0000:15:00.0: VF BAR 0 [mem 0x21ffffe0000-0x21ffffe3fff 64bit pref]
pci 0000:15:00.0: VF BAR 0 [mem 0x21ffffe0000-0x21fffffffff 64bit pref]: contains BAR 0 for 8 VFs
pci 0000:15:00.0: VF BAR 3 [mem 0x21ffffc0000-0x21ffffc3fff 64bit pref]
pci 0000:15:00.0: VF BAR 3 [mem 0x21ffffc0000-0x21ffffdffff 64bit pref]: contains BAR 3 for 8 VFs
pci 0000:15:00.1: [8086:1521] type 00 class 0x020000 PCIe Endpoint
pci 0000:15:00.1: BAR 0 [mem 0xbb640000-0xbb65ffff]
pci 0000:15:00.1: BAR 2 [io  0x6040-0x605f]
pci 0000:15:00.1: BAR 3 [mem 0xbb688000-0xbb68bfff]
pci 0000:15:00.1: PME# supported from D0 D3hot D3cold
pci 0000:15:00.1: VF BAR 0 [mem 0x21ffffa0000-0x21ffffa3fff 64bit pref]
pci 0000:15:00.1: VF BAR 0 [mem 0x21ffffa0000-0x21ffffbffff 64bit pref]: contains BAR 0 for 8 VFs
pci 0000:15:00.1: VF BAR 3 [mem 0x21ffff80000-0x21ffff83fff 64bit pref]
pci 0000:15:00.1: VF BAR 3 [mem 0x21ffff80000-0x21ffff9ffff 64bit pref]: contains BAR 3 for 8 VFs
pci 0000:15:00.2: [8086:1521] type 00 class 0x020000 PCIe Endpoint
pci 0000:15:00.2: BAR 0 [mem 0xbb620000-0xbb63ffff]
pci 0000:15:00.2: BAR 2 [io  0x6020-0x603f]
pci 0000:15:00.2: BAR 3 [mem 0xbb684000-0xbb687fff]
pci 0000:15:00.2: PME# supported from D0 D3hot D3cold
pci 0000:15:00.2: VF BAR 0 [mem 0x21ffff60000-0x21ffff63fff 64bit pref]
pci 0000:15:00.2: VF BAR 0 [mem 0x21ffff60000-0x21ffff7ffff 64bit pref]: contains BAR 0 for 8 VFs
pci 0000:15:00.2: VF BAR 3 [mem 0x21ffff40000-0x21ffff43fff 64bit pref]
pci 0000:15:00.2: VF BAR 3 [mem 0x21ffff40000-0x21ffff5ffff 64bit pref]: contains BAR 3 for 8 VFs
pci 0000:15:00.3: [8086:1521] type 00 class 0x020000 PCIe Endpoint
pci 0000:15:00.3: BAR 0 [mem 0xbb600000-0xbb61ffff]
pci 0000:15:00.3: BAR 2 [io  0x6000-0x601f]
pci 0000:15:00.3: BAR 3 [mem 0xbb680000-0xbb683fff]
pci 0000:15:00.3: PME# supported from D0 D3hot D3cold
pci 0000:15:00.3: VF BAR 0 [mem 0x21ffff20000-0x21ffff23fff 64bit pref]
pci 0000:15:00.3: VF BAR 0 [mem 0x21ffff20000-0x21ffff3ffff 64bit pref]: contains BAR 0 for 8 VFs
pci 0000:15:00.3: VF BAR 3 [mem 0x21ffff00000-0x21ffff03fff 64bit pref]
pci 0000:15:00.3: VF BAR 3 [mem 0x21ffff00000-0x21ffff1ffff 64bit pref]: contains BAR 3 for 8 VFs
pci 0000:14:04.0: PCI bridge to [bus 15]
pci 0000:16:00.0: working around ROM BAR overlap defect
pci 0000:16:00.0: [8086:1533] type 00 class 0x020000 PCIe Endpoint
pci 0000:16:00.0: BAR 0 [mem 0xbb400000-0xbb4fffff]
pci 0000:16:00.0: BAR 3 [mem 0xbb500000-0xbb503fff]
pci 0000:16:00.0: ROM [mem 0xbb300000-0xbb3fffff pref]
pci 0000:16:00.0: PME# supported from D0 D3hot D3cold
pci 0000:14:06.0: PCI bridge to [bus 16]
pci_bus 0000:14: on NUMA node 0
ACPI: PCI Root Bridge [PC02] (domain 0000 [bus e3-e6])
acpi PNP0A08:02: _OSC: OS supports [ExtendedConfig ASPM ClockPM Segments MSI HPX-Type3]
acpi PNP0A08:02: _OSC: OS now controls [PCIeHotplug PME PCIeCapability LTR]
PCI host bridge to bus 0000:e3
pci_bus 0000:e3: root bus resource [io  0x7000-0x87ff window]
pci_bus 0000:e3: root bus resource [mem 0xbb800000-0xc63fffff window]
pci_bus 0000:e3: root bus resource [mem 0x22000000000-0x227ffffffff window]
pci_bus 0000:e3: root bus resource [bus e3-e6]
pci 0000:e3:00.0: [8086:09a2] type 00 class 0x088000 PCIe Root Complex Integrated Endpoint
pci 0000:e3:00.1: [8086:09a4] type 00 class 0x088000 PCIe Root Complex Integrated Endpoint
pci 0000:e3:00.2: [8086:09a3] type 00 class 0x088000 PCIe Root Complex Integrated Endpoint
pci 0000:e3:00.3: [8086:09a5] type 00 class 0x088000 PCIe Root Complex Integrated Endpoint
pci 0000:e3:00.4: [8086:0998] type 00 class 0x060000 PCIe Root Complex Integrated Endpoint
pci_bus 0000:e3: on NUMA node 0
ACPI: PCI Root Bridge [PC03] (domain 0000 [bus eb-f2])
acpi PNP0A08:03: _OSC: OS supports [ExtendedConfig ASPM ClockPM Segments MSI HPX-Type3]
acpi PNP0A08:03: _OSC: OS now controls [PCIeHotplug PME PCIeCapability LTR]
PCI host bridge to bus 0000:eb
pci_bus 0000:eb: root bus resource [io  0xa000-0xcfff window]
pci_bus 0000:eb: root bus resource [mem 0xd1000000-0xe67fffff window]
pci_bus 0000:eb: root bus resource [mem 0x23000000000-0x23fffffffff window]
pci_bus 0000:eb: root bus resource [bus eb-f2]
pci 0000:eb:00.0: [8086:09a2] type 00 class 0x088000 PCIe Root Complex Integrated Endpoint
pci 0000:eb:00.1: [8086:09a4] type 00 class 0x088000 PCIe Root Complex Integrated Endpoint
pci 0000:eb:00.2: [8086:09a3] type 00 class 0x088000 PCIe Root Complex Integrated Endpoint
pci 0000:eb:00.3: [8086:09a5] type 00 class 0x088000 PCIe Root Complex Integrated Endpoint
pci 0000:eb:00.4: [8086:0998] type 00 class 0x060000 PCIe Root Complex Integrated Endpoint
pci 0000:eb:04.0: [8086:18d1] type 01 class 0x060400 PCIe Root Port
pci 0000:eb:04.0: PCI bridge to [bus ec-ed]
pci 0000:eb:04.0:   bridge window [mem 0xe6100000-0xe66fffff]
pci 0000:eb:04.0:   bridge window [mem 0x23fc8000000-0x23ffb3fffff 64bit pref]
pci 0000:eb:04.0: PME# supported from D0 D3hot D3cold
pci 0000:ec:00.0: [8086:1892] type 00 class 0x020000 PCIe Endpoint
pci 0000:ec:00.0: BAR 0 [mem 0x23ff0000000-0x23ff7ffffff 64bit pref]
pci 0000:ec:00.0: BAR 3 [mem 0x23ffb050000-0x23ffb05ffff 64bit pref]
pci 0000:ec:00.0: ROM [mem 0xe6600000-0xe66fffff pref]
pci 0000:ec:00.0: PME# supported from D0 D3hot D3cold
pci 0000:ec:00.0: VF BAR 0 [mem 0x23ffa800000-0x23ffa83ffff 64bit pref]
pci 0000:ec:00.0: VF BAR 0 [mem 0x23ffa800000-0x23ffaffffff 64bit pref]: contains BAR 0 for 32 VFs
pci 0000:ec:00.0: VF BAR 3 [mem 0x23ffb2e0000-0x23ffb2e3fff 64bit pref]
pci 0000:ec:00.0: VF BAR 3 [mem 0x23ffb2e0000-0x23ffb35ffff 64bit pref]: contains BAR 3 for 32 VFs
pci 0000:ec:00.1: [8086:1892] type 00 class 0x020000 PCIe Endpoint
pci 0000:ec:00.1: BAR 0 [mem 0x23fe8000000-0x23fefffffff 64bit pref]
pci 0000:ec:00.1: BAR 3 [mem 0x23ffb040000-0x23ffb04ffff 64bit pref]
pci 0000:ec:00.1: ROM [mem 0xe6500000-0xe65fffff pref]
pci 0000:ec:00.1: PME# supported from D0 D3hot D3cold
pci 0000:ec:00.1: VF BAR 0 [mem 0x23ffa000000-0x23ffa03ffff 64bit pref]
pci 0000:ec:00.1: VF BAR 0 [mem 0x23ffa000000-0x23ffa7fffff 64bit pref]: contains BAR 0 for 32 VFs
pci 0000:ec:00.1: VF BAR 3 [mem 0x23ffb260000-0x23ffb263fff 64bit pref]
pci 0000:ec:00.1: VF BAR 3 [mem 0x23ffb260000-0x23ffb2dffff 64bit pref]: contains BAR 3 for 32 VFs
pci 0000:ec:00.4: [8086:1894] type 00 class 0x020000 PCIe Endpoint
pci 0000:ec:00.4: BAR 0 [mem 0x23fe0000000-0x23fe7ffffff 64bit pref]
pci 0000:ec:00.4: BAR 3 [mem 0x23ffb030000-0x23ffb03ffff 64bit pref]
pci 0000:ec:00.4: ROM [mem 0xe6400000-0xe64fffff pref]
pci 0000:ec:00.4: PME# supported from D0 D3hot D3cold
pci 0000:ec:00.4: VF BAR 0 [mem 0x23ff9800000-0x23ff983ffff 64bit pref]
pci 0000:ec:00.4: VF BAR 0 [mem 0x23ff9800000-0x23ff9ffffff 64bit pref]: contains BAR 0 for 32 VFs
pci 0000:ec:00.4: VF BAR 3 [mem 0x23ffb1e0000-0x23ffb1e3fff 64bit pref]
pci 0000:ec:00.4: VF BAR 3 [mem 0x23ffb1e0000-0x23ffb25ffff 64bit pref]: contains BAR 3 for 32 VFs
pci 0000:ec:00.5: [8086:1894] type 00 class 0x020000 PCIe Endpoint
pci 0000:ec:00.5: BAR 0 [mem 0x23fd8000000-0x23fdfffffff 64bit pref]
pci 0000:ec:00.5: BAR 3 [mem 0x23ffb020000-0x23ffb02ffff 64bit pref]
pci 0000:ec:00.5: ROM [mem 0xe6300000-0xe63fffff pref]
pci 0000:ec:00.5: PME# supported from D0 D3hot D3cold
pci 0000:ec:00.5: VF BAR 0 [mem 0x23ff9000000-0x23ff903ffff 64bit pref]
pci 0000:ec:00.5: VF BAR 0 [mem 0x23ff9000000-0x23ff97fffff 64bit pref]: contains BAR 0 for 32 VFs
pci 0000:ec:00.5: VF BAR 3 [mem 0x23ffb160000-0x23ffb163fff 64bit pref]
pci 0000:ec:00.5: VF BAR 3 [mem 0x23ffb160000-0x23ffb1dffff 64bit pref]: contains BAR 3 for 32 VFs
pci 0000:ec:00.6: [8086:1894] type 00 class 0x020000 PCIe Endpoint
pci 0000:ec:00.6: BAR 0 [mem 0x23fd0000000-0x23fd7ffffff 64bit pref]
pci 0000:ec:00.6: BAR 3 [mem 0x23ffb010000-0x23ffb01ffff 64bit pref]
pci 0000:ec:00.6: ROM [mem 0xe6200000-0xe62fffff pref]
pci 0000:ec:00.6: PME# supported from D0 D3hot D3cold
pci 0000:ec:00.6: VF BAR 0 [mem 0x23ff8800000-0x23ff883ffff 64bit pref]
pci 0000:ec:00.6: VF BAR 0 [mem 0x23ff8800000-0x23ff8ffffff 64bit pref]: contains BAR 0 for 32 VFs
pci 0000:ec:00.6: VF BAR 3 [mem 0x23ffb0e0000-0x23ffb0e3fff 64bit pref]
pci 0000:ec:00.6: VF BAR 3 [mem 0x23ffb0e0000-0x23ffb15ffff 64bit pref]: contains BAR 3 for 32 VFs
pci 0000:ec:00.7: [8086:1894] type 00 class 0x020000 PCIe Endpoint
pci 0000:ec:00.7: BAR 0 [mem 0x23fc8000000-0x23fcfffffff 64bit pref]
pci 0000:ec:00.7: BAR 3 [mem 0x23ffb000000-0x23ffb00ffff 64bit pref]
pci 0000:ec:00.7: ROM [mem 0xe6100000-0xe61fffff pref]
pci 0000:ec:00.7: PME# supported from D0 D3hot D3cold
pci 0000:ec:00.7: VF BAR 0 [mem 0x23ff8000000-0x23ff803ffff 64bit pref]
pci 0000:ec:00.7: VF BAR 0 [mem 0x23ff8000000-0x23ff87fffff 64bit pref]: contains BAR 0 for 32 VFs
pci 0000:ec:00.7: VF BAR 3 [mem 0x23ffb060000-0x23ffb063fff 64bit pref]
pci 0000:ec:00.7: VF BAR 3 [mem 0x23ffb060000-0x23ffb0dffff 64bit pref]: contains BAR 3 for 32 VFs
pci 0000:eb:04.0: PCI bridge to [bus ec-ed]
pci_bus 0000:eb: on NUMA node 0
ACPI: PCI Root Bridge [PC04] (domain 0000 [bus f3-fa])
acpi PNP0A08:04: _OSC: OS supports [ExtendedConfig ASPM ClockPM Segments MSI HPX-Type3]
acpi PNP0A08:04: _OSC: OS now controls [PCIeHotplug PME PCIeCapability LTR]
PCI host bridge to bus 0000:f3
pci_bus 0000:f3: root bus resource [io  0xd000-0xffff window]
pci_bus 0000:f3: root bus resource [mem 0xe6800000-0xfb7fffff window]
pci_bus 0000:f3: root bus resource [mem 0x24000000000-0x24fffffffff window]
pci_bus 0000:f3: root bus resource [bus f3-fa]
pci 0000:f3:00.0: [8086:09a2] type 00 class 0x088000 PCIe Root Complex Integrated Endpoint
pci 0000:f3:00.1: [8086:09a4] type 00 class 0x088000 PCIe Root Complex Integrated Endpoint
pci 0000:f3:00.2: [8086:09a3] type 00 class 0x088000 PCIe Root Complex Integrated Endpoint
pci 0000:f3:00.3: [8086:09a5] type 00 class 0x088000 PCIe Root Complex Integrated Endpoint
pci 0000:f3:00.4: [8086:0998] type 00 class 0x060000 PCIe Root Complex Integrated Endpoint
pci 0000:f3:05.0: [8086:18da] type 01 class 0x060400 PCIe Root Port
pci 0000:f3:05.0: PCI bridge to [bus f4]
pci 0000:f3:05.0:   bridge window [mem 0xfb400000-0xfb6fffff]
pci 0000:f3:05.0:   bridge window [mem 0x24fff800000-0x24fffffffff 64bit pref]
pci 0000:f3:05.0: PME# supported from D0 D3hot D3cold
pci 0000:f4:00.0: [8086:18a0] type 00 class 0x0b4000 PCIe Endpoint
pci 0000:f4:00.0: BAR 0 [mem 0x24fff800000-0x24fffffffff 64bit pref]
pci 0000:f4:00.0: BAR 2 [mem 0xfb500000-0xfb57ffff 64bit]
pci 0000:f4:00.0: BAR 4 [mem 0xfb400000-0xfb4fffff 64bit]
pci 0000:f4:00.0: enabling Extended Tags
pci 0000:f4:00.0: VF BAR 0 [mem 0xfb600000-0xfb600fff 64bit]
pci 0000:f4:00.0: VF BAR 0 [mem 0xfb600000-0xfb67ffff 64bit]: contains BAR 0 for 128 VFs
pci 0000:f4:00.0: VF BAR 2 [mem 0xfb580000-0xfb580fff 64bit]
pci 0000:f4:00.0: VF BAR 2 [mem 0xfb580000-0xfb5fffff 64bit]: contains BAR 2 for 128 VFs
pci 0000:f3:05.0: PCI bridge to [bus f4]
pci_bus 0000:f3: on NUMA node 0
ACPI: PCI: Interrupt link LNKA configured for IRQ 0
ACPI: PCI: Interrupt link LNKB configured for IRQ 0
ACPI: PCI: Interrupt link LNKC configured for IRQ 0
ACPI: PCI: Interrupt link LNKD configured for IRQ 0
ACPI: PCI: Interrupt link LNKE configured for IRQ 0
ACPI: PCI: Interrupt link LNKF configured for IRQ 0
ACPI: PCI: Interrupt link LNKG configured for IRQ 0
ACPI: PCI: Interrupt link LNKH configured for IRQ 0
iommu: Default domain type: Translated
iommu: DMA domain TLB invalidation policy: lazy mode
SCSI subsystem initialized
libata version 3.00 loaded.
ACPI: bus type USB registered
usbcore: registered new interface driver usbfs
usbcore: registered new interface driver hub
usbcore: registered new device driver usb
pps_core: LinuxPPS API ver. 1 registered
pps_core: Software ver. 5.3.6 - Copyright 2005-2007 Rodolfo Giometti <giometti@linux.it>
PTP clock support registered
EDAC MC: Ver: 3.0.0
efivars: Registered efivars operations
PCI: Using ACPI for IRQ routing
PCI: Discovered peer bus e7
PCI: root bus e7: using default resources
PCI: Probing PCI hardware (bus e7)
PCI host bridge to bus 0000:e7
pci_bus 0000:e7: root bus resource [io  0x0000-0xffff]
pci_bus 0000:e7: root bus resource [mem 0x00000000-0x3ffffffffff]
pci_bus 0000:e7: No busn resource found for root bus, will use [bus e7-ff]
pci_bus 0000:e7: busn_res: can not insert [bus e7-ff] under domain [bus 00-ff] (conflicts with (null) [bus eb-f2])
pci 0000:e7:00.0: [8086:270b] type 00 class 0x0b4000 PCIe Root Complex Integrated Endpoint
pci 0000:e7:00.0: BAR 0 [mem 0x22f40000000-0x22f43ffffff 64bit pref]
pci 0000:e7:00.0: BAR 2 [mem 0x22e00000000-0x22effffffff 64bit pref]
pci 0000:e7:00.0: VF BAR 0 [mem 0x22f00000000-0x22f03ffffff 64bit pref]
pci 0000:e7:00.0: VF BAR 0 [mem 0x22f00000000-0x22f3fffffff 64bit pref]: contains BAR 0 for 16 VFs
pci_bus 0000:e7: busn_res: [bus e7-ff] end is updated to e7
PCI: Discovered peer bus fe
PCI: root bus fe: using default resources
PCI: Probing PCI hardware (bus fe)
PCI host bridge to bus 0000:fe
pci_bus 0000:fe: root bus resource [io  0x0000-0xffff]
pci_bus 0000:fe: root bus resource [mem 0x00000000-0x3ffffffffff]
pci_bus 0000:fe: No busn resource found for root bus, will use [bus fe-ff]
pci 0000:fe:00.0: [8086:3460] type 00 class 0x088000 PCIe Root Complex Integrated Endpoint
pci 0000:fe:00.1: [8086:3451] type 00 class 0x088000 PCIe Root Complex Integrated Endpoint
pci 0000:fe:00.2: [8086:3452] type 00 class 0x088000 PCIe Root Complex Integrated Endpoint
pci 0000:fe:00.3: [8086:0998] type 00 class 0x060000 PCIe Root Complex Integrated Endpoint
pci 0000:fe:00.5: [8086:3455] type 00 class 0x088000 PCIe Root Complex Integrated Endpoint
pci 0000:fe:0b.0: [8086:3448] type 00 class 0x088000 conventional PCI endpoint
pci 0000:fe:0b.1: [8086:3448] type 00 class 0x088000 conventional PCI endpoint
pci 0000:fe:0b.2: [8086:344b] type 00 class 0x088000 conventional PCI endpoint
pci 0000:fe:0c.0: [8086:344a] type 00 class 0x110100 PCIe Root Complex Integrated Endpoint
pci 0000:fe:1a.0: [8086:2880] type 00 class 0x110100 PCIe Root Complex Integrated Endpoint
pci_bus 0000:fe: busn_res: [bus fe-ff] end is updated to fe
PCI: Discovered peer bus ff
PCI: root bus ff: using default resources
PCI: Probing PCI hardware (bus ff)
PCI host bridge to bus 0000:ff
pci_bus 0000:ff: root bus resource [io  0x0000-0xffff]
pci_bus 0000:ff: root bus resource [mem 0x00000000-0x3ffffffffff]
pci_bus 0000:ff: No busn resource found for root bus, will use [bus ff-ff]
pci 0000:ff:00.0: [8086:344c] type 00 class 0x088000 PCIe Root Complex Integrated Endpoint
pci 0000:ff:00.1: [8086:344c] type 00 class 0x088000 PCIe Root Complex Integrated Endpoint
pci 0000:ff:00.2: [8086:344c] type 00 class 0x088000 PCIe Root Complex Integrated Endpoint
pci 0000:ff:00.3: [8086:344c] type 00 class 0x088000 PCIe Root Complex Integrated Endpoint
pci 0000:ff:00.4: [8086:344c] type 00 class 0x088000 PCIe Root Complex Integrated Endpoint
pci 0000:ff:00.5: [8086:344c] type 00 class 0x088000 PCIe Root Complex Integrated Endpoint
pci 0000:ff:0a.0: [8086:344d] type 00 class 0x088000 PCIe Root Complex Integrated Endpoint
pci 0000:ff:0a.1: [8086:344d] type 00 class 0x088000 PCIe Root Complex Integrated Endpoint
pci 0000:ff:0a.2: [8086:344d] type 00 class 0x088000 PCIe Root Complex Integrated Endpoint
pci 0000:ff:0a.3: [8086:344d] type 00 class 0x088000 PCIe Root Complex Integrated Endpoint
pci 0000:ff:0a.4: [8086:344d] type 00 class 0x088000 PCIe Root Complex Integrated Endpoint
pci 0000:ff:0a.5: [8086:344d] type 00 class 0x088000 PCIe Root Complex Integrated Endpoint
pci 0000:ff:1d.0: [8086:344f] type 00 class 0x088000 PCIe Root Complex Integrated Endpoint
pci 0000:ff:1d.1: [8086:3457] type 00 class 0x088000 PCIe Root Complex Integrated Endpoint
pci 0000:ff:1e.0: [8086:3458] type 00 class 0x088000 conventional PCI endpoint
pci 0000:ff:1e.1: [8086:3459] type 00 class 0x088000 conventional PCI endpoint
pci 0000:ff:1e.2: [8086:345a] type 00 class 0x088000 conventional PCI endpoint
pci 0000:ff:1e.3: [8086:345b] type 00 class 0x088000 conventional PCI endpoint
pci 0000:ff:1e.4: [8086:345c] type 00 class 0x088000 conventional PCI endpoint
pci 0000:ff:1e.5: [8086:345d] type 00 class 0x088000 conventional PCI endpoint
pci 0000:ff:1e.6: [8086:345e] type 00 class 0x088000 conventional PCI endpoint
pci 0000:ff:1e.7: [8086:345f] type 00 class 0x088000 conventional PCI endpoint
pci_bus 0000:ff: busn_res: [bus ff] end is updated to ff
PCI: pci_cache_line_size set to 64 bytes
e820: reserve RAM buffer [mem 0x0009e000-0x0009ffff]
e820: reserve RAM buffer [mem 0x5eed3018-0x5fffffff]
e820: reserve RAM buffer [mem 0x5eef4018-0x5fffffff]
e820: reserve RAM buffer [mem 0x5ef15018-0x5fffffff]
e820: reserve RAM buffer [mem 0x5ef36018-0x5fffffff]
e820: reserve RAM buffer [mem 0x5ef57018-0x5fffffff]
e820: reserve RAM buffer [mem 0x60be2018-0x63ffffff]
e820: reserve RAM buffer [mem 0x60cbc018-0x63ffffff]
e820: reserve RAM buffer [mem 0x6240b000-0x63ffffff]
e820: reserve RAM buffer [mem 0x62bdd000-0x63ffffff]
e820: reserve RAM buffer [mem 0x672de000-0x67ffffff]
e820: reserve RAM buffer [mem 0x6f800000-0x6fffffff]
pci 0000:02:00.0: vgaarb: setting as boot VGA device
pci 0000:02:00.0: vgaarb: bridge control possible
pci 0000:02:00.0: vgaarb: VGA device added: decodes=io+mem,owns=io+mem,locks=none
vgaarb: loaded
hpet0: at MMIO 0xfed00000, IRQs 2, 8, 0, 0, 0, 0, 0, 0
hpet0: 8 comparators, 64-bit 24.000000 MHz counter
clocksource: Switched to clocksource tsc-early
VFS: Disk quotas dquot_6.6.0
VFS: Dquot-cache hash table entries: 512 (order 0, 4096 bytes)
pnp: PnP ACPI init
system 00:01: [io  0x0500-0x05fe] has been reserved
system 00:01: [io  0x0400-0x041f] has been reserved
system 00:01: [io  0x0600-0x061f] has been reserved
system 00:01: [io  0x0ca0-0x0ca1] has been reserved
system 00:01: [io  0x0ca4-0x0ca6] has been reserved
system 00:01: [mem 0xfed40000-0xfed47fff] could not be reserved
system 00:01: [mem 0xff000000-0xffffffff] has been reserved
system 00:02: [io  0x0a00-0x0a0f] has been reserved
system 00:02: [io  0x0a10-0x0a1f] has been reserved
system 00:02: [io  0x0a20-0x0a2f] has been reserved
system 00:02: [io  0x0a30-0x0a3f] has been reserved
system 00:02: [io  0x0a40-0x0a4f] has been reserved
pnp 00:03: [dma 0 disabled]
pnp 00:04: [dma 0 disabled]
system 00:05: [io  0x0500-0x05fe] has been reserved
system 00:05: [mem 0xfd000000-0xfd69ffff] has been reserved
system 00:05: [mem 0xfd6c0000-0xfd6cffff] has been reserved
system 00:05: [mem 0xfd6f0000-0xfdffffff] could not be reserved
system 00:05: [mem 0xfe000000-0xfe01ffff] could not be reserved
system 00:05: [mem 0xfe200000-0xfe7fffff] has been reserved
system 00:05: [mem 0xff000000-0xffffffff] has been reserved
pnp: PnP ACPI: found 7 devices
clocksource: acpi_pm: mask: 0xffffff max_cycles: 0xffffff, max_idle_ns: 2085701024 ns
NET: Registered PF_INET protocol family
IP idents hash table entries: 262144 (order: 9, 2097152 bytes, linear)
tcp_listen_portaddr_hash hash table entries: 16384 (order: 6, 262144 bytes, linear)
Table-perturb hash table entries: 65536 (order: 6, 262144 bytes, linear)
TCP established hash table entries: 262144 (order: 9, 2097152 bytes, linear)
TCP bind hash table entries: 65536 (order: 9, 2097152 bytes, linear)
TCP: Hash tables configured (established 262144 bind 65536)
UDP hash table entries: 16384 (order: 8, 1048576 bytes, linear)
UDP-Lite hash table entries: 16384 (order: 8, 1048576 bytes, linear)
NET: Registered PF_UNIX/PF_LOCAL protocol family
pci 0000:01:00.0: PCI bridge to [bus 02]
pci 0000:01:00.0:   bridge window [io  0x2000-0x2fff]
pci 0000:01:00.0:   bridge window [mem 0xa4000000-0xa50fffff]
pci 0000:00:0c.0: PCI bridge to [bus 01-02]
pci 0000:00:0c.0:   bridge window [io  0x2000-0x2fff]
pci 0000:00:0c.0:   bridge window [mem 0xa4000000-0xa50fffff]
pci_bus 0000:00: resource 4 [io  0x0000-0x0cf7 window]
pci_bus 0000:00: resource 5 [io  0x1000-0x3fff window]
pci_bus 0000:00: resource 6 [mem 0x000a0000-0x000bffff window]
pci_bus 0000:00: resource 7 [mem 0x000c8000-0x000cffff window]
pci_bus 0000:00: resource 8 [mem 0xfe010000-0xfe010fff window]
pci_bus 0000:00: resource 9 [mem 0x90000000-0xa5ffffff window]
pci_bus 0000:00: resource 10 [mem 0x20000000000-0x20fffffffff window]
pci_bus 0000:01: resource 0 [io  0x2000-0x2fff]
pci_bus 0000:01: resource 1 [mem 0xa4000000-0xa50fffff]
pci_bus 0000:02: resource 0 [io  0x2000-0x2fff]
pci_bus 0000:02: resource 1 [mem 0xa4000000-0xa50fffff]
pci 0000:14:04.0: PCI bridge to [bus 15]
pci 0000:14:04.0:   bridge window [io  0x6000-0x6fff]
pci 0000:14:04.0:   bridge window [mem 0xbb600000-0xbb6fffff]
pci 0000:14:04.0:   bridge window [mem 0x21ffff00000-0x21fffffffff 64bit pref]
pci 0000:14:06.0: PCI bridge to [bus 16]
pci 0000:14:06.0:   bridge window [mem 0xbb300000-0xbb5fffff]
pci_bus 0000:14: resource 4 [io  0x4000-0x6fff window]
pci_bus 0000:14: resource 5 [mem 0xa6000000-0xbb7fffff window]
pci_bus 0000:14: resource 6 [mem 0x21000000000-0x21fffffffff window]
pci_bus 0000:15: resource 0 [io  0x6000-0x6fff]
pci_bus 0000:15: resource 1 [mem 0xbb600000-0xbb6fffff]
pci_bus 0000:15: resource 2 [mem 0x21ffff00000-0x21fffffffff 64bit pref]
pci_bus 0000:16: resource 1 [mem 0xbb300000-0xbb5fffff]
pci_bus 0000:e3: resource 4 [io  0x7000-0x87ff window]
pci_bus 0000:e3: resource 5 [mem 0xbb800000-0xc63fffff window]
pci_bus 0000:e3: resource 6 [mem 0x22000000000-0x227ffffffff window]
pci 0000:eb:04.0: PCI bridge to [bus ec-ed]
pci 0000:eb:04.0:   bridge window [mem 0xe6100000-0xe66fffff]
pci 0000:eb:04.0:   bridge window [mem 0x23fc8000000-0x23ffb3fffff 64bit pref]
pci_bus 0000:eb: resource 4 [io  0xa000-0xcfff window]
pci_bus 0000:eb: resource 5 [mem 0xd1000000-0xe67fffff window]
pci_bus 0000:eb: resource 6 [mem 0x23000000000-0x23fffffffff window]
pci_bus 0000:ec: resource 1 [mem 0xe6100000-0xe66fffff]
pci_bus 0000:ec: resource 2 [mem 0x23fc8000000-0x23ffb3fffff 64bit pref]
pci 0000:f3:05.0: PCI bridge to [bus f4]
pci 0000:f3:05.0:   bridge window [mem 0xfb400000-0xfb6fffff]
pci 0000:f3:05.0:   bridge window [mem 0x24fff800000-0x24fffffffff 64bit pref]
pci_bus 0000:f3: resource 4 [io  0xd000-0xffff window]
pci_bus 0000:f3: resource 5 [mem 0xe6800000-0xfb7fffff window]
pci_bus 0000:f3: resource 6 [mem 0x24000000000-0x24fffffffff window]
pci_bus 0000:f4: resource 1 [mem 0xfb400000-0xfb6fffff]
pci_bus 0000:f4: resource 2 [mem 0x24fff800000-0x24fffffffff 64bit pref]
pci_bus 0000:e7: resource 4 [io  0x0000-0xffff]
pci_bus 0000:e7: resource 5 [mem 0x00000000-0x3ffffffffff]
pci_bus 0000:fe: resource 4 [io  0x0000-0xffff]
pci_bus 0000:fe: resource 5 [mem 0x00000000-0x3ffffffffff]
pci_bus 0000:ff: resource 4 [io  0x0000-0xffff]
pci_bus 0000:ff: resource 5 [mem 0x00000000-0x3ffffffffff]
pci 0000:15:00.0: CLS mismatch (64 != 32), using 64 bytes
DMAR: No SATC found
Trying to unpack rootfs image as initramfs...
DMAR: dmar3: Using Queued invalidation
DMAR: dmar2: Using Queued invalidation
DMAR: dmar1: Using Queued invalidation
DMAR: dmar0: Using Queued invalidation
DMAR: dmar4: Using Queued invalidation
pci 0000:f3:05.0: Adding to iommu group 0
pci 0000:f4:00.0: Adding to iommu group 1
pci 0000:eb:04.0: Adding to iommu group 2
pci 0000:ec:00.0: Adding to iommu group 3
pci 0000:ec:00.1: Adding to iommu group 4
pci 0000:ec:00.4: Adding to iommu group 5
pci 0000:ec:00.5: Adding to iommu group 6
pci 0000:ec:00.6: Adding to iommu group 7
pci 0000:ec:00.7: Adding to iommu group 8
pci 0000:e7:00.0: Adding to iommu group 9
pci 0000:14:04.0: Adding to iommu group 10
pci 0000:14:06.0: Adding to iommu group 11
pci 0000:15:00.0: Adding to iommu group 12
pci 0000:15:00.1: Adding to iommu group 13
pci 0000:15:00.2: Adding to iommu group 14
pci 0000:15:00.3: Adding to iommu group 15
pci 0000:16:00.0: Adding to iommu group 16
pci 0000:00:00.0: Adding to iommu group 17
pci 0000:00:00.1: Adding to iommu group 18
pci 0000:00:00.2: Adding to iommu group 19
pci 0000:00:00.3: Adding to iommu group 20
pci 0000:00:00.4: Adding to iommu group 21
pci 0000:00:01.0: Adding to iommu group 22
pci 0000:00:01.1: Adding to iommu group 23
pci 0000:00:01.2: Adding to iommu group 24
pci 0000:00:01.3: Adding to iommu group 25
pci 0000:00:01.4: Adding to iommu group 26
pci 0000:00:01.5: Adding to iommu group 27
pci 0000:00:01.6: Adding to iommu group 28
pci 0000:00:01.7: Adding to iommu group 29
pci 0000:00:02.0: Adding to iommu group 30
pci 0000:00:02.1: Adding to iommu group 30
pci 0000:00:02.2: Adding to iommu group 30
pci 0000:00:02.4: Adding to iommu group 30
pci 0000:00:07.0: Adding to iommu group 31
pci 0000:00:0c.0: Adding to iommu group 32
pci 0000:00:0e.0: Adding to iommu group 33
pci 0000:00:0f.0: Adding to iommu group 34
pci 0000:00:18.0: Adding to iommu group 35
pci 0000:00:18.4: Adding to iommu group 35
pci 0000:00:1d.0: Adding to iommu group 36
pci 0000:00:1e.0: Adding to iommu group 37
pci 0000:00:1f.0: Adding to iommu group 38
pci 0000:00:1f.4: Adding to iommu group 38
pci 0000:00:1f.5: Adding to iommu group 38
pci 0000:00:1f.7: Adding to iommu group 38
pci 0000:01:00.0: Adding to iommu group 39
pci 0000:02:00.0: Adding to iommu group 39
pci 0000:14:00.0: Adding to iommu group 40
pci 0000:14:00.1: Adding to iommu group 41
pci 0000:14:00.2: Adding to iommu group 42
pci 0000:14:00.3: Adding to iommu group 43
pci 0000:14:00.4: Adding to iommu group 44
pci 0000:e3:00.0: Adding to iommu group 45
pci 0000:e3:00.1: Adding to iommu group 46
pci 0000:e3:00.2: Adding to iommu group 47
pci 0000:e3:00.3: Adding to iommu group 48
pci 0000:e3:00.4: Adding to iommu group 49
pci 0000:eb:00.0: Adding to iommu group 50
pci 0000:eb:00.1: Adding to iommu group 51
pci 0000:eb:00.2: Adding to iommu group 52
pci 0000:eb:00.3: Adding to iommu group 53
pci 0000:eb:00.4: Adding to iommu group 54
pci 0000:f3:00.0: Adding to iommu group 55
pci 0000:f3:00.1: Adding to iommu group 56
pci 0000:f3:00.2: Adding to iommu group 57
pci 0000:f3:00.3: Adding to iommu group 58
pci 0000:f3:00.4: Adding to iommu group 59
pci 0000:fe:00.0: Adding to iommu group 60
pci 0000:fe:00.1: Adding to iommu group 61
pci 0000:fe:00.2: Adding to iommu group 62
pci 0000:fe:00.3: Adding to iommu group 63
pci 0000:fe:00.5: Adding to iommu group 64
pci 0000:fe:0b.0: Adding to iommu group 65
pci 0000:fe:0b.1: Adding to iommu group 65
pci 0000:fe:0b.2: Adding to iommu group 65
pci 0000:fe:0c.0: Adding to iommu group 66
pci 0000:fe:1a.0: Adding to iommu group 67
pci 0000:ff:00.0: Adding to iommu group 68
pci 0000:ff:00.1: Adding to iommu group 69
pci 0000:ff:00.2: Adding to iommu group 70
pci 0000:ff:00.3: Adding to iommu group 71
pci 0000:ff:00.4: Adding to iommu group 72
pci 0000:ff:00.5: Adding to iommu group 73
pci 0000:ff:0a.0: Adding to iommu group 74
pci 0000:ff:0a.1: Adding to iommu group 75
pci 0000:ff:0a.2: Adding to iommu group 76
pci 0000:ff:0a.3: Adding to iommu group 77
pci 0000:ff:0a.4: Adding to iommu group 78
pci 0000:ff:0a.5: Adding to iommu group 79
pci 0000:ff:1d.0: Adding to iommu group 80
pci 0000:ff:1d.1: Adding to iommu group 81
pci 0000:ff:1e.0: Adding to iommu group 82
pci 0000:ff:1e.1: Adding to iommu group 82
pci 0000:ff:1e.2: Adding to iommu group 82
pci 0000:ff:1e.3: Adding to iommu group 82
pci 0000:ff:1e.4: Adding to iommu group 82
pci 0000:ff:1e.5: Adding to iommu group 82
pci 0000:ff:1e.6: Adding to iommu group 82
pci 0000:ff:1e.7: Adding to iommu group 82
DMAR: Intel(R) Virtualization Technology for Directed I/O
PCI-DMA: Using software bounce buffering for IO (SWIOTLB)
software IO TLB: mapped [mem 0x000000005ad82000-0x000000005ed82000] (64MB)
clocksource: tsc: mask: 0xffffffffffffffff max_cycles: 0x1fb633008a4, max_idle_ns: 440795292230 ns
clocksource: Switched to clocksource tsc
Initialise system trusted keyrings
workingset: timestamp_bits=36 max_order=23 bucket_order=0
NET: Registered PF_ALG protocol family
Key type asymmetric registered
Asymmetric key parser 'x509' registered
Block layer SCSI generic (bsg) driver version 0.4 loaded (major 248)
io scheduler mq-deadline registered
io scheduler kyber registered
atomic64_test: passed for x86-64 platform with CX8 and with SSE
pcieport 0000:00:0c.0: PME: Signaling with IRQ 29
pcieport 0000:14:04.0: PME: Signaling with IRQ 30
pcieport 0000:14:06.0: PME: Signaling with IRQ 31
pcieport 0000:eb:04.0: PME: Signaling with IRQ 32
pcieport 0000:f3:05.0: PME: Signaling with IRQ 33
Monitor-Mwait will be used to enter C-1 state
input: Power Button as /devices/LNXSYSTM:00/LNXPWRBN:00/input/input0
ACPI: button: Power Button [PWRF]
ERST: Error Record Serialization Table (ERST) support is initialized.
pstore: Using crash dump compression: deflate
pstore: Registered erst as persistent store backend
Serial: 8250/16550 driver, 32 ports, IRQ sharing enabled
00:03: ttyS0 at I/O 0x3f8 (irq = 4, base_baud = 115200) is a 16550A
00:04: ttyS1 at I/O 0x2f8 (irq = 3, base_baud = 115200) is a 16550A
Non-volatile memory driver v1.3
Linux agpgart interface v0.103
ahci 0000:00:07.0: version 3.0
ahci 0000:00:07.0: AHCI vers 0001.0301, 32 command slots, 6 Gbps, SATA mode
ahci 0000:00:07.0: 6/6 ports implemented (port mask 0xaf)
ahci 0000:00:07.0: flags: 64bit ncq sntf pm clo only pio slum part ems deso sadm sds apst 
scsi host0: ahci
scsi host1: ahci
scsi host2: ahci
scsi host3: ahci
scsi host4: ahci
scsi host5: ahci
scsi host6: ahci
scsi host7: ahci
ata1: SATA max UDMA/133 abar m2048@0xa5288000 port 0xa5288100 irq 35 lpm-pol 0
ata2: SATA max UDMA/133 abar m2048@0xa5288000 port 0xa5288180 irq 35 lpm-pol 0
ata3: SATA max UDMA/133 abar m2048@0xa5288000 port 0xa5288200 irq 35 lpm-pol 0
ata4: SATA max UDMA/133 abar m2048@0xa5288000 port 0xa5288280 irq 35 lpm-pol 0
ata5: DUMMY
ata6: SATA max UDMA/133 abar m2048@0xa5288000 port 0xa5288380 irq 35 lpm-pol 0
ata7: DUMMY
ata8: SATA max UDMA/133 abar m2048@0xa5288000 port 0xa5288480 irq 35 lpm-pol 0
ahci 0000:00:0e.0: AHCI vers 0001.0301, 32 command slots, 6 Gbps, SATA mode
ahci 0000:00:0e.0: 1/1 ports implemented (port mask 0x1)
ahci 0000:00:0e.0: flags: 64bit ncq sntf pm clo only pio slum part ems deso sadm sds apst 
scsi host8: ahci
ata9: SATA max UDMA/133 abar m2048@0xa5286000 port 0xa5286100 irq 36 lpm-pol 0
xhci_hcd 0000:00:1e.0: xHCI Host Controller
xhci_hcd 0000:00:1e.0: new USB bus registered, assigned bus number 1
xhci_hcd 0000:00:1e.0: hcc params 0x200077c1 hci version 0x100 quirks 0x0000000000009810
xhci_hcd 0000:00:1e.0: xHCI Host Controller
xhci_hcd 0000:00:1e.0: new USB bus registered, assigned bus number 2
xhci_hcd 0000:00:1e.0: Host supports USB 3.0 SuperSpeed
usb usb1: New USB device found, idVendor=1d6b, idProduct=0002, bcdDevice= 6.13
usb usb1: New USB device strings: Mfr=3, Product=2, SerialNumber=1
usb usb1: Product: xHCI Host Controller
usb usb1: Manufacturer: Linux 6.13.0-rc6-custom-00051-geea6e4b4dfb8 xhci-hcd
usb usb1: SerialNumber: 0000:00:1e.0
hub 1-0:1.0: USB hub found
hub 1-0:1.0: 6 ports detected
usb usb2: New USB device found, idVendor=1d6b, idProduct=0003, bcdDevice= 6.13
usb usb2: New USB device strings: Mfr=3, Product=2, SerialNumber=1
usb usb2: Product: xHCI Host Controller
usb usb2: Manufacturer: Linux 6.13.0-rc6-custom-00051-geea6e4b4dfb8 xhci-hcd
usb usb2: SerialNumber: 0000:00:1e.0
hub 2-0:1.0: USB hub found
hub 2-0:1.0: 4 ports detected
i8042: PNP: No PS/2 controller found.
rtc_cmos 00:00: RTC can wake from S4
rtc_cmos 00:00: registered as rtc0
rtc_cmos 00:00: setting system clock to 2025-01-21T12:16:57 UTC (1737461817)
rtc_cmos 00:00: alarms up to one month, y3k, 114 bytes nvram
device-mapper: uevent: version 1.0.3
device-mapper: ioctl: 4.48.0-ioctl (2023-03-01) initialised: dm-devel@lists.linux.dev
intel_pstate: CPU model not supported
efifb: probing for efifb
efifb: framebuffer at 0xa4000000, using 3072k, total 3072k
efifb: mode is 1024x768x32, linelength=4096, pages=1
efifb: scrolling: redraw
efifb: Truecolor: size=8:8:8:8, shift=24:16:8:0
Freeing initrd memory: 73132K
Console: switching to colour frame buffer device 128x48
fb0: EFI VGA frame buffer device
hid: raw HID events driver (C) Jiri Kosina
usbcore: registered new interface driver usbhid
usbhid: USB HID core driver
drop_monitor: Initializing network drop monitor service
Initializing XFRM netlink socket
NET: Registered PF_INET6 protocol family
Segment Routing with IPv6
In-situ OAM (IOAM) with IPv6
ata1: SATA link down (SStatus 0 SControl 300)
sit: IPv6, IPv4 and MPLS over IPv4 tunneling driver
ata4: SATA link down (SStatus 0 SControl 300)
NET: Registered PF_PACKET protocol family
ata6: SATA link down (SStatus 0 SControl 300)
ata3: SATA link down (SStatus 0 SControl 300)
ata2: SATA link down (SStatus 0 SControl 300)
ENERGY_PERF_BIAS: Set to 'normal', was 'performance'
ata9: SATA link up 6.0 Gbps (SStatus 133 SControl 300)
ata9.00: Model 'Micron_5300_MTFDDAV480TDS', rev ' D3MU001', applying quirks: zeroaftertrim
ata9.00: ATA-11: Micron_5300_MTFDDAV480TDS,  D3MU001, max UDMA/133
ata8: SATA link down (SStatus 0 SControl 300)
microcode: Current revision: 0x4c000020
ata9.00: 937703088 sectors, multi 16: LBA48 NCQ (depth 32), AA
usb 1-1: new full-speed USB device number 2 using xhci_hcd
resctrl: L3 allocation detected
ata9.00: Features: NCQ-prio
resctrl: L2 allocation detected
resctrl: MB allocation detected
resctrl: L3 monitoring detected
ata9.00: configured for UDMA/133
IPI shorthand broadcast: enabled
scsi 8:0:0:0: Direct-Access     ATA      Micron_5300_MTFD U001 PQ: 0 ANSI: 5
sched_clock: Marking stable (3113001376, 1713889540)->(7729475255, -2902584339)
sd 8:0:0:0: Attached scsi generic sg0 type 0
ata9.00: Enabling discard_zeroes_data
sd 8:0:0:0: [sda] 937703088 512-byte logical blocks: (480 GB/447 GiB)
sd 8:0:0:0: [sda] 4096-byte physical blocks
sd 8:0:0:0: [sda] Write Protect is off
sd 8:0:0:0: [sda] Mode Sense: 00 3a 00 00
sd 8:0:0:0: [sda] Write cache: enabled, read cache: enabled, doesn't support DPO or FUA
sd 8:0:0:0: [sda] Preferred minimum I/O size 4096 bytes
ata9.00: Enabling discard_zeroes_data
Loading compiled-in X.509 certificates
 sda: sda1 sda2 sda3
sd 8:0:0:0: [sda] Attached SCSI disk
Loaded X.509 cert 'Build time autogenerated kernel key: 446447e467a29445e744d3f0c1ec207dc0f3bac4'
Demotion targets for Node 0: null
debug_vm_pgtable: [debug_vm_pgtable         ]: Validating architecture page table helpers
usb 1-1: New USB device found, idVendor=9999, idProduct=0120, bcdDevice= 1.00
usb 1-1: New USB device strings: Mfr=1, Product=2, SerialNumber=3
usb 1-1: Product: CAT5 Adapter
usb 1-1: Manufacturer: Generic
usb 1-1: SerialNumber: 0000167a195c
PM:   Magic number: 9:538:279
tty ttyy7: hash matches
tty ttyva: hash matches
event_source tracepoint: hash matches
tty tty16: hash matches
memory memory145: hash matches
clk: Disabling unused clocks
Freeing unused kernel image (initmem) memory: 3768K
Write protecting the kernel read-only data: 28672k
Freeing unused kernel image (rodata/data gap) memory: 1256K
Run /init as init process
  with arguments:
    /init
  with environment:
    HOME=/
    TERM=linux
    BOOT_IMAGE=http://powerlab/pxelinux/node/snr0/custom-kernel/kernel
systemd[1]: Failed to find module 'autofs4'
systemd[1]: systemd 255.13-1.fc40 running in system mode (+PAM +AUDIT +SELINUX -APPARMOR +IMA +SMACK +SECCOMP -GCRYPT +GNUTLS +OPENSSL +ACL +BLKID +CURL +ELFUTILS +FIDO2 +IDN2 -IDN -IPTC +KMOD +LIBCRYPTSETUP +LIBFDISK +PCRE2 +PWQUALITY +P11KIT +QRENCODE +TPM2 +BZIP2 +LZ4 +XZ +ZLIB +ZSTD +BPF_FRAMEWORK +XKBCOMMON +UTMP +SYSVINIT default-hierarchy=unified)
systemd[1]: Detected architecture x86-64.
systemd[1]: Running in initrd.
systemd[1]: No hostname configured, using default hostname.
systemd[1]: Hostname set to <localhost>.
systemd[1]: Initializing machine ID from random generator.
systemd[1]: bpf-lsm: BPF LSM hook not enabled in the kernel, BPF LSM not supported
systemd[1]: Queued start job for default target initrd.target.
systemd[1]: Expecting device dev-disk-by\x2duuid-023c6c96\x2d4951\x2d4b6e\x2d99af\x2d5f8c7b889956.device - /dev/disk/by-uuid/023c6c96-4951-4b6e-99af-5f8c7b889956...
systemd[1]: Reached target initrd-usr-fs.target - Initrd /usr File System.
systemd[1]: Reached target slices.target - Slice Units.
systemd[1]: Reached target swap.target - Swaps.
systemd[1]: Reached target timers.target - Timer Units.
systemd[1]: Listening on dbus.socket - D-Bus System Message Bus Socket.
systemd[1]: Listening on systemd-journald-dev-log.socket - Journal Socket (/dev/log).
systemd[1]: Listening on systemd-journald.socket - Journal Socket.
systemd[1]: Listening on systemd-udevd-control.socket - udev Control Socket.
systemd[1]: Listening on systemd-udevd-kernel.socket - udev Kernel Socket.
systemd[1]: Reached target sockets.target - Socket Units.
systemd[1]: Starting kmod-static-nodes.service - Create List of Static Device Nodes...
systemd[1]: multipathd-configure.service - Device-Mapper Multipath Default Configuration was skipped because of an unmet condition check (ConditionKernelCommandLine=rd.multipath=default).
systemd[1]: Starting multipathd.service - Device-Mapper Multipath Device Controller...
systemd[1]: systemd-journald.service: unit configures an IP firewall, but the local system does not support BPF/cgroup firewalling.
systemd[1]: systemd-journald.service: (This warning is only shown for the first unit using IP firewalling.)
systemd[1]: Starting systemd-journald.service - Journal Service...
systemd[1]: Starting systemd-modules-load.service - Load Kernel Modules...
systemd[1]: systemd-pcrphase-initrd.service - TPM2 PCR Barrier (initrd) was skipped because of an unmet condition check (ConditionSecurity=measured-uki).
systemd-journald[295]: Collecting audit messages is disabled.
systemd[1]: Starting systemd-vconsole-setup.service - Virtual Console Setup...
systemd[1]: Finished kmod-static-nodes.service - Create List of Static Device Nodes.
systemd[1]: Finished systemd-modules-load.service - Load Kernel Modules.
systemd[1]: Starting systemd-sysctl.service - Apply Kernel Variables...
systemd[1]: Starting systemd-tmpfiles-setup-dev-early.service - Create Static Device Nodes in /dev gracefully...
systemd[1]: Started multipathd.service - Device-Mapper Multipath Device Controller.
systemd[1]: Finished systemd-sysctl.service - Apply Kernel Variables.
systemd[1]: Finished systemd-tmpfiles-setup-dev-early.service - Create Static Device Nodes in /dev gracefully.
systemd[1]: Finished systemd-vconsole-setup.service - Virtual Console Setup.
systemd[1]: Starting dracut-cmdline-ask.service - dracut ask for additional cmdline parameters...
systemd[1]: Starting systemd-sysusers.service - Create System Users...
systemd[1]: Finished dracut-cmdline-ask.service - dracut ask for additional cmdline parameters.
systemd[1]: Starting dracut-cmdline.service - dracut cmdline hook...
systemd[1]: Finished systemd-sysusers.service - Create System Users.
systemd[1]: Starting systemd-tmpfiles-setup-dev.service - Create Static Device Nodes in /dev...
systemd[1]: Finished systemd-tmpfiles-setup-dev.service - Create Static Device Nodes in /dev.
systemd[1]: Reached target local-fs-pre.target - Preparation for Local File Systems.
systemd[1]: Reached target local-fs.target - Local File Systems.
systemd[1]: Finished dracut-cmdline.service - dracut cmdline hook.
systemd[1]: Starting dracut-pre-udev.service - dracut pre-udev hook...
RPC: Registered named UNIX socket transport module.
RPC: Registered udp transport module.
RPC: Registered tcp transport module.
RPC: Registered tcp-with-tls transport module.
RPC: Registered tcp NFSv4.1 backchannel transport module.
raid6: sse2x4   gen()  8632 MB/s
raid6: sse2x2   gen() 10646 MB/s
raid6: sse2x1   gen()  9437 MB/s
raid6: using algorithm sse2x2 gen() 10646 MB/s
raid6: .... xor() 5978 MB/s, rmw enabled
raid6: using ssse3x2 recovery algorithm
xor: measuring software checksum speed
   prefetch64-sse  : 17280 MB/sec
   generic_sse     : 15439 MB/sec
xor: using function: prefetch64-sse (17280 MB/sec)
Btrfs loaded, zoned=no, fsverity=no
systemd[1]: Finished dracut-pre-udev.service - dracut pre-udev hook.
systemd[1]: Starting systemd-udevd.service - Rule-based Manager for Device Events and Files...
systemd[1]: Started systemd-udevd.service - Rule-based Manager for Device Events and Files.
systemd[1]: Starting dracut-pre-trigger.service - dracut pre-trigger hook...
systemd[1]: Finished dracut-pre-trigger.service - dracut pre-trigger hook.
systemd[1]: Starting systemd-udev-trigger.service - Coldplug All udev Devices...
systemd[1]: Created slice system-modprobe.slice - Slice /system/modprobe.
systemd[1]: Starting modprobe@configfs.service - Load Kernel Module configfs...
systemd[1]: Finished systemd-udev-trigger.service - Coldplug All udev Devices.
systemd[1]: modprobe@configfs.service: Deactivated successfully.
systemd[1]: Finished modprobe@configfs.service - Load Kernel Module configfs.
igb: Intel(R) Gigabit Ethernet Network Driver
igb: Copyright (c) 2007-2014 Intel Corporation.
igb 0000:15:00.0: added PHC on eth0
igb 0000:15:00.0: Intel(R) Gigabit Ethernet Network Connection
igb 0000:15:00.0: eth0: (PCIe:5.0Gb/s:Width x4) 3c:ec:ef:d7:94:72
igb 0000:15:00.0: eth0: PBA No: 010000-000
igb 0000:15:00.0: Using MSI-X interrupts. 8 rx queue(s), 8 tx queue(s)
ice: Intel(R) Ethernet Connection E800 Series Linux Driver
ice: Copyright (c) 2018, Intel Corporation.
igb 0000:15:00.1: added PHC on eth1
igb 0000:15:00.1: Intel(R) Gigabit Ethernet Network Connection
igb 0000:15:00.1: eth1: (PCIe:5.0Gb/s:Width x4) 3c:ec:ef:d7:94:73
igb 0000:15:00.1: eth1: PBA No: 010000-000
igb 0000:15:00.1: Using MSI-X interrupts. 8 rx queue(s), 8 tx queue(s)
systemd[1]: Found device dev-disk-by\x2duuid-023c6c96\x2d4951\x2d4b6e\x2d99af\x2d5f8c7b889956.device - Micron_5300_MTFDDAV480TDS root.
igb 0000:15:00.2: added PHC on eth2
igb 0000:15:00.2: Intel(R) Gigabit Ethernet Network Connection
igb 0000:15:00.2: eth2: (PCIe:5.0Gb/s:Width x4) 3c:ec:ef:d7:94:74
igb 0000:15:00.2: eth2: PBA No: 010000-000
igb 0000:15:00.2: Using MSI-X interrupts. 8 rx queue(s), 8 tx queue(s)
igb 0000:15:00.3: added PHC on eth3
systemd[1]: Reached target initrd-root-device.target - Initrd Root Device.
igb 0000:15:00.3: Intel(R) Gigabit Ethernet Network Connection
igb 0000:15:00.3: eth3: (PCIe:5.0Gb/s:Width x4) 3c:ec:ef:d7:94:75
igb 0000:15:00.3: eth3: PBA No: 010000-000
igb 0000:15:00.3: Using MSI-X interrupts. 8 rx queue(s), 8 tx queue(s)
systemd[1]: Mounting sys-kernel-config.mount - Kernel Configuration File System...
ice 0000:ec:00.0: RDMA functionality is not available with the current device configuration.
pps pps0: new PPS source ptp4
igb 0000:16:00.0: added PHC on eth4
igb 0000:16:00.0: Intel(R) Gigabit Ethernet Network Connection
igb 0000:16:00.0: eth4: (PCIe:2.5Gb/s:Width x1) 68:05:ca:bc:05:a2
igb 0000:16:00.0: eth4: PBA No: G65055-011
igb 0000:16:00.0: Using MSI-X interrupts. 4 rx queue(s), 4 tx queue(s)
systemd[1]: nm-initrd.service was skipped because of an unmet condition check (ConditionPathExists=/run/NetworkManager/initrd/neednet).
systemd[1]: Reached target network.target - Network.
igb 0000:15:00.0 eno1: renamed from eth0
igb 0000:15:00.1 eno2: renamed from eth1
igb 0000:15:00.2 eno3: renamed from eth2
igb 0000:16:00.0 enp22s0: renamed from eth4
igb 0000:15:00.3 eno4: renamed from eth3
systemd[1]: nm-wait-online-initrd.service was skipped because of an unmet condition check (ConditionPathExists=/run/NetworkManager/initrd/neednet).
systemd[1]: Starting dracut-initqueue.service - dracut initqueue hook...
systemd[1]: systemd-vconsole-setup.service: Deactivated successfully.
systemd[1]: Stopped systemd-vconsole-setup.service - Virtual Console Setup.
systemd[1]: Stopping systemd-vconsole-setup.service - Virtual Console Setup...
systemd[1]: Starting systemd-vconsole-setup.service - Virtual Console Setup...
systemd[1]: Mounted sys-kernel-config.mount - Kernel Configuration File System.
systemd[1]: Finished dracut-initqueue.service - dracut initqueue hook.
systemd[1]: Reached target remote-fs-pre.target - Preparation for Remote File Systems.
systemd[1]: Reached target remote-cryptsetup.target - Remote Encrypted Volumes.
systemd[1]: Reached target remote-fs.target - Remote File Systems.
systemd[1]: Finished systemd-vconsole-setup.service - Virtual Console Setup.
systemd[1]: Starting plymouth-start.service - Show Plymouth Boot Screen...
systemd[1]: Received SIGRTMIN+20 from PID 625 (plymouthd).
ice 0000:ec:00.0: The DDP package was successfully loaded: ICE OS Default Package version 1.3.36.0
ice 0000:ec:00.0: 2.000 Gb/s available PCIe bandwidth (2.5 GT/s PCIe x1 link)
ice 0000:ec:00.0: RDMA is not supported on this device
ice 0000:ec:00.0: PTP init successful
ice 0000:ec:00.0: DCB is enabled in the hardware, max number of TCs supported on this port are 4
ice 0000:ec:00.0: FW LLDP is disabled, DCBx/LLDP in SW mode.
ice 0000:ec:00.0: Commit DCB Configuration to the hardware
ice 0000:ec:00.1: RDMA functionality is not available with the current device configuration.
ice 0000:ec:00.1: DDP package already present on device: ICE OS Default Package version 1.3.36.0
ice 0000:ec:00.1: 2.000 Gb/s available PCIe bandwidth (2.5 GT/s PCIe x1 link)
ice 0000:ec:00.1: RDMA is not supported on this device
ice 0000:ec:00.1: PTP init successful
ice 0000:ec:00.1: DCB is enabled in the hardware, max number of TCs supported on this port are 4
ice 0000:ec:00.1: FW LLDP is disabled, DCBx/LLDP in SW mode.
ice 0000:ec:00.1: Commit DCB Configuration to the hardware
ice 0000:ec:00.4: RDMA functionality is not available with the current device configuration.
ice 0000:ec:00.4: DDP package already present on device: ICE OS Default Package version 1.3.36.0
ice 0000:ec:00.4: 2.000 Gb/s available PCIe bandwidth (2.5 GT/s PCIe x1 link)
ice 0000:ec:00.4: RDMA is not supported on this device
ice 0000:ec:00.4: PTP init successful
ice 0000:ec:00.4: DCB is enabled in the hardware, max number of TCs supported on this port are 4
ice 0000:ec:00.4: FW LLDP is disabled, DCBx/LLDP in SW mode.
ice 0000:ec:00.4: Commit DCB Configuration to the hardware
ice 0000:ec:00.5: RDMA functionality is not available with the current device configuration.
ice 0000:ec:00.5: DDP package already present on device: ICE OS Default Package version 1.3.36.0
ice 0000:ec:00.5: 2.000 Gb/s available PCIe bandwidth (2.5 GT/s PCIe x1 link)
ice 0000:ec:00.5: RDMA is not supported on this device
ice 0000:ec:00.5: PTP init successful
ice 0000:ec:00.5: DCB is enabled in the hardware, max number of TCs supported on this port are 4
ice 0000:ec:00.5: FW LLDP is disabled, DCBx/LLDP in SW mode.
ice 0000:ec:00.5: Commit DCB Configuration to the hardware
input: Generic CAT5 Adapter as /devices/pci0000:00/0000:00:1e.0/usb1/1-1/1-1:1.0/0003:9999:0120.0001/input/input1
ice 0000:ec:00.6: RDMA functionality is not available with the current device configuration.
hid-generic 0003:9999:0120.0001: input,hidraw0: USB HID v1.00 Keyboard [Generic CAT5 Adapter] on usb-0000:00:1e.0-1/input0
input: Generic CAT5 Adapter as /devices/pci0000:00/0000:00:1e.0/usb1/1-1/1-1:1.1/0003:9999:0120.0002/input/input2
hid-generic 0003:9999:0120.0002: input,hidraw1: USB HID v1.00 Mouse [Generic CAT5 Adapter] on usb-0000:00:1e.0-1/input1
ice 0000:ec:00.6: DDP package already present on device: ICE OS Default Package version 1.3.36.0
usb 1-3: new high-speed USB device number 3 using xhci_hcd
ice 0000:ec:00.6: 2.000 Gb/s available PCIe bandwidth (2.5 GT/s PCIe x1 link)
ice 0000:ec:00.6: RDMA is not supported on this device
ice 0000:ec:00.6: PTP init successful
usb 1-3: New USB device found, idVendor=1d6b, idProduct=0107, bcdDevice= 1.00
usb 1-3: New USB device strings: Mfr=3, Product=2, SerialNumber=1
usb 1-3: Product: USB Virtual Hub
usb 1-3: Manufacturer: Aspeed
usb 1-3: SerialNumber: 00000000
hub 1-3:1.0: USB hub found
hub 1-3:1.0: 5 ports detected
ice 0000:ec:00.6: DCB is enabled in the hardware, max number of TCs supported on this port are 4
ice 0000:ec:00.6: FW LLDP is disabled, DCBx/LLDP in SW mode.
ice 0000:ec:00.6: Commit DCB Configuration to the hardware
usb 1-4: new high-speed USB device number 4 using xhci_hcd
usb 1-4: New USB device found, idVendor=05e3, idProduct=0610, bcdDevice=60.60
usb 1-4: New USB device strings: Mfr=0, Product=1, SerialNumber=0
usb 1-4: Product: USB2.0 Hub
hub 1-4:1.0: USB hub found
hub 1-4:1.0: 4 ports detected
ice 0000:ec:00.7: RDMA functionality is not available with the current device configuration.
usb 1-3.1: new high-speed USB device number 5 using xhci_hcd
usb 1-3.1: New USB device found, idVendor=0557, idProduct=9241, bcdDevice= 3.18
usb 1-3.1: New USB device strings: Mfr=1, Product=2, SerialNumber=0
usb 1-3.1: Product: SMCI HID KM
usb 1-3.1: Manufacturer: Linux 3.18.0 with ast_vhub
ice 0000:ec:00.7: DDP package already present on device: ICE OS Default Package version 1.3.36.0
input: Linux 3.18.0 with ast_vhub SMCI HID KM as /devices/pci0000:00/0000:00:1e.0/usb1/1-3/1-3.1/1-3.1:1.0/0003:0557:9241.0003/input/input3
hid-generic 0003:0557:9241.0003: input,hidraw2: USB HID v1.00 Keyboard [Linux 3.18.0 with ast_vhub SMCI HID KM] on usb-0000:00:1e.0-3.1/input0
input: Linux 3.18.0 with ast_vhub SMCI HID KM as /devices/pci0000:00/0000:00:1e.0/usb1/1-3/1-3.1/1-3.1:1.1/0003:0557:9241.0004/input/input4
hid-generic 0003:0557:9241.0004: input,hidraw3: USB HID v1.00 Mouse [Linux 3.18.0 with ast_vhub SMCI HID KM] on usb-0000:00:1e.0-3.1/input1
usb 1-4.4: new high-speed USB device number 6 using xhci_hcd
usb 1-4.4: New USB device found, idVendor=05e3, idProduct=0610, bcdDevice=60.60
usb 1-4.4: New USB device strings: Mfr=0, Product=1, SerialNumber=0
usb 1-4.4: Product: USB2.0 Hub
hub 1-4.4:1.0: USB hub found
hub 1-4.4:1.0: 4 ports detected
ice 0000:ec:00.7: 2.000 Gb/s available PCIe bandwidth (2.5 GT/s PCIe x1 link)
usb 1-3.2: new high-speed USB device number 7 using xhci_hcd
ice 0000:ec:00.7: RDMA is not supported on this device
ice 0000:ec:00.7: PTP init successful
ice 0000:ec:00.7: DCB is enabled in the hardware, max number of TCs supported on this port are 4
ice 0000:ec:00.7: FW LLDP is disabled, DCBx/LLDP in SW mode.
ice 0000:ec:00.7: Commit DCB Configuration to the hardware
usb 1-3.2: New USB device found, idVendor=0b1f, idProduct=03ee, bcdDevice= 3.18
usb 1-3.2: New USB device strings: Mfr=1, Product=2, SerialNumber=0
usb 1-3.2: Product: RNDIS/Ethernet Gadget
usb 1-3.2: Manufacturer: Linux 3.18.0 with ast_vhub
ice 0000:ec:00.0 eno5np0: renamed from eth0
ice 0000:ec:00.1 eno6np1: renamed from eth1
systemd[1]: Started systemd-journald.service - Journal Service.
ice 0000:ec:00.4 eno7np4: renamed from eth2
ice 0000:ec:00.5 eno8np5: renamed from eth3
ice 0000:ec:00.7 eno10np7: renamed from eth5
ice 0000:ec:00.6 eno9np6: renamed from eth4
EXT4-fs (sda3): orphan cleanup on readonly fs
EXT4-fs (sda3): mounted filesystem 023c6c96-4951-4b6e-99af-5f8c7b889956 ro with ordered data mode. Quota mode: none.
systemd-journald[295]: Received SIGTERM from PID 1 (systemd).
SELinux: https://github.com/SELinuxProject/selinux-kernel/wiki/DEPRECATE-runtime-disable
SELinux: Runtime disable is not supported, use selinux=0 on the kernel cmdline.
systemd[1]: Failed to find module 'autofs4'
systemd[1]: systemd 256.11-1.fc41 running in system mode (+PAM +AUDIT +SELINUX -APPARMOR +IMA +SMACK +SECCOMP -GCRYPT +GNUTLS +OPENSSL +ACL +BLKID +CURL +ELFUTILS +FIDO2 +IDN2 -IDN -IPTC +KMOD +LIBCRYPTSETUP +LIBCRYPTSETUP_PLUGINS +LIBFDISK +PCRE2 +PWQUALITY +P11KIT +QRENCODE +TPM2 +BZIP2 +LZ4 +XZ +ZLIB +ZSTD +BPF_FRAMEWORK +XKBCOMMON +UTMP +SYSVINIT +LIBARCHIVE)
systemd[1]: Detected architecture x86-64.
systemd[1]: bpf-restrict-fs: BPF LSM hook not enabled in the kernel, BPF LSM not supported.
zram: Added device: zram0
systemd[1]: Unknown serialization item 'reload-ratelimit=0 0 0 0', ignoring.
systemd[1]: initrd-switch-root.service: Deactivated successfully.
systemd[1]: Stopped initrd-switch-root.service - Switch Root.
systemd[1]: systemd-journald.service: Scheduled restart job, restart counter is at 1.
systemd[1]: Created slice system-getty.slice - Slice /system/getty.
systemd[1]: Created slice system-serial\x2dgetty.slice - Slice /system/serial-getty.
systemd[1]: Created slice system-sshd\x2dkeygen.slice - Slice /system/sshd-keygen.
systemd[1]: Created slice system-systemd\x2dfsck.slice - Slice /system/systemd-fsck.
systemd[1]: Created slice system-systemd\x2dzram\x2dsetup.slice - Slice /system/systemd-zram-setup.
systemd[1]: Created slice user.slice - User and Session Slice.
systemd[1]: systemd-ask-password-console.path - Dispatch Password Requests to Console Directory Watch was skipped because of an unmet condition check (ConditionPathExists=!/run/plymouth/pid).
systemd[1]: Started systemd-ask-password-wall.path - Forward Password Requests to Wall Directory Watch.
systemd[1]: Starting of proc-sys-fs-binfmt_misc.automount - Arbitrary Executable File Formats File System Automount Point unsupported.
systemd[1]: Expecting device dev-disk-by\x2duuid-3982\x2dA02D.device - /dev/disk/by-uuid/3982-A02D...
systemd[1]: Expecting device dev-disk-by\x2duuid-e3c43fd3\x2d5745\x2d43b6\x2d943a\x2d3cb61d5ba792.device - /dev/disk/by-uuid/e3c43fd3-5745-43b6-943a-3cb61d5ba792...
systemd[1]: Expecting device dev-ttyS0.device - /dev/ttyS0...
systemd[1]: Expecting device dev-zram0.device - /dev/zram0...
systemd[1]: Reached target cryptsetup.target - Local Encrypted Volumes.
systemd[1]: Stopped target initrd-switch-root.target - Switch Root.
systemd[1]: Stopped target initrd-fs.target - Initrd File Systems.
systemd[1]: Stopped target initrd-root-fs.target - Initrd Root File System.
systemd[1]: Reached target integritysetup.target - Local Integrity Protected Volumes.
systemd[1]: Reached target paths.target - Path Units.
systemd[1]: Reached target rpc_pipefs.target.
systemd[1]: Reached target slices.target - Slice Units.
systemd[1]: Reached target veritysetup.target - Local Verity Protected Volumes.
systemd[1]: Listening on systemd-coredump.socket - Process Core Dump Socket.
systemd[1]: Listening on systemd-creds.socket - Credential Encryption/Decryption.
systemd[1]: Listening on systemd-initctl.socket - initctl Compatibility Named Pipe.
systemd[1]: Listening on systemd-journald-audit.socket - Journal Audit Socket.
systemd[1]: Listening on systemd-mountfsd.socket - DDI File System Mounter Socket.
systemd[1]: Listening on systemd-nsresourced.socket - Namespace Resource Manager Socket.
systemd[1]: systemd-oomd.socket - Userspace Out-Of-Memory (OOM) Killer Socket was skipped because of an unmet condition check (ConditionPathExists=/proc/pressure/memory).
systemd[1]: systemd-pcrextend.socket - TPM PCR Measurements was skipped because of an unmet condition check (ConditionSecurity=measured-uki).
systemd[1]: systemd-pcrlock.socket - Make TPM PCR Policy was skipped because of an unmet condition check (ConditionSecurity=measured-uki).
systemd[1]: Listening on systemd-udevd-control.socket - udev Control Socket.
systemd[1]: Listening on systemd-udevd-kernel.socket - udev Kernel Socket.
systemd[1]: Listening on systemd-userdbd.socket - User Database Manager Socket.
systemd[1]: Mounting dev-hugepages.mount - Huge Pages File System...
systemd[1]: Mounting dev-mqueue.mount - POSIX Message Queue File System...
systemd[1]: Mounting sys-kernel-debug.mount - Kernel Debug File System...
systemd[1]: Mounting sys-kernel-tracing.mount - Kernel Trace File System...
systemd[1]: auth-rpcgss-module.service - Kernel Module supporting RPCSEC_GSS was skipped because of an unmet condition check (ConditionPathExists=/etc/krb5.keytab).
systemd[1]: Starting kmod-static-nodes.service - Create List of Static Device Nodes...
systemd[1]: Starting modprobe@configfs.service - Load Kernel Module configfs...
systemd[1]: Starting modprobe@dm_mod.service - Load Kernel Module dm_mod...
systemd[1]: Starting modprobe@drm.service - Load Kernel Module drm...
systemd[1]: Starting modprobe@efi_pstore.service - Load Kernel Module efi_pstore...
systemd[1]: Starting modprobe@fuse.service - Load Kernel Module fuse...
systemd[1]: Starting modprobe@loop.service - Load Kernel Module loop...
systemd[1]: plymouth-switch-root.service: Deactivated successfully.
systemd[1]: Stopped plymouth-switch-root.service - Plymouth switch root service.
systemd[1]: systemd-hibernate-clear.service - Clear Stale Hibernate Storage Info was skipped because of an unmet condition check (ConditionPathExists=/sys/firmware/efi/efivars/HibernateLocation-8cf2644b-4b0b-428f-9387-6d876050dc67).
loop: module loaded
ACPI: bus type drm_connector registered
systemd[1]: systemd-journald.service: unit configures an IP firewall, but the local system does not support BPF/cgroup firewalling.
systemd[1]: systemd-journald.service: (This warning is only shown for the first unit using IP firewalling.)
systemd[1]: Starting systemd-journald.service - Journal Service...
fuse: init (API version 7.41)
systemd[1]: Starting systemd-modules-load.service - Load Kernel Modules...
systemd[1]: Starting systemd-network-generator.service - Generate network units from Kernel command line...
systemd[1]: systemd-pcrmachine.service - TPM PCR Machine ID Measurement was skipped because of an unmet condition check (ConditionSecurity=measured-uki).
systemd[1]: Starting systemd-remount-fs.service - Remount Root and Kernel File Systems...
systemd-journald[781]: Collecting audit messages is enabled.
systemd[1]: systemd-tpm2-setup-early.service - Early TPM SRK Setup was skipped because of an unmet condition check (ConditionSecurity=measured-uki).
systemd[1]: Starting systemd-udev-load-credentials.service - Load udev Rules from Credentials...
systemd[1]: Starting systemd-udev-trigger.service - Coldplug All udev Devices...
EXT4-fs (sda3): re-mounted 023c6c96-4951-4b6e-99af-5f8c7b889956 r/w. Quota mode: none.
systemd[1]: Started systemd-journald.service - Journal Service.
audit: type=1130 audit(1737461831.710:2): pid=1 uid=0 auid=4294967295 ses=4294967295 subj=kernel msg='unit=systemd-journald comm="systemd" exe="/usr/lib/systemd/systemd" hostname=? addr=? terminal=? res=success'
audit: type=1130 audit(1737461831.732:3): pid=1 uid=0 auid=4294967295 ses=4294967295 subj=kernel msg='unit=kmod-static-nodes comm="systemd" exe="/usr/lib/systemd/systemd" hostname=? addr=? terminal=? res=success'
audit: type=1130 audit(1737461831.753:4): pid=1 uid=0 auid=4294967295 ses=4294967295 subj=kernel msg='unit=modprobe@configfs comm="systemd" exe="/usr/lib/systemd/systemd" hostname=? addr=? terminal=? res=success'
audit: type=1131 audit(1737461831.753:5): pid=1 uid=0 auid=4294967295 ses=4294967295 subj=kernel msg='unit=modprobe@configfs comm="systemd" exe="/usr/lib/systemd/systemd" hostname=? addr=? terminal=? res=success'
audit: type=1130 audit(1737461831.795:6): pid=1 uid=0 auid=4294967295 ses=4294967295 subj=kernel msg='unit=modprobe@dm_mod comm="systemd" exe="/usr/lib/systemd/systemd" hostname=? addr=? terminal=? res=success'
audit: type=1131 audit(1737461831.795:7): pid=1 uid=0 auid=4294967295 ses=4294967295 subj=kernel msg='unit=modprobe@dm_mod comm="systemd" exe="/usr/lib/systemd/systemd" hostname=? addr=? terminal=? res=success'
audit: type=1130 audit(1737461831.816:8): pid=1 uid=0 auid=4294967295 ses=4294967295 subj=kernel msg='unit=modprobe@drm comm="systemd" exe="/usr/lib/systemd/systemd" hostname=? addr=? terminal=? res=success'
audit: type=1131 audit(1737461831.816:9): pid=1 uid=0 auid=4294967295 ses=4294967295 subj=kernel msg='unit=modprobe@drm comm="systemd" exe="/usr/lib/systemd/systemd" hostname=? addr=? terminal=? res=success'
audit: type=1130 audit(1737461831.878:10): pid=1 uid=0 auid=4294967295 ses=4294967295 subj=kernel msg='unit=modprobe@efi_pstore comm="systemd" exe="/usr/lib/systemd/systemd" hostname=? addr=? terminal=? res=success'
audit: type=1131 audit(1737461831.878:11): pid=1 uid=0 auid=4294967295 ses=4294967295 subj=kernel msg='unit=modprobe@efi_pstore comm="systemd" exe="/usr/lib/systemd/systemd" hostname=? addr=? terminal=? res=success'
systemd-journald[781]: Received client request to flush runtime journal.
igb 0000:15:00.0 snr0net: renamed from eno1
IPMI message handler: version 39.2
ipmi device interface
ipmi_si: IPMI System Interface driver
ipmi_si dmi-ipmi-si.0: ipmi_platform: probing via SMBIOS
ipmi_platform: ipmi_si: SMBIOS: io 0xca2 regsize 1 spacing 1 irq 0
ipmi_si: Adding SMBIOS-specified kcs state machine
ipmi_si IPI0001:00: ipmi_platform: probing via ACPI
ipmi_si IPI0001:00: ipmi_platform: [io  0x0ca2] regsize 1 spacing 1 irq 0
ipmi_si dmi-ipmi-si.0: Removing SMBIOS-specified kcs state machine in favor of ACPI
ipmi_si: Adding ACPI-specified kcs state machine
ipmi_si: Trying ACPI-specified kcs state machine at i/o address 0xca2, slave address 0x20, irq 0
ismt_smbus 0000:00:0f.0: enabling device (0140 -> 0142)
input: PC Speaker as /devices/platform/pcspkr/input/input5
ipmi_si IPI0001:00: The BMC does not support clearing the recv irq bit, compensating, but the BMC needs to be fixed.
i801_smbus 0000:00:1f.4: enabling device (0140 -> 0143)
i801_smbus 0000:00:1f.4: can't derive routing for PCI INT B
i801_smbus 0000:00:1f.4: PCI INT B: not connected
i801_smbus 0000:00:1f.4: SPD Write Disable is set
i801_smbus 0000:00:1f.4: SMBus using polling
ipmi_si IPI0001:00: IPMI message handler: Found new BMC (man_id: 0x002a7c, prod_id: 0x1b49, dev_id: 0x20)
iTCO_vendor_support: vendor-support=0
iTCO_wdt iTCO_wdt: Found a Intel PCH TCO device (Version=6, TCOBASE=0x0400)
iTCO_wdt iTCO_wdt: initialized. heartbeat=30 sec (nowayout=0)
intel_rapl_common: Found RAPL domain package
ipmi_si IPI0001:00: IPMI kcs interface initialized
ipmi_ssif: IPMI SSIF Interface driver
Adding 32767996k swap on /dev/sda2.  Priority:-2 extents:1 across:32767996k SS
zram0: detected capacity change from 0 to 16777216
Adding 8388604k swap on /dev/zram0.  Priority:100 extents:1 across:8388604k SSDsc
igb 0000:16:00.0 enp22s0: igb: enp22s0 NIC Link is Up 1000 Mbps Full Duplex, Flow Control: RX
igb 0000:15:00.0 snr0net: igb: snr0net NIC Link is Up 1000 Mbps Full Duplex, Flow Control: RX
systemd-journald[781]: Time jumped backwards, rotating.
